2024-08-19 23:09:39,272 - INFO - [31m[1mWARNING: This is a development server. Do not use it in a production deployment. Use a production WSGI server instead.[0m
 * Running on http://127.0.0.1:5000
2024-08-19 23:09:39,272 - INFO - [33mPress CTRL+C to quit[0m
2024-08-19 23:09:39,298 - INFO -  * Restarting with watchdog (windowsapi)
2024-08-19 23:09:41,567 - WARNING -  * Debugger is active!
2024-08-19 23:09:41,573 - INFO -  * Debugger PIN: 452-454-072
2024-08-19 23:28:23,241 - INFO -  * Detected change in 'C:\\Users\\SSLTP11406\\AppData\\Local\\Programs\\Python\\Python312\\Lib\\site-packages\\numpy\\typing\\__init__.py', reloading
2024-08-19 23:28:23,284 - INFO -  * Detected change in 'C:\\Users\\SSLTP11406\\AppData\\Local\\Programs\\Python\\Python312\\Lib\\site-packages\\numpy\\_typing\\__init__.py', reloading
2024-08-19 23:28:23,337 - INFO -  * Detected change in 'C:\\Users\\SSLTP11406\\AppData\\Local\\Programs\\Python\\Python312\\Lib\\site-packages\\numpy\\_typing\\_array_like.py', reloading
2024-08-19 23:28:23,774 - INFO -  * Detected change in 'c:\\onetoone\\app.py', reloading
2024-08-19 23:28:23,787 - INFO -  * Detected change in 'c:\\onetoone\\app.py', reloading
2024-08-19 23:28:23,788 - INFO -  * Detected change in 'c:\\onetoone\\app.py', reloading
2024-08-19 23:28:24,375 - INFO -  * Restarting with watchdog (windowsapi)
2024-08-19 23:35:26,741 - INFO - [31m[1mWARNING: This is a development server. Do not use it in a production deployment. Use a production WSGI server instead.[0m
 * Running on http://127.0.0.1:5000
2024-08-19 23:35:26,742 - INFO - [33mPress CTRL+C to quit[0m
2024-08-19 23:35:26,763 - INFO -  * Restarting with watchdog (windowsapi)
2024-08-19 23:35:29,136 - WARNING -  * Debugger is active!
2024-08-19 23:35:29,141 - INFO -  * Debugger PIN: 452-454-072
2024-08-19 23:35:37,255 - INFO - Snowflake Connector for Python Version: 3.12.0, Python Version: 3.12.5, Platform: Windows-10-10.0.19045-SP0
2024-08-19 23:35:37,256 - INFO - Connecting to GLOBAL Snowflake domain
2024-08-19 23:35:37,256 - INFO - This connection is in OCSP Fail Open Mode. TLS Certificates would be checked for validity and revocation status. Any other Certificate Revocation related exceptions or OCSP Responder failures would be disregarded in favor of connectivity.
2024-08-19 23:35:40,838 - INFO - Number of results in first chunk: 3
2024-08-19 23:35:40,844 - INFO - closed
2024-08-19 23:35:40,877 - INFO - No async queries seem to be running, deleting session
2024-08-19 23:35:41,172 - INFO - 127.0.0.1 - - [19/Aug/2024 23:35:41] "GET / HTTP/1.1" 200 -
2024-08-19 23:35:59,573 - INFO -  * Detected change in 'C:\\Users\\SSLTP11406\\AppData\\Local\\Programs\\Python\\Python312\\Lib\\site-packages\\werkzeug\\datastructures\\file_storage.py', reloading
2024-08-19 23:35:59,578 - INFO - 127.0.0.1 - - [19/Aug/2024 23:35:59] "[35m[1mPOST /process HTTP/1.1[0m" 500 -
2024-08-19 23:35:59,820 - INFO - 127.0.0.1 - - [19/Aug/2024 23:35:59] "GET /process?__debugger__=yes&cmd=resource&f=style.css HTTP/1.1" 200 -
2024-08-19 23:35:59,865 - INFO - 127.0.0.1 - - [19/Aug/2024 23:35:59] "GET /process?__debugger__=yes&cmd=resource&f=debugger.js HTTP/1.1" 200 -
2024-08-19 23:35:59,964 - INFO - 127.0.0.1 - - [19/Aug/2024 23:35:59] "GET /process?__debugger__=yes&cmd=resource&f=console.png HTTP/1.1" 200 -
2024-08-19 23:36:00,000 - INFO - 127.0.0.1 - - [19/Aug/2024 23:35:59] "[36mGET /process?__debugger__=yes&cmd=resource&f=console.png HTTP/1.1[0m" 304 -
2024-08-19 23:36:00,554 - INFO -  * Restarting with watchdog (windowsapi)
2024-08-19 23:36:02,780 - WARNING -  * Debugger is active!
2024-08-19 23:36:02,784 - INFO -  * Debugger PIN: 452-454-072
2024-08-19 23:39:07,332 - INFO -  * Detected change in 'c:\\onetoone\\app.py', reloading
2024-08-19 23:39:07,337 - INFO -  * Detected change in 'c:\\onetoone\\app.py', reloading
2024-08-19 23:39:07,343 - INFO -  * Detected change in 'c:\\onetoone\\app.py', reloading
2024-08-19 23:39:07,678 - INFO -  * Restarting with watchdog (windowsapi)
2024-08-19 23:40:00,796 - INFO - [31m[1mWARNING: This is a development server. Do not use it in a production deployment. Use a production WSGI server instead.[0m
 * Running on http://127.0.0.1:5000
2024-08-19 23:40:00,797 - INFO - [33mPress CTRL+C to quit[0m
2024-08-19 23:40:00,819 - INFO -  * Restarting with watchdog (windowsapi)
2024-08-19 23:40:02,929 - WARNING -  * Debugger is active!
2024-08-19 23:40:02,933 - INFO -  * Debugger PIN: 452-454-072
2024-08-19 23:40:15,211 - INFO - Snowflake Connector for Python Version: 3.12.0, Python Version: 3.12.5, Platform: Windows-10-10.0.19045-SP0
2024-08-19 23:40:15,211 - INFO - Connecting to GLOBAL Snowflake domain
2024-08-19 23:40:15,212 - INFO - This connection is in OCSP Fail Open Mode. TLS Certificates would be checked for validity and revocation status. Any other Certificate Revocation related exceptions or OCSP Responder failures would be disregarded in favor of connectivity.
2024-08-19 23:40:17,806 - INFO - Number of results in first chunk: 3
2024-08-19 23:40:17,806 - INFO - closed
2024-08-19 23:40:17,841 - INFO - No async queries seem to be running, deleting session
2024-08-19 23:40:17,890 - INFO - 127.0.0.1 - - [19/Aug/2024 23:40:17] "GET / HTTP/1.1" 200 -
2024-08-19 23:40:32,083 - INFO - Snowflake Connector for Python Version: 3.12.0, Python Version: 3.12.5, Platform: Windows-10-10.0.19045-SP0
2024-08-19 23:40:32,084 - INFO - Connecting to GLOBAL Snowflake domain
2024-08-19 23:40:32,084 - INFO - This connection is in OCSP Fail Open Mode. TLS Certificates would be checked for validity and revocation status. Any other Certificate Revocation related exceptions or OCSP Responder failures would be disregarded in favor of connectivity.
2024-08-19 23:40:32,905 - INFO - Number of results in first chunk: 14
2024-08-19 23:40:32,905 - INFO - closed
2024-08-19 23:40:32,939 - INFO - No async queries seem to be running, deleting session
2024-08-19 23:40:33,014 - ERROR - Error loading file: map_columns.html
2024-08-19 23:40:33,020 - INFO - 127.0.0.1 - - [19/Aug/2024 23:40:33] "[32mPOST /process HTTP/1.1[0m" 302 -
2024-08-19 23:40:33,032 - INFO - Snowflake Connector for Python Version: 3.12.0, Python Version: 3.12.5, Platform: Windows-10-10.0.19045-SP0
2024-08-19 23:40:33,032 - INFO - Connecting to GLOBAL Snowflake domain
2024-08-19 23:40:33,033 - INFO - This connection is in OCSP Fail Open Mode. TLS Certificates would be checked for validity and revocation status. Any other Certificate Revocation related exceptions or OCSP Responder failures would be disregarded in favor of connectivity.
2024-08-19 23:40:33,819 - INFO - Number of results in first chunk: 3
2024-08-19 23:40:33,820 - INFO - closed
2024-08-19 23:40:33,853 - INFO - No async queries seem to be running, deleting session
2024-08-19 23:40:33,894 - INFO - 127.0.0.1 - - [19/Aug/2024 23:40:33] "GET / HTTP/1.1" 200 -
2024-08-19 23:41:41,889 - INFO -  * Detected change in 'C:\\Users\\SSLTP11406\\AppData\\Local\\Programs\\Python\\Python312\\Lib\\os.py', reloading
2024-08-19 23:41:42,583 - INFO -  * Restarting with watchdog (windowsapi)
2024-08-19 23:41:44,861 - WARNING -  * Debugger is active!
2024-08-19 23:41:44,865 - INFO -  * Debugger PIN: 452-454-072
2024-08-19 23:42:20,355 - INFO -  * Detected change in 'c:\\onetoone\\app.py', reloading
2024-08-19 23:42:20,356 - INFO -  * Detected change in 'c:\\onetoone\\app.py', reloading
2024-08-19 23:42:20,361 - INFO -  * Detected change in 'c:\\onetoone\\app.py', reloading
2024-08-19 23:42:20,362 - INFO -  * Detected change in 'c:\\onetoone\\app.py', reloading
2024-08-19 23:42:21,203 - INFO -  * Restarting with watchdog (windowsapi)
2024-08-19 23:42:23,888 - WARNING -  * Debugger is active!
2024-08-19 23:42:23,894 - INFO -  * Debugger PIN: 452-454-072
2024-08-19 23:42:34,385 - INFO - Snowflake Connector for Python Version: 3.12.0, Python Version: 3.12.5, Platform: Windows-10-10.0.19045-SP0
2024-08-19 23:42:34,386 - INFO - Connecting to GLOBAL Snowflake domain
2024-08-19 23:42:34,386 - INFO - This connection is in OCSP Fail Open Mode. TLS Certificates would be checked for validity and revocation status. Any other Certificate Revocation related exceptions or OCSP Responder failures would be disregarded in favor of connectivity.
2024-08-19 23:42:36,212 - INFO - Number of results in first chunk: 14
2024-08-19 23:42:36,212 - INFO - closed
2024-08-19 23:42:36,244 - INFO - No async queries seem to be running, deleting session
2024-08-19 23:42:36,293 - INFO - 127.0.0.1 - - [19/Aug/2024 23:42:36] "POST /process HTTP/1.1" 200 -
2024-08-19 23:43:03,053 - INFO - 127.0.0.1 - - [19/Aug/2024 23:43:03] "[35m[1mPOST /map_columns HTTP/1.1[0m" 500 -
2024-08-19 23:43:03,256 - INFO - 127.0.0.1 - - [19/Aug/2024 23:43:03] "GET /map_columns?__debugger__=yes&cmd=resource&f=style.css HTTP/1.1" 200 -
2024-08-19 23:43:03,279 - INFO - 127.0.0.1 - - [19/Aug/2024 23:43:03] "GET /map_columns?__debugger__=yes&cmd=resource&f=debugger.js HTTP/1.1" 200 -
2024-08-19 23:43:03,371 - INFO - 127.0.0.1 - - [19/Aug/2024 23:43:03] "GET /map_columns?__debugger__=yes&cmd=resource&f=console.png HTTP/1.1" 200 -
2024-08-19 23:43:03,406 - INFO - 127.0.0.1 - - [19/Aug/2024 23:43:03] "[36mGET /map_columns?__debugger__=yes&cmd=resource&f=console.png HTTP/1.1[0m" 304 -
2024-08-19 23:46:23,318 - INFO -  * Detected change in 'c:\\onetoone\\app.py', reloading
2024-08-19 23:46:23,325 - INFO -  * Detected change in 'c:\\onetoone\\app.py', reloading
2024-08-19 23:46:23,326 - INFO -  * Detected change in 'c:\\onetoone\\app.py', reloading
2024-08-19 23:46:23,326 - INFO -  * Detected change in 'c:\\onetoone\\app.py', reloading
2024-08-19 23:46:24,045 - INFO -  * Restarting with watchdog (windowsapi)
2024-08-19 23:46:26,449 - WARNING -  * Debugger is active!
2024-08-19 23:46:26,453 - INFO -  * Debugger PIN: 452-454-072
2024-08-19 23:46:49,402 - INFO - [31m[1mWARNING: This is a development server. Do not use it in a production deployment. Use a production WSGI server instead.[0m
 * Running on http://127.0.0.1:5000
2024-08-19 23:46:49,402 - INFO - [33mPress CTRL+C to quit[0m
2024-08-19 23:46:49,430 - INFO -  * Restarting with watchdog (windowsapi)
2024-08-19 23:46:51,561 - WARNING -  * Debugger is active!
2024-08-19 23:46:51,565 - INFO -  * Debugger PIN: 452-454-072
2024-08-19 23:47:11,948 - INFO - Snowflake Connector for Python Version: 3.12.0, Python Version: 3.12.5, Platform: Windows-10-10.0.19045-SP0
2024-08-19 23:47:11,949 - INFO - Connecting to GLOBAL Snowflake domain
2024-08-19 23:47:11,949 - INFO - This connection is in OCSP Fail Open Mode. TLS Certificates would be checked for validity and revocation status. Any other Certificate Revocation related exceptions or OCSP Responder failures would be disregarded in favor of connectivity.
2024-08-19 23:47:14,720 - INFO - Number of results in first chunk: 3
2024-08-19 23:47:14,720 - INFO - closed
2024-08-19 23:47:14,756 - INFO - No async queries seem to be running, deleting session
2024-08-19 23:47:14,818 - INFO - 127.0.0.1 - - [19/Aug/2024 23:47:14] "GET / HTTP/1.1" 200 -
2024-08-19 23:47:14,888 - INFO - 127.0.0.1 - - [19/Aug/2024 23:47:14] "[33mGET /favicon.ico HTTP/1.1[0m" 404 -
2024-08-19 23:47:25,925 - INFO - Snowflake Connector for Python Version: 3.12.0, Python Version: 3.12.5, Platform: Windows-10-10.0.19045-SP0
2024-08-19 23:47:25,925 - INFO - Connecting to GLOBAL Snowflake domain
2024-08-19 23:47:25,925 - INFO - This connection is in OCSP Fail Open Mode. TLS Certificates would be checked for validity and revocation status. Any other Certificate Revocation related exceptions or OCSP Responder failures would be disregarded in favor of connectivity.
2024-08-19 23:47:26,800 - INFO - Number of results in first chunk: 14
2024-08-19 23:47:26,800 - INFO - closed
2024-08-19 23:47:26,841 - INFO - No async queries seem to be running, deleting session
2024-08-19 23:47:26,904 - INFO - 127.0.0.1 - - [19/Aug/2024 23:47:26] "POST /process HTTP/1.1" 200 -
2024-08-19 23:47:42,120 - INFO - Snowflake Connector for Python Version: 3.12.0, Python Version: 3.12.5, Platform: Windows-10-10.0.19045-SP0
2024-08-19 23:47:42,121 - INFO - Connecting to GLOBAL Snowflake domain
2024-08-19 23:47:42,121 - INFO - This connection is in OCSP Fail Open Mode. TLS Certificates would be checked for validity and revocation status. Any other Certificate Revocation related exceptions or OCSP Responder failures would be disregarded in favor of connectivity.
2024-08-19 23:47:42,879 - INFO - Snowflake Connector for Python Version: 3.12.0, Python Version: 3.12.5, Platform: Windows-10-10.0.19045-SP0
2024-08-19 23:47:42,879 - INFO - Connecting to GLOBAL Snowflake domain
2024-08-19 23:47:42,880 - INFO - This connection is in OCSP Fail Open Mode. TLS Certificates would be checked for validity and revocation status. Any other Certificate Revocation related exceptions or OCSP Responder failures would be disregarded in favor of connectivity.
2024-08-19 23:47:43,662 - INFO - Number of results in first chunk: 14
2024-08-19 23:47:43,662 - INFO - closed
2024-08-19 23:47:43,694 - INFO - No async queries seem to be running, deleting session
2024-08-19 23:47:43,736 - INFO - Insert query: INSERT INTO JAGA ("EEID", "FullName", "JobTitle", "Department", "BusinessUnit", "Gender", "Ethnicity", "Age", "HireDate", "AnnualSalary", "Bonuspercent", "Country", "City", "ExitDate") VALUES (%s, %s, %s, %s, %s, %s, %s, %s, %s, %s, %s, %s, %s, %s)
2024-08-19 23:47:43,743 - INFO - Inserting row: [1, 'Sr. Manger', None, None, None, None, None, None, None, None, None, None, None, None]
2024-08-19 23:47:44,426 - INFO - Inserting row: [1, 'Technical Architect', None, None, None, None, None, None, None, None, None, None, None, None]
2024-08-19 23:47:44,916 - INFO - Inserting row: [1, 'Director', None, None, None, None, None, None, None, None, None, None, None, None]
2024-08-19 23:47:45,214 - INFO - Inserting row: [1, 'Computer Systems Manager', None, None, None, None, None, None, None, None, None, None, None, None]
2024-08-19 23:47:45,498 - INFO - Inserting row: [1, 'Sr. Analyst', None, None, None, None, None, None, None, None, None, None, None, None]
2024-08-19 23:47:45,785 - INFO - Inserting row: [1, 'Account Representative', None, None, None, None, None, None, None, None, None, None, None, None]
2024-08-19 23:47:46,103 - INFO - Inserting row: [1, 'Manager', None, None, None, None, None, None, None, None, None, None, None, None]
2024-08-19 23:47:46,358 - INFO - Inserting row: [1, 'Analyst', None, None, None, None, None, None, None, None, None, None, None, None]
2024-08-19 23:47:46,628 - INFO - Inserting row: [1, 'Manager', None, None, None, None, None, None, None, None, None, None, None, None]
2024-08-19 23:47:46,932 - INFO - Inserting row: [1, 'Sr. Analyst', None, None, None, None, None, None, None, None, None, None, None, None]
2024-08-19 23:47:47,271 - INFO - Data successfully written to Snowflake table: JAGA
2024-08-19 23:47:47,272 - INFO - closed
2024-08-19 23:47:47,332 - INFO - No async queries seem to be running, deleting session
2024-08-19 23:47:47,427 - INFO - 127.0.0.1 - - [19/Aug/2024 23:47:47] "POST /map_columns HTTP/1.1" 200 -
2024-08-19 23:57:20,402 - INFO - [31m[1mWARNING: This is a development server. Do not use it in a production deployment. Use a production WSGI server instead.[0m
 * Running on http://127.0.0.1:5000
2024-08-19 23:57:20,402 - INFO - [33mPress CTRL+C to quit[0m
2024-08-19 23:57:20,478 - INFO -  * Restarting with watchdog (windowsapi)
2024-08-19 23:57:22,641 - WARNING -  * Debugger is active!
2024-08-19 23:57:22,646 - INFO -  * Debugger PIN: 452-454-072
2024-08-19 23:57:39,352 - INFO - Snowflake Connector for Python Version: 3.12.0, Python Version: 3.12.5, Platform: Windows-10-10.0.19045-SP0
2024-08-19 23:57:39,353 - INFO - Connecting to GLOBAL Snowflake domain
2024-08-19 23:57:39,353 - INFO - This connection is in OCSP Fail Open Mode. TLS Certificates would be checked for validity and revocation status. Any other Certificate Revocation related exceptions or OCSP Responder failures would be disregarded in favor of connectivity.
2024-08-19 23:57:44,586 - INFO - Number of results in first chunk: 3
2024-08-19 23:57:44,589 - INFO - closed
2024-08-19 23:57:44,665 - INFO - No async queries seem to be running, deleting session
2024-08-19 23:57:44,779 - INFO - 127.0.0.1 - - [19/Aug/2024 23:57:44] "GET / HTTP/1.1" 200 -
2024-08-19 23:57:54,563 - INFO - Snowflake Connector for Python Version: 3.12.0, Python Version: 3.12.5, Platform: Windows-10-10.0.19045-SP0
2024-08-19 23:57:54,563 - INFO - Connecting to GLOBAL Snowflake domain
2024-08-19 23:57:54,563 - INFO - This connection is in OCSP Fail Open Mode. TLS Certificates would be checked for validity and revocation status. Any other Certificate Revocation related exceptions or OCSP Responder failures would be disregarded in favor of connectivity.
2024-08-19 23:57:56,251 - INFO - Number of results in first chunk: 35
2024-08-19 23:57:56,252 - INFO - closed
2024-08-19 23:57:56,360 - INFO - No async queries seem to be running, deleting session
2024-08-19 23:57:56,518 - INFO - 127.0.0.1 - - [19/Aug/2024 23:57:56] "POST /process HTTP/1.1" 200 -
2024-08-19 23:58:27,345 - INFO - Snowflake Connector for Python Version: 3.12.0, Python Version: 3.12.5, Platform: Windows-10-10.0.19045-SP0
2024-08-19 23:58:27,347 - INFO - Connecting to GLOBAL Snowflake domain
2024-08-19 23:58:27,348 - INFO - This connection is in OCSP Fail Open Mode. TLS Certificates would be checked for validity and revocation status. Any other Certificate Revocation related exceptions or OCSP Responder failures would be disregarded in favor of connectivity.
2024-08-19 23:58:28,858 - INFO - Snowflake Connector for Python Version: 3.12.0, Python Version: 3.12.5, Platform: Windows-10-10.0.19045-SP0
2024-08-19 23:58:28,858 - INFO - Connecting to GLOBAL Snowflake domain
2024-08-19 23:58:28,859 - INFO - This connection is in OCSP Fail Open Mode. TLS Certificates would be checked for validity and revocation status. Any other Certificate Revocation related exceptions or OCSP Responder failures would be disregarded in favor of connectivity.
2024-08-19 23:58:30,422 - INFO - Number of results in first chunk: 35
2024-08-19 23:58:30,423 - INFO - closed
2024-08-19 23:58:30,528 - INFO - No async queries seem to be running, deleting session
2024-08-19 23:58:30,621 - INFO - Insert query: INSERT INTO DEMO ("m_sno", "m_so_item_id", "m_solineitem", "m_datelastfulfillment", "m_datescheduledfulfillment", "m_datefulfillment", "m_soitem_desc", "m_productid", "m_productnum", "m_soid", "m_qtyfulfilled", "m_qtyordered", "m_shipped_quantity", "m_qtytofulfill", "m_qtypicked", "m_totalcost", "m_totalprice", "m_fulfilled_revenue", "m_fulfilled_margin", "m_soitem_status", "m_soitem_type", "m_taxid", "m_taxrate", "m_taxableflag", "m_unitprice", "m_uom_name", "m_uom_code", "m_item_margin", "m_negative_margin_flag", "m_lot_number", "m_schfulfilled_date_str", "m_wo_cost", "m_wo_qtyscrapped", "m_wo_qtytarget", "m_wo_qtyused") VALUES (%s, %s, %s, %s, %s, %s, %s, %s, %s, %s, %s, %s, %s, %s, %s, %s, %s, %s, %s, %s, %s, %s, %s, %s, %s, %s, %s, %s, %s, %s, %s, %s, %s, %s, %s)
2024-08-19 23:58:30,623 - INFO - Inserting row: [None, None, None, None, None, None, None, None, None, None, None, None, None, None, None, None, None, None, None, 'praveen', 'Sr. Manger', None, None, None, None, None, None, None, None, None, None, None, None, None, None]
2024-08-19 23:58:31,075 - INFO - Inserting row: [None, None, None, None, None, None, None, None, None, None, None, None, None, None, None, None, None, None, None, ' jhvjhvhjv', 'Technical Architect', None, None, None, None, None, None, None, None, None, None, None, None, None, None]
2024-08-19 23:58:31,527 - INFO - Inserting row: [None, None, None, None, None, None, None, None, None, None, None, None, None, None, None, None, None, None, None, 'Luna Sanders', 'Director', None, None, None, None, None, None, None, None, None, None, None, None, None, None]
2024-08-19 23:58:31,879 - INFO - Inserting row: [None, None, None, None, None, None, None, None, None, None, None, None, None, None, None, None, None, None, None, 'Penelope Jordan', 'Computer Systems Manager', None, None, None, None, None, None, None, None, None, None, None, None, None, None]
2024-08-19 23:58:32,273 - INFO - Inserting row: [None, None, None, None, None, None, None, None, None, None, None, None, None, None, None, None, None, None, None, 'Austin Vo', 'Sr. Analyst', None, None, None, None, None, None, None, None, None, None, None, None, None, None]
2024-08-19 23:58:32,780 - INFO - Inserting row: [None, None, None, None, None, None, None, None, None, None, None, None, None, None, None, None, None, None, None, 'Joshua Gupta', 'Account Representative', None, None, None, None, None, None, None, None, None, None, None, None, None, None]
2024-08-19 23:58:33,200 - INFO - Inserting row: [None, None, None, None, None, None, None, None, None, None, None, None, None, None, None, None, None, None, None, 'Ruby Barnes', 'Manager', None, None, None, None, None, None, None, None, None, None, None, None, None, None]
2024-08-19 23:58:33,603 - INFO - Inserting row: [None, None, None, None, None, None, None, None, None, None, None, None, None, None, None, None, None, None, None, 'Luke Martin', 'Analyst', None, None, None, None, None, None, None, None, None, None, None, None, None, None]
2024-08-19 23:58:34,123 - INFO - Inserting row: [None, None, None, None, None, None, None, None, None, None, None, None, None, None, None, None, None, None, None, 'Easton Bailey', 'Manager', None, None, None, None, None, None, None, None, None, None, None, None, None, None]
2024-08-19 23:58:34,726 - INFO - Inserting row: [None, None, None, None, None, None, None, None, None, None, None, None, None, None, None, None, None, None, None, 'Madeline Walker', 'Sr. Analyst', None, None, None, None, None, None, None, None, None, None, None, None, None, None]
2024-08-19 23:58:35,249 - INFO - Data successfully written to Snowflake table: DEMO
2024-08-19 23:58:35,250 - INFO - closed
2024-08-19 23:58:35,328 - INFO - No async queries seem to be running, deleting session
2024-08-19 23:58:35,494 - INFO - 127.0.0.1 - - [19/Aug/2024 23:58:35] "POST /map_columns HTTP/1.1" 200 -
2024-08-19 23:58:40,757 - INFO - Snowflake Connector for Python Version: 3.12.0, Python Version: 3.12.5, Platform: Windows-10-10.0.19045-SP0
2024-08-19 23:58:40,758 - INFO - Connecting to GLOBAL Snowflake domain
2024-08-19 23:58:40,758 - INFO - This connection is in OCSP Fail Open Mode. TLS Certificates would be checked for validity and revocation status. Any other Certificate Revocation related exceptions or OCSP Responder failures would be disregarded in favor of connectivity.
2024-08-19 23:58:43,052 - INFO -  * Detected change in 'C:\\Users\\SSLTP11406\\AppData\\Local\\Programs\\Python\\Python312\\Lib\\site-packages\\flask\\app.py', reloading
2024-08-19 23:58:43,130 - INFO - closed
2024-08-19 23:58:43,130 - INFO - No async queries seem to be running, deleting session
2024-08-19 23:58:43,608 - INFO -  * Restarting with watchdog (windowsapi)
2024-08-19 23:58:45,977 - WARNING -  * Debugger is active!
2024-08-19 23:58:45,983 - INFO -  * Debugger PIN: 452-454-072
2024-08-19 23:58:46,046 - INFO - Snowflake Connector for Python Version: 3.12.0, Python Version: 3.12.5, Platform: Windows-10-10.0.19045-SP0
2024-08-19 23:58:46,046 - INFO - Connecting to GLOBAL Snowflake domain
2024-08-19 23:58:46,047 - INFO - This connection is in OCSP Fail Open Mode. TLS Certificates would be checked for validity and revocation status. Any other Certificate Revocation related exceptions or OCSP Responder failures would be disregarded in favor of connectivity.
2024-08-19 23:58:48,194 - INFO -  * Detected change in 'C:\\Users\\SSLTP11406\\AppData\\Local\\Programs\\Python\\Python312\\Lib\\socketserver.py', reloading
2024-08-19 23:58:48,203 - INFO - closed
2024-08-19 23:58:48,212 - INFO -  * Detected change in 'C:\\Users\\SSLTP11406\\AppData\\Local\\Programs\\Python\\Python312\\Lib\\threading.py', reloading
2024-08-19 23:58:48,299 - INFO - No async queries seem to be running, deleting session
2024-08-19 23:58:48,420 - INFO - 127.0.0.1 - - [19/Aug/2024 23:58:48] "[35m[1mPOST /view_all_data HTTP/1.1[0m" 500 -
2024-08-19 23:58:48,637 - INFO - 127.0.0.1 - - [19/Aug/2024 23:58:48] "GET /view_all_data?__debugger__=yes&cmd=resource&f=style.css HTTP/1.1" 200 -
2024-08-19 23:58:48,640 - INFO - 127.0.0.1 - - [19/Aug/2024 23:58:48] "GET /view_all_data?__debugger__=yes&cmd=resource&f=debugger.js HTTP/1.1" 200 -
2024-08-19 23:58:48,877 - INFO - 127.0.0.1 - - [19/Aug/2024 23:58:48] "GET /view_all_data?__debugger__=yes&cmd=resource&f=console.png HTTP/1.1" 200 -
2024-08-19 23:58:48,935 - INFO - 127.0.0.1 - - [19/Aug/2024 23:58:48] "[36mGET /view_all_data?__debugger__=yes&cmd=resource&f=console.png HTTP/1.1[0m" 304 -
2024-08-19 23:58:49,413 - INFO -  * Restarting with watchdog (windowsapi)
2024-08-19 23:58:51,761 - WARNING -  * Debugger is active!
2024-08-19 23:58:51,765 - INFO -  * Debugger PIN: 452-454-072
2024-08-20 00:00:36,146 - INFO -  * Detected change in 'c:\\onetoone\\app.py', reloading
2024-08-20 00:00:36,152 - INFO -  * Detected change in 'c:\\onetoone\\app.py', reloading
2024-08-20 00:00:36,155 - INFO -  * Detected change in 'c:\\onetoone\\app.py', reloading
2024-08-20 00:00:36,158 - INFO -  * Detected change in 'c:\\onetoone\\app.py', reloading
2024-08-20 00:00:36,610 - INFO -  * Restarting with watchdog (windowsapi)
2024-08-20 00:00:39,052 - WARNING -  * Debugger is active!
2024-08-20 00:00:39,056 - INFO -  * Debugger PIN: 452-454-072
2024-08-20 00:00:50,267 - INFO - [31m[1mWARNING: This is a development server. Do not use it in a production deployment. Use a production WSGI server instead.[0m
 * Running on http://127.0.0.1:5000
2024-08-20 00:00:50,268 - INFO - [33mPress CTRL+C to quit[0m
2024-08-20 00:00:50,285 - INFO -  * Restarting with watchdog (windowsapi)
2024-08-20 00:00:52,560 - WARNING -  * Debugger is active!
2024-08-20 00:00:52,566 - INFO -  * Debugger PIN: 452-454-072
2024-08-20 00:01:01,952 - INFO - Snowflake Connector for Python Version: 3.12.0, Python Version: 3.12.5, Platform: Windows-10-10.0.19045-SP0
2024-08-20 00:01:01,953 - INFO - Connecting to GLOBAL Snowflake domain
2024-08-20 00:01:01,953 - INFO - This connection is in OCSP Fail Open Mode. TLS Certificates would be checked for validity and revocation status. Any other Certificate Revocation related exceptions or OCSP Responder failures would be disregarded in favor of connectivity.
2024-08-20 00:01:05,865 - INFO - Number of results in first chunk: 3
2024-08-20 00:01:05,866 - INFO - closed
2024-08-20 00:01:06,108 - INFO - No async queries seem to be running, deleting session
2024-08-20 00:01:06,265 - INFO - 127.0.0.1 - - [20/Aug/2024 00:01:06] "GET / HTTP/1.1" 200 -
2024-08-20 00:01:06,412 - INFO - 127.0.0.1 - - [20/Aug/2024 00:01:06] "[33mGET /favicon.ico HTTP/1.1[0m" 404 -
2024-08-20 00:01:15,911 - INFO - Snowflake Connector for Python Version: 3.12.0, Python Version: 3.12.5, Platform: Windows-10-10.0.19045-SP0
2024-08-20 00:01:15,912 - INFO - Connecting to GLOBAL Snowflake domain
2024-08-20 00:01:15,912 - INFO - This connection is in OCSP Fail Open Mode. TLS Certificates would be checked for validity and revocation status. Any other Certificate Revocation related exceptions or OCSP Responder failures would be disregarded in favor of connectivity.
2024-08-20 00:01:17,589 - INFO - Number of results in first chunk: 35
2024-08-20 00:01:17,590 - INFO - closed
2024-08-20 00:01:17,678 - INFO - No async queries seem to be running, deleting session
2024-08-20 00:01:17,816 - INFO - 127.0.0.1 - - [20/Aug/2024 00:01:17] "POST /process HTTP/1.1" 200 -
2024-08-20 00:01:40,496 - INFO - Snowflake Connector for Python Version: 3.12.0, Python Version: 3.12.5, Platform: Windows-10-10.0.19045-SP0
2024-08-20 00:01:40,496 - INFO - Connecting to GLOBAL Snowflake domain
2024-08-20 00:01:40,497 - INFO - This connection is in OCSP Fail Open Mode. TLS Certificates would be checked for validity and revocation status. Any other Certificate Revocation related exceptions or OCSP Responder failures would be disregarded in favor of connectivity.
2024-08-20 00:01:42,021 - INFO - Snowflake Connector for Python Version: 3.12.0, Python Version: 3.12.5, Platform: Windows-10-10.0.19045-SP0
2024-08-20 00:01:42,022 - INFO - Connecting to GLOBAL Snowflake domain
2024-08-20 00:01:42,022 - INFO - This connection is in OCSP Fail Open Mode. TLS Certificates would be checked for validity and revocation status. Any other Certificate Revocation related exceptions or OCSP Responder failures would be disregarded in favor of connectivity.
2024-08-20 00:01:43,600 - INFO - Number of results in first chunk: 35
2024-08-20 00:01:43,601 - INFO - closed
2024-08-20 00:01:43,684 - INFO - No async queries seem to be running, deleting session
2024-08-20 00:01:43,807 - INFO - Insert query: INSERT INTO DEMO ("m_sno", "m_so_item_id", "m_solineitem", "m_datelastfulfillment", "m_datescheduledfulfillment", "m_datefulfillment", "m_soitem_desc", "m_productid", "m_productnum", "m_soid", "m_qtyfulfilled", "m_qtyordered", "m_shipped_quantity", "m_qtytofulfill", "m_qtypicked", "m_totalcost", "m_totalprice", "m_fulfilled_revenue", "m_fulfilled_margin", "m_soitem_status", "m_soitem_type", "m_taxid", "m_taxrate", "m_taxableflag", "m_unitprice", "m_uom_name", "m_uom_code", "m_item_margin", "m_negative_margin_flag", "m_lot_number", "m_schfulfilled_date_str", "m_wo_cost", "m_wo_qtyscrapped", "m_wo_qtytarget", "m_wo_qtyused") VALUES (%(m_sno)s, %(m_so_item_id)s, %(m_solineitem)s, %(m_datelastfulfillment)s, %(m_datescheduledfulfillment)s, %(m_datefulfillment)s, %(m_soitem_desc)s, %(m_productid)s, %(m_productnum)s, %(m_soid)s, %(m_qtyfulfilled)s, %(m_qtyordered)s, %(m_shipped_quantity)s, %(m_qtytofulfill)s, %(m_qtypicked)s, %(m_totalcost)s, %(m_totalprice)s, %(m_fulfilled_revenue)s, %(m_fulfilled_margin)s, %(m_soitem_status)s, %(m_soitem_type)s, %(m_taxid)s, %(m_taxrate)s, %(m_taxableflag)s, %(m_unitprice)s, %(m_uom_name)s, %(m_uom_code)s, %(m_item_margin)s, %(m_negative_margin_flag)s, %(m_lot_number)s, %(m_schfulfilled_date_str)s, %(m_wo_cost)s, %(m_wo_qtyscrapped)s, %(m_wo_qtytarget)s, %(m_wo_qtyused)s)
2024-08-20 00:01:43,809 - INFO - Inserting row: {'m_sno': None, 'm_so_item_id': None, 'm_solineitem': None, 'm_datelastfulfillment': None, 'm_datescheduledfulfillment': None, 'm_datefulfillment': None, 'm_soitem_desc': None, 'm_productid': None, 'm_productnum': None, 'm_soid': None, 'm_qtyfulfilled': None, 'm_qtyordered': None, 'm_shipped_quantity': None, 'm_qtytofulfill': None, 'm_qtypicked': None, 'm_totalcost': None, 'm_totalprice': None, 'm_fulfilled_revenue': None, 'm_fulfilled_margin': None, 'm_soitem_status': 'praveen', 'm_soitem_type': 'Female', 'm_taxid': None, 'm_taxrate': None, 'm_taxableflag': None, 'm_unitprice': None, 'm_uom_name': None, 'm_uom_code': None, 'm_item_margin': None, 'm_negative_margin_flag': None, 'm_lot_number': None, 'm_schfulfilled_date_str': None, 'm_wo_cost': None, 'm_wo_qtyscrapped': None, 'm_wo_qtytarget': None, 'm_wo_qtyused': None}
2024-08-20 00:01:44,307 - INFO - Inserting row: {'m_sno': None, 'm_so_item_id': None, 'm_solineitem': None, 'm_datelastfulfillment': None, 'm_datescheduledfulfillment': None, 'm_datefulfillment': None, 'm_soitem_desc': None, 'm_productid': None, 'm_productnum': None, 'm_soid': None, 'm_qtyfulfilled': None, 'm_qtyordered': None, 'm_shipped_quantity': None, 'm_qtytofulfill': None, 'm_qtypicked': None, 'm_totalcost': None, 'm_totalprice': None, 'm_fulfilled_revenue': None, 'm_fulfilled_margin': None, 'm_soitem_status': ' jhvjhvhjv', 'm_soitem_type': 'Male', 'm_taxid': None, 'm_taxrate': None, 'm_taxableflag': None, 'm_unitprice': None, 'm_uom_name': None, 'm_uom_code': None, 'm_item_margin': None, 'm_negative_margin_flag': None, 'm_lot_number': None, 'm_schfulfilled_date_str': None, 'm_wo_cost': None, 'm_wo_qtyscrapped': None, 'm_wo_qtytarget': None, 'm_wo_qtyused': None}
2024-08-20 00:01:44,684 - INFO - Inserting row: {'m_sno': None, 'm_so_item_id': None, 'm_solineitem': None, 'm_datelastfulfillment': None, 'm_datescheduledfulfillment': None, 'm_datefulfillment': None, 'm_soitem_desc': None, 'm_productid': None, 'm_productnum': None, 'm_soid': None, 'm_qtyfulfilled': None, 'm_qtyordered': None, 'm_shipped_quantity': None, 'm_qtytofulfill': None, 'm_qtypicked': None, 'm_totalcost': None, 'm_totalprice': None, 'm_fulfilled_revenue': None, 'm_fulfilled_margin': None, 'm_soitem_status': 'Luna Sanders', 'm_soitem_type': 'Female', 'm_taxid': None, 'm_taxrate': None, 'm_taxableflag': None, 'm_unitprice': None, 'm_uom_name': None, 'm_uom_code': None, 'm_item_margin': None, 'm_negative_margin_flag': None, 'm_lot_number': None, 'm_schfulfilled_date_str': None, 'm_wo_cost': None, 'm_wo_qtyscrapped': None, 'm_wo_qtytarget': None, 'm_wo_qtyused': None}
2024-08-20 00:01:45,408 - INFO - Inserting row: {'m_sno': None, 'm_so_item_id': None, 'm_solineitem': None, 'm_datelastfulfillment': None, 'm_datescheduledfulfillment': None, 'm_datefulfillment': None, 'm_soitem_desc': None, 'm_productid': None, 'm_productnum': None, 'm_soid': None, 'm_qtyfulfilled': None, 'm_qtyordered': None, 'm_shipped_quantity': None, 'm_qtytofulfill': None, 'm_qtypicked': None, 'm_totalcost': None, 'm_totalprice': None, 'm_fulfilled_revenue': None, 'm_fulfilled_margin': None, 'm_soitem_status': 'Penelope Jordan', 'm_soitem_type': 'Female', 'm_taxid': None, 'm_taxrate': None, 'm_taxableflag': None, 'm_unitprice': None, 'm_uom_name': None, 'm_uom_code': None, 'm_item_margin': None, 'm_negative_margin_flag': None, 'm_lot_number': None, 'm_schfulfilled_date_str': None, 'm_wo_cost': None, 'm_wo_qtyscrapped': None, 'm_wo_qtytarget': None, 'm_wo_qtyused': None}
2024-08-20 00:01:45,816 - INFO - Inserting row: {'m_sno': None, 'm_so_item_id': None, 'm_solineitem': None, 'm_datelastfulfillment': None, 'm_datescheduledfulfillment': None, 'm_datefulfillment': None, 'm_soitem_desc': None, 'm_productid': None, 'm_productnum': None, 'm_soid': None, 'm_qtyfulfilled': None, 'm_qtyordered': None, 'm_shipped_quantity': None, 'm_qtytofulfill': None, 'm_qtypicked': None, 'm_totalcost': None, 'm_totalprice': None, 'm_fulfilled_revenue': None, 'm_fulfilled_margin': None, 'm_soitem_status': 'Austin Vo', 'm_soitem_type': 'Male', 'm_taxid': None, 'm_taxrate': None, 'm_taxableflag': None, 'm_unitprice': None, 'm_uom_name': None, 'm_uom_code': None, 'm_item_margin': None, 'm_negative_margin_flag': None, 'm_lot_number': None, 'm_schfulfilled_date_str': None, 'm_wo_cost': None, 'm_wo_qtyscrapped': None, 'm_wo_qtytarget': None, 'm_wo_qtyused': None}
2024-08-20 00:01:46,323 - INFO - Inserting row: {'m_sno': None, 'm_so_item_id': None, 'm_solineitem': None, 'm_datelastfulfillment': None, 'm_datescheduledfulfillment': None, 'm_datefulfillment': None, 'm_soitem_desc': None, 'm_productid': None, 'm_productnum': None, 'm_soid': None, 'm_qtyfulfilled': None, 'm_qtyordered': None, 'm_shipped_quantity': None, 'm_qtytofulfill': None, 'm_qtypicked': None, 'm_totalcost': None, 'm_totalprice': None, 'm_fulfilled_revenue': None, 'm_fulfilled_margin': None, 'm_soitem_status': 'Joshua Gupta', 'm_soitem_type': 'Male', 'm_taxid': None, 'm_taxrate': None, 'm_taxableflag': None, 'm_unitprice': None, 'm_uom_name': None, 'm_uom_code': None, 'm_item_margin': None, 'm_negative_margin_flag': None, 'm_lot_number': None, 'm_schfulfilled_date_str': None, 'm_wo_cost': None, 'm_wo_qtyscrapped': None, 'm_wo_qtytarget': None, 'm_wo_qtyused': None}
2024-08-20 00:01:46,723 - INFO - Inserting row: {'m_sno': None, 'm_so_item_id': None, 'm_solineitem': None, 'm_datelastfulfillment': None, 'm_datescheduledfulfillment': None, 'm_datefulfillment': None, 'm_soitem_desc': None, 'm_productid': None, 'm_productnum': None, 'm_soid': None, 'm_qtyfulfilled': None, 'm_qtyordered': None, 'm_shipped_quantity': None, 'm_qtytofulfill': None, 'm_qtypicked': None, 'm_totalcost': None, 'm_totalprice': None, 'm_fulfilled_revenue': None, 'm_fulfilled_margin': None, 'm_soitem_status': 'Ruby Barnes', 'm_soitem_type': 'Female', 'm_taxid': None, 'm_taxrate': None, 'm_taxableflag': None, 'm_unitprice': None, 'm_uom_name': None, 'm_uom_code': None, 'm_item_margin': None, 'm_negative_margin_flag': None, 'm_lot_number': None, 'm_schfulfilled_date_str': None, 'm_wo_cost': None, 'm_wo_qtyscrapped': None, 'm_wo_qtytarget': None, 'm_wo_qtyused': None}
2024-08-20 00:01:47,152 - INFO - Inserting row: {'m_sno': None, 'm_so_item_id': None, 'm_solineitem': None, 'm_datelastfulfillment': None, 'm_datescheduledfulfillment': None, 'm_datefulfillment': None, 'm_soitem_desc': None, 'm_productid': None, 'm_productnum': None, 'm_soid': None, 'm_qtyfulfilled': None, 'm_qtyordered': None, 'm_shipped_quantity': None, 'm_qtytofulfill': None, 'm_qtypicked': None, 'm_totalcost': None, 'm_totalprice': None, 'm_fulfilled_revenue': None, 'm_fulfilled_margin': None, 'm_soitem_status': 'Luke Martin', 'm_soitem_type': 'Male', 'm_taxid': None, 'm_taxrate': None, 'm_taxableflag': None, 'm_unitprice': None, 'm_uom_name': None, 'm_uom_code': None, 'm_item_margin': None, 'm_negative_margin_flag': None, 'm_lot_number': None, 'm_schfulfilled_date_str': None, 'm_wo_cost': None, 'm_wo_qtyscrapped': None, 'm_wo_qtytarget': None, 'm_wo_qtyused': None}
2024-08-20 00:01:47,487 - INFO - Inserting row: {'m_sno': None, 'm_so_item_id': None, 'm_solineitem': None, 'm_datelastfulfillment': None, 'm_datescheduledfulfillment': None, 'm_datefulfillment': None, 'm_soitem_desc': None, 'm_productid': None, 'm_productnum': None, 'm_soid': None, 'm_qtyfulfilled': None, 'm_qtyordered': None, 'm_shipped_quantity': None, 'm_qtytofulfill': None, 'm_qtypicked': None, 'm_totalcost': None, 'm_totalprice': None, 'm_fulfilled_revenue': None, 'm_fulfilled_margin': None, 'm_soitem_status': 'Easton Bailey', 'm_soitem_type': 'Male', 'm_taxid': None, 'm_taxrate': None, 'm_taxableflag': None, 'm_unitprice': None, 'm_uom_name': None, 'm_uom_code': None, 'm_item_margin': None, 'm_negative_margin_flag': None, 'm_lot_number': None, 'm_schfulfilled_date_str': None, 'm_wo_cost': None, 'm_wo_qtyscrapped': None, 'm_wo_qtytarget': None, 'm_wo_qtyused': None}
2024-08-20 00:01:47,824 - INFO - Inserting row: {'m_sno': None, 'm_so_item_id': None, 'm_solineitem': None, 'm_datelastfulfillment': None, 'm_datescheduledfulfillment': None, 'm_datefulfillment': None, 'm_soitem_desc': None, 'm_productid': None, 'm_productnum': None, 'm_soid': None, 'm_qtyfulfilled': None, 'm_qtyordered': None, 'm_shipped_quantity': None, 'm_qtytofulfill': None, 'm_qtypicked': None, 'm_totalcost': None, 'm_totalprice': None, 'm_fulfilled_revenue': None, 'm_fulfilled_margin': None, 'm_soitem_status': 'Madeline Walker', 'm_soitem_type': 'Female', 'm_taxid': None, 'm_taxrate': None, 'm_taxableflag': None, 'm_unitprice': None, 'm_uom_name': None, 'm_uom_code': None, 'm_item_margin': None, 'm_negative_margin_flag': None, 'm_lot_number': None, 'm_schfulfilled_date_str': None, 'm_wo_cost': None, 'm_wo_qtyscrapped': None, 'm_wo_qtytarget': None, 'm_wo_qtyused': None}
2024-08-20 00:01:48,261 - INFO - Data successfully written to Snowflake table: DEMO
2024-08-20 00:01:48,262 - INFO - closed
2024-08-20 00:01:48,382 - INFO - No async queries seem to be running, deleting session
2024-08-20 00:01:48,480 - INFO - 127.0.0.1 - - [20/Aug/2024 00:01:48] "POST /map_columns HTTP/1.1" 200 -
2024-08-20 00:01:56,456 - INFO - Snowflake Connector for Python Version: 3.12.0, Python Version: 3.12.5, Platform: Windows-10-10.0.19045-SP0
2024-08-20 00:01:56,457 - INFO - Connecting to GLOBAL Snowflake domain
2024-08-20 00:01:56,457 - INFO - This connection is in OCSP Fail Open Mode. TLS Certificates would be checked for validity and revocation status. Any other Certificate Revocation related exceptions or OCSP Responder failures would be disregarded in favor of connectivity.
2024-08-20 00:01:57,980 - INFO -  * Detected change in 'C:\\Users\\SSLTP11406\\AppData\\Local\\Programs\\Python\\Python312\\Lib\\site-packages\\snowflake\\connector\\cursor.py', reloading
2024-08-20 00:01:57,991 - INFO - closed
2024-08-20 00:01:58,124 - INFO - No async queries seem to be running, deleting session
2024-08-20 00:01:58,225 - INFO - 127.0.0.1 - - [20/Aug/2024 00:01:58] "[35m[1mPOST /view_all_data HTTP/1.1[0m" 500 -
2024-08-20 00:01:58,489 - INFO - 127.0.0.1 - - [20/Aug/2024 00:01:58] "[36mGET /view_all_data?__debugger__=yes&cmd=resource&f=style.css HTTP/1.1[0m" 304 -
2024-08-20 00:01:58,492 - INFO - 127.0.0.1 - - [20/Aug/2024 00:01:58] "[36mGET /view_all_data?__debugger__=yes&cmd=resource&f=debugger.js HTTP/1.1[0m" 304 -
2024-08-20 00:01:58,679 - INFO - 127.0.0.1 - - [20/Aug/2024 00:01:58] "[36mGET /view_all_data?__debugger__=yes&cmd=resource&f=console.png HTTP/1.1[0m" 304 -
2024-08-20 00:01:59,380 - INFO -  * Restarting with watchdog (windowsapi)
2024-08-20 00:02:01,878 - WARNING -  * Debugger is active!
2024-08-20 00:02:01,882 - INFO -  * Debugger PIN: 452-454-072
2024-08-20 00:05:33,492 - INFO -  * Detected change in 'c:\\onetoone\\app.py', reloading
2024-08-20 00:05:33,498 - INFO -  * Detected change in 'c:\\onetoone\\app.py', reloading
2024-08-20 00:05:33,502 - INFO -  * Detected change in 'c:\\onetoone\\app.py', reloading
2024-08-20 00:05:34,109 - INFO -  * Restarting with watchdog (windowsapi)
2024-08-20 00:05:36,699 - WARNING -  * Debugger is active!
2024-08-20 00:05:36,705 - INFO -  * Debugger PIN: 452-454-072
2024-08-20 00:08:14,428 - INFO - [31m[1mWARNING: This is a development server. Do not use it in a production deployment. Use a production WSGI server instead.[0m
 * Running on http://127.0.0.1:5000
2024-08-20 00:08:14,429 - INFO - [33mPress CTRL+C to quit[0m
2024-08-20 00:08:14,459 - INFO -  * Restarting with watchdog (windowsapi)
2024-08-20 00:08:16,827 - WARNING -  * Debugger is active!
2024-08-20 00:08:16,832 - INFO -  * Debugger PIN: 452-454-072
2024-08-20 00:08:32,700 - INFO - Snowflake Connector for Python Version: 3.12.0, Python Version: 3.12.5, Platform: Windows-10-10.0.19045-SP0
2024-08-20 00:08:32,701 - INFO - Connecting to GLOBAL Snowflake domain
2024-08-20 00:08:32,701 - INFO - This connection is in OCSP Fail Open Mode. TLS Certificates would be checked for validity and revocation status. Any other Certificate Revocation related exceptions or OCSP Responder failures would be disregarded in favor of connectivity.
2024-08-20 00:08:36,041 - INFO - Number of results in first chunk: 3
2024-08-20 00:08:36,042 - INFO - closed
2024-08-20 00:08:36,147 - INFO - No async queries seem to be running, deleting session
2024-08-20 00:08:36,248 - INFO - 127.0.0.1 - - [20/Aug/2024 00:08:36] "GET / HTTP/1.1" 200 -
2024-08-20 00:08:36,316 - INFO - 127.0.0.1 - - [20/Aug/2024 00:08:36] "[33mGET /favicon.ico HTTP/1.1[0m" 404 -
2024-08-20 00:08:45,010 - INFO - Snowflake Connector for Python Version: 3.12.0, Python Version: 3.12.5, Platform: Windows-10-10.0.19045-SP0
2024-08-20 00:08:45,011 - INFO - Connecting to GLOBAL Snowflake domain
2024-08-20 00:08:45,011 - INFO - This connection is in OCSP Fail Open Mode. TLS Certificates would be checked for validity and revocation status. Any other Certificate Revocation related exceptions or OCSP Responder failures would be disregarded in favor of connectivity.
2024-08-20 00:08:46,565 - INFO - Number of results in first chunk: 35
2024-08-20 00:08:46,566 - INFO - closed
2024-08-20 00:08:46,650 - INFO - No async queries seem to be running, deleting session
2024-08-20 00:08:46,742 - INFO - 127.0.0.1 - - [20/Aug/2024 00:08:46] "POST /process HTTP/1.1" 200 -
2024-08-20 00:09:30,031 - INFO - 127.0.0.1 - - [20/Aug/2024 00:09:30] "[35m[1mPOST /map_columns HTTP/1.1[0m" 500 -
2024-08-20 00:09:30,265 - INFO - 127.0.0.1 - - [20/Aug/2024 00:09:30] "[36mGET /map_columns?__debugger__=yes&cmd=resource&f=style.css HTTP/1.1[0m" 304 -
2024-08-20 00:09:30,288 - INFO - 127.0.0.1 - - [20/Aug/2024 00:09:30] "[36mGET /map_columns?__debugger__=yes&cmd=resource&f=debugger.js HTTP/1.1[0m" 304 -
2024-08-20 00:09:30,389 - INFO - 127.0.0.1 - - [20/Aug/2024 00:09:30] "[36mGET /map_columns?__debugger__=yes&cmd=resource&f=console.png HTTP/1.1[0m" 304 -
2024-08-20 00:11:14,580 - INFO -  * Detected change in 'c:\\onetoone\\app.py', reloading
2024-08-20 00:11:14,584 - INFO -  * Detected change in 'c:\\onetoone\\app.py', reloading
2024-08-20 00:11:14,586 - INFO -  * Detected change in 'c:\\onetoone\\app.py', reloading
2024-08-20 00:11:15,248 - INFO -  * Restarting with watchdog (windowsapi)
2024-08-20 00:11:22,865 - INFO - [31m[1mWARNING: This is a development server. Do not use it in a production deployment. Use a production WSGI server instead.[0m
 * Running on http://127.0.0.1:5000
2024-08-20 00:11:22,865 - INFO - [33mPress CTRL+C to quit[0m
2024-08-20 00:11:22,890 - INFO -  * Restarting with watchdog (windowsapi)
2024-08-20 00:11:27,148 - WARNING -  * Debugger is active!
2024-08-20 00:11:27,158 - INFO -  * Debugger PIN: 452-454-072
2024-08-20 00:11:36,630 - INFO - Snowflake Connector for Python Version: 3.12.0, Python Version: 3.12.5, Platform: Windows-10-10.0.19045-SP0
2024-08-20 00:11:36,630 - INFO - Connecting to GLOBAL Snowflake domain
2024-08-20 00:11:36,630 - INFO - This connection is in OCSP Fail Open Mode. TLS Certificates would be checked for validity and revocation status. Any other Certificate Revocation related exceptions or OCSP Responder failures would be disregarded in favor of connectivity.
2024-08-20 00:11:39,789 - INFO - Number of results in first chunk: 3
2024-08-20 00:11:39,789 - INFO - closed
2024-08-20 00:11:39,939 - INFO - No async queries seem to be running, deleting session
2024-08-20 00:11:40,047 - INFO - 127.0.0.1 - - [20/Aug/2024 00:11:40] "GET / HTTP/1.1" 200 -
2024-08-20 00:11:40,139 - INFO - 127.0.0.1 - - [20/Aug/2024 00:11:40] "[33mGET /favicon.ico HTTP/1.1[0m" 404 -
2024-08-20 00:11:53,647 - INFO - Snowflake Connector for Python Version: 3.12.0, Python Version: 3.12.5, Platform: Windows-10-10.0.19045-SP0
2024-08-20 00:11:53,647 - INFO - Connecting to GLOBAL Snowflake domain
2024-08-20 00:11:53,648 - INFO - This connection is in OCSP Fail Open Mode. TLS Certificates would be checked for validity and revocation status. Any other Certificate Revocation related exceptions or OCSP Responder failures would be disregarded in favor of connectivity.
2024-08-20 00:11:55,170 - INFO - Number of results in first chunk: 14
2024-08-20 00:11:55,171 - INFO - closed
2024-08-20 00:11:55,243 - INFO - No async queries seem to be running, deleting session
2024-08-20 00:11:55,349 - INFO - 127.0.0.1 - - [20/Aug/2024 00:11:55] "POST /process HTTP/1.1" 200 -
2024-08-20 00:12:12,226 - INFO - 127.0.0.1 - - [20/Aug/2024 00:12:12] "[35m[1mPOST /map_columns HTTP/1.1[0m" 500 -
2024-08-20 00:12:12,480 - INFO - 127.0.0.1 - - [20/Aug/2024 00:12:12] "[36mGET /map_columns?__debugger__=yes&cmd=resource&f=style.css HTTP/1.1[0m" 304 -
2024-08-20 00:12:12,496 - INFO - 127.0.0.1 - - [20/Aug/2024 00:12:12] "[36mGET /map_columns?__debugger__=yes&cmd=resource&f=debugger.js HTTP/1.1[0m" 304 -
2024-08-20 00:12:12,554 - INFO - 127.0.0.1 - - [20/Aug/2024 00:12:12] "[36mGET /map_columns?__debugger__=yes&cmd=resource&f=console.png HTTP/1.1[0m" 304 -
2024-08-20 00:12:27,939 - INFO -  * Detected change in 'C:\\Users\\SSLTP11406\\AppData\\Local\\Programs\\Python\\Python312\\Lib\\site-packages\\flask\\__init__.py', reloading
2024-08-20 00:12:27,999 - INFO -  * Detected change in 'C:\\Users\\SSLTP11406\\AppData\\Local\\Programs\\Python\\Python312\\Lib\\site-packages\\flask\\sansio\\app.py', reloading
2024-08-20 00:12:28,054 - INFO -  * Detected change in 'C:\\Users\\SSLTP11406\\AppData\\Local\\Programs\\Python\\Python312\\Lib\\site-packages\\flask\\sansio\\scaffold.py', reloading
2024-08-20 00:12:28,078 - INFO -  * Detected change in 'C:\\Users\\SSLTP11406\\AppData\\Local\\Programs\\Python\\Python312\\Lib\\site-packages\\flask\\templating.py', reloading
2024-08-20 00:12:28,091 - INFO -  * Detected change in 'C:\\Users\\SSLTP11406\\AppData\\Local\\Programs\\Python\\Python312\\Lib\\site-packages\\jinja2\\__init__.py', reloading
2024-08-20 00:12:28,100 - INFO -  * Detected change in 'C:\\Users\\SSLTP11406\\AppData\\Local\\Programs\\Python\\Python312\\Lib\\site-packages\\jinja2\\environment.py', reloading
2024-08-20 00:12:28,146 - INFO -  * Detected change in 'C:\\Users\\SSLTP11406\\AppData\\Local\\Programs\\Python\\Python312\\Lib\\site-packages\\flask\\globals.py', reloading
2024-08-20 00:12:28,154 - INFO -  * Detected change in 'C:\\Users\\SSLTP11406\\AppData\\Local\\Programs\\Python\\Python312\\Lib\\site-packages\\flask\\helpers.py', reloading
2024-08-20 00:12:28,163 - INFO -  * Detected change in 'C:\\Users\\SSLTP11406\\AppData\\Local\\Programs\\Python\\Python312\\Lib\\site-packages\\werkzeug\\wrappers\\__init__.py', reloading
2024-08-20 00:12:28,170 - INFO -  * Detected change in 'C:\\Users\\SSLTP11406\\AppData\\Local\\Programs\\Python\\Python312\\Lib\\site-packages\\werkzeug\\wrappers\\response.py', reloading
2024-08-20 00:12:28,193 - INFO -  * Detected change in 'C:\\Users\\SSLTP11406\\AppData\\Local\\Programs\\Python\\Python312\\Lib\\site-packages\\werkzeug\\sansio\\response.py', reloading
2024-08-20 00:12:28,271 - INFO -  * Detected change in 'C:\\Users\\SSLTP11406\\AppData\\Local\\Programs\\Python\\Python312\\Lib\\site-packages\\flask\\typing.py', reloading
2024-08-20 00:12:28,281 - INFO -  * Detected change in 'C:\\Users\\SSLTP11406\\AppData\\Local\\Programs\\Python\\Python312\\Lib\\site-packages\\werkzeug\\datastructures\\__init__.py', reloading
2024-08-20 00:12:28,328 - INFO -  * Detected change in 'C:\\Users\\SSLTP11406\\AppData\\Local\\Programs\\Python\\Python312\\Lib\\site-packages\\flask\\wrappers.py', reloading
2024-08-20 00:12:28,338 - INFO -  * Detected change in 'C:\\Users\\SSLTP11406\\AppData\\Local\\Programs\\Python\\Python312\\Lib\\site-packages\\werkzeug\\wrappers\\request.py', reloading
2024-08-20 00:12:28,364 - INFO -  * Detected change in 'C:\\Users\\SSLTP11406\\AppData\\Local\\Programs\\Python\\Python312\\Lib\\site-packages\\werkzeug\\sansio\\request.py', reloading
2024-08-20 00:12:28,384 - INFO -  * Detected change in 'C:\\Users\\SSLTP11406\\AppData\\Local\\Programs\\Python\\Python312\\Lib\\site-packages\\werkzeug\\utils.py', reloading
2024-08-20 00:12:28,405 - INFO -  * Detected change in 'C:\\Users\\SSLTP11406\\AppData\\Local\\Programs\\Python\\Python312\\Lib\\site-packages\\werkzeug\\_internal.py', reloading
2024-08-20 00:12:28,504 - INFO -  * Detected change in 'C:\\Users\\SSLTP11406\\AppData\\Local\\Programs\\Python\\Python312\\Lib\\site-packages\\flask\\config.py', reloading
2024-08-20 00:12:29,098 - INFO -  * Restarting with watchdog (windowsapi)
2024-08-20 00:12:31,320 - WARNING -  * Debugger is active!
2024-08-20 00:12:31,324 - INFO -  * Debugger PIN: 452-454-072
2024-08-20 00:12:40,756 - INFO -  * Detected change in 'c:\\onetoone\\app.py', reloading
2024-08-20 00:12:40,762 - INFO -  * Detected change in 'c:\\onetoone\\app.py', reloading
2024-08-20 00:12:40,764 - INFO -  * Detected change in 'c:\\onetoone\\app.py', reloading
2024-08-20 00:12:40,767 - INFO -  * Detected change in 'c:\\onetoone\\app.py', reloading
2024-08-20 00:12:40,981 - INFO -  * Detected change in 'c:\\onetoone\\app.py', reloading
2024-08-20 00:12:40,982 - INFO -  * Detected change in 'c:\\onetoone\\app.py', reloading
2024-08-20 00:12:40,989 - INFO -  * Detected change in 'c:\\onetoone\\app.py', reloading
2024-08-20 00:12:40,991 - INFO -  * Detected change in 'c:\\onetoone\\app.py', reloading
2024-08-20 00:12:41,699 - INFO -  * Restarting with watchdog (windowsapi)
2024-08-20 00:12:44,035 - WARNING -  * Debugger is active!
2024-08-20 00:12:44,039 - INFO -  * Debugger PIN: 452-454-072
2024-08-20 00:12:49,240 - INFO - [31m[1mWARNING: This is a development server. Do not use it in a production deployment. Use a production WSGI server instead.[0m
 * Running on http://127.0.0.1:5000
2024-08-20 00:12:49,241 - INFO - [33mPress CTRL+C to quit[0m
2024-08-20 00:12:49,258 - INFO -  * Restarting with watchdog (windowsapi)
2024-08-20 00:12:51,590 - WARNING -  * Debugger is active!
2024-08-20 00:12:51,596 - INFO -  * Debugger PIN: 452-454-072
2024-08-20 00:13:07,202 - INFO - Snowflake Connector for Python Version: 3.12.0, Python Version: 3.12.5, Platform: Windows-10-10.0.19045-SP0
2024-08-20 00:13:07,203 - INFO - Connecting to GLOBAL Snowflake domain
2024-08-20 00:13:07,204 - INFO - This connection is in OCSP Fail Open Mode. TLS Certificates would be checked for validity and revocation status. Any other Certificate Revocation related exceptions or OCSP Responder failures would be disregarded in favor of connectivity.
2024-08-20 00:13:10,160 - INFO - Number of results in first chunk: 3
2024-08-20 00:13:10,160 - INFO - closed
2024-08-20 00:13:10,243 - INFO - No async queries seem to be running, deleting session
2024-08-20 00:13:10,348 - INFO - 127.0.0.1 - - [20/Aug/2024 00:13:10] "GET / HTTP/1.1" 200 -
2024-08-20 00:13:16,399 - INFO - Snowflake Connector for Python Version: 3.12.0, Python Version: 3.12.5, Platform: Windows-10-10.0.19045-SP0
2024-08-20 00:13:16,400 - INFO - Connecting to GLOBAL Snowflake domain
2024-08-20 00:13:16,400 - INFO - This connection is in OCSP Fail Open Mode. TLS Certificates would be checked for validity and revocation status. Any other Certificate Revocation related exceptions or OCSP Responder failures would be disregarded in favor of connectivity.
2024-08-20 00:13:18,191 - INFO - Number of results in first chunk: 35
2024-08-20 00:13:18,193 - INFO - closed
2024-08-20 00:13:18,293 - INFO - No async queries seem to be running, deleting session
2024-08-20 00:13:18,444 - INFO - 127.0.0.1 - - [20/Aug/2024 00:13:18] "POST /process HTTP/1.1" 200 -
2024-08-20 00:13:35,909 - INFO - Snowflake Connector for Python Version: 3.12.0, Python Version: 3.12.5, Platform: Windows-10-10.0.19045-SP0
2024-08-20 00:13:35,911 - INFO - Connecting to GLOBAL Snowflake domain
2024-08-20 00:13:35,911 - INFO - This connection is in OCSP Fail Open Mode. TLS Certificates would be checked for validity and revocation status. Any other Certificate Revocation related exceptions or OCSP Responder failures would be disregarded in favor of connectivity.
2024-08-20 00:13:37,360 - INFO - Snowflake Connector for Python Version: 3.12.0, Python Version: 3.12.5, Platform: Windows-10-10.0.19045-SP0
2024-08-20 00:13:37,361 - INFO - Connecting to GLOBAL Snowflake domain
2024-08-20 00:13:37,362 - INFO - This connection is in OCSP Fail Open Mode. TLS Certificates would be checked for validity and revocation status. Any other Certificate Revocation related exceptions or OCSP Responder failures would be disregarded in favor of connectivity.
2024-08-20 00:13:38,883 - INFO - Number of results in first chunk: 35
2024-08-20 00:13:38,883 - INFO - closed
2024-08-20 00:13:38,976 - INFO - No async queries seem to be running, deleting session
2024-08-20 00:13:39,056 - INFO - Insert query: INSERT INTO DEMO ("m_sno", "m_so_item_id", "m_solineitem", "m_datelastfulfillment", "m_datescheduledfulfillment", "m_datefulfillment", "m_soitem_desc", "m_productid", "m_productnum", "m_soid", "m_qtyfulfilled", "m_qtyordered", "m_shipped_quantity", "m_qtytofulfill", "m_qtypicked", "m_totalcost", "m_totalprice", "m_fulfilled_revenue", "m_fulfilled_margin", "m_soitem_status", "m_soitem_type", "m_taxid", "m_taxrate", "m_taxableflag", "m_unitprice", "m_uom_name", "m_uom_code", "m_item_margin", "m_negative_margin_flag", "m_lot_number", "m_schfulfilled_date_str", "m_wo_cost", "m_wo_qtyscrapped", "m_wo_qtytarget", "m_wo_qtyused") VALUES (%s, %s, %s, %s, %s, %s, %s, %s, %s, %s, %s, %s, %s, %s, %s, %s, %s, %s, %s, %s, %s, %s, %s, %s, %s, %s, %s, %s, %s, %s, %s, %s, %s, %s, %s)
2024-08-20 00:13:39,063 - INFO - Inserting row: [None, None, None, None, None, None, None, None, None, None, None, None, None, None, None, None, None, None, None, 'praveen', 'Sr. Manger', None, None, None, None, None, None, None, None, None, None, None, None, None, None]
2024-08-20 00:13:39,930 - INFO - Inserting row: [None, None, None, None, None, None, None, None, None, None, None, None, None, None, None, None, None, None, None, ' jhvjhvhjv', 'Technical Architect', None, None, None, None, None, None, None, None, None, None, None, None, None, None]
2024-08-20 00:13:40,571 - INFO - Inserting row: [None, None, None, None, None, None, None, None, None, None, None, None, None, None, None, None, None, None, None, 'Luna Sanders', 'Director', None, None, None, None, None, None, None, None, None, None, None, None, None, None]
2024-08-20 00:13:40,934 - INFO - Inserting row: [None, None, None, None, None, None, None, None, None, None, None, None, None, None, None, None, None, None, None, 'Penelope Jordan', 'Computer Systems Manager', None, None, None, None, None, None, None, None, None, None, None, None, None, None]
2024-08-20 00:13:41,287 - INFO - Inserting row: [None, None, None, None, None, None, None, None, None, None, None, None, None, None, None, None, None, None, None, 'Austin Vo', 'Sr. Analyst', None, None, None, None, None, None, None, None, None, None, None, None, None, None]
2024-08-20 00:13:41,667 - INFO - Inserting row: [None, None, None, None, None, None, None, None, None, None, None, None, None, None, None, None, None, None, None, 'Joshua Gupta', 'Account Representative', None, None, None, None, None, None, None, None, None, None, None, None, None, None]
2024-08-20 00:13:42,109 - INFO - Inserting row: [None, None, None, None, None, None, None, None, None, None, None, None, None, None, None, None, None, None, None, 'Ruby Barnes', 'Manager', None, None, None, None, None, None, None, None, None, None, None, None, None, None]
2024-08-20 00:13:42,471 - INFO - Inserting row: [None, None, None, None, None, None, None, None, None, None, None, None, None, None, None, None, None, None, None, 'Luke Martin', 'Analyst', None, None, None, None, None, None, None, None, None, None, None, None, None, None]
2024-08-20 00:13:42,928 - INFO - Inserting row: [None, None, None, None, None, None, None, None, None, None, None, None, None, None, None, None, None, None, None, 'Easton Bailey', 'Manager', None, None, None, None, None, None, None, None, None, None, None, None, None, None]
2024-08-20 00:13:43,334 - INFO - Inserting row: [None, None, None, None, None, None, None, None, None, None, None, None, None, None, None, None, None, None, None, 'Madeline Walker', 'Sr. Analyst', None, None, None, None, None, None, None, None, None, None, None, None, None, None]
2024-08-20 00:13:43,695 - INFO - Data successfully written to Snowflake table: DEMO
2024-08-20 00:13:43,696 - INFO - closed
2024-08-20 00:13:43,798 - INFO - No async queries seem to be running, deleting session
2024-08-20 00:13:44,072 - INFO - 127.0.0.1 - - [20/Aug/2024 00:13:44] "POST /map_columns HTTP/1.1" 200 -
2024-08-20 00:13:49,456 - INFO - Snowflake Connector for Python Version: 3.12.0, Python Version: 3.12.5, Platform: Windows-10-10.0.19045-SP0
2024-08-20 00:13:49,457 - INFO - Connecting to GLOBAL Snowflake domain
2024-08-20 00:13:49,457 - INFO - This connection is in OCSP Fail Open Mode. TLS Certificates would be checked for validity and revocation status. Any other Certificate Revocation related exceptions or OCSP Responder failures would be disregarded in favor of connectivity.
2024-08-20 00:13:51,026 - INFO - closed
2024-08-20 00:13:51,124 - INFO - No async queries seem to be running, deleting session
2024-08-20 00:13:51,233 - INFO - 127.0.0.1 - - [20/Aug/2024 00:13:51] "[35m[1mPOST /view_all_data HTTP/1.1[0m" 500 -
2024-08-20 00:13:51,476 - INFO - 127.0.0.1 - - [20/Aug/2024 00:13:51] "[36mGET /view_all_data?__debugger__=yes&cmd=resource&f=style.css HTTP/1.1[0m" 304 -
2024-08-20 00:13:51,506 - INFO - 127.0.0.1 - - [20/Aug/2024 00:13:51] "[36mGET /view_all_data?__debugger__=yes&cmd=resource&f=debugger.js HTTP/1.1[0m" 304 -
2024-08-20 00:13:51,607 - INFO - 127.0.0.1 - - [20/Aug/2024 00:13:51] "[36mGET /view_all_data?__debugger__=yes&cmd=resource&f=console.png HTTP/1.1[0m" 304 -
2024-08-20 00:16:27,749 - INFO -  * Detected change in 'c:\\onetoone\\app.py', reloading
2024-08-20 00:16:27,751 - INFO -  * Detected change in 'c:\\onetoone\\app.py', reloading
2024-08-20 00:16:27,757 - INFO -  * Detected change in 'c:\\onetoone\\app.py', reloading
2024-08-20 00:16:27,760 - INFO -  * Detected change in 'c:\\onetoone\\app.py', reloading
2024-08-20 00:16:28,146 - INFO -  * Restarting with watchdog (windowsapi)
2024-08-20 00:16:39,401 - INFO - [31m[1mWARNING: This is a development server. Do not use it in a production deployment. Use a production WSGI server instead.[0m
 * Running on http://127.0.0.1:5000
2024-08-20 00:16:39,402 - INFO - [33mPress CTRL+C to quit[0m
2024-08-20 00:16:39,427 - INFO -  * Restarting with watchdog (windowsapi)
2024-08-20 00:16:42,378 - WARNING -  * Debugger is active!
2024-08-20 00:16:42,382 - INFO -  * Debugger PIN: 452-454-072
2024-08-20 00:16:50,089 - INFO - Snowflake Connector for Python Version: 3.12.0, Python Version: 3.12.5, Platform: Windows-10-10.0.19045-SP0
2024-08-20 00:16:50,090 - INFO - Connecting to GLOBAL Snowflake domain
2024-08-20 00:16:50,090 - INFO - This connection is in OCSP Fail Open Mode. TLS Certificates would be checked for validity and revocation status. Any other Certificate Revocation related exceptions or OCSP Responder failures would be disregarded in favor of connectivity.
2024-08-20 00:16:53,339 - INFO - Number of results in first chunk: 3
2024-08-20 00:16:53,340 - INFO - closed
2024-08-20 00:16:53,434 - INFO - No async queries seem to be running, deleting session
2024-08-20 00:16:53,540 - INFO - 127.0.0.1 - - [20/Aug/2024 00:16:53] "GET / HTTP/1.1" 200 -
2024-08-20 00:16:53,645 - INFO - 127.0.0.1 - - [20/Aug/2024 00:16:53] "[33mGET /favicon.ico HTTP/1.1[0m" 404 -
2024-08-20 00:17:05,029 - INFO - Snowflake Connector for Python Version: 3.12.0, Python Version: 3.12.5, Platform: Windows-10-10.0.19045-SP0
2024-08-20 00:17:05,030 - INFO - Connecting to GLOBAL Snowflake domain
2024-08-20 00:17:05,030 - INFO - This connection is in OCSP Fail Open Mode. TLS Certificates would be checked for validity and revocation status. Any other Certificate Revocation related exceptions or OCSP Responder failures would be disregarded in favor of connectivity.
2024-08-20 00:17:06,647 - INFO - Number of results in first chunk: 14
2024-08-20 00:17:06,649 - INFO - closed
2024-08-20 00:17:06,729 - INFO - No async queries seem to be running, deleting session
2024-08-20 00:17:06,860 - INFO - 127.0.0.1 - - [20/Aug/2024 00:17:06] "POST /process HTTP/1.1" 200 -
2024-08-20 00:17:30,614 - INFO - Snowflake Connector for Python Version: 3.12.0, Python Version: 3.12.5, Platform: Windows-10-10.0.19045-SP0
2024-08-20 00:17:30,617 - INFO - Connecting to GLOBAL Snowflake domain
2024-08-20 00:17:30,617 - INFO - This connection is in OCSP Fail Open Mode. TLS Certificates would be checked for validity and revocation status. Any other Certificate Revocation related exceptions or OCSP Responder failures would be disregarded in favor of connectivity.
2024-08-20 00:17:32,100 - INFO - Snowflake Connector for Python Version: 3.12.0, Python Version: 3.12.5, Platform: Windows-10-10.0.19045-SP0
2024-08-20 00:17:32,102 - INFO - Connecting to GLOBAL Snowflake domain
2024-08-20 00:17:32,102 - INFO - This connection is in OCSP Fail Open Mode. TLS Certificates would be checked for validity and revocation status. Any other Certificate Revocation related exceptions or OCSP Responder failures would be disregarded in favor of connectivity.
2024-08-20 00:17:33,693 - INFO - Number of results in first chunk: 14
2024-08-20 00:17:33,694 - INFO - closed
2024-08-20 00:17:33,775 - INFO - No async queries seem to be running, deleting session
2024-08-20 00:17:33,858 - INFO - Insert query: INSERT INTO JAGA ("EEID", "FullName", "JobTitle", "Department", "BusinessUnit", "Gender", "Ethnicity", "Age", "HireDate", "AnnualSalary", "Bonuspercent", "Country", "City", "ExitDate") VALUES (:EEID, :FullName, :JobTitle, :Department, :BusinessUnit, :Gender, :Ethnicity, :Age, :HireDate, :AnnualSalary, :Bonuspercent, :Country, :City, :ExitDate)
2024-08-20 00:17:33,860 - INFO - Inserting row: {'EEID': None, 'FullName': 'Female', 'JobTitle': None, 'Department': 'United States', 'BusinessUnit': None, 'Gender': None, 'Ethnicity': None, 'Age': None, 'HireDate': None, 'AnnualSalary': None, 'Bonuspercent': None, 'Country': None, 'City': None, 'ExitDate': None}
2024-08-20 00:17:33,976 - ERROR - Error occurred: 002049 (42601): 01b675a7-0000-b47e-0007-bcfa0001f046: SQL compilation error: error line 1 at position 193
Bind variable :EEID not set.
2024-08-20 00:17:33,976 - INFO - closed
2024-08-20 00:17:34,056 - INFO - No async queries seem to be running, deleting session
2024-08-20 00:17:34,167 - INFO - 127.0.0.1 - - [20/Aug/2024 00:17:34] "[35m[1mPOST /map_columns HTTP/1.1[0m" 500 -
2024-08-20 00:17:34,476 - INFO - 127.0.0.1 - - [20/Aug/2024 00:17:34] "[36mGET /map_columns?__debugger__=yes&cmd=resource&f=style.css HTTP/1.1[0m" 304 -
2024-08-20 00:17:34,485 - INFO - 127.0.0.1 - - [20/Aug/2024 00:17:34] "[36mGET /map_columns?__debugger__=yes&cmd=resource&f=debugger.js HTTP/1.1[0m" 304 -
2024-08-20 00:17:34,562 - INFO - 127.0.0.1 - - [20/Aug/2024 00:17:34] "[36mGET /map_columns?__debugger__=yes&cmd=resource&f=console.png HTTP/1.1[0m" 304 -
2024-08-20 00:18:56,651 - INFO -  * Detected change in 'C:\\Users\\SSLTP11406\\AppData\\Local\\Programs\\Python\\Python312\\Lib\\site-packages\\pandas\\io\\parsers\\readers.py', reloading
2024-08-20 00:18:57,682 - INFO -  * Restarting with watchdog (windowsapi)
2024-08-20 00:19:01,223 - WARNING -  * Debugger is active!
2024-08-20 00:19:01,228 - INFO -  * Debugger PIN: 452-454-072
2024-08-20 00:19:30,088 - INFO -  * Detected change in 'c:\\onetoone\\app.py', reloading
2024-08-20 00:19:30,092 - INFO -  * Detected change in 'c:\\onetoone\\app.py', reloading
2024-08-20 00:19:30,094 - INFO -  * Detected change in 'c:\\onetoone\\app.py', reloading
2024-08-20 00:19:30,333 - INFO -  * Detected change in 'c:\\onetoone\\app.py', reloading
2024-08-20 00:19:30,341 - INFO -  * Detected change in 'c:\\onetoone\\app.py', reloading
2024-08-20 00:19:30,820 - INFO -  * Restarting with watchdog (windowsapi)
2024-08-20 00:19:33,257 - WARNING -  * Debugger is active!
2024-08-20 00:19:33,261 - INFO -  * Debugger PIN: 452-454-072
2024-08-20 00:19:39,067 - INFO -  * Detected change in 'c:\\onetoone\\app.py', reloading
2024-08-20 00:19:39,073 - INFO -  * Detected change in 'c:\\onetoone\\app.py', reloading
2024-08-20 00:19:39,076 - INFO -  * Detected change in 'c:\\onetoone\\app.py', reloading
2024-08-20 00:19:39,079 - INFO -  * Detected change in 'c:\\onetoone\\app.py', reloading
2024-08-20 00:19:39,589 - INFO -  * Restarting with watchdog (windowsapi)
2024-08-20 00:19:41,934 - WARNING -  * Debugger is active!
2024-08-20 00:19:41,939 - INFO -  * Debugger PIN: 452-454-072
2024-08-20 00:19:45,469 - INFO - Snowflake Connector for Python Version: 3.12.0, Python Version: 3.12.5, Platform: Windows-10-10.0.19045-SP0
2024-08-20 00:19:45,472 - INFO - Connecting to GLOBAL Snowflake domain
2024-08-20 00:19:45,472 - INFO - This connection is in OCSP Fail Open Mode. TLS Certificates would be checked for validity and revocation status. Any other Certificate Revocation related exceptions or OCSP Responder failures would be disregarded in favor of connectivity.
2024-08-20 00:19:48,810 - INFO - Snowflake Connector for Python Version: 3.12.0, Python Version: 3.12.5, Platform: Windows-10-10.0.19045-SP0
2024-08-20 00:19:48,813 - INFO - Connecting to GLOBAL Snowflake domain
2024-08-20 00:19:48,814 - INFO - This connection is in OCSP Fail Open Mode. TLS Certificates would be checked for validity and revocation status. Any other Certificate Revocation related exceptions or OCSP Responder failures would be disregarded in favor of connectivity.
2024-08-20 00:19:50,717 - INFO - Number of results in first chunk: 14
2024-08-20 00:19:50,718 - INFO - closed
2024-08-20 00:19:50,809 - INFO - No async queries seem to be running, deleting session
2024-08-20 00:19:50,932 - INFO - Insert query: INSERT INTO JAGA ("EEID", "FullName", "JobTitle", "Department", "BusinessUnit", "Gender", "Ethnicity", "Age", "HireDate", "AnnualSalary", "Bonuspercent", "Country", "City", "ExitDate") VALUES (:EEID, :FullName, :JobTitle, :Department, :BusinessUnit, :Gender, :Ethnicity, :Age, :HireDate, :AnnualSalary, :Bonuspercent, :Country, :City, :ExitDate)
2024-08-20 00:19:50,934 - INFO - Inserting row: {'EEID': None, 'FullName': 'Female', 'JobTitle': None, 'Department': 'United States', 'BusinessUnit': None, 'Gender': None, 'Ethnicity': None, 'Age': None, 'HireDate': None, 'AnnualSalary': None, 'Bonuspercent': None, 'Country': None, 'City': None, 'ExitDate': None}
2024-08-20 00:19:51,069 - ERROR - Error occurred: 002049 (42601): 01b675a9-0000-b47e-0007-bcfa0001f04a: SQL compilation error: error line 1 at position 193
Bind variable :EEID not set.
2024-08-20 00:19:51,070 - INFO - closed
2024-08-20 00:19:51,160 - INFO - No async queries seem to be running, deleting session
2024-08-20 00:19:51,285 - INFO - 127.0.0.1 - - [20/Aug/2024 00:19:51] "[35m[1mPOST /map_columns HTTP/1.1[0m" 500 -
2024-08-20 00:19:51,571 - INFO - 127.0.0.1 - - [20/Aug/2024 00:19:51] "[36mGET /map_columns?__debugger__=yes&cmd=resource&f=style.css HTTP/1.1[0m" 304 -
2024-08-20 00:19:51,598 - INFO - 127.0.0.1 - - [20/Aug/2024 00:19:51] "[36mGET /map_columns?__debugger__=yes&cmd=resource&f=debugger.js HTTP/1.1[0m" 304 -
2024-08-20 00:19:51,623 - INFO - 127.0.0.1 - - [20/Aug/2024 00:19:51] "[36mGET /map_columns?__debugger__=yes&cmd=resource&f=console.png HTTP/1.1[0m" 304 -
2024-08-20 00:19:51,669 - INFO - 127.0.0.1 - - [20/Aug/2024 00:19:51] "[36mGET /map_columns?__debugger__=yes&cmd=resource&f=console.png HTTP/1.1[0m" 304 -
2024-08-20 00:20:13,701 - INFO - [31m[1mWARNING: This is a development server. Do not use it in a production deployment. Use a production WSGI server instead.[0m
 * Running on http://127.0.0.1:5000
2024-08-20 00:20:13,701 - INFO - [33mPress CTRL+C to quit[0m
2024-08-20 00:20:13,726 - INFO -  * Restarting with watchdog (windowsapi)
2024-08-20 00:20:16,588 - WARNING -  * Debugger is active!
2024-08-20 00:20:16,595 - INFO -  * Debugger PIN: 452-454-072
2024-08-20 00:20:37,130 - INFO - Snowflake Connector for Python Version: 3.12.0, Python Version: 3.12.5, Platform: Windows-10-10.0.19045-SP0
2024-08-20 00:20:37,131 - INFO - Connecting to GLOBAL Snowflake domain
2024-08-20 00:20:37,131 - INFO - This connection is in OCSP Fail Open Mode. TLS Certificates would be checked for validity and revocation status. Any other Certificate Revocation related exceptions or OCSP Responder failures would be disregarded in favor of connectivity.
2024-08-20 00:20:40,133 - INFO - Number of results in first chunk: 3
2024-08-20 00:20:40,134 - INFO - closed
2024-08-20 00:20:40,237 - INFO - No async queries seem to be running, deleting session
2024-08-20 00:20:40,354 - INFO - 127.0.0.1 - - [20/Aug/2024 00:20:40] "GET / HTTP/1.1" 200 -
2024-08-20 00:20:40,478 - INFO - 127.0.0.1 - - [20/Aug/2024 00:20:40] "[33mGET /favicon.ico HTTP/1.1[0m" 404 -
2024-08-20 00:20:48,168 - INFO - Snowflake Connector for Python Version: 3.12.0, Python Version: 3.12.5, Platform: Windows-10-10.0.19045-SP0
2024-08-20 00:20:48,168 - INFO - Connecting to GLOBAL Snowflake domain
2024-08-20 00:20:48,168 - INFO - This connection is in OCSP Fail Open Mode. TLS Certificates would be checked for validity and revocation status. Any other Certificate Revocation related exceptions or OCSP Responder failures would be disregarded in favor of connectivity.
2024-08-20 00:20:49,990 - INFO - Number of results in first chunk: 35
2024-08-20 00:20:49,991 - INFO - closed
2024-08-20 00:20:50,076 - INFO - No async queries seem to be running, deleting session
2024-08-20 00:20:50,246 - INFO - 127.0.0.1 - - [20/Aug/2024 00:20:50] "POST /process HTTP/1.1" 200 -
2024-08-20 00:21:04,939 - INFO - Snowflake Connector for Python Version: 3.12.0, Python Version: 3.12.5, Platform: Windows-10-10.0.19045-SP0
2024-08-20 00:21:04,940 - INFO - Connecting to GLOBAL Snowflake domain
2024-08-20 00:21:04,940 - INFO - This connection is in OCSP Fail Open Mode. TLS Certificates would be checked for validity and revocation status. Any other Certificate Revocation related exceptions or OCSP Responder failures would be disregarded in favor of connectivity.
2024-08-20 00:21:06,529 - INFO - Snowflake Connector for Python Version: 3.12.0, Python Version: 3.12.5, Platform: Windows-10-10.0.19045-SP0
2024-08-20 00:21:06,530 - INFO - Connecting to GLOBAL Snowflake domain
2024-08-20 00:21:06,531 - INFO - This connection is in OCSP Fail Open Mode. TLS Certificates would be checked for validity and revocation status. Any other Certificate Revocation related exceptions or OCSP Responder failures would be disregarded in favor of connectivity.
2024-08-20 00:21:08,266 - INFO - Number of results in first chunk: 35
2024-08-20 00:21:08,267 - INFO - closed
2024-08-20 00:21:08,363 - INFO - No async queries seem to be running, deleting session
2024-08-20 00:21:08,453 - INFO - Insert query: INSERT INTO DEMO ("m_sno", "m_so_item_id", "m_solineitem", "m_datelastfulfillment", "m_datescheduledfulfillment", "m_datefulfillment", "m_soitem_desc", "m_productid", "m_productnum", "m_soid", "m_qtyfulfilled", "m_qtyordered", "m_shipped_quantity", "m_qtytofulfill", "m_qtypicked", "m_totalcost", "m_totalprice", "m_fulfilled_revenue", "m_fulfilled_margin", "m_soitem_status", "m_soitem_type", "m_taxid", "m_taxrate", "m_taxableflag", "m_unitprice", "m_uom_name", "m_uom_code", "m_item_margin", "m_negative_margin_flag", "m_lot_number", "m_schfulfilled_date_str", "m_wo_cost", "m_wo_qtyscrapped", "m_wo_qtytarget", "m_wo_qtyused") VALUES (:m_sno, :m_so_item_id, :m_solineitem, :m_datelastfulfillment, :m_datescheduledfulfillment, :m_datefulfillment, :m_soitem_desc, :m_productid, :m_productnum, :m_soid, :m_qtyfulfilled, :m_qtyordered, :m_shipped_quantity, :m_qtytofulfill, :m_qtypicked, :m_totalcost, :m_totalprice, :m_fulfilled_revenue, :m_fulfilled_margin, :m_soitem_status, :m_soitem_type, :m_taxid, :m_taxrate, :m_taxableflag, :m_unitprice, :m_uom_name, :m_uom_code, :m_item_margin, :m_negative_margin_flag, :m_lot_number, :m_schfulfilled_date_str, :m_wo_cost, :m_wo_qtyscrapped, :m_wo_qtytarget, :m_wo_qtyused)
2024-08-20 00:21:08,454 - INFO - Inserting row: {'m_sno': None, 'm_so_item_id': None, 'm_solineitem': None, 'm_datelastfulfillment': None, 'm_datescheduledfulfillment': None, 'm_datefulfillment': None, 'm_soitem_desc': None, 'm_productid': None, 'm_productnum': None, 'm_soid': None, 'm_qtyfulfilled': None, 'm_qtyordered': None, 'm_shipped_quantity': None, 'm_qtytofulfill': None, 'm_qtypicked': None, 'm_totalcost': None, 'm_totalprice': None, 'm_fulfilled_revenue': None, 'm_fulfilled_margin': None, 'm_soitem_status': 'Sr. Manger', 'm_soitem_type': 'Seattle', 'm_taxid': None, 'm_taxrate': None, 'm_taxableflag': None, 'm_unitprice': None, 'm_uom_name': None, 'm_uom_code': None, 'm_item_margin': None, 'm_negative_margin_flag': None, 'm_lot_number': None, 'm_schfulfilled_date_str': None, 'm_wo_cost': None, 'm_wo_qtyscrapped': None, 'm_wo_qtytarget': None, 'm_wo_qtyused': None}
2024-08-20 00:21:08,591 - ERROR - Error occurred: 002049 (42601): 01b675ab-0000-b47e-0007-bcfa0001f056: SQL compilation error: error line 1 at position 639
Bind variable :m_sno not set.
2024-08-20 00:21:08,591 - INFO - closed
2024-08-20 00:21:08,673 - INFO - No async queries seem to be running, deleting session
2024-08-20 00:21:08,793 - INFO - 127.0.0.1 - - [20/Aug/2024 00:21:08] "[35m[1mPOST /map_columns HTTP/1.1[0m" 500 -
2024-08-20 00:21:09,106 - INFO - 127.0.0.1 - - [20/Aug/2024 00:21:09] "[36mGET /map_columns?__debugger__=yes&cmd=resource&f=style.css HTTP/1.1[0m" 304 -
2024-08-20 00:21:09,117 - INFO - 127.0.0.1 - - [20/Aug/2024 00:21:09] "[36mGET /map_columns?__debugger__=yes&cmd=resource&f=debugger.js HTTP/1.1[0m" 304 -
2024-08-20 00:21:09,278 - INFO - 127.0.0.1 - - [20/Aug/2024 00:21:09] "[36mGET /map_columns?__debugger__=yes&cmd=resource&f=console.png HTTP/1.1[0m" 304 -
2024-08-20 00:21:37,483 - INFO - [31m[1mWARNING: This is a development server. Do not use it in a production deployment. Use a production WSGI server instead.[0m
 * Running on http://127.0.0.1:5000
2024-08-20 00:21:37,483 - INFO - [33mPress CTRL+C to quit[0m
2024-08-20 00:21:37,502 - INFO -  * Restarting with watchdog (windowsapi)
2024-08-20 00:21:39,874 - WARNING -  * Debugger is active!
2024-08-20 00:21:39,878 - INFO -  * Debugger PIN: 452-454-072
2024-08-20 00:21:54,668 - INFO - Snowflake Connector for Python Version: 3.12.0, Python Version: 3.12.5, Platform: Windows-10-10.0.19045-SP0
2024-08-20 00:21:54,669 - INFO - Connecting to GLOBAL Snowflake domain
2024-08-20 00:21:54,669 - INFO - This connection is in OCSP Fail Open Mode. TLS Certificates would be checked for validity and revocation status. Any other Certificate Revocation related exceptions or OCSP Responder failures would be disregarded in favor of connectivity.
2024-08-20 00:21:59,194 - INFO - Number of results in first chunk: 3
2024-08-20 00:21:59,195 - INFO - closed
2024-08-20 00:21:59,269 - INFO - No async queries seem to be running, deleting session
2024-08-20 00:21:59,353 - INFO - 127.0.0.1 - - [20/Aug/2024 00:21:59] "GET / HTTP/1.1" 200 -
2024-08-20 00:21:59,432 - INFO - 127.0.0.1 - - [20/Aug/2024 00:21:59] "[33mGET /favicon.ico HTTP/1.1[0m" 404 -
2024-08-20 00:22:07,941 - INFO - Snowflake Connector for Python Version: 3.12.0, Python Version: 3.12.5, Platform: Windows-10-10.0.19045-SP0
2024-08-20 00:22:07,942 - INFO - Connecting to GLOBAL Snowflake domain
2024-08-20 00:22:07,942 - INFO - This connection is in OCSP Fail Open Mode. TLS Certificates would be checked for validity and revocation status. Any other Certificate Revocation related exceptions or OCSP Responder failures would be disregarded in favor of connectivity.
2024-08-20 00:22:09,570 - INFO - Number of results in first chunk: 35
2024-08-20 00:22:09,571 - INFO - closed
2024-08-20 00:22:09,660 - INFO - No async queries seem to be running, deleting session
2024-08-20 00:22:09,782 - INFO - 127.0.0.1 - - [20/Aug/2024 00:22:09] "POST /process HTTP/1.1" 200 -
2024-08-20 00:22:34,684 - INFO - Snowflake Connector for Python Version: 3.12.0, Python Version: 3.12.5, Platform: Windows-10-10.0.19045-SP0
2024-08-20 00:22:34,685 - INFO - Connecting to GLOBAL Snowflake domain
2024-08-20 00:22:34,685 - INFO - This connection is in OCSP Fail Open Mode. TLS Certificates would be checked for validity and revocation status. Any other Certificate Revocation related exceptions or OCSP Responder failures would be disregarded in favor of connectivity.
2024-08-20 00:22:36,331 - INFO - Snowflake Connector for Python Version: 3.12.0, Python Version: 3.12.5, Platform: Windows-10-10.0.19045-SP0
2024-08-20 00:22:36,334 - INFO - Connecting to GLOBAL Snowflake domain
2024-08-20 00:22:36,334 - INFO - This connection is in OCSP Fail Open Mode. TLS Certificates would be checked for validity and revocation status. Any other Certificate Revocation related exceptions or OCSP Responder failures would be disregarded in favor of connectivity.
2024-08-20 00:22:37,906 - INFO - Number of results in first chunk: 35
2024-08-20 00:22:37,907 - INFO - closed
2024-08-20 00:22:38,009 - INFO - No async queries seem to be running, deleting session
2024-08-20 00:22:38,093 - INFO - Insert query: INSERT INTO DEMO ("m_sno", "m_so_item_id", "m_solineitem", "m_datelastfulfillment", "m_datescheduledfulfillment", "m_datefulfillment", "m_soitem_desc", "m_productid", "m_productnum", "m_soid", "m_qtyfulfilled", "m_qtyordered", "m_shipped_quantity", "m_qtytofulfill", "m_qtypicked", "m_totalcost", "m_totalprice", "m_fulfilled_revenue", "m_fulfilled_margin", "m_soitem_status", "m_soitem_type", "m_taxid", "m_taxrate", "m_taxableflag", "m_unitprice", "m_uom_name", "m_uom_code", "m_item_margin", "m_negative_margin_flag", "m_lot_number", "m_schfulfilled_date_str", "m_wo_cost", "m_wo_qtyscrapped", "m_wo_qtytarget", "m_wo_qtyused") VALUES (%s, %s, %s, %s, %s, %s, %s, %s, %s, %s, %s, %s, %s, %s, %s, %s, %s, %s, %s, %s, %s, %s, %s, %s, %s, %s, %s, %s, %s, %s, %s, %s, %s, %s, %s)
2024-08-20 00:22:38,094 - INFO - Inserting row: [None, None, None, None, None, None, None, None, None, None, None, None, None, None, None, None, None, None, None, 'Female', 'United States', None, None, None, None, None, None, None, None, None, None, None, None, None, None]
2024-08-20 00:22:38,591 - INFO - Inserting row: [None, None, None, None, None, None, None, None, None, None, None, None, None, None, None, None, None, None, None, 'Male', 'China', None, None, None, None, None, None, None, None, None, None, None, None, None, None]
2024-08-20 00:22:39,206 - INFO - Inserting row: [None, None, None, None, None, None, None, None, None, None, None, None, None, None, None, None, None, None, None, 'Female', 'United States', None, None, None, None, None, None, None, None, None, None, None, None, None, None]
2024-08-20 00:22:39,556 - INFO - Inserting row: [None, None, None, None, None, None, None, None, None, None, None, None, None, None, None, None, None, None, None, '', '', None, None, None, None, None, None, None, None, None, None, None, None, None, None]
2024-08-20 00:22:39,888 - INFO - Inserting row: [None, None, None, None, None, None, None, None, None, None, None, None, None, None, None, None, None, None, None, '', '', None, None, None, None, None, None, None, None, None, None, None, None, None, None]
2024-08-20 00:22:40,224 - INFO - Inserting row: [None, None, None, None, None, None, None, None, None, None, None, None, None, None, None, None, None, None, None, '', '', None, None, None, None, None, None, None, None, None, None, None, None, None, None]
2024-08-20 00:22:40,842 - INFO - Inserting row: [None, None, None, None, None, None, None, None, None, None, None, None, None, None, None, None, None, None, None, '', '', None, None, None, None, None, None, None, None, None, None, None, None, None, None]
2024-08-20 00:22:41,454 - INFO - Inserting row: [None, None, None, None, None, None, None, None, None, None, None, None, None, None, None, None, None, None, None, '', '', None, None, None, None, None, None, None, None, None, None, None, None, None, None]
2024-08-20 00:22:41,915 - INFO - Inserting row: [None, None, None, None, None, None, None, None, None, None, None, None, None, None, None, None, None, None, None, '', '', None, None, None, None, None, None, None, None, None, None, None, None, None, None]
2024-08-20 00:22:42,409 - INFO - Inserting row: [None, None, None, None, None, None, None, None, None, None, None, None, None, None, None, None, None, None, None, '', '', None, None, None, None, None, None, None, None, None, None, None, None, None, None]
2024-08-20 00:22:42,736 - INFO - Data successfully written to Snowflake table: DEMO
2024-08-20 00:22:42,737 - INFO - closed
2024-08-20 00:22:42,826 - INFO - No async queries seem to be running, deleting session
2024-08-20 00:22:43,054 - INFO - 127.0.0.1 - - [20/Aug/2024 00:22:43] "POST /map_columns HTTP/1.1" 200 -
2024-08-20 00:22:51,715 - INFO - Snowflake Connector for Python Version: 3.12.0, Python Version: 3.12.5, Platform: Windows-10-10.0.19045-SP0
2024-08-20 00:22:51,715 - INFO - Connecting to GLOBAL Snowflake domain
2024-08-20 00:22:51,715 - INFO - This connection is in OCSP Fail Open Mode. TLS Certificates would be checked for validity and revocation status. Any other Certificate Revocation related exceptions or OCSP Responder failures would be disregarded in favor of connectivity.
2024-08-20 00:22:53,259 - INFO - Number of results in first chunk: 3
2024-08-20 00:22:53,259 - INFO - closed
2024-08-20 00:22:53,350 - INFO - No async queries seem to be running, deleting session
2024-08-20 00:22:53,434 - INFO - 127.0.0.1 - - [20/Aug/2024 00:22:53] "GET / HTTP/1.1" 200 -
2024-08-20 00:23:14,257 - INFO - Snowflake Connector for Python Version: 3.12.0, Python Version: 3.12.5, Platform: Windows-10-10.0.19045-SP0
2024-08-20 00:23:14,258 - INFO - Connecting to GLOBAL Snowflake domain
2024-08-20 00:23:14,259 - INFO - This connection is in OCSP Fail Open Mode. TLS Certificates would be checked for validity and revocation status. Any other Certificate Revocation related exceptions or OCSP Responder failures would be disregarded in favor of connectivity.
2024-08-20 00:23:15,810 - INFO - Snowflake Connector for Python Version: 3.12.0, Python Version: 3.12.5, Platform: Windows-10-10.0.19045-SP0
2024-08-20 00:23:15,811 - INFO - Connecting to GLOBAL Snowflake domain
2024-08-20 00:23:15,811 - INFO - This connection is in OCSP Fail Open Mode. TLS Certificates would be checked for validity and revocation status. Any other Certificate Revocation related exceptions or OCSP Responder failures would be disregarded in favor of connectivity.
2024-08-20 00:23:17,303 - INFO - Number of results in first chunk: 35
2024-08-20 00:23:17,304 - INFO - closed
2024-08-20 00:23:17,391 - INFO - No async queries seem to be running, deleting session
2024-08-20 00:23:17,474 - INFO - Insert query: INSERT INTO DEMO ("m_sno", "m_so_item_id", "m_solineitem", "m_datelastfulfillment", "m_datescheduledfulfillment", "m_datefulfillment", "m_soitem_desc", "m_productid", "m_productnum", "m_soid", "m_qtyfulfilled", "m_qtyordered", "m_shipped_quantity", "m_qtytofulfill", "m_qtypicked", "m_totalcost", "m_totalprice", "m_fulfilled_revenue", "m_fulfilled_margin", "m_soitem_status", "m_soitem_type", "m_taxid", "m_taxrate", "m_taxableflag", "m_unitprice", "m_uom_name", "m_uom_code", "m_item_margin", "m_negative_margin_flag", "m_lot_number", "m_schfulfilled_date_str", "m_wo_cost", "m_wo_qtyscrapped", "m_wo_qtytarget", "m_wo_qtyused") VALUES (%s, %s, %s, %s, %s, %s, %s, %s, %s, %s, %s, %s, %s, %s, %s, %s, %s, %s, %s, %s, %s, %s, %s, %s, %s, %s, %s, %s, %s, %s, %s, %s, %s, %s, %s)
2024-08-20 00:23:17,475 - INFO - Inserting row: [None, None, None, None, None, None, None, None, None, None, None, None, None, None, None, None, None, None, None, 'Female', 'United States', None, None, None, None, None, None, None, None, None, None, None, None, None, None]
2024-08-20 00:23:18,116 - INFO - Inserting row: [None, None, None, None, None, None, None, None, None, None, None, None, None, None, None, None, None, None, None, 'Male', 'China', None, None, None, None, None, None, None, None, None, None, None, None, None, None]
2024-08-20 00:23:18,523 - INFO - Inserting row: [None, None, None, None, None, None, None, None, None, None, None, None, None, None, None, None, None, None, None, 'Female', 'United States', None, None, None, None, None, None, None, None, None, None, None, None, None, None]
2024-08-20 00:23:19,033 - INFO - Inserting row: [None, None, None, None, None, None, None, None, None, None, None, None, None, None, None, None, None, None, None, '', '', None, None, None, None, None, None, None, None, None, None, None, None, None, None]
2024-08-20 00:23:19,548 - INFO - Inserting row: [None, None, None, None, None, None, None, None, None, None, None, None, None, None, None, None, None, None, None, '', '', None, None, None, None, None, None, None, None, None, None, None, None, None, None]
2024-08-20 00:23:20,164 - INFO - Inserting row: [None, None, None, None, None, None, None, None, None, None, None, None, None, None, None, None, None, None, None, '', '', None, None, None, None, None, None, None, None, None, None, None, None, None, None]
2024-08-20 00:23:20,576 - INFO - Inserting row: [None, None, None, None, None, None, None, None, None, None, None, None, None, None, None, None, None, None, None, '', '', None, None, None, None, None, None, None, None, None, None, None, None, None, None]
2024-08-20 00:23:21,195 - INFO - Inserting row: [None, None, None, None, None, None, None, None, None, None, None, None, None, None, None, None, None, None, None, '', '', None, None, None, None, None, None, None, None, None, None, None, None, None, None]
2024-08-20 00:23:21,805 - INFO - Inserting row: [None, None, None, None, None, None, None, None, None, None, None, None, None, None, None, None, None, None, None, '', '', None, None, None, None, None, None, None, None, None, None, None, None, None, None]
2024-08-20 00:23:22,317 - INFO - Inserting row: [None, None, None, None, None, None, None, None, None, None, None, None, None, None, None, None, None, None, None, '', '', None, None, None, None, None, None, None, None, None, None, None, None, None, None]
2024-08-20 00:23:22,826 - INFO - Data successfully written to Snowflake table: DEMO
2024-08-20 00:23:22,827 - INFO - closed
2024-08-20 00:23:22,911 - INFO - No async queries seem to be running, deleting session
2024-08-20 00:23:22,999 - INFO - 127.0.0.1 - - [20/Aug/2024 00:23:22] "POST /map_columns HTTP/1.1" 200 -
2024-08-20 00:23:25,857 - INFO - Snowflake Connector for Python Version: 3.12.0, Python Version: 3.12.5, Platform: Windows-10-10.0.19045-SP0
2024-08-20 00:23:25,858 - INFO - Connecting to GLOBAL Snowflake domain
2024-08-20 00:23:25,858 - INFO - This connection is in OCSP Fail Open Mode. TLS Certificates would be checked for validity and revocation status. Any other Certificate Revocation related exceptions or OCSP Responder failures would be disregarded in favor of connectivity.
2024-08-20 00:23:27,470 - INFO - closed
2024-08-20 00:23:27,564 - INFO - No async queries seem to be running, deleting session
2024-08-20 00:23:27,661 - INFO - 127.0.0.1 - - [20/Aug/2024 00:23:27] "[35m[1mPOST /view_all_data HTTP/1.1[0m" 500 -
2024-08-20 00:23:27,894 - INFO - 127.0.0.1 - - [20/Aug/2024 00:23:27] "[36mGET /view_all_data?__debugger__=yes&cmd=resource&f=style.css HTTP/1.1[0m" 304 -
2024-08-20 00:23:27,917 - INFO - 127.0.0.1 - - [20/Aug/2024 00:23:27] "[36mGET /view_all_data?__debugger__=yes&cmd=resource&f=debugger.js HTTP/1.1[0m" 304 -
2024-08-20 00:23:28,038 - INFO - 127.0.0.1 - - [20/Aug/2024 00:23:28] "[36mGET /view_all_data?__debugger__=yes&cmd=resource&f=console.png HTTP/1.1[0m" 304 -
2024-08-20 00:25:16,449 - INFO -  * Detected change in 'c:\\onetoone\\app.py', reloading
2024-08-20 00:25:16,454 - INFO -  * Detected change in 'c:\\onetoone\\app.py', reloading
2024-08-20 00:25:16,458 - INFO -  * Detected change in 'c:\\onetoone\\app.py', reloading
2024-08-20 00:25:17,036 - INFO -  * Detected change in 'c:\\onetoone\\app.py', reloading
2024-08-20 00:25:17,044 - INFO -  * Detected change in 'c:\\onetoone\\app.py', reloading
2024-08-20 00:25:17,046 - INFO -  * Detected change in 'c:\\onetoone\\app.py', reloading
2024-08-20 00:25:17,785 - INFO -  * Restarting with watchdog (windowsapi)
2024-08-20 00:25:26,198 - INFO - [31m[1mWARNING: This is a development server. Do not use it in a production deployment. Use a production WSGI server instead.[0m
 * Running on http://127.0.0.1:5000
2024-08-20 00:25:26,199 - INFO - [33mPress CTRL+C to quit[0m
2024-08-20 00:25:26,273 - INFO -  * Restarting with watchdog (windowsapi)
2024-08-20 00:25:32,513 - WARNING -  * Debugger is active!
2024-08-20 00:25:32,544 - INFO -  * Debugger PIN: 452-454-072
2024-08-20 00:25:37,562 - INFO - Snowflake Connector for Python Version: 3.12.0, Python Version: 3.12.5, Platform: Windows-10-10.0.19045-SP0
2024-08-20 00:25:37,563 - INFO - Connecting to GLOBAL Snowflake domain
2024-08-20 00:25:37,563 - INFO - This connection is in OCSP Fail Open Mode. TLS Certificates would be checked for validity and revocation status. Any other Certificate Revocation related exceptions or OCSP Responder failures would be disregarded in favor of connectivity.
2024-08-20 00:25:41,803 - INFO - Number of results in first chunk: 3
2024-08-20 00:25:41,804 - INFO - closed
2024-08-20 00:25:41,899 - INFO - No async queries seem to be running, deleting session
2024-08-20 00:25:41,997 - INFO - 127.0.0.1 - - [20/Aug/2024 00:25:41] "GET / HTTP/1.1" 200 -
2024-08-20 00:25:42,076 - INFO - 127.0.0.1 - - [20/Aug/2024 00:25:42] "[33mGET /favicon.ico HTTP/1.1[0m" 404 -
2024-08-20 00:25:48,887 - INFO - Snowflake Connector for Python Version: 3.12.0, Python Version: 3.12.5, Platform: Windows-10-10.0.19045-SP0
2024-08-20 00:25:48,888 - INFO - Connecting to GLOBAL Snowflake domain
2024-08-20 00:25:48,888 - INFO - This connection is in OCSP Fail Open Mode. TLS Certificates would be checked for validity and revocation status. Any other Certificate Revocation related exceptions or OCSP Responder failures would be disregarded in favor of connectivity.
2024-08-20 00:25:50,496 - INFO - Number of results in first chunk: 35
2024-08-20 00:25:50,497 - INFO - closed
2024-08-20 00:25:50,582 - INFO - No async queries seem to be running, deleting session
2024-08-20 00:25:50,701 - INFO - 127.0.0.1 - - [20/Aug/2024 00:25:50] "POST /process HTTP/1.1" 200 -
2024-08-20 00:26:02,315 - INFO - Snowflake Connector for Python Version: 3.12.0, Python Version: 3.12.5, Platform: Windows-10-10.0.19045-SP0
2024-08-20 00:26:02,316 - INFO - Connecting to GLOBAL Snowflake domain
2024-08-20 00:26:02,316 - INFO - This connection is in OCSP Fail Open Mode. TLS Certificates would be checked for validity and revocation status. Any other Certificate Revocation related exceptions or OCSP Responder failures would be disregarded in favor of connectivity.
2024-08-20 00:26:03,841 - INFO - Snowflake Connector for Python Version: 3.12.0, Python Version: 3.12.5, Platform: Windows-10-10.0.19045-SP0
2024-08-20 00:26:03,842 - INFO - Connecting to GLOBAL Snowflake domain
2024-08-20 00:26:03,843 - INFO - This connection is in OCSP Fail Open Mode. TLS Certificates would be checked for validity and revocation status. Any other Certificate Revocation related exceptions or OCSP Responder failures would be disregarded in favor of connectivity.
2024-08-20 00:26:05,288 - INFO - Number of results in first chunk: 35
2024-08-20 00:26:05,289 - INFO - closed
2024-08-20 00:26:05,365 - INFO - No async queries seem to be running, deleting session
2024-08-20 00:26:05,448 - INFO - Insert query: INSERT INTO DEMO ("m_sno", "m_so_item_id", "m_solineitem", "m_datelastfulfillment", "m_datescheduledfulfillment", "m_datefulfillment", "m_soitem_desc", "m_productid", "m_productnum", "m_soid", "m_qtyfulfilled", "m_qtyordered", "m_shipped_quantity", "m_qtytofulfill", "m_qtypicked", "m_totalcost", "m_totalprice", "m_fulfilled_revenue", "m_fulfilled_margin", "m_soitem_status", "m_soitem_type", "m_taxid", "m_taxrate", "m_taxableflag", "m_unitprice", "m_uom_name", "m_uom_code", "m_item_margin", "m_negative_margin_flag", "m_lot_number", "m_schfulfilled_date_str", "m_wo_cost", "m_wo_qtyscrapped", "m_wo_qtytarget", "m_wo_qtyused") VALUES (?, ?, ?, ?, ?, ?, ?, ?, ?, ?, ?, ?, ?, ?, ?, ?, ?, ?, ?, ?, ?, ?, ?, ?, ?, ?, ?, ?, ?, ?, ?, ?, ?, ?, ?)
2024-08-20 00:26:05,450 - INFO - Inserting row: [None, None, None, None, None, None, None, None, None, None, None, None, None, None, None, None, None, None, None, 'United States', 'Seattle', None, None, None, None, None, None, None, None, None, None, None, None, None, None]
2024-08-20 00:26:05,450 - ERROR - Error occurred: not all arguments converted during string formatting
2024-08-20 00:26:05,451 - INFO - closed
2024-08-20 00:26:05,555 - INFO - No async queries seem to be running, deleting session
2024-08-20 00:26:05,687 - INFO - 127.0.0.1 - - [20/Aug/2024 00:26:05] "[35m[1mPOST /map_columns HTTP/1.1[0m" 500 -
2024-08-20 00:26:05,961 - INFO - 127.0.0.1 - - [20/Aug/2024 00:26:05] "[36mGET /map_columns?__debugger__=yes&cmd=resource&f=debugger.js HTTP/1.1[0m" 304 -
2024-08-20 00:26:05,965 - INFO - 127.0.0.1 - - [20/Aug/2024 00:26:05] "[36mGET /map_columns?__debugger__=yes&cmd=resource&f=style.css HTTP/1.1[0m" 304 -
2024-08-20 00:26:06,032 - INFO - 127.0.0.1 - - [20/Aug/2024 00:26:06] "[36mGET /map_columns?__debugger__=yes&cmd=resource&f=console.png HTTP/1.1[0m" 304 -
2024-08-20 00:28:52,049 - INFO -  * Detected change in 'c:\\onetoone\\app.py', reloading
2024-08-20 00:28:52,055 - INFO -  * Detected change in 'c:\\onetoone\\app.py', reloading
2024-08-20 00:28:52,058 - INFO -  * Detected change in 'c:\\onetoone\\app.py', reloading
2024-08-20 00:28:52,367 - INFO -  * Detected change in 'c:\\onetoone\\app.py', reloading
2024-08-20 00:28:52,369 - INFO -  * Detected change in 'c:\\onetoone\\app.py', reloading
2024-08-20 00:28:52,371 - INFO -  * Detected change in 'c:\\onetoone\\app.py', reloading
2024-08-20 00:28:52,376 - INFO -  * Detected change in 'c:\\onetoone\\app.py', reloading
2024-08-20 00:28:53,164 - INFO -  * Restarting with watchdog (windowsapi)
2024-08-20 00:28:55,449 - WARNING -  * Debugger is active!
2024-08-20 00:28:55,453 - INFO -  * Debugger PIN: 452-454-072
2024-08-20 00:31:06,338 - INFO - [31m[1mWARNING: This is a development server. Do not use it in a production deployment. Use a production WSGI server instead.[0m
 * Running on http://127.0.0.1:5000
2024-08-20 00:31:06,338 - INFO - [33mPress CTRL+C to quit[0m
2024-08-20 00:31:06,358 - INFO -  * Restarting with watchdog (windowsapi)
2024-08-20 00:31:09,058 - WARNING -  * Debugger is active!
2024-08-20 00:31:09,062 - INFO -  * Debugger PIN: 452-454-072
2024-08-20 00:31:16,762 - INFO - Snowflake Connector for Python Version: 3.12.0, Python Version: 3.12.5, Platform: Windows-10-10.0.19045-SP0
2024-08-20 00:31:16,763 - INFO - Connecting to GLOBAL Snowflake domain
2024-08-20 00:31:16,763 - INFO - This connection is in OCSP Fail Open Mode. TLS Certificates would be checked for validity and revocation status. Any other Certificate Revocation related exceptions or OCSP Responder failures would be disregarded in favor of connectivity.
2024-08-20 00:31:21,545 - INFO - Number of results in first chunk: 3
2024-08-20 00:31:21,546 - INFO - closed
2024-08-20 00:31:21,650 - INFO - No async queries seem to be running, deleting session
2024-08-20 00:31:21,767 - INFO - 127.0.0.1 - - [20/Aug/2024 00:31:21] "GET / HTTP/1.1" 200 -
2024-08-20 00:31:28,310 - INFO - Snowflake Connector for Python Version: 3.12.0, Python Version: 3.12.5, Platform: Windows-10-10.0.19045-SP0
2024-08-20 00:31:28,310 - INFO - Connecting to GLOBAL Snowflake domain
2024-08-20 00:31:28,311 - INFO - This connection is in OCSP Fail Open Mode. TLS Certificates would be checked for validity and revocation status. Any other Certificate Revocation related exceptions or OCSP Responder failures would be disregarded in favor of connectivity.
2024-08-20 00:31:29,874 - INFO - Number of results in first chunk: 35
2024-08-20 00:31:29,876 - INFO - closed
2024-08-20 00:31:29,963 - INFO - No async queries seem to be running, deleting session
2024-08-20 00:31:30,086 - INFO - 127.0.0.1 - - [20/Aug/2024 00:31:30] "POST /process HTTP/1.1" 200 -
2024-08-20 00:31:46,631 - INFO - Snowflake Connector for Python Version: 3.12.0, Python Version: 3.12.5, Platform: Windows-10-10.0.19045-SP0
2024-08-20 00:31:46,632 - INFO - Connecting to GLOBAL Snowflake domain
2024-08-20 00:31:46,632 - INFO - This connection is in OCSP Fail Open Mode. TLS Certificates would be checked for validity and revocation status. Any other Certificate Revocation related exceptions or OCSP Responder failures would be disregarded in favor of connectivity.
2024-08-20 00:31:48,089 - INFO - Snowflake Connector for Python Version: 3.12.0, Python Version: 3.12.5, Platform: Windows-10-10.0.19045-SP0
2024-08-20 00:31:48,090 - INFO - Connecting to GLOBAL Snowflake domain
2024-08-20 00:31:48,090 - INFO - This connection is in OCSP Fail Open Mode. TLS Certificates would be checked for validity and revocation status. Any other Certificate Revocation related exceptions or OCSP Responder failures would be disregarded in favor of connectivity.
2024-08-20 00:31:49,614 - INFO - Number of results in first chunk: 35
2024-08-20 00:31:49,616 - INFO - closed
2024-08-20 00:31:49,699 - INFO - No async queries seem to be running, deleting session
2024-08-20 00:31:49,789 - INFO - Insert query: INSERT INTO DEMO ("m_sno", "m_so_item_id", "m_solineitem", "m_datelastfulfillment", "m_datescheduledfulfillment", "m_datefulfillment", "m_soitem_desc", "m_productid", "m_productnum", "m_soid", "m_qtyfulfilled", "m_qtyordered", "m_shipped_quantity", "m_qtytofulfill", "m_qtypicked", "m_totalcost", "m_totalprice", "m_fulfilled_revenue", "m_fulfilled_margin", "m_soitem_status", "m_soitem_type", "m_taxid", "m_taxrate", "m_taxableflag", "m_unitprice", "m_uom_name", "m_uom_code", "m_item_margin", "m_negative_margin_flag", "m_lot_number", "m_schfulfilled_date_str", "m_wo_cost", "m_wo_qtyscrapped", "m_wo_qtytarget", "m_wo_qtyused") VALUES (%s, %s, %s, %s, %s, %s, %s, %s, %s, %s, %s, %s, %s, %s, %s, %s, %s, %s, %s, %s, %s, %s, %s, %s, %s, %s, %s, %s, %s, %s, %s, %s, %s, %s, %s)
2024-08-20 00:31:49,791 - INFO - Inserting row: [None, None, None, None, None, None, None, None, None, None, None, None, None, None, None, None, None, None, None, 'praveen', 'Sr. Manger', None, None, None, None, None, None, None, None, None, None, None, None, None, None]
2024-08-20 00:31:50,326 - INFO - Inserting row: [None, None, None, None, None, None, None, None, None, None, None, None, None, None, None, None, None, None, None, ' jhvjhvhjv', 'Technical Architect', None, None, None, None, None, None, None, None, None, None, None, None, None, None]
2024-08-20 00:31:50,732 - INFO - Inserting row: [None, None, None, None, None, None, None, None, None, None, None, None, None, None, None, None, None, None, None, 'Luna Sanders', 'Director', None, None, None, None, None, None, None, None, None, None, None, None, None, None]
2024-08-20 00:31:51,125 - INFO - Inserting row: [None, None, None, None, None, None, None, None, None, None, None, None, None, None, None, None, None, None, None, '', '', None, None, None, None, None, None, None, None, None, None, None, None, None, None]
2024-08-20 00:31:51,499 - INFO - Inserting row: [None, None, None, None, None, None, None, None, None, None, None, None, None, None, None, None, None, None, None, '', '', None, None, None, None, None, None, None, None, None, None, None, None, None, None]
2024-08-20 00:31:52,067 - INFO - Inserting row: [None, None, None, None, None, None, None, None, None, None, None, None, None, None, None, None, None, None, None, '', '', None, None, None, None, None, None, None, None, None, None, None, None, None, None]
2024-08-20 00:31:52,788 - INFO - Inserting row: [None, None, None, None, None, None, None, None, None, None, None, None, None, None, None, None, None, None, None, '', '', None, None, None, None, None, None, None, None, None, None, None, None, None, None]
2024-08-20 00:31:53,399 - INFO - Inserting row: [None, None, None, None, None, None, None, None, None, None, None, None, None, None, None, None, None, None, None, '', '', None, None, None, None, None, None, None, None, None, None, None, None, None, None]
2024-08-20 00:31:53,850 - INFO - Inserting row: [None, None, None, None, None, None, None, None, None, None, None, None, None, None, None, None, None, None, None, '', '', None, None, None, None, None, None, None, None, None, None, None, None, None, None]
2024-08-20 00:31:54,425 - INFO - Inserting row: [None, None, None, None, None, None, None, None, None, None, None, None, None, None, None, None, None, None, None, '', '', None, None, None, None, None, None, None, None, None, None, None, None, None, None]
2024-08-20 00:31:55,040 - INFO - Data successfully written to Snowflake table: DEMO
2024-08-20 00:31:55,041 - INFO - closed
2024-08-20 00:31:55,132 - INFO - No async queries seem to be running, deleting session
2024-08-20 00:31:55,679 - INFO -  * Detected change in 'C:\\Users\\SSLTP11406\\AppData\\Local\\Programs\\Python\\Python312\\Lib\\site-packages\\werkzeug\\routing\\map.py', reloading
2024-08-20 00:31:55,725 - INFO - 127.0.0.1 - - [20/Aug/2024 00:31:55] "[35m[1mPOST /map_columns HTTP/1.1[0m" 500 -
2024-08-20 00:31:56,024 - INFO - 127.0.0.1 - - [20/Aug/2024 00:31:56] "[36mGET /map_columns?__debugger__=yes&cmd=resource&f=style.css HTTP/1.1[0m" 304 -
2024-08-20 00:31:56,046 - INFO - 127.0.0.1 - - [20/Aug/2024 00:31:56] "[36mGET /map_columns?__debugger__=yes&cmd=resource&f=debugger.js HTTP/1.1[0m" 304 -
2024-08-20 00:31:56,164 - INFO - 127.0.0.1 - - [20/Aug/2024 00:31:56] "[36mGET /map_columns?__debugger__=yes&cmd=resource&f=console.png HTTP/1.1[0m" 304 -
2024-08-20 00:31:56,862 - INFO -  * Restarting with watchdog (windowsapi)
2024-08-20 00:31:59,051 - WARNING -  * Debugger is active!
2024-08-20 00:31:59,055 - INFO -  * Debugger PIN: 452-454-072
2024-08-20 00:34:04,354 - INFO -  * Detected change in 'c:\\onetoone\\app.py', reloading
2024-08-20 00:34:04,359 - INFO -  * Detected change in 'c:\\onetoone\\app.py', reloading
2024-08-20 00:34:04,364 - INFO -  * Detected change in 'c:\\onetoone\\app.py', reloading
2024-08-20 00:34:04,612 - INFO -  * Detected change in 'c:\\onetoone\\app.py', reloading
2024-08-20 00:34:04,615 - INFO -  * Detected change in 'c:\\onetoone\\app.py', reloading
2024-08-20 00:34:04,626 - INFO -  * Detected change in 'c:\\onetoone\\app.py', reloading
2024-08-20 00:34:04,631 - INFO -  * Detected change in 'c:\\onetoone\\app.py', reloading
2024-08-20 00:34:04,844 - INFO -  * Detected change in 'c:\\onetoone\\app.py', reloading
2024-08-20 00:34:04,850 - INFO -  * Detected change in 'c:\\onetoone\\app.py', reloading
2024-08-20 00:34:04,851 - INFO -  * Detected change in 'c:\\onetoone\\app.py', reloading
2024-08-20 00:34:05,103 - INFO -  * Restarting with watchdog (windowsapi)
2024-08-20 00:34:07,771 - WARNING -  * Debugger is active!
2024-08-20 00:34:07,777 - INFO -  * Debugger PIN: 452-454-072
2024-08-20 00:34:10,932 - INFO - Snowflake Connector for Python Version: 3.12.0, Python Version: 3.12.5, Platform: Windows-10-10.0.19045-SP0
2024-08-20 00:34:10,934 - INFO - Connecting to GLOBAL Snowflake domain
2024-08-20 00:34:10,934 - INFO - This connection is in OCSP Fail Open Mode. TLS Certificates would be checked for validity and revocation status. Any other Certificate Revocation related exceptions or OCSP Responder failures would be disregarded in favor of connectivity.
2024-08-20 00:34:13,895 - INFO - Snowflake Connector for Python Version: 3.12.0, Python Version: 3.12.5, Platform: Windows-10-10.0.19045-SP0
2024-08-20 00:34:13,896 - INFO - Connecting to GLOBAL Snowflake domain
2024-08-20 00:34:13,896 - INFO - This connection is in OCSP Fail Open Mode. TLS Certificates would be checked for validity and revocation status. Any other Certificate Revocation related exceptions or OCSP Responder failures would be disregarded in favor of connectivity.
2024-08-20 00:34:15,774 - INFO - Number of results in first chunk: 35
2024-08-20 00:34:15,775 - INFO - closed
2024-08-20 00:34:15,859 - INFO - No async queries seem to be running, deleting session
2024-08-20 00:34:15,925 - INFO - Insert query: INSERT INTO DEMO ("m_sno", "m_so_item_id", "m_solineitem", "m_datelastfulfillment", "m_datescheduledfulfillment", "m_datefulfillment", "m_soitem_desc", "m_productid", "m_productnum", "m_soid", "m_qtyfulfilled", "m_qtyordered", "m_shipped_quantity", "m_qtytofulfill", "m_qtypicked", "m_totalcost", "m_totalprice", "m_fulfilled_revenue", "m_fulfilled_margin", "m_soitem_status", "m_soitem_type", "m_taxid", "m_taxrate", "m_taxableflag", "m_unitprice", "m_uom_name", "m_uom_code", "m_item_margin", "m_negative_margin_flag", "m_lot_number", "m_schfulfilled_date_str", "m_wo_cost", "m_wo_qtyscrapped", "m_wo_qtytarget", "m_wo_qtyused") VALUES (%s, %s, %s, %s, %s, %s, %s, %s, %s, %s, %s, %s, %s, %s, %s, %s, %s, %s, %s, %s, %s, %s, %s, %s, %s, %s, %s, %s, %s, %s, %s, %s, %s, %s, %s)
2024-08-20 00:34:15,927 - INFO - Inserting row: [None, None, None, None, None, None, None, None, None, None, None, None, None, None, None, None, None, None, None, 'praveen', 'Sr. Manger', None, None, None, None, None, None, None, None, None, None, None, None, None, None]
2024-08-20 00:34:16,371 - INFO - Inserting row: [None, None, None, None, None, None, None, None, None, None, None, None, None, None, None, None, None, None, None, ' jhvjhvhjv', 'Technical Architect', None, None, None, None, None, None, None, None, None, None, None, None, None, None]
2024-08-20 00:34:16,754 - INFO - Inserting row: [None, None, None, None, None, None, None, None, None, None, None, None, None, None, None, None, None, None, None, 'Luna Sanders', 'Director', None, None, None, None, None, None, None, None, None, None, None, None, None, None]
2024-08-20 00:34:17,269 - INFO - Inserting row: [None, None, None, None, None, None, None, None, None, None, None, None, None, None, None, None, None, None, None, '', '', None, None, None, None, None, None, None, None, None, None, None, None, None, None]
2024-08-20 00:34:17,784 - INFO - Inserting row: [None, None, None, None, None, None, None, None, None, None, None, None, None, None, None, None, None, None, None, '', '', None, None, None, None, None, None, None, None, None, None, None, None, None, None]
2024-08-20 00:34:18,403 - INFO - Inserting row: [None, None, None, None, None, None, None, None, None, None, None, None, None, None, None, None, None, None, None, '', '', None, None, None, None, None, None, None, None, None, None, None, None, None, None]
2024-08-20 00:34:19,018 - INFO - Inserting row: [None, None, None, None, None, None, None, None, None, None, None, None, None, None, None, None, None, None, None, '', '', None, None, None, None, None, None, None, None, None, None, None, None, None, None]
2024-08-20 00:34:19,491 - INFO - Inserting row: [None, None, None, None, None, None, None, None, None, None, None, None, None, None, None, None, None, None, None, '', '', None, None, None, None, None, None, None, None, None, None, None, None, None, None]
2024-08-20 00:34:19,842 - INFO - Inserting row: [None, None, None, None, None, None, None, None, None, None, None, None, None, None, None, None, None, None, None, '', '', None, None, None, None, None, None, None, None, None, None, None, None, None, None]
2024-08-20 00:34:20,449 - INFO - Inserting row: [None, None, None, None, None, None, None, None, None, None, None, None, None, None, None, None, None, None, None, '', '', None, None, None, None, None, None, None, None, None, None, None, None, None, None]
2024-08-20 00:34:20,855 - INFO - Data successfully written to Snowflake table: DEMO
2024-08-20 00:34:20,856 - INFO - closed
2024-08-20 00:34:20,957 - INFO - No async queries seem to be running, deleting session
2024-08-20 00:34:21,172 - INFO - 127.0.0.1 - - [20/Aug/2024 00:34:21] "[35m[1mPOST /map_columns HTTP/1.1[0m" 500 -
2024-08-20 00:34:21,424 - INFO - 127.0.0.1 - - [20/Aug/2024 00:34:21] "[36mGET /map_columns?__debugger__=yes&cmd=resource&f=style.css HTTP/1.1[0m" 304 -
2024-08-20 00:34:21,454 - INFO - 127.0.0.1 - - [20/Aug/2024 00:34:21] "[36mGET /map_columns?__debugger__=yes&cmd=resource&f=debugger.js HTTP/1.1[0m" 304 -
2024-08-20 00:34:21,476 - INFO - 127.0.0.1 - - [20/Aug/2024 00:34:21] "[36mGET /map_columns?__debugger__=yes&cmd=resource&f=console.png HTTP/1.1[0m" 304 -
2024-08-20 00:34:21,520 - INFO - 127.0.0.1 - - [20/Aug/2024 00:34:21] "[36mGET /map_columns?__debugger__=yes&cmd=resource&f=console.png HTTP/1.1[0m" 304 -
2024-08-20 00:34:30,612 - INFO -  * Detected change in 'c:\\onetoone\\app.py', reloading
2024-08-20 00:34:30,615 - INFO -  * Detected change in 'c:\\onetoone\\app.py', reloading
2024-08-20 00:34:30,617 - INFO -  * Detected change in 'c:\\onetoone\\app.py', reloading
2024-08-20 00:34:30,619 - INFO -  * Detected change in 'c:\\onetoone\\app.py', reloading
2024-08-20 00:34:31,240 - INFO -  * Restarting with watchdog (windowsapi)
2024-08-20 00:34:33,467 - WARNING -  * Debugger is active!
2024-08-20 00:34:33,473 - INFO -  * Debugger PIN: 452-454-072
2024-08-20 00:36:30,777 - INFO -  * Detected change in 'c:\\onetoone\\app.py', reloading
2024-08-20 00:36:30,780 - INFO -  * Detected change in 'c:\\onetoone\\app.py', reloading
2024-08-20 00:36:30,782 - INFO -  * Detected change in 'c:\\onetoone\\app.py', reloading
2024-08-20 00:36:30,785 - INFO -  * Detected change in 'c:\\onetoone\\app.py', reloading
2024-08-20 00:36:31,526 - INFO -  * Restarting with watchdog (windowsapi)
2024-08-20 00:36:33,976 - WARNING -  * Debugger is active!
2024-08-20 00:36:33,980 - INFO -  * Debugger PIN: 452-454-072
2024-08-20 00:36:51,579 - INFO - [31m[1mWARNING: This is a development server. Do not use it in a production deployment. Use a production WSGI server instead.[0m
 * Running on http://127.0.0.1:5000
2024-08-20 00:36:51,579 - INFO - [33mPress CTRL+C to quit[0m
2024-08-20 00:36:51,599 - INFO -  * Restarting with watchdog (windowsapi)
2024-08-20 00:36:53,716 - WARNING -  * Debugger is active!
2024-08-20 00:36:53,724 - INFO -  * Debugger PIN: 452-454-072
2024-08-20 00:37:07,842 - INFO - Snowflake Connector for Python Version: 3.12.0, Python Version: 3.12.5, Platform: Windows-10-10.0.19045-SP0
2024-08-20 00:37:07,843 - INFO - Connecting to GLOBAL Snowflake domain
2024-08-20 00:37:07,843 - INFO - This connection is in OCSP Fail Open Mode. TLS Certificates would be checked for validity and revocation status. Any other Certificate Revocation related exceptions or OCSP Responder failures would be disregarded in favor of connectivity.
2024-08-20 00:37:11,728 - INFO - Number of results in first chunk: 3
2024-08-20 00:37:11,729 - INFO - closed
2024-08-20 00:37:11,799 - INFO - No async queries seem to be running, deleting session
2024-08-20 00:37:11,910 - INFO - 127.0.0.1 - - [20/Aug/2024 00:37:11] "GET / HTTP/1.1" 200 -
2024-08-20 00:37:11,999 - INFO - 127.0.0.1 - - [20/Aug/2024 00:37:11] "[33mGET /favicon.ico HTTP/1.1[0m" 404 -
2024-08-20 00:37:21,912 - INFO - Snowflake Connector for Python Version: 3.12.0, Python Version: 3.12.5, Platform: Windows-10-10.0.19045-SP0
2024-08-20 00:37:21,912 - INFO - Connecting to GLOBAL Snowflake domain
2024-08-20 00:37:21,913 - INFO - This connection is in OCSP Fail Open Mode. TLS Certificates would be checked for validity and revocation status. Any other Certificate Revocation related exceptions or OCSP Responder failures would be disregarded in favor of connectivity.
2024-08-20 00:37:23,755 - INFO - Number of results in first chunk: 35
2024-08-20 00:37:23,756 - INFO - closed
2024-08-20 00:37:23,830 - INFO - No async queries seem to be running, deleting session
2024-08-20 00:37:23,939 - INFO - 127.0.0.1 - - [20/Aug/2024 00:37:23] "POST /process HTTP/1.1" 200 -
2024-08-20 00:37:38,651 - INFO - Snowflake Connector for Python Version: 3.12.0, Python Version: 3.12.5, Platform: Windows-10-10.0.19045-SP0
2024-08-20 00:37:38,651 - INFO - Connecting to GLOBAL Snowflake domain
2024-08-20 00:37:38,652 - INFO - This connection is in OCSP Fail Open Mode. TLS Certificates would be checked for validity and revocation status. Any other Certificate Revocation related exceptions or OCSP Responder failures would be disregarded in favor of connectivity.
2024-08-20 00:37:40,338 - INFO - Snowflake Connector for Python Version: 3.12.0, Python Version: 3.12.5, Platform: Windows-10-10.0.19045-SP0
2024-08-20 00:37:40,338 - INFO - Connecting to GLOBAL Snowflake domain
2024-08-20 00:37:40,338 - INFO - This connection is in OCSP Fail Open Mode. TLS Certificates would be checked for validity and revocation status. Any other Certificate Revocation related exceptions or OCSP Responder failures would be disregarded in favor of connectivity.
2024-08-20 00:37:41,857 - INFO - Number of results in first chunk: 35
2024-08-20 00:37:41,858 - INFO - closed
2024-08-20 00:37:41,938 - INFO - No async queries seem to be running, deleting session
2024-08-20 00:37:42,009 - INFO - Insert query: INSERT INTO DEMO ("m_sno", "m_so_item_id", "m_solineitem", "m_datelastfulfillment", "m_datescheduledfulfillment", "m_datefulfillment", "m_soitem_desc", "m_productid", "m_productnum", "m_soid", "m_qtyfulfilled", "m_qtyordered", "m_shipped_quantity", "m_qtytofulfill", "m_qtypicked", "m_totalcost", "m_totalprice", "m_fulfilled_revenue", "m_fulfilled_margin", "m_soitem_status", "m_soitem_type", "m_taxid", "m_taxrate", "m_taxableflag", "m_unitprice", "m_uom_name", "m_uom_code", "m_item_margin", "m_negative_margin_flag", "m_lot_number", "m_schfulfilled_date_str", "m_wo_cost", "m_wo_qtyscrapped", "m_wo_qtytarget", "m_wo_qtyused") VALUES (%s, %s, %s, %s, %s, %s, %s, %s, %s, %s, %s, %s, %s, %s, %s, %s, %s, %s, %s, %s, %s, %s, %s, %s, %s, %s, %s, %s, %s, %s, %s, %s, %s, %s, %s)
2024-08-20 00:37:42,012 - INFO - Inserting row: [None, None, None, None, None, None, None, None, None, None, None, None, None, None, None, None, None, None, None, 'IT', 'Research & Development', None, None, None, None, None, None, None, None, None, None, None, None, None, None]
2024-08-20 00:37:42,588 - INFO - Inserting row: [None, None, None, None, None, None, None, None, None, None, None, None, None, None, None, None, None, None, None, 'IT', 'Manufacturing', None, None, None, None, None, None, None, None, None, None, None, None, None, None]
2024-08-20 00:37:43,028 - INFO - Inserting row: [None, None, None, None, None, None, None, None, None, None, None, None, None, None, None, None, None, None, None, 'Finance', 'Speciality Products', None, None, None, None, None, None, None, None, None, None, None, None, None, None]
2024-08-20 00:37:43,401 - INFO - Inserting row: [None, None, None, None, None, None, None, None, None, None, None, None, None, None, None, None, None, None, None, 'IT', 'Manufacturing', None, None, None, None, None, None, None, None, None, None, None, None, None, None]
2024-08-20 00:37:43,923 - INFO - Inserting row: [None, None, None, None, None, None, None, None, None, None, None, None, None, None, None, None, None, None, None, 'Finance', 'Manufacturing', None, None, None, None, None, None, None, None, None, None, None, None, None, None]
2024-08-20 00:37:44,246 - INFO - Inserting row: [None, None, None, None, None, None, None, None, None, None, None, None, None, None, None, None, None, None, None, 'Sales', 'Corporate', None, None, None, None, None, None, None, None, None, None, None, None, None, None]
2024-08-20 00:37:44,840 - INFO - Inserting row: [None, None, None, None, None, None, None, None, None, None, None, None, None, None, None, None, None, None, None, 'IT', 'Corporate', None, None, None, None, None, None, None, None, None, None, None, None, None, None]
2024-08-20 00:37:45,661 - INFO - Inserting row: [None, None, None, None, None, None, None, None, None, None, None, None, None, None, None, None, None, None, None, 'Finance', 'Manufacturing', None, None, None, None, None, None, None, None, None, None, None, None, None, None]
2024-08-20 00:37:46,273 - INFO - Inserting row: [None, None, None, None, None, None, None, None, None, None, None, None, None, None, None, None, None, None, None, 'Accounting', 'Manufacturing', None, None, None, None, None, None, None, None, None, None, None, None, None, None]
2024-08-20 00:37:46,888 - INFO - Inserting row: [None, None, None, None, None, None, None, None, None, None, None, None, None, None, None, None, None, None, None, 'Finance', 'Speciality Products', None, None, None, None, None, None, None, None, None, None, None, None, None, None]
2024-08-20 00:37:47,502 - INFO - Data successfully written to Snowflake table: DEMO
2024-08-20 00:37:47,503 - INFO - closed
2024-08-20 00:37:47,601 - INFO - No async queries seem to be running, deleting session
2024-08-20 00:37:47,824 - INFO - 127.0.0.1 - - [20/Aug/2024 00:37:47] "[35m[1mPOST /map_columns HTTP/1.1[0m" 500 -
2024-08-20 00:37:48,112 - INFO - 127.0.0.1 - - [20/Aug/2024 00:37:48] "[36mGET /map_columns?__debugger__=yes&cmd=resource&f=style.css HTTP/1.1[0m" 304 -
2024-08-20 00:37:48,138 - INFO - 127.0.0.1 - - [20/Aug/2024 00:37:48] "[36mGET /map_columns?__debugger__=yes&cmd=resource&f=debugger.js HTTP/1.1[0m" 304 -
2024-08-20 00:37:48,334 - INFO - 127.0.0.1 - - [20/Aug/2024 00:37:48] "[36mGET /map_columns?__debugger__=yes&cmd=resource&f=console.png HTTP/1.1[0m" 304 -
2024-08-20 00:39:23,253 - INFO -  * Detected change in 'C:\\Users\\SSLTP11406\\AppData\\Local\\Programs\\Python\\Python312\\Lib\\site-packages\\pandas\\core\\generic.py', reloading
2024-08-20 00:39:24,229 - INFO -  * Restarting with watchdog (windowsapi)
2024-08-20 00:39:26,708 - WARNING -  * Debugger is active!
2024-08-20 00:39:26,713 - INFO -  * Debugger PIN: 452-454-072
2024-08-20 00:40:36,822 - INFO -  * Detected change in 'c:\\onetoone\\app.py', reloading
2024-08-20 00:40:36,825 - INFO -  * Detected change in 'c:\\onetoone\\app.py', reloading
2024-08-20 00:40:36,831 - INFO -  * Detected change in 'c:\\onetoone\\app.py', reloading
2024-08-20 00:40:36,834 - INFO -  * Detected change in 'c:\\onetoone\\app.py', reloading
2024-08-20 00:40:37,419 - INFO -  * Restarting with watchdog (windowsapi)
2024-08-20 00:40:39,773 - WARNING -  * Debugger is active!
2024-08-20 00:40:39,778 - INFO -  * Debugger PIN: 452-454-072
2024-08-20 00:41:39,654 - INFO - [31m[1mWARNING: This is a development server. Do not use it in a production deployment. Use a production WSGI server instead.[0m
 * Running on http://127.0.0.1:5000
2024-08-20 00:41:39,654 - INFO - [33mPress CTRL+C to quit[0m
2024-08-20 00:41:39,675 - INFO -  * Restarting with watchdog (windowsapi)
2024-08-20 00:41:44,626 - WARNING -  * Debugger is active!
2024-08-20 00:41:44,638 - INFO -  * Debugger PIN: 452-454-072
2024-08-20 00:42:04,397 - INFO - Snowflake Connector for Python Version: 3.12.0, Python Version: 3.12.5, Platform: Windows-10-10.0.19045-SP0
2024-08-20 00:42:04,399 - INFO - Connecting to GLOBAL Snowflake domain
2024-08-20 00:42:04,400 - INFO - This connection is in OCSP Fail Open Mode. TLS Certificates would be checked for validity and revocation status. Any other Certificate Revocation related exceptions or OCSP Responder failures would be disregarded in favor of connectivity.
2024-08-20 00:42:09,600 - INFO - Number of results in first chunk: 3
2024-08-20 00:42:09,601 - INFO - closed
2024-08-20 00:42:09,682 - INFO - No async queries seem to be running, deleting session
2024-08-20 00:42:09,781 - INFO - 127.0.0.1 - - [20/Aug/2024 00:42:09] "GET / HTTP/1.1" 200 -
2024-08-20 00:42:17,292 - INFO - Snowflake Connector for Python Version: 3.12.0, Python Version: 3.12.5, Platform: Windows-10-10.0.19045-SP0
2024-08-20 00:42:17,292 - INFO - Connecting to GLOBAL Snowflake domain
2024-08-20 00:42:17,292 - INFO - This connection is in OCSP Fail Open Mode. TLS Certificates would be checked for validity and revocation status. Any other Certificate Revocation related exceptions or OCSP Responder failures would be disregarded in favor of connectivity.
2024-08-20 00:42:18,897 - INFO - Number of results in first chunk: 35
2024-08-20 00:42:18,897 - INFO - closed
2024-08-20 00:42:18,990 - INFO - No async queries seem to be running, deleting session
2024-08-20 00:42:19,101 - INFO - 127.0.0.1 - - [20/Aug/2024 00:42:19] "POST /process HTTP/1.1" 200 -
2024-08-20 00:42:38,100 - INFO - Snowflake Connector for Python Version: 3.12.0, Python Version: 3.12.5, Platform: Windows-10-10.0.19045-SP0
2024-08-20 00:42:38,100 - INFO - Connecting to GLOBAL Snowflake domain
2024-08-20 00:42:38,100 - INFO - This connection is in OCSP Fail Open Mode. TLS Certificates would be checked for validity and revocation status. Any other Certificate Revocation related exceptions or OCSP Responder failures would be disregarded in favor of connectivity.
2024-08-20 00:42:39,463 - INFO - Snowflake Connector for Python Version: 3.12.0, Python Version: 3.12.5, Platform: Windows-10-10.0.19045-SP0
2024-08-20 00:42:39,464 - INFO - Connecting to GLOBAL Snowflake domain
2024-08-20 00:42:39,464 - INFO - This connection is in OCSP Fail Open Mode. TLS Certificates would be checked for validity and revocation status. Any other Certificate Revocation related exceptions or OCSP Responder failures would be disregarded in favor of connectivity.
2024-08-20 00:42:40,873 - INFO - Number of results in first chunk: 35
2024-08-20 00:42:40,873 - INFO - closed
2024-08-20 00:42:40,938 - INFO - No async queries seem to be running, deleting session
2024-08-20 00:42:41,015 - INFO - Insert query: INSERT INTO DEMO ("m_sno", "m_so_item_id", "m_solineitem", "m_datelastfulfillment", "m_datescheduledfulfillment", "m_datefulfillment", "m_soitem_desc", "m_productid", "m_productnum", "m_soid", "m_qtyfulfilled", "m_qtyordered", "m_shipped_quantity", "m_qtytofulfill", "m_qtypicked", "m_totalcost", "m_totalprice", "m_fulfilled_revenue", "m_fulfilled_margin", "m_soitem_status", "m_soitem_type", "m_taxid", "m_taxrate", "m_taxableflag", "m_unitprice", "m_uom_name", "m_uom_code", "m_item_margin", "m_negative_margin_flag", "m_lot_number", "m_schfulfilled_date_str", "m_wo_cost", "m_wo_qtyscrapped", "m_wo_qtytarget", "m_wo_qtyused") VALUES (%s, %s, %s, %s, %s, %s, %s, %s, %s, %s, %s, %s, %s, %s, %s, %s, %s, %s, %s, %s, %s, %s, %s, %s, %s, %s, %s, %s, %s, %s, %s, %s, %s, %s, %s)
2024-08-20 00:42:41,016 - INFO - Inserting row: [None, None, None, None, None, None, None, None, None, None, None, None, None, None, None, None, None, None, None, 'United States', 'Seattle', None, None, None, None, None, None, None, None, None, None, None, None, None, None]
2024-08-20 00:42:41,493 - INFO - Inserting row: [None, None, None, None, None, None, None, None, None, None, None, None, None, None, None, None, None, None, None, 'China', 'Chongqing', None, None, None, None, None, None, None, None, None, None, None, None, None, None]
2024-08-20 00:42:41,883 - INFO - Inserting row: [None, None, None, None, None, None, None, None, None, None, None, None, None, None, None, None, None, None, None, 'United States', 'Chicago', None, None, None, None, None, None, None, None, None, None, None, None, None, None]
2024-08-20 00:42:42,249 - INFO - Inserting row: [None, None, None, None, None, None, None, None, None, None, None, None, None, None, None, None, None, None, None, '', '', None, None, None, None, None, None, None, None, None, None, None, None, None, None]
2024-08-20 00:42:42,820 - INFO - Inserting row: [None, None, None, None, None, None, None, None, None, None, None, None, None, None, None, None, None, None, None, '', '', None, None, None, None, None, None, None, None, None, None, None, None, None, None]
2024-08-20 00:42:43,235 - INFO - Inserting row: [None, None, None, None, None, None, None, None, None, None, None, None, None, None, None, None, None, None, None, '', '', None, None, None, None, None, None, None, None, None, None, None, None, None, None]
2024-08-20 00:42:43,526 - INFO - Snowflake Connector for Python Version: 3.12.0, Python Version: 3.12.5, Platform: Windows-10-10.0.19045-SP0
2024-08-20 00:42:43,527 - INFO - Connecting to GLOBAL Snowflake domain
2024-08-20 00:42:43,528 - INFO - This connection is in OCSP Fail Open Mode. TLS Certificates would be checked for validity and revocation status. Any other Certificate Revocation related exceptions or OCSP Responder failures would be disregarded in favor of connectivity.
2024-08-20 00:42:43,610 - INFO - Inserting row: [None, None, None, None, None, None, None, None, None, None, None, None, None, None, None, None, None, None, None, '', '', None, None, None, None, None, None, None, None, None, None, None, None, None, None]
2024-08-20 00:42:44,062 - INFO - Inserting row: [None, None, None, None, None, None, None, None, None, None, None, None, None, None, None, None, None, None, None, '', '', None, None, None, None, None, None, None, None, None, None, None, None, None, None]
2024-08-20 00:42:44,583 - INFO - Inserting row: [None, None, None, None, None, None, None, None, None, None, None, None, None, None, None, None, None, None, None, '', '', None, None, None, None, None, None, None, None, None, None, None, None, None, None]
2024-08-20 00:42:44,881 - INFO - Snowflake Connector for Python Version: 3.12.0, Python Version: 3.12.5, Platform: Windows-10-10.0.19045-SP0
2024-08-20 00:42:44,882 - INFO - Connecting to GLOBAL Snowflake domain
2024-08-20 00:42:44,882 - INFO - This connection is in OCSP Fail Open Mode. TLS Certificates would be checked for validity and revocation status. Any other Certificate Revocation related exceptions or OCSP Responder failures would be disregarded in favor of connectivity.
2024-08-20 00:42:44,959 - INFO - Inserting row: [None, None, None, None, None, None, None, None, None, None, None, None, None, None, None, None, None, None, None, '', '', None, None, None, None, None, None, None, None, None, None, None, None, None, None]
2024-08-20 00:42:45,483 - INFO - Data successfully written to Snowflake table: DEMO
2024-08-20 00:42:45,483 - INFO - closed
2024-08-20 00:42:45,561 - INFO - No async queries seem to be running, deleting session
2024-08-20 00:42:45,646 - INFO - 127.0.0.1 - - [20/Aug/2024 00:42:45] "POST /map_columns HTTP/1.1" 200 -
2024-08-20 00:42:46,346 - INFO - Number of results in first chunk: 35
2024-08-20 00:42:46,346 - INFO - closed
2024-08-20 00:42:46,426 - INFO - No async queries seem to be running, deleting session
2024-08-20 00:42:46,508 - INFO - Snowflake Connector for Python Version: 3.12.0, Python Version: 3.12.5, Platform: Windows-10-10.0.19045-SP0
2024-08-20 00:42:46,508 - INFO - Connecting to GLOBAL Snowflake domain
2024-08-20 00:42:46,509 - INFO - This connection is in OCSP Fail Open Mode. TLS Certificates would be checked for validity and revocation status. Any other Certificate Revocation related exceptions or OCSP Responder failures would be disregarded in favor of connectivity.
2024-08-20 00:42:46,523 - INFO - Insert query: INSERT INTO DEMO ("m_sno", "m_so_item_id", "m_solineitem", "m_datelastfulfillment", "m_datescheduledfulfillment", "m_datefulfillment", "m_soitem_desc", "m_productid", "m_productnum", "m_soid", "m_qtyfulfilled", "m_qtyordered", "m_shipped_quantity", "m_qtytofulfill", "m_qtypicked", "m_totalcost", "m_totalprice", "m_fulfilled_revenue", "m_fulfilled_margin", "m_soitem_status", "m_soitem_type", "m_taxid", "m_taxrate", "m_taxableflag", "m_unitprice", "m_uom_name", "m_uom_code", "m_item_margin", "m_negative_margin_flag", "m_lot_number", "m_schfulfilled_date_str", "m_wo_cost", "m_wo_qtyscrapped", "m_wo_qtytarget", "m_wo_qtyused") VALUES (%s, %s, %s, %s, %s, %s, %s, %s, %s, %s, %s, %s, %s, %s, %s, %s, %s, %s, %s, %s, %s, %s, %s, %s, %s, %s, %s, %s, %s, %s, %s, %s, %s, %s, %s)
2024-08-20 00:42:46,523 - INFO - Inserting row: [None, None, None, None, None, None, None, None, None, None, None, None, None, None, None, None, None, None, None, 'United States', 'Seattle', None, None, None, None, None, None, None, None, None, None, None, None, None, None]
2024-08-20 00:42:46,878 - INFO - Inserting row: [None, None, None, None, None, None, None, None, None, None, None, None, None, None, None, None, None, None, None, 'China', 'Chongqing', None, None, None, None, None, None, None, None, None, None, None, None, None, None]
2024-08-20 00:42:47,258 - INFO - Inserting row: [None, None, None, None, None, None, None, None, None, None, None, None, None, None, None, None, None, None, None, 'United States', 'Chicago', None, None, None, None, None, None, None, None, None, None, None, None, None, None]
2024-08-20 00:42:47,370 - INFO - Snowflake Connector for Python Version: 3.12.0, Python Version: 3.12.5, Platform: Windows-10-10.0.19045-SP0
2024-08-20 00:42:47,370 - INFO - Connecting to GLOBAL Snowflake domain
2024-08-20 00:42:47,370 - INFO - This connection is in OCSP Fail Open Mode. TLS Certificates would be checked for validity and revocation status. Any other Certificate Revocation related exceptions or OCSP Responder failures would be disregarded in favor of connectivity.
2024-08-20 00:42:47,588 - INFO - Inserting row: [None, None, None, None, None, None, None, None, None, None, None, None, None, None, None, None, None, None, None, '', '', None, None, None, None, None, None, None, None, None, None, None, None, None, None]
2024-08-20 00:42:47,841 - INFO - Snowflake Connector for Python Version: 3.12.0, Python Version: 3.12.5, Platform: Windows-10-10.0.19045-SP0
2024-08-20 00:42:47,843 - INFO - Connecting to GLOBAL Snowflake domain
2024-08-20 00:42:47,843 - INFO - This connection is in OCSP Fail Open Mode. TLS Certificates would be checked for validity and revocation status. Any other Certificate Revocation related exceptions or OCSP Responder failures would be disregarded in favor of connectivity.
2024-08-20 00:42:47,925 - INFO - Inserting row: [None, None, None, None, None, None, None, None, None, None, None, None, None, None, None, None, None, None, None, '', '', None, None, None, None, None, None, None, None, None, None, None, None, None, None]
2024-08-20 00:42:48,317 - INFO - Inserting row: [None, None, None, None, None, None, None, None, None, None, None, None, None, None, None, None, None, None, None, '', '', None, None, None, None, None, None, None, None, None, None, None, None, None, None]
2024-08-20 00:42:48,553 - INFO - Snowflake Connector for Python Version: 3.12.0, Python Version: 3.12.5, Platform: Windows-10-10.0.19045-SP0
2024-08-20 00:42:48,554 - INFO - Connecting to GLOBAL Snowflake domain
2024-08-20 00:42:48,555 - INFO - This connection is in OCSP Fail Open Mode. TLS Certificates would be checked for validity and revocation status. Any other Certificate Revocation related exceptions or OCSP Responder failures would be disregarded in favor of connectivity.
2024-08-20 00:42:48,645 - INFO - Inserting row: [None, None, None, None, None, None, None, None, None, None, None, None, None, None, None, None, None, None, None, '', '', None, None, None, None, None, None, None, None, None, None, None, None, None, None]
2024-08-20 00:42:48,885 - INFO - Snowflake Connector for Python Version: 3.12.0, Python Version: 3.12.5, Platform: Windows-10-10.0.19045-SP0
2024-08-20 00:42:48,886 - INFO - Connecting to GLOBAL Snowflake domain
2024-08-20 00:42:48,886 - INFO - This connection is in OCSP Fail Open Mode. TLS Certificates would be checked for validity and revocation status. Any other Certificate Revocation related exceptions or OCSP Responder failures would be disregarded in favor of connectivity.
2024-08-20 00:42:49,016 - INFO - Inserting row: [None, None, None, None, None, None, None, None, None, None, None, None, None, None, None, None, None, None, None, '', '', None, None, None, None, None, None, None, None, None, None, None, None, None, None]
2024-08-20 00:42:49,165 - INFO - Snowflake Connector for Python Version: 3.12.0, Python Version: 3.12.5, Platform: Windows-10-10.0.19045-SP0
2024-08-20 00:42:49,165 - INFO - Connecting to GLOBAL Snowflake domain
2024-08-20 00:42:49,166 - INFO - This connection is in OCSP Fail Open Mode. TLS Certificates would be checked for validity and revocation status. Any other Certificate Revocation related exceptions or OCSP Responder failures would be disregarded in favor of connectivity.
2024-08-20 00:42:49,360 - INFO - Inserting row: [None, None, None, None, None, None, None, None, None, None, None, None, None, None, None, None, None, None, None, '', '', None, None, None, None, None, None, None, None, None, None, None, None, None, None]
2024-08-20 00:42:49,539 - INFO - Snowflake Connector for Python Version: 3.12.0, Python Version: 3.12.5, Platform: Windows-10-10.0.19045-SP0
2024-08-20 00:42:49,540 - INFO - Connecting to GLOBAL Snowflake domain
2024-08-20 00:42:49,540 - INFO - This connection is in OCSP Fail Open Mode. TLS Certificates would be checked for validity and revocation status. Any other Certificate Revocation related exceptions or OCSP Responder failures would be disregarded in favor of connectivity.
2024-08-20 00:42:49,672 - INFO - Inserting row: [None, None, None, None, None, None, None, None, None, None, None, None, None, None, None, None, None, None, None, '', '', None, None, None, None, None, None, None, None, None, None, None, None, None, None]
2024-08-20 00:42:49,678 - INFO - Number of results in first chunk: 35
2024-08-20 00:42:49,680 - INFO - closed
2024-08-20 00:42:49,777 - INFO - No async queries seem to be running, deleting session
2024-08-20 00:42:49,862 - INFO - Insert query: INSERT INTO DEMO ("m_sno", "m_so_item_id", "m_solineitem", "m_datelastfulfillment", "m_datescheduledfulfillment", "m_datefulfillment", "m_soitem_desc", "m_productid", "m_productnum", "m_soid", "m_qtyfulfilled", "m_qtyordered", "m_shipped_quantity", "m_qtytofulfill", "m_qtypicked", "m_totalcost", "m_totalprice", "m_fulfilled_revenue", "m_fulfilled_margin", "m_soitem_status", "m_soitem_type", "m_taxid", "m_taxrate", "m_taxableflag", "m_unitprice", "m_uom_name", "m_uom_code", "m_item_margin", "m_negative_margin_flag", "m_lot_number", "m_schfulfilled_date_str", "m_wo_cost", "m_wo_qtyscrapped", "m_wo_qtytarget", "m_wo_qtyused") VALUES (%s, %s, %s, %s, %s, %s, %s, %s, %s, %s, %s, %s, %s, %s, %s, %s, %s, %s, %s, %s, %s, %s, %s, %s, %s, %s, %s, %s, %s, %s, %s, %s, %s, %s, %s)
2024-08-20 00:42:49,863 - INFO - Inserting row: [None, None, None, None, None, None, None, None, None, None, None, None, None, None, None, None, None, None, None, 'United States', 'Seattle', None, None, None, None, None, None, None, None, None, None, None, None, None, None]
2024-08-20 00:42:49,914 - INFO - Snowflake Connector for Python Version: 3.12.0, Python Version: 3.12.5, Platform: Windows-10-10.0.19045-SP0
2024-08-20 00:42:49,915 - INFO - Connecting to GLOBAL Snowflake domain
2024-08-20 00:42:49,916 - INFO - This connection is in OCSP Fail Open Mode. TLS Certificates would be checked for validity and revocation status. Any other Certificate Revocation related exceptions or OCSP Responder failures would be disregarded in favor of connectivity.
2024-08-20 00:42:50,013 - INFO - Data successfully written to Snowflake table: DEMO
2024-08-20 00:42:50,013 - INFO - closed
2024-08-20 00:42:50,089 - INFO - No async queries seem to be running, deleting session
2024-08-20 00:42:50,174 - INFO - 127.0.0.1 - - [20/Aug/2024 00:42:50] "POST /map_columns HTTP/1.1" 200 -
2024-08-20 00:42:50,315 - INFO - Snowflake Connector for Python Version: 3.12.0, Python Version: 3.12.5, Platform: Windows-10-10.0.19045-SP0
2024-08-20 00:42:50,316 - INFO - Connecting to GLOBAL Snowflake domain
2024-08-20 00:42:50,316 - INFO - This connection is in OCSP Fail Open Mode. TLS Certificates would be checked for validity and revocation status. Any other Certificate Revocation related exceptions or OCSP Responder failures would be disregarded in favor of connectivity.
2024-08-20 00:42:50,380 - INFO - Inserting row: [None, None, None, None, None, None, None, None, None, None, None, None, None, None, None, None, None, None, None, 'China', 'Chongqing', None, None, None, None, None, None, None, None, None, None, None, None, None, None]
2024-08-20 00:42:50,560 - INFO - Snowflake Connector for Python Version: 3.12.0, Python Version: 3.12.5, Platform: Windows-10-10.0.19045-SP0
2024-08-20 00:42:50,561 - INFO - Connecting to GLOBAL Snowflake domain
2024-08-20 00:42:50,561 - INFO - This connection is in OCSP Fail Open Mode. TLS Certificates would be checked for validity and revocation status. Any other Certificate Revocation related exceptions or OCSP Responder failures would be disregarded in favor of connectivity.
2024-08-20 00:42:50,824 - INFO - Inserting row: [None, None, None, None, None, None, None, None, None, None, None, None, None, None, None, None, None, None, None, 'United States', 'Chicago', None, None, None, None, None, None, None, None, None, None, None, None, None, None]
2024-08-20 00:42:51,085 - INFO - Number of results in first chunk: 35
2024-08-20 00:42:51,086 - INFO - closed
2024-08-20 00:42:51,192 - INFO - Inserting row: [None, None, None, None, None, None, None, None, None, None, None, None, None, None, None, None, None, None, None, '', '', None, None, None, None, None, None, None, None, None, None, None, None, None, None]
2024-08-20 00:42:51,452 - INFO - No async queries seem to be running, deleting session
2024-08-20 00:42:51,535 - INFO - Insert query: INSERT INTO DEMO ("m_sno", "m_so_item_id", "m_solineitem", "m_datelastfulfillment", "m_datescheduledfulfillment", "m_datefulfillment", "m_soitem_desc", "m_productid", "m_productnum", "m_soid", "m_qtyfulfilled", "m_qtyordered", "m_shipped_quantity", "m_qtytofulfill", "m_qtypicked", "m_totalcost", "m_totalprice", "m_fulfilled_revenue", "m_fulfilled_margin", "m_soitem_status", "m_soitem_type", "m_taxid", "m_taxrate", "m_taxableflag", "m_unitprice", "m_uom_name", "m_uom_code", "m_item_margin", "m_negative_margin_flag", "m_lot_number", "m_schfulfilled_date_str", "m_wo_cost", "m_wo_qtyscrapped", "m_wo_qtytarget", "m_wo_qtyused") VALUES (%s, %s, %s, %s, %s, %s, %s, %s, %s, %s, %s, %s, %s, %s, %s, %s, %s, %s, %s, %s, %s, %s, %s, %s, %s, %s, %s, %s, %s, %s, %s, %s, %s, %s, %s)
2024-08-20 00:42:51,536 - INFO - Inserting row: [None, None, None, None, None, None, None, None, None, None, None, None, None, None, None, None, None, None, None, 'United States', 'Seattle', None, None, None, None, None, None, None, None, None, None, None, None, None, None]
2024-08-20 00:42:51,547 - INFO - Snowflake Connector for Python Version: 3.12.0, Python Version: 3.12.5, Platform: Windows-10-10.0.19045-SP0
2024-08-20 00:42:51,547 - INFO - Connecting to GLOBAL Snowflake domain
2024-08-20 00:42:51,547 - INFO - This connection is in OCSP Fail Open Mode. TLS Certificates would be checked for validity and revocation status. Any other Certificate Revocation related exceptions or OCSP Responder failures would be disregarded in favor of connectivity.
2024-08-20 00:42:51,735 - INFO - Inserting row: [None, None, None, None, None, None, None, None, None, None, None, None, None, None, None, None, None, None, None, '', '', None, None, None, None, None, None, None, None, None, None, None, None, None, None]
2024-08-20 00:42:51,769 - INFO - Snowflake Connector for Python Version: 3.12.0, Python Version: 3.12.5, Platform: Windows-10-10.0.19045-SP0
2024-08-20 00:42:51,770 - INFO - Connecting to GLOBAL Snowflake domain
2024-08-20 00:42:51,770 - INFO - This connection is in OCSP Fail Open Mode. TLS Certificates would be checked for validity and revocation status. Any other Certificate Revocation related exceptions or OCSP Responder failures would be disregarded in favor of connectivity.
2024-08-20 00:42:51,794 - INFO - Inserting row: [None, None, None, None, None, None, None, None, None, None, None, None, None, None, None, None, None, None, None, 'China', 'Chongqing', None, None, None, None, None, None, None, None, None, None, None, None, None, None]
2024-08-20 00:42:52,112 - INFO - Inserting row: [None, None, None, None, None, None, None, None, None, None, None, None, None, None, None, None, None, None, None, 'United States', 'Chicago', None, None, None, None, None, None, None, None, None, None, None, None, None, None]
2024-08-20 00:42:52,119 - INFO - Snowflake Connector for Python Version: 3.12.0, Python Version: 3.12.5, Platform: Windows-10-10.0.19045-SP0
2024-08-20 00:42:52,119 - INFO - Connecting to GLOBAL Snowflake domain
2024-08-20 00:42:52,120 - INFO - This connection is in OCSP Fail Open Mode. TLS Certificates would be checked for validity and revocation status. Any other Certificate Revocation related exceptions or OCSP Responder failures would be disregarded in favor of connectivity.
2024-08-20 00:42:52,187 - INFO - Inserting row: [None, None, None, None, None, None, None, None, None, None, None, None, None, None, None, None, None, None, None, '', '', None, None, None, None, None, None, None, None, None, None, None, None, None, None]
2024-08-20 00:42:52,470 - INFO - Inserting row: [None, None, None, None, None, None, None, None, None, None, None, None, None, None, None, None, None, None, None, '', '', None, None, None, None, None, None, None, None, None, None, None, None, None, None]
2024-08-20 00:42:52,514 - INFO - Inserting row: [None, None, None, None, None, None, None, None, None, None, None, None, None, None, None, None, None, None, None, '', '', None, None, None, None, None, None, None, None, None, None, None, None, None, None]
2024-08-20 00:42:52,572 - INFO - Snowflake Connector for Python Version: 3.12.0, Python Version: 3.12.5, Platform: Windows-10-10.0.19045-SP0
2024-08-20 00:42:52,572 - INFO - Connecting to GLOBAL Snowflake domain
2024-08-20 00:42:52,573 - INFO - This connection is in OCSP Fail Open Mode. TLS Certificates would be checked for validity and revocation status. Any other Certificate Revocation related exceptions or OCSP Responder failures would be disregarded in favor of connectivity.
2024-08-20 00:42:52,851 - INFO - Inserting row: [None, None, None, None, None, None, None, None, None, None, None, None, None, None, None, None, None, None, None, '', '', None, None, None, None, None, None, None, None, None, None, None, None, None, None]
2024-08-20 00:42:52,866 - INFO - Number of results in first chunk: 35
2024-08-20 00:42:52,866 - INFO - closed
2024-08-20 00:42:52,926 - INFO - Inserting row: [None, None, None, None, None, None, None, None, None, None, None, None, None, None, None, None, None, None, None, '', '', None, None, None, None, None, None, None, None, None, None, None, None, None, None]
2024-08-20 00:42:52,970 - INFO - No async queries seem to be running, deleting session
2024-08-20 00:42:53,050 - INFO - Insert query: INSERT INTO DEMO ("m_sno", "m_so_item_id", "m_solineitem", "m_datelastfulfillment", "m_datescheduledfulfillment", "m_datefulfillment", "m_soitem_desc", "m_productid", "m_productnum", "m_soid", "m_qtyfulfilled", "m_qtyordered", "m_shipped_quantity", "m_qtytofulfill", "m_qtypicked", "m_totalcost", "m_totalprice", "m_fulfilled_revenue", "m_fulfilled_margin", "m_soitem_status", "m_soitem_type", "m_taxid", "m_taxrate", "m_taxableflag", "m_unitprice", "m_uom_name", "m_uom_code", "m_item_margin", "m_negative_margin_flag", "m_lot_number", "m_schfulfilled_date_str", "m_wo_cost", "m_wo_qtyscrapped", "m_wo_qtytarget", "m_wo_qtyused") VALUES (%s, %s, %s, %s, %s, %s, %s, %s, %s, %s, %s, %s, %s, %s, %s, %s, %s, %s, %s, %s, %s, %s, %s, %s, %s, %s, %s, %s, %s, %s, %s, %s, %s, %s, %s)
2024-08-20 00:42:53,051 - INFO - Inserting row: [None, None, None, None, None, None, None, None, None, None, None, None, None, None, None, None, None, None, None, 'United States', 'Seattle', None, None, None, None, None, None, None, None, None, None, None, None, None, None]
2024-08-20 00:42:53,202 - INFO - Inserting row: [None, None, None, None, None, None, None, None, None, None, None, None, None, None, None, None, None, None, None, '', '', None, None, None, None, None, None, None, None, None, None, None, None, None, None]
2024-08-20 00:42:53,210 - INFO - Inserting row: [None, None, None, None, None, None, None, None, None, None, None, None, None, None, None, None, None, None, None, '', '', None, None, None, None, None, None, None, None, None, None, None, None, None, None]
2024-08-20 00:42:53,448 - INFO - Inserting row: [None, None, None, None, None, None, None, None, None, None, None, None, None, None, None, None, None, None, None, 'China', 'Chongqing', None, None, None, None, None, None, None, None, None, None, None, None, None, None]
2024-08-20 00:42:53,510 - INFO - Inserting row: [None, None, None, None, None, None, None, None, None, None, None, None, None, None, None, None, None, None, None, '', '', None, None, None, None, None, None, None, None, None, None, None, None, None, None]
2024-08-20 00:42:53,551 - INFO - Inserting row: [None, None, None, None, None, None, None, None, None, None, None, None, None, None, None, None, None, None, None, '', '', None, None, None, None, None, None, None, None, None, None, None, None, None, None]
2024-08-20 00:42:53,669 - INFO - Number of results in first chunk: 35
2024-08-20 00:42:53,670 - INFO - closed
2024-08-20 00:42:53,758 - INFO - No async queries seem to be running, deleting session
2024-08-20 00:42:53,804 - INFO - Inserting row: [None, None, None, None, None, None, None, None, None, None, None, None, None, None, None, None, None, None, None, 'United States', 'Chicago', None, None, None, None, None, None, None, None, None, None, None, None, None, None]
2024-08-20 00:42:53,868 - INFO - Number of results in first chunk: 35
2024-08-20 00:42:53,869 - INFO - Inserting row: [None, None, None, None, None, None, None, None, None, None, None, None, None, None, None, None, None, None, None, '', '', None, None, None, None, None, None, None, None, None, None, None, None, None, None]
2024-08-20 00:42:53,869 - INFO - closed
2024-08-20 00:42:53,872 - INFO - Data successfully written to Snowflake table: DEMO
2024-08-20 00:42:53,874 - INFO - Insert query: INSERT INTO DEMO ("m_sno", "m_so_item_id", "m_solineitem", "m_datelastfulfillment", "m_datescheduledfulfillment", "m_datefulfillment", "m_soitem_desc", "m_productid", "m_productnum", "m_soid", "m_qtyfulfilled", "m_qtyordered", "m_shipped_quantity", "m_qtytofulfill", "m_qtypicked", "m_totalcost", "m_totalprice", "m_fulfilled_revenue", "m_fulfilled_margin", "m_soitem_status", "m_soitem_type", "m_taxid", "m_taxrate", "m_taxableflag", "m_unitprice", "m_uom_name", "m_uom_code", "m_item_margin", "m_negative_margin_flag", "m_lot_number", "m_schfulfilled_date_str", "m_wo_cost", "m_wo_qtyscrapped", "m_wo_qtytarget", "m_wo_qtyused") VALUES (%s, %s, %s, %s, %s, %s, %s, %s, %s, %s, %s, %s, %s, %s, %s, %s, %s, %s, %s, %s, %s, %s, %s, %s, %s, %s, %s, %s, %s, %s, %s, %s, %s, %s, %s)
2024-08-20 00:42:53,884 - INFO - closed
2024-08-20 00:42:53,885 - INFO - Inserting row: [None, None, None, None, None, None, None, None, None, None, None, None, None, None, None, None, None, None, None, 'United States', 'Seattle', None, None, None, None, None, None, None, None, None, None, None, None, None, None]
2024-08-20 00:42:53,983 - INFO - No async queries seem to be running, deleting session
2024-08-20 00:42:53,988 - INFO - No async queries seem to be running, deleting session
2024-08-20 00:42:54,125 - INFO - Insert query: INSERT INTO DEMO ("m_sno", "m_so_item_id", "m_solineitem", "m_datelastfulfillment", "m_datescheduledfulfillment", "m_datefulfillment", "m_soitem_desc", "m_productid", "m_productnum", "m_soid", "m_qtyfulfilled", "m_qtyordered", "m_shipped_quantity", "m_qtytofulfill", "m_qtypicked", "m_totalcost", "m_totalprice", "m_fulfilled_revenue", "m_fulfilled_margin", "m_soitem_status", "m_soitem_type", "m_taxid", "m_taxrate", "m_taxableflag", "m_unitprice", "m_uom_name", "m_uom_code", "m_item_margin", "m_negative_margin_flag", "m_lot_number", "m_schfulfilled_date_str", "m_wo_cost", "m_wo_qtyscrapped", "m_wo_qtytarget", "m_wo_qtyused") VALUES (%s, %s, %s, %s, %s, %s, %s, %s, %s, %s, %s, %s, %s, %s, %s, %s, %s, %s, %s, %s, %s, %s, %s, %s, %s, %s, %s, %s, %s, %s, %s, %s, %s, %s, %s)
2024-08-20 00:42:54,126 - INFO - Inserting row: [None, None, None, None, None, None, None, None, None, None, None, None, None, None, None, None, None, None, None, 'United States', 'Seattle', None, None, None, None, None, None, None, None, None, None, None, None, None, None]
2024-08-20 00:42:54,137 - INFO - Number of results in first chunk: 35
2024-08-20 00:42:54,137 - INFO - closed
2024-08-20 00:42:54,181 - INFO - Inserting row: [None, None, None, None, None, None, None, None, None, None, None, None, None, None, None, None, None, None, None, '', '', None, None, None, None, None, None, None, None, None, None, None, None, None, None]
2024-08-20 00:42:54,190 - INFO - 127.0.0.1 - - [20/Aug/2024 00:42:54] "POST /map_columns HTTP/1.1" 200 -
2024-08-20 00:42:54,243 - INFO - Inserting row: [None, None, None, None, None, None, None, None, None, None, None, None, None, None, None, None, None, None, None, 'China', 'Chongqing', None, None, None, None, None, None, None, None, None, None, None, None, None, None]
2024-08-20 00:42:54,255 - INFO - No async queries seem to be running, deleting session
2024-08-20 00:42:54,287 - INFO - Inserting row: [None, None, None, None, None, None, None, None, None, None, None, None, None, None, None, None, None, None, None, '', '', None, None, None, None, None, None, None, None, None, None, None, None, None, None]
2024-08-20 00:42:54,345 - INFO - Insert query: INSERT INTO DEMO ("m_sno", "m_so_item_id", "m_solineitem", "m_datelastfulfillment", "m_datescheduledfulfillment", "m_datefulfillment", "m_soitem_desc", "m_productid", "m_productnum", "m_soid", "m_qtyfulfilled", "m_qtyordered", "m_shipped_quantity", "m_qtytofulfill", "m_qtypicked", "m_totalcost", "m_totalprice", "m_fulfilled_revenue", "m_fulfilled_margin", "m_soitem_status", "m_soitem_type", "m_taxid", "m_taxrate", "m_taxableflag", "m_unitprice", "m_uom_name", "m_uom_code", "m_item_margin", "m_negative_margin_flag", "m_lot_number", "m_schfulfilled_date_str", "m_wo_cost", "m_wo_qtyscrapped", "m_wo_qtytarget", "m_wo_qtyused") VALUES (%s, %s, %s, %s, %s, %s, %s, %s, %s, %s, %s, %s, %s, %s, %s, %s, %s, %s, %s, %s, %s, %s, %s, %s, %s, %s, %s, %s, %s, %s, %s, %s, %s, %s, %s)
2024-08-20 00:42:54,346 - INFO - Inserting row: [None, None, None, None, None, None, None, None, None, None, None, None, None, None, None, None, None, None, None, 'United States', 'Seattle', None, None, None, None, None, None, None, None, None, None, None, None, None, None]
2024-08-20 00:42:54,378 - INFO - Number of results in first chunk: 35
2024-08-20 00:42:54,378 - INFO - closed
2024-08-20 00:42:54,442 - INFO - No async queries seem to be running, deleting session
2024-08-20 00:42:54,478 - INFO - Inserting row: [None, None, None, None, None, None, None, None, None, None, None, None, None, None, None, None, None, None, None, 'China', 'Chongqing', None, None, None, None, None, None, None, None, None, None, None, None, None, None]
2024-08-20 00:42:54,512 - INFO - Inserting row: [None, None, None, None, None, None, None, None, None, None, None, None, None, None, None, None, None, None, None, '', '', None, None, None, None, None, None, None, None, None, None, None, None, None, None]
2024-08-20 00:42:54,547 - INFO - Insert query: INSERT INTO DEMO ("m_sno", "m_so_item_id", "m_solineitem", "m_datelastfulfillment", "m_datescheduledfulfillment", "m_datefulfillment", "m_soitem_desc", "m_productid", "m_productnum", "m_soid", "m_qtyfulfilled", "m_qtyordered", "m_shipped_quantity", "m_qtytofulfill", "m_qtypicked", "m_totalcost", "m_totalprice", "m_fulfilled_revenue", "m_fulfilled_margin", "m_soitem_status", "m_soitem_type", "m_taxid", "m_taxrate", "m_taxableflag", "m_unitprice", "m_uom_name", "m_uom_code", "m_item_margin", "m_negative_margin_flag", "m_lot_number", "m_schfulfilled_date_str", "m_wo_cost", "m_wo_qtyscrapped", "m_wo_qtytarget", "m_wo_qtyused") VALUES (%s, %s, %s, %s, %s, %s, %s, %s, %s, %s, %s, %s, %s, %s, %s, %s, %s, %s, %s, %s, %s, %s, %s, %s, %s, %s, %s, %s, %s, %s, %s, %s, %s, %s, %s)
2024-08-20 00:42:54,548 - INFO - Inserting row: [None, None, None, None, None, None, None, None, None, None, None, None, None, None, None, None, None, None, None, 'United States', 'Seattle', None, None, None, None, None, None, None, None, None, None, None, None, None, None]
2024-08-20 00:42:54,557 - INFO - Inserting row: [None, None, None, None, None, None, None, None, None, None, None, None, None, None, None, None, None, None, None, '', '', None, None, None, None, None, None, None, None, None, None, None, None, None, None]
2024-08-20 00:42:54,576 - INFO - Inserting row: [None, None, None, None, None, None, None, None, None, None, None, None, None, None, None, None, None, None, None, 'United States', 'Chicago', None, None, None, None, None, None, None, None, None, None, None, None, None, None]
2024-08-20 00:42:54,634 - INFO - Inserting row: [None, None, None, None, None, None, None, None, None, None, None, None, None, None, None, None, None, None, None, 'China', 'Chongqing', None, None, None, None, None, None, None, None, None, None, None, None, None, None]
2024-08-20 00:42:54,901 - INFO - Inserting row: [None, None, None, None, None, None, None, None, None, None, None, None, None, None, None, None, None, None, None, 'China', 'Chongqing', None, None, None, None, None, None, None, None, None, None, None, None, None, None]
2024-08-20 00:42:54,904 - INFO - Inserting row: [None, None, None, None, None, None, None, None, None, None, None, None, None, None, None, None, None, None, None, 'United States', 'Chicago', None, None, None, None, None, None, None, None, None, None, None, None, None, None]
2024-08-20 00:42:54,957 - INFO - Inserting row: [None, None, None, None, None, None, None, None, None, None, None, None, None, None, None, None, None, None, None, '', '', None, None, None, None, None, None, None, None, None, None, None, None, None, None]
2024-08-20 00:42:55,016 - INFO - Inserting row: [None, None, None, None, None, None, None, None, None, None, None, None, None, None, None, None, None, None, None, '', '', None, None, None, None, None, None, None, None, None, None, None, None, None, None]
2024-08-20 00:42:55,062 - INFO - Data successfully written to Snowflake table: DEMO
2024-08-20 00:42:55,063 - INFO - closed
2024-08-20 00:42:55,118 - INFO - Inserting row: [None, None, None, None, None, None, None, None, None, None, None, None, None, None, None, None, None, None, None, 'United States', 'Chicago', None, None, None, None, None, None, None, None, None, None, None, None, None, None]
2024-08-20 00:42:55,130 - INFO - No async queries seem to be running, deleting session
2024-08-20 00:42:55,240 - INFO - 127.0.0.1 - - [20/Aug/2024 00:42:55] "POST /map_columns HTTP/1.1" 200 -
2024-08-20 00:42:55,255 - INFO - Inserting row: [None, None, None, None, None, None, None, None, None, None, None, None, None, None, None, None, None, None, None, '', '', None, None, None, None, None, None, None, None, None, None, None, None, None, None]
2024-08-20 00:42:55,263 - INFO - Inserting row: [None, None, None, None, None, None, None, None, None, None, None, None, None, None, None, None, None, None, None, 'United States', 'Chicago', None, None, None, None, None, None, None, None, None, None, None, None, None, None]
2024-08-20 00:42:55,315 - INFO - Inserting row: [None, None, None, None, None, None, None, None, None, None, None, None, None, None, None, None, None, None, None, '', '', None, None, None, None, None, None, None, None, None, None, None, None, None, None]
2024-08-20 00:42:55,330 - INFO - Inserting row: [None, None, None, None, None, None, None, None, None, None, None, None, None, None, None, None, None, None, None, '', '', None, None, None, None, None, None, None, None, None, None, None, None, None, None]
2024-08-20 00:42:55,439 - INFO - Inserting row: [None, None, None, None, None, None, None, None, None, None, None, None, None, None, None, None, None, None, None, '', '', None, None, None, None, None, None, None, None, None, None, None, None, None, None]
2024-08-20 00:42:55,582 - INFO - Inserting row: [None, None, None, None, None, None, None, None, None, None, None, None, None, None, None, None, None, None, None, '', '', None, None, None, None, None, None, None, None, None, None, None, None, None, None]
2024-08-20 00:42:55,589 - INFO - Inserting row: [None, None, None, None, None, None, None, None, None, None, None, None, None, None, None, None, None, None, None, '', '', None, None, None, None, None, None, None, None, None, None, None, None, None, None]
2024-08-20 00:42:55,602 - INFO - Inserting row: [None, None, None, None, None, None, None, None, None, None, None, None, None, None, None, None, None, None, None, '', '', None, None, None, None, None, None, None, None, None, None, None, None, None, None]
2024-08-20 00:42:55,609 - INFO - Inserting row: [None, None, None, None, None, None, None, None, None, None, None, None, None, None, None, None, None, None, None, '', '', None, None, None, None, None, None, None, None, None, None, None, None, None, None]
2024-08-20 00:42:55,991 - INFO - Inserting row: [None, None, None, None, None, None, None, None, None, None, None, None, None, None, None, None, None, None, None, '', '', None, None, None, None, None, None, None, None, None, None, None, None, None, None]
2024-08-20 00:42:55,995 - INFO - Inserting row: [None, None, None, None, None, None, None, None, None, None, None, None, None, None, None, None, None, None, None, '', '', None, None, None, None, None, None, None, None, None, None, None, None, None, None]
2024-08-20 00:42:55,998 - INFO - Inserting row: [None, None, None, None, None, None, None, None, None, None, None, None, None, None, None, None, None, None, None, '', '', None, None, None, None, None, None, None, None, None, None, None, None, None, None]
2024-08-20 00:42:56,026 - INFO - Inserting row: [None, None, None, None, None, None, None, None, None, None, None, None, None, None, None, None, None, None, None, '', '', None, None, None, None, None, None, None, None, None, None, None, None, None, None]
2024-08-20 00:42:56,107 - INFO - Inserting row: [None, None, None, None, None, None, None, None, None, None, None, None, None, None, None, None, None, None, None, '', '', None, None, None, None, None, None, None, None, None, None, None, None, None, None]
2024-08-20 00:42:56,312 - INFO - Inserting row: [None, None, None, None, None, None, None, None, None, None, None, None, None, None, None, None, None, None, None, '', '', None, None, None, None, None, None, None, None, None, None, None, None, None, None]
2024-08-20 00:42:56,326 - INFO - Inserting row: [None, None, None, None, None, None, None, None, None, None, None, None, None, None, None, None, None, None, None, '', '', None, None, None, None, None, None, None, None, None, None, None, None, None, None]
2024-08-20 00:42:56,338 - INFO - Inserting row: [None, None, None, None, None, None, None, None, None, None, None, None, None, None, None, None, None, None, None, '', '', None, None, None, None, None, None, None, None, None, None, None, None, None, None]
2024-08-20 00:42:56,421 - INFO - Inserting row: [None, None, None, None, None, None, None, None, None, None, None, None, None, None, None, None, None, None, None, '', '', None, None, None, None, None, None, None, None, None, None, None, None, None, None]
2024-08-20 00:42:56,471 - INFO - Inserting row: [None, None, None, None, None, None, None, None, None, None, None, None, None, None, None, None, None, None, None, '', '', None, None, None, None, None, None, None, None, None, None, None, None, None, None]
2024-08-20 00:42:56,627 - INFO - Data successfully written to Snowflake table: DEMO
2024-08-20 00:42:56,627 - INFO - closed
2024-08-20 00:42:56,643 - INFO - Inserting row: [None, None, None, None, None, None, None, None, None, None, None, None, None, None, None, None, None, None, None, '', '', None, None, None, None, None, None, None, None, None, None, None, None, None, None]
2024-08-20 00:42:56,696 - INFO - Inserting row: [None, None, None, None, None, None, None, None, None, None, None, None, None, None, None, None, None, None, None, '', '', None, None, None, None, None, None, None, None, None, None, None, None, None, None]
2024-08-20 00:42:56,703 - INFO - No async queries seem to be running, deleting session
2024-08-20 00:42:56,766 - INFO - Inserting row: [None, None, None, None, None, None, None, None, None, None, None, None, None, None, None, None, None, None, None, '', '', None, None, None, None, None, None, None, None, None, None, None, None, None, None]
2024-08-20 00:42:56,785 - INFO - 127.0.0.1 - - [20/Aug/2024 00:42:56] "POST /map_columns HTTP/1.1" 200 -
2024-08-20 00:42:56,794 - INFO - Inserting row: [None, None, None, None, None, None, None, None, None, None, None, None, None, None, None, None, None, None, None, '', '', None, None, None, None, None, None, None, None, None, None, None, None, None, None]
2024-08-20 00:42:56,988 - INFO - Inserting row: [None, None, None, None, None, None, None, None, None, None, None, None, None, None, None, None, None, None, None, '', '', None, None, None, None, None, None, None, None, None, None, None, None, None, None]
2024-08-20 00:42:57,026 - INFO - Inserting row: [None, None, None, None, None, None, None, None, None, None, None, None, None, None, None, None, None, None, None, '', '', None, None, None, None, None, None, None, None, None, None, None, None, None, None]
2024-08-20 00:42:57,083 - INFO - Inserting row: [None, None, None, None, None, None, None, None, None, None, None, None, None, None, None, None, None, None, None, '', '', None, None, None, None, None, None, None, None, None, None, None, None, None, None]
2024-08-20 00:42:57,116 - INFO - Inserting row: [None, None, None, None, None, None, None, None, None, None, None, None, None, None, None, None, None, None, None, '', '', None, None, None, None, None, None, None, None, None, None, None, None, None, None]
2024-08-20 00:42:57,362 - INFO - Inserting row: [None, None, None, None, None, None, None, None, None, None, None, None, None, None, None, None, None, None, None, '', '', None, None, None, None, None, None, None, None, None, None, None, None, None, None]
2024-08-20 00:42:57,370 - INFO - Inserting row: [None, None, None, None, None, None, None, None, None, None, None, None, None, None, None, None, None, None, None, '', '', None, None, None, None, None, None, None, None, None, None, None, None, None, None]
2024-08-20 00:42:57,394 - INFO - Data successfully written to Snowflake table: DEMO
2024-08-20 00:42:57,395 - INFO - closed
2024-08-20 00:42:57,451 - INFO - Inserting row: [None, None, None, None, None, None, None, None, None, None, None, None, None, None, None, None, None, None, None, '', '', None, None, None, None, None, None, None, None, None, None, None, None, None, None]
2024-08-20 00:42:57,489 - INFO - No async queries seem to be running, deleting session
2024-08-20 00:42:57,578 - INFO - 127.0.0.1 - - [20/Aug/2024 00:42:57] "POST /map_columns HTTP/1.1" 200 -
2024-08-20 00:42:57,706 - INFO - Inserting row: [None, None, None, None, None, None, None, None, None, None, None, None, None, None, None, None, None, None, None, '', '', None, None, None, None, None, None, None, None, None, None, None, None, None, None]
2024-08-20 00:42:57,731 - INFO - Inserting row: [None, None, None, None, None, None, None, None, None, None, None, None, None, None, None, None, None, None, None, '', '', None, None, None, None, None, None, None, None, None, None, None, None, None, None]
2024-08-20 00:42:57,746 - INFO - Data successfully written to Snowflake table: DEMO
2024-08-20 00:42:57,747 - INFO - closed
2024-08-20 00:42:57,826 - INFO - No async queries seem to be running, deleting session
2024-08-20 00:42:57,915 - INFO - 127.0.0.1 - - [20/Aug/2024 00:42:57] "POST /map_columns HTTP/1.1" 200 -
2024-08-20 00:42:58,185 - INFO - Data successfully written to Snowflake table: DEMO
2024-08-20 00:42:58,186 - INFO - Data successfully written to Snowflake table: DEMO
2024-08-20 00:42:58,186 - INFO - closed
2024-08-20 00:42:58,186 - INFO - closed
2024-08-20 00:42:58,257 - INFO - No async queries seem to be running, deleting session
2024-08-20 00:42:58,273 - INFO - No async queries seem to be running, deleting session
2024-08-20 00:42:58,329 - INFO - 127.0.0.1 - - [20/Aug/2024 00:42:58] "POST /map_columns HTTP/1.1" 200 -
2024-08-20 00:42:58,358 - INFO - 127.0.0.1 - - [20/Aug/2024 00:42:58] "POST /map_columns HTTP/1.1" 200 -
2024-08-20 00:43:26,330 - INFO - 127.0.0.1 - - [20/Aug/2024 00:43:26] "[32mPOST /view_all_data HTTP/1.1[0m" 302 -
2024-08-20 00:43:26,354 - INFO - Snowflake Connector for Python Version: 3.12.0, Python Version: 3.12.5, Platform: Windows-10-10.0.19045-SP0
2024-08-20 00:43:26,355 - INFO - Connecting to GLOBAL Snowflake domain
2024-08-20 00:43:26,355 - INFO - This connection is in OCSP Fail Open Mode. TLS Certificates would be checked for validity and revocation status. Any other Certificate Revocation related exceptions or OCSP Responder failures would be disregarded in favor of connectivity.
2024-08-20 00:43:27,959 - INFO - Number of results in first chunk: 3
2024-08-20 00:43:27,960 - INFO - closed
2024-08-20 00:43:28,044 - INFO - No async queries seem to be running, deleting session
2024-08-20 00:43:28,115 - INFO - 127.0.0.1 - - [20/Aug/2024 00:43:28] "GET / HTTP/1.1" 200 -
2024-08-20 00:43:41,304 - INFO - Snowflake Connector for Python Version: 3.12.0, Python Version: 3.12.5, Platform: Windows-10-10.0.19045-SP0
2024-08-20 00:43:41,304 - INFO - Connecting to GLOBAL Snowflake domain
2024-08-20 00:43:41,304 - INFO - This connection is in OCSP Fail Open Mode. TLS Certificates would be checked for validity and revocation status. Any other Certificate Revocation related exceptions or OCSP Responder failures would be disregarded in favor of connectivity.
2024-08-20 00:43:43,023 - INFO - Number of results in first chunk: 35
2024-08-20 00:43:43,024 - INFO - closed
2024-08-20 00:43:43,099 - INFO - No async queries seem to be running, deleting session
2024-08-20 00:43:43,195 - INFO - 127.0.0.1 - - [20/Aug/2024 00:43:43] "POST /process HTTP/1.1" 200 -
2024-08-20 00:44:01,141 - INFO - Snowflake Connector for Python Version: 3.12.0, Python Version: 3.12.5, Platform: Windows-10-10.0.19045-SP0
2024-08-20 00:44:01,141 - INFO - Connecting to GLOBAL Snowflake domain
2024-08-20 00:44:01,142 - INFO - This connection is in OCSP Fail Open Mode. TLS Certificates would be checked for validity and revocation status. Any other Certificate Revocation related exceptions or OCSP Responder failures would be disregarded in favor of connectivity.
2024-08-20 00:44:02,635 - INFO - Snowflake Connector for Python Version: 3.12.0, Python Version: 3.12.5, Platform: Windows-10-10.0.19045-SP0
2024-08-20 00:44:02,636 - INFO - Connecting to GLOBAL Snowflake domain
2024-08-20 00:44:02,637 - INFO - This connection is in OCSP Fail Open Mode. TLS Certificates would be checked for validity and revocation status. Any other Certificate Revocation related exceptions or OCSP Responder failures would be disregarded in favor of connectivity.
2024-08-20 00:44:04,147 - INFO - Number of results in first chunk: 35
2024-08-20 00:44:04,148 - INFO - closed
2024-08-20 00:44:04,230 - INFO - No async queries seem to be running, deleting session
2024-08-20 00:44:04,308 - INFO - Insert query: INSERT INTO DEMO ("m_sno", "m_so_item_id", "m_solineitem", "m_datelastfulfillment", "m_datescheduledfulfillment", "m_datefulfillment", "m_soitem_desc", "m_productid", "m_productnum", "m_soid", "m_qtyfulfilled", "m_qtyordered", "m_shipped_quantity", "m_qtytofulfill", "m_qtypicked", "m_totalcost", "m_totalprice", "m_fulfilled_revenue", "m_fulfilled_margin", "m_soitem_status", "m_soitem_type", "m_taxid", "m_taxrate", "m_taxableflag", "m_unitprice", "m_uom_name", "m_uom_code", "m_item_margin", "m_negative_margin_flag", "m_lot_number", "m_schfulfilled_date_str", "m_wo_cost", "m_wo_qtyscrapped", "m_wo_qtytarget", "m_wo_qtyused") VALUES (%s, %s, %s, %s, %s, %s, %s, %s, %s, %s, %s, %s, %s, %s, %s, %s, %s, %s, %s, %s, %s, %s, %s, %s, %s, %s, %s, %s, %s, %s, %s, %s, %s, %s, %s)
2024-08-20 00:44:04,309 - INFO - Inserting row: [None, None, None, None, None, None, None, None, None, None, None, None, None, None, None, None, None, None, None, 'IT', 'Research & Development', None, None, None, None, None, None, None, None, None, None, None, None, None, None]
2024-08-20 00:44:04,685 - INFO - Inserting row: [None, None, None, None, None, None, None, None, None, None, None, None, None, None, None, None, None, None, None, 'IT', 'Manufacturing', None, None, None, None, None, None, None, None, None, None, None, None, None, None]
2024-08-20 00:44:05,154 - INFO - Inserting row: [None, None, None, None, None, None, None, None, None, None, None, None, None, None, None, None, None, None, None, 'Finance', 'Speciality Products', None, None, None, None, None, None, None, None, None, None, None, None, None, None]
2024-08-20 00:44:05,768 - INFO - Inserting row: [None, None, None, None, None, None, None, None, None, None, None, None, None, None, None, None, None, None, None, 'IT', 'Manufacturing', None, None, None, None, None, None, None, None, None, None, None, None, None, None]
2024-08-20 00:44:06,383 - INFO - Inserting row: [None, None, None, None, None, None, None, None, None, None, None, None, None, None, None, None, None, None, None, 'Finance', 'Manufacturing', None, None, None, None, None, None, None, None, None, None, None, None, None, None]
2024-08-20 00:44:06,793 - INFO - Inserting row: [None, None, None, None, None, None, None, None, None, None, None, None, None, None, None, None, None, None, None, 'Sales', 'Corporate', None, None, None, None, None, None, None, None, None, None, None, None, None, None]
2024-08-20 00:44:07,407 - INFO - Inserting row: [None, None, None, None, None, None, None, None, None, None, None, None, None, None, None, None, None, None, None, 'IT', 'Corporate', None, None, None, None, None, None, None, None, None, None, None, None, None, None]
2024-08-20 00:44:08,023 - INFO - Inserting row: [None, None, None, None, None, None, None, None, None, None, None, None, None, None, None, None, None, None, None, 'Finance', 'Manufacturing', None, None, None, None, None, None, None, None, None, None, None, None, None, None]
2024-08-20 00:44:08,636 - INFO - Inserting row: [None, None, None, None, None, None, None, None, None, None, None, None, None, None, None, None, None, None, None, 'Accounting', 'Manufacturing', None, None, None, None, None, None, None, None, None, None, None, None, None, None]
2024-08-20 00:44:08,840 - INFO - Snowflake Connector for Python Version: 3.12.0, Python Version: 3.12.5, Platform: Windows-10-10.0.19045-SP0
2024-08-20 00:44:08,840 - INFO - Connecting to GLOBAL Snowflake domain
2024-08-20 00:44:08,840 - INFO - This connection is in OCSP Fail Open Mode. TLS Certificates would be checked for validity and revocation status. Any other Certificate Revocation related exceptions or OCSP Responder failures would be disregarded in favor of connectivity.
2024-08-20 00:44:09,143 - INFO - Inserting row: [None, None, None, None, None, None, None, None, None, None, None, None, None, None, None, None, None, None, None, 'Finance', 'Speciality Products', None, None, None, None, None, None, None, None, None, None, None, None, None, None]
2024-08-20 00:44:09,920 - INFO - Data successfully written to Snowflake table: DEMO
2024-08-20 00:44:09,921 - INFO - closed
2024-08-20 00:44:09,994 - INFO - No async queries seem to be running, deleting session
2024-08-20 00:44:10,081 - INFO - 127.0.0.1 - - [20/Aug/2024 00:44:10] "POST /map_columns HTTP/1.1" 200 -
2024-08-20 00:44:10,202 - INFO - Snowflake Connector for Python Version: 3.12.0, Python Version: 3.12.5, Platform: Windows-10-10.0.19045-SP0
2024-08-20 00:44:10,205 - INFO - Connecting to GLOBAL Snowflake domain
2024-08-20 00:44:10,205 - INFO - This connection is in OCSP Fail Open Mode. TLS Certificates would be checked for validity and revocation status. Any other Certificate Revocation related exceptions or OCSP Responder failures would be disregarded in favor of connectivity.
2024-08-20 00:44:12,033 - INFO - Number of results in first chunk: 35
2024-08-20 00:44:12,034 - INFO - closed
2024-08-20 00:44:12,140 - INFO - No async queries seem to be running, deleting session
2024-08-20 00:44:12,229 - INFO - Insert query: INSERT INTO DEMO ("m_sno", "m_so_item_id", "m_solineitem", "m_datelastfulfillment", "m_datescheduledfulfillment", "m_datefulfillment", "m_soitem_desc", "m_productid", "m_productnum", "m_soid", "m_qtyfulfilled", "m_qtyordered", "m_shipped_quantity", "m_qtytofulfill", "m_qtypicked", "m_totalcost", "m_totalprice", "m_fulfilled_revenue", "m_fulfilled_margin", "m_soitem_status", "m_soitem_type", "m_taxid", "m_taxrate", "m_taxableflag", "m_unitprice", "m_uom_name", "m_uom_code", "m_item_margin", "m_negative_margin_flag", "m_lot_number", "m_schfulfilled_date_str", "m_wo_cost", "m_wo_qtyscrapped", "m_wo_qtytarget", "m_wo_qtyused") VALUES (%s, %s, %s, %s, %s, %s, %s, %s, %s, %s, %s, %s, %s, %s, %s, %s, %s, %s, %s, %s, %s, %s, %s, %s, %s, %s, %s, %s, %s, %s, %s, %s, %s, %s, %s)
2024-08-20 00:44:12,230 - INFO - Inserting row: [None, None, None, None, None, None, None, None, None, None, None, None, None, None, None, None, None, None, None, 'IT', 'Research & Development', None, None, None, None, None, None, None, None, None, None, None, None, None, None]
2024-08-20 00:44:12,728 - INFO - Inserting row: [None, None, None, None, None, None, None, None, None, None, None, None, None, None, None, None, None, None, None, 'IT', 'Manufacturing', None, None, None, None, None, None, None, None, None, None, None, None, None, None]
2024-08-20 00:44:13,248 - INFO - Inserting row: [None, None, None, None, None, None, None, None, None, None, None, None, None, None, None, None, None, None, None, 'Finance', 'Speciality Products', None, None, None, None, None, None, None, None, None, None, None, None, None, None]
2024-08-20 00:44:13,965 - INFO - Inserting row: [None, None, None, None, None, None, None, None, None, None, None, None, None, None, None, None, None, None, None, 'IT', 'Manufacturing', None, None, None, None, None, None, None, None, None, None, None, None, None, None]
2024-08-20 00:44:14,576 - INFO - Inserting row: [None, None, None, None, None, None, None, None, None, None, None, None, None, None, None, None, None, None, None, 'Finance', 'Manufacturing', None, None, None, None, None, None, None, None, None, None, None, None, None, None]
2024-08-20 00:44:15,191 - INFO - Inserting row: [None, None, None, None, None, None, None, None, None, None, None, None, None, None, None, None, None, None, None, 'Sales', 'Corporate', None, None, None, None, None, None, None, None, None, None, None, None, None, None]
2024-08-20 00:44:15,732 - INFO - Inserting row: [None, None, None, None, None, None, None, None, None, None, None, None, None, None, None, None, None, None, None, 'IT', 'Corporate', None, None, None, None, None, None, None, None, None, None, None, None, None, None]
2024-08-20 00:44:16,085 - INFO - Inserting row: [None, None, None, None, None, None, None, None, None, None, None, None, None, None, None, None, None, None, None, 'Finance', 'Manufacturing', None, None, None, None, None, None, None, None, None, None, None, None, None, None]
2024-08-20 00:44:16,423 - INFO - Inserting row: [None, None, None, None, None, None, None, None, None, None, None, None, None, None, None, None, None, None, None, 'Accounting', 'Manufacturing', None, None, None, None, None, None, None, None, None, None, None, None, None, None]
2024-08-20 00:44:16,826 - INFO - Inserting row: [None, None, None, None, None, None, None, None, None, None, None, None, None, None, None, None, None, None, None, 'Finance', 'Speciality Products', None, None, None, None, None, None, None, None, None, None, None, None, None, None]
2024-08-20 00:44:17,410 - INFO - Data successfully written to Snowflake table: DEMO
2024-08-20 00:44:17,411 - INFO - closed
2024-08-20 00:44:17,507 - INFO - No async queries seem to be running, deleting session
2024-08-20 00:44:17,587 - INFO - 127.0.0.1 - - [20/Aug/2024 00:44:17] "POST /map_columns HTTP/1.1" 200 -
2024-08-20 00:44:32,833 - INFO - 127.0.0.1 - - [20/Aug/2024 00:44:32] "[32mPOST /view_all_data HTTP/1.1[0m" 302 -
2024-08-20 00:44:32,843 - INFO - Snowflake Connector for Python Version: 3.12.0, Python Version: 3.12.5, Platform: Windows-10-10.0.19045-SP0
2024-08-20 00:44:32,843 - INFO - Connecting to GLOBAL Snowflake domain
2024-08-20 00:44:32,843 - INFO - This connection is in OCSP Fail Open Mode. TLS Certificates would be checked for validity and revocation status. Any other Certificate Revocation related exceptions or OCSP Responder failures would be disregarded in favor of connectivity.
2024-08-20 00:44:34,061 - INFO - Number of results in first chunk: 3
2024-08-20 00:44:34,061 - INFO - closed
2024-08-20 00:44:34,140 - INFO - No async queries seem to be running, deleting session
2024-08-20 00:44:34,231 - INFO - 127.0.0.1 - - [20/Aug/2024 00:44:34] "GET / HTTP/1.1" 200 -
2024-08-20 00:44:57,756 - INFO - Snowflake Connector for Python Version: 3.12.0, Python Version: 3.12.5, Platform: Windows-10-10.0.19045-SP0
2024-08-20 00:44:57,758 - INFO - Connecting to GLOBAL Snowflake domain
2024-08-20 00:44:57,759 - INFO - This connection is in OCSP Fail Open Mode. TLS Certificates would be checked for validity and revocation status. Any other Certificate Revocation related exceptions or OCSP Responder failures would be disregarded in favor of connectivity.
2024-08-20 00:44:59,869 - INFO - Number of results in first chunk: 3
2024-08-20 00:44:59,870 - INFO - closed
2024-08-20 00:44:59,955 - INFO - No async queries seem to be running, deleting session
2024-08-20 00:45:00,048 - INFO - 127.0.0.1 - - [20/Aug/2024 00:45:00] "GET / HTTP/1.1" 200 -
2024-08-20 00:45:00,250 - INFO - 127.0.0.1 - - [20/Aug/2024 00:45:00] "[33mGET /favicon.ico HTTP/1.1[0m" 404 -
2024-08-20 00:45:12,379 - INFO - Snowflake Connector for Python Version: 3.12.0, Python Version: 3.12.5, Platform: Windows-10-10.0.19045-SP0
2024-08-20 00:45:12,379 - INFO - Connecting to GLOBAL Snowflake domain
2024-08-20 00:45:12,379 - INFO - This connection is in OCSP Fail Open Mode. TLS Certificates would be checked for validity and revocation status. Any other Certificate Revocation related exceptions or OCSP Responder failures would be disregarded in favor of connectivity.
2024-08-20 00:45:15,295 - INFO - Number of results in first chunk: 14
2024-08-20 00:45:15,296 - INFO - closed
2024-08-20 00:45:15,376 - INFO - No async queries seem to be running, deleting session
2024-08-20 00:45:15,476 - INFO - 127.0.0.1 - - [20/Aug/2024 00:45:15] "POST /process HTTP/1.1" 200 -
2024-08-20 00:45:26,730 - INFO - Snowflake Connector for Python Version: 3.12.0, Python Version: 3.12.5, Platform: Windows-10-10.0.19045-SP0
2024-08-20 00:45:26,730 - INFO - Connecting to GLOBAL Snowflake domain
2024-08-20 00:45:26,730 - INFO - This connection is in OCSP Fail Open Mode. TLS Certificates would be checked for validity and revocation status. Any other Certificate Revocation related exceptions or OCSP Responder failures would be disregarded in favor of connectivity.
2024-08-20 00:45:28,302 - INFO - Snowflake Connector for Python Version: 3.12.0, Python Version: 3.12.5, Platform: Windows-10-10.0.19045-SP0
2024-08-20 00:45:28,303 - INFO - Connecting to GLOBAL Snowflake domain
2024-08-20 00:45:28,303 - INFO - This connection is in OCSP Fail Open Mode. TLS Certificates would be checked for validity and revocation status. Any other Certificate Revocation related exceptions or OCSP Responder failures would be disregarded in favor of connectivity.
2024-08-20 00:45:29,784 - INFO - Number of results in first chunk: 14
2024-08-20 00:45:29,784 - INFO - closed
2024-08-20 00:45:29,864 - INFO - No async queries seem to be running, deleting session
2024-08-20 00:45:29,951 - INFO - Insert query: INSERT INTO JAGA ("EEID", "FullName", "JobTitle", "Department", "BusinessUnit", "Gender", "Ethnicity", "Age", "HireDate", "AnnualSalary", "Bonuspercent", "Country", "City", "ExitDate") VALUES (%s, %s, %s, %s, %s, %s, %s, %s, %s, %s, %s, %s, %s, %s)
2024-08-20 00:45:29,951 - INFO - Inserting row: [None, 'praveen', 'Sr. Manger', None, None, None, None, None, None, None, None, None, None, None]
2024-08-20 00:45:30,561 - INFO - Inserting row: [None, ' jhvjhvhjv', 'Technical Architect', None, None, None, None, None, None, None, None, None, None, None]
2024-08-20 00:45:30,965 - INFO - Inserting row: [None, 'Luna Sanders', 'Director', None, None, None, None, None, None, None, None, None, None, None]
2024-08-20 00:45:31,465 - INFO - Inserting row: [None, '', '', None, None, None, None, None, None, None, None, None, None, None]
2024-08-20 00:45:31,784 - INFO - Inserting row: [None, '', '', None, None, None, None, None, None, None, None, None, None, None]
2024-08-20 00:45:32,116 - INFO - Inserting row: [None, '', '', None, None, None, None, None, None, None, None, None, None, None]
2024-08-20 00:45:32,815 - INFO - Inserting row: [None, '', '', None, None, None, None, None, None, None, None, None, None, None]
2024-08-20 00:45:33,224 - INFO - Inserting row: [None, '', '', None, None, None, None, None, None, None, None, None, None, None]
2024-08-20 00:45:33,629 - INFO - Inserting row: [None, '', '', None, None, None, None, None, None, None, None, None, None, None]
2024-08-20 00:45:34,242 - INFO - Inserting row: [None, '', '', None, None, None, None, None, None, None, None, None, None, None]
2024-08-20 00:45:34,716 - INFO - Data successfully written to Snowflake table: JAGA
2024-08-20 00:45:34,717 - INFO - closed
2024-08-20 00:45:34,806 - INFO - No async queries seem to be running, deleting session
2024-08-20 00:45:34,915 - INFO - 127.0.0.1 - - [20/Aug/2024 00:45:34] "POST /map_columns HTTP/1.1" 200 -
2024-08-20 00:45:38,905 - INFO - 127.0.0.1 - - [20/Aug/2024 00:45:38] "[32mPOST /view_all_data HTTP/1.1[0m" 302 -
2024-08-20 00:45:38,918 - INFO - Snowflake Connector for Python Version: 3.12.0, Python Version: 3.12.5, Platform: Windows-10-10.0.19045-SP0
2024-08-20 00:45:38,919 - INFO - Connecting to GLOBAL Snowflake domain
2024-08-20 00:45:38,919 - INFO - This connection is in OCSP Fail Open Mode. TLS Certificates would be checked for validity and revocation status. Any other Certificate Revocation related exceptions or OCSP Responder failures would be disregarded in favor of connectivity.
2024-08-20 00:45:40,579 - INFO - Number of results in first chunk: 3
2024-08-20 00:45:40,579 - INFO - closed
2024-08-20 00:45:40,663 - INFO - No async queries seem to be running, deleting session
2024-08-20 00:45:40,747 - INFO - 127.0.0.1 - - [20/Aug/2024 00:45:40] "GET / HTTP/1.1" 200 -
2024-08-20 00:48:53,725 - INFO -  * Detected change in 'c:\\onetoone\\app.py', reloading
2024-08-20 00:48:54,668 - INFO -  * Restarting with watchdog (windowsapi)
2024-08-20 00:48:58,108 - WARNING -  * Debugger is active!
2024-08-20 00:48:58,116 - INFO -  * Debugger PIN: 452-454-072
2024-08-20 00:49:07,735 - INFO - Snowflake Connector for Python Version: 3.12.0, Python Version: 3.12.5, Platform: Windows-10-10.0.19045-SP0
2024-08-20 00:49:07,737 - INFO - Connecting to GLOBAL Snowflake domain
2024-08-20 00:49:07,737 - INFO - This connection is in OCSP Fail Open Mode. TLS Certificates would be checked for validity and revocation status. Any other Certificate Revocation related exceptions or OCSP Responder failures would be disregarded in favor of connectivity.
2024-08-20 00:49:11,540 - INFO - Number of results in first chunk: 14
2024-08-20 00:49:11,541 - INFO - closed
2024-08-20 00:49:11,606 - INFO - No async queries seem to be running, deleting session
2024-08-20 00:49:11,706 - INFO - 127.0.0.1 - - [20/Aug/2024 00:49:11] "POST /process HTTP/1.1" 200 -
2024-08-20 00:49:22,652 - INFO - Snowflake Connector for Python Version: 3.12.0, Python Version: 3.12.5, Platform: Windows-10-10.0.19045-SP0
2024-08-20 00:49:22,653 - INFO - Connecting to GLOBAL Snowflake domain
2024-08-20 00:49:22,654 - INFO - This connection is in OCSP Fail Open Mode. TLS Certificates would be checked for validity and revocation status. Any other Certificate Revocation related exceptions or OCSP Responder failures would be disregarded in favor of connectivity.
2024-08-20 00:49:24,241 - INFO - Snowflake Connector for Python Version: 3.12.0, Python Version: 3.12.5, Platform: Windows-10-10.0.19045-SP0
2024-08-20 00:49:24,242 - INFO - Connecting to GLOBAL Snowflake domain
2024-08-20 00:49:24,243 - INFO - This connection is in OCSP Fail Open Mode. TLS Certificates would be checked for validity and revocation status. Any other Certificate Revocation related exceptions or OCSP Responder failures would be disregarded in favor of connectivity.
2024-08-20 00:49:25,732 - INFO - Number of results in first chunk: 14
2024-08-20 00:49:25,734 - INFO - closed
2024-08-20 00:49:25,822 - INFO - No async queries seem to be running, deleting session
2024-08-20 00:49:25,904 - INFO - Insert query: INSERT INTO JAGA ("EEID", "FullName", "JobTitle", "Department", "BusinessUnit", "Gender", "Ethnicity", "Age", "HireDate", "AnnualSalary", "Bonuspercent", "Country", "City", "ExitDate") VALUES (%s, %s, %s, %s, %s, %s, %s, %s, %s, %s, %s, %s, %s, %s)
2024-08-20 00:49:25,906 - INFO - Inserting row: [1.0, 'praveen', None, None, None, None, None, None, None, None, None, None, None, None]
2024-08-20 00:49:26,491 - INFO - Inserting row: [1.0, ' jhvjhvhjv', None, None, None, None, None, None, None, None, None, None, None, None]
2024-08-20 00:49:26,906 - INFO - Inserting row: [1.0, 'Luna Sanders', None, None, None, None, None, None, None, None, None, None, None, None]
2024-08-20 00:49:27,308 - INFO - Inserting row: ['', '', None, None, None, None, None, None, None, None, None, None, None, None]
2024-08-20 00:49:27,588 - INFO -  * Detected change in 'C:\\Users\\SSLTP11406\\AppData\\Local\\Programs\\Python\\Python312\\Lib\\site-packages\\snowflake\\connector\\errors.py', reloading
2024-08-20 00:49:27,643 - INFO -  * Detected change in 'C:\\Users\\SSLTP11406\\AppData\\Local\\Programs\\Python\\Python312\\Lib\\http\\server.py', reloading
2024-08-20 00:49:27,667 - ERROR - Error occurred: 100038 (22018): 01b675c7-0000-b4fe-0007-bcfa0001be3a: Numeric value '' is not recognized
2024-08-20 00:49:27,670 - INFO - closed
2024-08-20 00:49:27,782 - INFO - No async queries seem to be running, deleting session
2024-08-20 00:49:27,945 - INFO - 127.0.0.1 - - [20/Aug/2024 00:49:27] "[35m[1mPOST /map_columns HTTP/1.1[0m" 500 -
2024-08-20 00:49:28,276 - INFO - 127.0.0.1 - - [20/Aug/2024 00:49:28] "[36mGET /map_columns?__debugger__=yes&cmd=resource&f=style.css HTTP/1.1[0m" 304 -
2024-08-20 00:49:28,280 - INFO - 127.0.0.1 - - [20/Aug/2024 00:49:28] "[36mGET /map_columns?__debugger__=yes&cmd=resource&f=debugger.js HTTP/1.1[0m" 304 -
2024-08-20 00:49:28,636 - INFO -  * Restarting with watchdog (windowsapi)
2024-08-20 00:49:31,028 - WARNING -  * Debugger is active!
2024-08-20 00:49:31,032 - INFO -  * Debugger PIN: 452-454-072
2024-08-20 00:49:31,143 - INFO - 127.0.0.1 - - [20/Aug/2024 00:49:31] "[36mGET /map_columns?__debugger__=yes&cmd=resource&f=console.png HTTP/1.1[0m" 304 -
2024-08-20 00:51:07,733 - INFO -  * Detected change in 'c:\\onetoone\\app.py', reloading
2024-08-20 00:51:07,736 - INFO -  * Detected change in 'c:\\onetoone\\app.py', reloading
2024-08-20 00:51:07,739 - INFO -  * Detected change in 'c:\\onetoone\\app.py', reloading
2024-08-20 00:51:07,744 - INFO -  * Detected change in 'c:\\onetoone\\app.py', reloading
2024-08-20 00:51:08,037 - INFO -  * Detected change in 'c:\\onetoone\\app.py', reloading
2024-08-20 00:51:08,047 - INFO -  * Detected change in 'c:\\onetoone\\app.py', reloading
2024-08-20 00:51:08,049 - INFO -  * Detected change in 'c:\\onetoone\\app.py', reloading
2024-08-20 00:51:08,230 - INFO -  * Detected change in 'c:\\onetoone\\app.py', reloading
2024-08-20 00:51:08,231 - INFO -  * Detected change in 'c:\\onetoone\\app.py', reloading
2024-08-20 00:51:08,237 - INFO -  * Detected change in 'c:\\onetoone\\app.py', reloading
2024-08-20 00:51:08,241 - INFO -  * Detected change in 'c:\\onetoone\\app.py', reloading
2024-08-20 00:51:08,892 - INFO -  * Restarting with watchdog (windowsapi)
2024-08-20 00:51:38,173 - INFO - [31m[1mWARNING: This is a development server. Do not use it in a production deployment. Use a production WSGI server instead.[0m
 * Running on http://127.0.0.1:5000
2024-08-20 00:51:38,173 - INFO - [33mPress CTRL+C to quit[0m
2024-08-20 00:51:38,197 - INFO -  * Restarting with watchdog (windowsapi)
2024-08-20 00:51:40,360 - WARNING -  * Debugger is active!
2024-08-20 00:51:40,364 - INFO -  * Debugger PIN: 452-454-072
2024-08-20 00:51:57,508 - INFO - Snowflake Connector for Python Version: 3.12.0, Python Version: 3.12.5, Platform: Windows-10-10.0.19045-SP0
2024-08-20 00:51:57,509 - INFO - Connecting to GLOBAL Snowflake domain
2024-08-20 00:51:57,509 - INFO - This connection is in OCSP Fail Open Mode. TLS Certificates would be checked for validity and revocation status. Any other Certificate Revocation related exceptions or OCSP Responder failures would be disregarded in favor of connectivity.
2024-08-20 00:52:01,525 - INFO - Number of results in first chunk: 3
2024-08-20 00:52:01,527 - INFO - closed
2024-08-20 00:52:01,611 - INFO - No async queries seem to be running, deleting session
2024-08-20 00:52:01,735 - INFO - 127.0.0.1 - - [20/Aug/2024 00:52:01] "GET / HTTP/1.1" 200 -
2024-08-20 00:52:08,504 - INFO - Snowflake Connector for Python Version: 3.12.0, Python Version: 3.12.5, Platform: Windows-10-10.0.19045-SP0
2024-08-20 00:52:08,506 - INFO - Connecting to GLOBAL Snowflake domain
2024-08-20 00:52:08,506 - INFO - This connection is in OCSP Fail Open Mode. TLS Certificates would be checked for validity and revocation status. Any other Certificate Revocation related exceptions or OCSP Responder failures would be disregarded in favor of connectivity.
2024-08-20 00:52:10,147 - INFO - Number of results in first chunk: 35
2024-08-20 00:52:10,148 - INFO - closed
2024-08-20 00:52:10,245 - INFO - No async queries seem to be running, deleting session
2024-08-20 00:52:10,383 - INFO - 127.0.0.1 - - [20/Aug/2024 00:52:10] "POST /process HTTP/1.1" 200 -
2024-08-20 00:52:29,067 - INFO - Snowflake Connector for Python Version: 3.12.0, Python Version: 3.12.5, Platform: Windows-10-10.0.19045-SP0
2024-08-20 00:52:29,068 - INFO - Connecting to GLOBAL Snowflake domain
2024-08-20 00:52:29,068 - INFO - This connection is in OCSP Fail Open Mode. TLS Certificates would be checked for validity and revocation status. Any other Certificate Revocation related exceptions or OCSP Responder failures would be disregarded in favor of connectivity.
2024-08-20 00:52:30,503 - INFO - Snowflake Connector for Python Version: 3.12.0, Python Version: 3.12.5, Platform: Windows-10-10.0.19045-SP0
2024-08-20 00:52:30,504 - INFO - Connecting to GLOBAL Snowflake domain
2024-08-20 00:52:30,504 - INFO - This connection is in OCSP Fail Open Mode. TLS Certificates would be checked for validity and revocation status. Any other Certificate Revocation related exceptions or OCSP Responder failures would be disregarded in favor of connectivity.
2024-08-20 00:52:32,007 - INFO - Number of results in first chunk: 35
2024-08-20 00:52:32,008 - INFO - closed
2024-08-20 00:52:32,109 - INFO - No async queries seem to be running, deleting session
2024-08-20 00:52:32,194 - INFO - Insert query: INSERT INTO DEMO ("m_sno", "m_so_item_id", "m_solineitem", "m_datelastfulfillment", "m_datescheduledfulfillment", "m_datefulfillment", "m_soitem_desc", "m_productid", "m_productnum", "m_soid", "m_qtyfulfilled", "m_qtyordered", "m_shipped_quantity", "m_qtytofulfill", "m_qtypicked", "m_totalcost", "m_totalprice", "m_fulfilled_revenue", "m_fulfilled_margin", "m_soitem_status", "m_soitem_type", "m_taxid", "m_taxrate", "m_taxableflag", "m_unitprice", "m_uom_name", "m_uom_code", "m_item_margin", "m_negative_margin_flag", "m_lot_number", "m_schfulfilled_date_str", "m_wo_cost", "m_wo_qtyscrapped", "m_wo_qtytarget", "m_wo_qtyused") VALUES (%s, %s, %s, %s, %s, %s, %s, %s, %s, %s, %s, %s, %s, %s, %s, %s, %s, %s, %s, %s, %s, %s, %s, %s, %s, %s, %s, %s, %s, %s, %s, %s, %s, %s, %s)
2024-08-20 00:52:32,196 - INFO - Inserting row: [None, None, None, None, None, None, None, None, None, None, None, None, None, None, None, None, None, None, None, 'Sr. Manger', 'United States', None, None, None, None, None, None, None, None, None, None, None, None, None, None]
2024-08-20 00:52:32,758 - INFO - Inserting row: [None, None, None, None, None, None, None, None, None, None, None, None, None, None, None, None, None, None, None, 'Technical Architect', 'China', None, None, None, None, None, None, None, None, None, None, None, None, None, None]
2024-08-20 00:52:33,121 - INFO - Inserting row: [None, None, None, None, None, None, None, None, None, None, None, None, None, None, None, None, None, None, None, 'Director', 'United States', None, None, None, None, None, None, None, None, None, None, None, None, None, None]
2024-08-20 00:52:33,555 - INFO - Inserting row: [None, None, None, None, None, None, None, None, None, None, None, None, None, None, None, None, None, None, None, 'Computer Systems Manager', 'United States', None, None, None, None, None, None, None, None, None, None, None, None, None, None]
2024-08-20 00:52:34,091 - INFO - Inserting row: [None, None, None, None, None, None, None, None, None, None, None, None, None, None, None, None, None, None, None, 'Sr. Analyst', 'United States', None, None, None, None, None, None, None, None, None, None, None, None, None, None]
2024-08-20 00:52:34,613 - INFO - Inserting row: [None, None, None, None, None, None, None, None, None, None, None, None, None, None, None, None, None, None, None, 'Account Representative', 'China', None, None, None, None, None, None, None, None, None, None, None, None, None, None]
2024-08-20 00:52:35,106 - INFO - Inserting row: [None, None, None, None, None, None, None, None, None, None, None, None, None, None, None, None, None, None, None, 'Manager', 'United States', None, None, None, None, None, None, None, None, None, None, None, None, None, None]
2024-08-20 00:52:35,553 - INFO - Inserting row: [None, None, None, None, None, None, None, None, None, None, None, None, None, None, None, None, None, None, None, 'Analyst', 'United States', None, None, None, None, None, None, None, None, None, None, None, None, None, None]
2024-08-20 00:52:36,021 - INFO - Inserting row: [None, None, None, None, None, None, None, None, None, None, None, None, None, None, None, None, None, None, None, 'Manager', 'United States', None, None, None, None, None, None, None, None, None, None, None, None, None, None]
2024-08-20 00:52:36,449 - INFO - Inserting row: [None, None, None, None, None, None, None, None, None, None, None, None, None, None, None, None, None, None, None, 'Sr. Analyst', 'United States', None, None, None, None, None, None, None, None, None, None, None, None, None, None]
2024-08-20 00:52:36,857 - INFO - Data successfully written to Snowflake table: DEMO
2024-08-20 00:52:36,857 - INFO - closed
2024-08-20 00:52:36,953 - INFO - No async queries seem to be running, deleting session
2024-08-20 00:52:37,082 - INFO - 127.0.0.1 - - [20/Aug/2024 00:52:37] "POST /map_columns HTTP/1.1" 200 -
2024-08-20 00:52:43,917 - INFO - 127.0.0.1 - - [20/Aug/2024 00:52:43] "[32mPOST /view_all_data HTTP/1.1[0m" 302 -
2024-08-20 00:52:43,924 - INFO - Snowflake Connector for Python Version: 3.12.0, Python Version: 3.12.5, Platform: Windows-10-10.0.19045-SP0
2024-08-20 00:52:43,925 - INFO - Connecting to GLOBAL Snowflake domain
2024-08-20 00:52:43,926 - INFO - This connection is in OCSP Fail Open Mode. TLS Certificates would be checked for validity and revocation status. Any other Certificate Revocation related exceptions or OCSP Responder failures would be disregarded in favor of connectivity.
2024-08-20 00:52:45,545 - INFO - Number of results in first chunk: 3
2024-08-20 00:52:45,545 - INFO - closed
2024-08-20 00:52:45,660 - INFO - No async queries seem to be running, deleting session
2024-08-20 00:52:45,756 - INFO - 127.0.0.1 - - [20/Aug/2024 00:52:45] "GET / HTTP/1.1" 200 -
2024-08-20 00:59:15,359 - INFO -  * Detected change in 'C:\\Users\\SSLTP11406\\AppData\\Local\\Programs\\Python\\Python312\\Lib\\site-packages\\werkzeug\\datastructures\\file_storage.py', reloading
2024-08-20 00:59:16,414 - INFO -  * Restarting with watchdog (windowsapi)
2024-08-20 00:59:19,534 - WARNING -  * Debugger is active!
2024-08-20 00:59:19,538 - INFO -  * Debugger PIN: 452-454-072
2024-08-20 01:00:01,211 - INFO - [31m[1mWARNING: This is a development server. Do not use it in a production deployment. Use a production WSGI server instead.[0m
 * Running on http://127.0.0.1:5000
2024-08-20 01:00:01,212 - INFO - [33mPress CTRL+C to quit[0m
2024-08-20 01:00:01,234 - INFO -  * Restarting with watchdog (windowsapi)
2024-08-20 01:00:03,419 - WARNING -  * Debugger is active!
2024-08-20 01:00:03,424 - INFO -  * Debugger PIN: 452-454-072
2024-08-20 01:00:14,693 - INFO - Snowflake Connector for Python Version: 3.12.0, Python Version: 3.12.5, Platform: Windows-10-10.0.19045-SP0
2024-08-20 01:00:14,693 - INFO - Connecting to GLOBAL Snowflake domain
2024-08-20 01:00:14,693 - INFO - This connection is in OCSP Fail Open Mode. TLS Certificates would be checked for validity and revocation status. Any other Certificate Revocation related exceptions or OCSP Responder failures would be disregarded in favor of connectivity.
2024-08-20 01:00:17,681 - INFO - Number of results in first chunk: 3
2024-08-20 01:00:17,682 - INFO - closed
2024-08-20 01:00:17,772 - INFO - No async queries seem to be running, deleting session
2024-08-20 01:00:17,933 - INFO - 127.0.0.1 - - [20/Aug/2024 01:00:17] "GET / HTTP/1.1" 200 -
2024-08-20 01:00:28,190 - INFO - Snowflake Connector for Python Version: 3.12.0, Python Version: 3.12.5, Platform: Windows-10-10.0.19045-SP0
2024-08-20 01:00:28,190 - INFO - Connecting to GLOBAL Snowflake domain
2024-08-20 01:00:28,191 - INFO - This connection is in OCSP Fail Open Mode. TLS Certificates would be checked for validity and revocation status. Any other Certificate Revocation related exceptions or OCSP Responder failures would be disregarded in favor of connectivity.
2024-08-20 01:00:29,969 - INFO - Number of results in first chunk: 35
2024-08-20 01:00:29,970 - INFO - closed
2024-08-20 01:00:30,055 - INFO - No async queries seem to be running, deleting session
2024-08-20 01:00:30,199 - INFO - 127.0.0.1 - - [20/Aug/2024 01:00:30] "POST /process HTTP/1.1" 200 -
2024-08-20 01:00:47,442 - INFO - Snowflake Connector for Python Version: 3.12.0, Python Version: 3.12.5, Platform: Windows-10-10.0.19045-SP0
2024-08-20 01:00:47,443 - INFO - Connecting to GLOBAL Snowflake domain
2024-08-20 01:00:47,443 - INFO - This connection is in OCSP Fail Open Mode. TLS Certificates would be checked for validity and revocation status. Any other Certificate Revocation related exceptions or OCSP Responder failures would be disregarded in favor of connectivity.
2024-08-20 01:00:48,891 - INFO - Snowflake Connector for Python Version: 3.12.0, Python Version: 3.12.5, Platform: Windows-10-10.0.19045-SP0
2024-08-20 01:00:48,892 - INFO - Connecting to GLOBAL Snowflake domain
2024-08-20 01:00:48,893 - INFO - This connection is in OCSP Fail Open Mode. TLS Certificates would be checked for validity and revocation status. Any other Certificate Revocation related exceptions or OCSP Responder failures would be disregarded in favor of connectivity.
2024-08-20 01:00:50,411 - INFO - Number of results in first chunk: 35
2024-08-20 01:00:50,412 - INFO - closed
2024-08-20 01:00:50,495 - INFO - No async queries seem to be running, deleting session
2024-08-20 01:00:50,595 - INFO - Insert query: INSERT INTO DEMO ("m_sno", "m_so_item_id", "m_solineitem", "m_datelastfulfillment", "m_datescheduledfulfillment", "m_datefulfillment", "m_soitem_desc", "m_productid", "m_productnum", "m_soid", "m_qtyfulfilled", "m_qtyordered", "m_shipped_quantity", "m_qtytofulfill", "m_qtypicked", "m_totalcost", "m_totalprice", "m_fulfilled_revenue", "m_fulfilled_margin", "m_soitem_status", "m_soitem_type", "m_taxid", "m_taxrate", "m_taxableflag", "m_unitprice", "m_uom_name", "m_uom_code", "m_item_margin", "m_negative_margin_flag", "m_lot_number", "m_schfulfilled_date_str", "m_wo_cost", "m_wo_qtyscrapped", "m_wo_qtytarget", "m_wo_qtyused") VALUES (%s, %s, %s, %s, %s, %s, %s, %s, %s, %s, %s, %s, %s, %s, %s, %s, %s, %s, %s, %s, %s, %s, %s, %s, %s, %s, %s, %s, %s, %s, %s, %s, %s, %s, %s)
2024-08-20 01:00:50,597 - INFO - Inserting row: [None, None, None, None, None, None, None, None, None, None, None, None, None, 'Research & Development', 'Female', None, None, None, None, None, None, None, None, None, None, None, None, None, None, None, None, None, None, None, None]
2024-08-20 01:00:51,154 - INFO -  * Detected change in 'C:\\Users\\SSLTP11406\\AppData\\Local\\Programs\\Python\\Python312\\Lib\\site-packages\\flask\\app.py', reloading
2024-08-20 01:00:51,159 - INFO -  * Detected change in 'C:\\Users\\SSLTP11406\\AppData\\Local\\Programs\\Python\\Python312\\Lib\\site-packages\\werkzeug\\debug\\__init__.py', reloading
2024-08-20 01:00:51,163 - INFO -  * Detected change in 'C:\\Users\\SSLTP11406\\AppData\\Local\\Programs\\Python\\Python312\\Lib\\site-packages\\werkzeug\\serving.py', reloading
2024-08-20 01:00:51,171 - INFO -  * Detected change in 'C:\\Users\\SSLTP11406\\AppData\\Local\\Programs\\Python\\Python312\\Lib\\socketserver.py', reloading
2024-08-20 01:00:51,176 - ERROR - Error occurred: 100038 (22018): 01b675d2-0000-b47e-0007-bcfa0001f21e: Numeric value 'Research & Development' is not recognized
2024-08-20 01:00:51,176 - INFO - closed
2024-08-20 01:00:51,179 - INFO -  * Detected change in 'C:\\Users\\SSLTP11406\\AppData\\Local\\Programs\\Python\\Python312\\Lib\\threading.py', reloading
2024-08-20 01:00:51,285 - INFO - No async queries seem to be running, deleting session
2024-08-20 01:00:51,410 - INFO - 127.0.0.1 - - [20/Aug/2024 01:00:51] "[35m[1mPOST /map_columns HTTP/1.1[0m" 500 -
2024-08-20 01:00:51,707 - INFO - 127.0.0.1 - - [20/Aug/2024 01:00:51] "[36mGET /map_columns?__debugger__=yes&cmd=resource&f=style.css HTTP/1.1[0m" 304 -
2024-08-20 01:00:51,735 - INFO - 127.0.0.1 - - [20/Aug/2024 01:00:51] "[36mGET /map_columns?__debugger__=yes&cmd=resource&f=debugger.js HTTP/1.1[0m" 304 -
2024-08-20 01:00:52,199 - INFO -  * Restarting with watchdog (windowsapi)
2024-08-20 01:00:54,587 - WARNING -  * Debugger is active!
2024-08-20 01:00:54,592 - INFO -  * Debugger PIN: 452-454-072
2024-08-20 01:00:54,700 - INFO - 127.0.0.1 - - [20/Aug/2024 01:00:54] "[36mGET /map_columns?__debugger__=yes&cmd=resource&f=console.png HTTP/1.1[0m" 304 -
2024-08-20 01:01:22,558 - INFO - Snowflake Connector for Python Version: 3.12.0, Python Version: 3.12.5, Platform: Windows-10-10.0.19045-SP0
2024-08-20 01:01:22,559 - INFO - Connecting to GLOBAL Snowflake domain
2024-08-20 01:01:22,559 - INFO - This connection is in OCSP Fail Open Mode. TLS Certificates would be checked for validity and revocation status. Any other Certificate Revocation related exceptions or OCSP Responder failures would be disregarded in favor of connectivity.
2024-08-20 01:01:25,652 - INFO - Snowflake Connector for Python Version: 3.12.0, Python Version: 3.12.5, Platform: Windows-10-10.0.19045-SP0
2024-08-20 01:01:25,653 - INFO - Connecting to GLOBAL Snowflake domain
2024-08-20 01:01:25,654 - INFO - This connection is in OCSP Fail Open Mode. TLS Certificates would be checked for validity and revocation status. Any other Certificate Revocation related exceptions or OCSP Responder failures would be disregarded in favor of connectivity.
2024-08-20 01:01:27,415 - INFO - Number of results in first chunk: 35
2024-08-20 01:01:27,417 - INFO - closed
2024-08-20 01:01:27,503 - INFO - No async queries seem to be running, deleting session
2024-08-20 01:01:27,596 - INFO - Insert query: INSERT INTO DEMO ("m_sno", "m_so_item_id", "m_solineitem", "m_datelastfulfillment", "m_datescheduledfulfillment", "m_datefulfillment", "m_soitem_desc", "m_productid", "m_productnum", "m_soid", "m_qtyfulfilled", "m_qtyordered", "m_shipped_quantity", "m_qtytofulfill", "m_qtypicked", "m_totalcost", "m_totalprice", "m_fulfilled_revenue", "m_fulfilled_margin", "m_soitem_status", "m_soitem_type", "m_taxid", "m_taxrate", "m_taxableflag", "m_unitprice", "m_uom_name", "m_uom_code", "m_item_margin", "m_negative_margin_flag", "m_lot_number", "m_schfulfilled_date_str", "m_wo_cost", "m_wo_qtyscrapped", "m_wo_qtytarget", "m_wo_qtyused") VALUES (%s, %s, %s, %s, %s, %s, %s, %s, %s, %s, %s, %s, %s, %s, %s, %s, %s, %s, %s, %s, %s, %s, %s, %s, %s, %s, %s, %s, %s, %s, %s, %s, %s, %s, %s)
2024-08-20 01:01:27,600 - INFO - Inserting row: [None, None, None, None, None, None, None, None, None, None, None, None, None, None, None, None, None, None, None, 'Research & Development', 'Female', None, None, None, None, None, None, None, None, None, None, None, None, None, None]
2024-08-20 01:01:27,978 - INFO - Inserting row: [None, None, None, None, None, None, None, None, None, None, None, None, None, None, None, None, None, None, None, 'Manufacturing', 'Male', None, None, None, None, None, None, None, None, None, None, None, None, None, None]
2024-08-20 01:01:28,416 - INFO - Inserting row: [None, None, None, None, None, None, None, None, None, None, None, None, None, None, None, None, None, None, None, 'Speciality Products', 'Female', None, None, None, None, None, None, None, None, None, None, None, None, None, None]
2024-08-20 01:01:29,036 - INFO - Inserting row: [None, None, None, None, None, None, None, None, None, None, None, None, None, None, None, None, None, None, None, 'Manufacturing', 'Female', None, None, None, None, None, None, None, None, None, None, None, None, None, None]
2024-08-20 01:01:29,525 - INFO - Inserting row: [None, None, None, None, None, None, None, None, None, None, None, None, None, None, None, None, None, None, None, 'Manufacturing', 'Male', None, None, None, None, None, None, None, None, None, None, None, None, None, None]
2024-08-20 01:01:29,957 - INFO - Inserting row: [None, None, None, None, None, None, None, None, None, None, None, None, None, None, None, None, None, None, None, 'Corporate', 'Male', None, None, None, None, None, None, None, None, None, None, None, None, None, None]
2024-08-20 01:01:30,440 - INFO - Inserting row: [None, None, None, None, None, None, None, None, None, None, None, None, None, None, None, None, None, None, None, 'Corporate', 'Female', None, None, None, None, None, None, None, None, None, None, None, None, None, None]
2024-08-20 01:01:31,077 - INFO - Inserting row: [None, None, None, None, None, None, None, None, None, None, None, None, None, None, None, None, None, None, None, 'Manufacturing', 'Male', None, None, None, None, None, None, None, None, None, None, None, None, None, None]
2024-08-20 01:01:31,901 - INFO - Inserting row: [None, None, None, None, None, None, None, None, None, None, None, None, None, None, None, None, None, None, None, 'Manufacturing', 'Male', None, None, None, None, None, None, None, None, None, None, None, None, None, None]
2024-08-20 01:01:32,522 - INFO - Inserting row: [None, None, None, None, None, None, None, None, None, None, None, None, None, None, None, None, None, None, None, 'Speciality Products', 'Female', None, None, None, None, None, None, None, None, None, None, None, None, None, None]
2024-08-20 01:01:33,024 - INFO - Data successfully written to Snowflake table: DEMO
2024-08-20 01:01:33,024 - INFO - closed
2024-08-20 01:01:33,120 - INFO - No async queries seem to be running, deleting session
2024-08-20 01:01:33,300 - INFO - 127.0.0.1 - - [20/Aug/2024 01:01:33] "POST /map_columns HTTP/1.1" 200 -
2024-08-20 01:01:38,112 - INFO - 127.0.0.1 - - [20/Aug/2024 01:01:38] "[32mPOST /view_all_data HTTP/1.1[0m" 302 -
2024-08-20 01:01:38,124 - INFO - Snowflake Connector for Python Version: 3.12.0, Python Version: 3.12.5, Platform: Windows-10-10.0.19045-SP0
2024-08-20 01:01:38,124 - INFO - Connecting to GLOBAL Snowflake domain
2024-08-20 01:01:38,124 - INFO - This connection is in OCSP Fail Open Mode. TLS Certificates would be checked for validity and revocation status. Any other Certificate Revocation related exceptions or OCSP Responder failures would be disregarded in favor of connectivity.
2024-08-20 01:01:39,828 - INFO - Number of results in first chunk: 3
2024-08-20 01:01:39,828 - INFO - closed
2024-08-20 01:01:39,913 - INFO - No async queries seem to be running, deleting session
2024-08-20 01:01:40,015 - INFO - 127.0.0.1 - - [20/Aug/2024 01:01:40] "GET / HTTP/1.1" 200 -
2024-08-20 01:06:48,731 - INFO -  * Detected change in 'c:\\onetoone\\app.py', reloading
2024-08-20 01:06:48,736 - INFO -  * Detected change in 'c:\\onetoone\\app.py', reloading
2024-08-20 01:06:48,740 - INFO -  * Detected change in 'c:\\onetoone\\app.py', reloading
2024-08-20 01:06:48,743 - INFO -  * Detected change in 'c:\\onetoone\\app.py', reloading
2024-08-20 01:06:49,066 - INFO -  * Detected change in 'c:\\onetoone\\app.py', reloading
2024-08-20 01:06:49,071 - INFO -  * Detected change in 'c:\\onetoone\\app.py', reloading
2024-08-20 01:06:49,073 - INFO -  * Detected change in 'c:\\onetoone\\app.py', reloading
2024-08-20 01:06:49,214 - INFO -  * Detected change in 'c:\\onetoone\\app.py', reloading
2024-08-20 01:06:49,221 - INFO -  * Detected change in 'c:\\onetoone\\app.py', reloading
2024-08-20 01:06:49,224 - INFO -  * Detected change in 'c:\\onetoone\\app.py', reloading
2024-08-20 01:06:49,227 - INFO -  * Detected change in 'c:\\onetoone\\app.py', reloading
2024-08-20 01:06:49,418 - INFO -  * Detected change in 'c:\\onetoone\\app.py', reloading
2024-08-20 01:06:49,420 - INFO -  * Detected change in 'c:\\onetoone\\app.py', reloading
2024-08-20 01:06:49,428 - INFO -  * Detected change in 'c:\\onetoone\\app.py', reloading
2024-08-20 01:06:49,430 - INFO -  * Detected change in 'c:\\onetoone\\app.py', reloading
2024-08-20 01:06:49,605 - INFO -  * Detected change in 'c:\\onetoone\\app.py', reloading
2024-08-20 01:06:49,607 - INFO -  * Detected change in 'c:\\onetoone\\app.py', reloading
2024-08-20 01:06:49,615 - INFO -  * Detected change in 'c:\\onetoone\\app.py', reloading
2024-08-20 01:06:49,618 - INFO -  * Detected change in 'c:\\onetoone\\app.py', reloading
2024-08-20 01:06:49,882 - INFO -  * Restarting with watchdog (windowsapi)
2024-08-20 01:06:52,087 - WARNING -  * Debugger is active!
2024-08-20 01:06:52,091 - INFO -  * Debugger PIN: 452-454-072
2024-08-20 01:07:04,954 - INFO - [31m[1mWARNING: This is a development server. Do not use it in a production deployment. Use a production WSGI server instead.[0m
 * Running on http://127.0.0.1:5000
2024-08-20 01:07:04,955 - INFO - [33mPress CTRL+C to quit[0m
2024-08-20 01:07:04,979 - INFO -  * Restarting with watchdog (windowsapi)
2024-08-20 01:07:07,220 - WARNING -  * Debugger is active!
2024-08-20 01:07:07,224 - INFO -  * Debugger PIN: 452-454-072
2024-08-20 01:07:42,814 - INFO - Snowflake Connector for Python Version: 3.12.0, Python Version: 3.12.5, Platform: Windows-10-10.0.19045-SP0
2024-08-20 01:07:42,814 - INFO - Connecting to GLOBAL Snowflake domain
2024-08-20 01:07:42,815 - INFO - This connection is in OCSP Fail Open Mode. TLS Certificates would be checked for validity and revocation status. Any other Certificate Revocation related exceptions or OCSP Responder failures would be disregarded in favor of connectivity.
2024-08-20 01:07:45,654 - INFO - Number of results in first chunk: 3
2024-08-20 01:07:45,655 - INFO - closed
2024-08-20 01:07:46,058 - INFO - No async queries seem to be running, deleting session
2024-08-20 01:07:46,165 - INFO - 127.0.0.1 - - [20/Aug/2024 01:07:46] "GET / HTTP/1.1" 200 -
2024-08-20 01:07:58,376 - INFO - Snowflake Connector for Python Version: 3.12.0, Python Version: 3.12.5, Platform: Windows-10-10.0.19045-SP0
2024-08-20 01:07:58,378 - INFO - Connecting to GLOBAL Snowflake domain
2024-08-20 01:07:58,379 - INFO - This connection is in OCSP Fail Open Mode. TLS Certificates would be checked for validity and revocation status. Any other Certificate Revocation related exceptions or OCSP Responder failures would be disregarded in favor of connectivity.
2024-08-20 01:08:00,088 - INFO - Number of results in first chunk: 14
2024-08-20 01:08:00,088 - INFO - closed
2024-08-20 01:08:00,169 - INFO - No async queries seem to be running, deleting session
2024-08-20 01:08:00,276 - INFO - 127.0.0.1 - - [20/Aug/2024 01:08:00] "POST /process HTTP/1.1" 200 -
2024-08-20 01:08:11,989 - INFO - Snowflake Connector for Python Version: 3.12.0, Python Version: 3.12.5, Platform: Windows-10-10.0.19045-SP0
2024-08-20 01:08:11,990 - INFO - Connecting to GLOBAL Snowflake domain
2024-08-20 01:08:11,990 - INFO - This connection is in OCSP Fail Open Mode. TLS Certificates would be checked for validity and revocation status. Any other Certificate Revocation related exceptions or OCSP Responder failures would be disregarded in favor of connectivity.
2024-08-20 01:08:13,635 - INFO - Number of results in first chunk: 14
2024-08-20 01:08:13,636 - INFO - closed
2024-08-20 01:08:13,729 - INFO - No async queries seem to be running, deleting session
2024-08-20 01:08:13,822 - INFO - 127.0.0.1 - - [20/Aug/2024 01:08:13] "POST /map_columns HTTP/1.1" 200 -
2024-08-20 01:08:29,475 - INFO - Snowflake Connector for Python Version: 3.12.0, Python Version: 3.12.5, Platform: Windows-10-10.0.19045-SP0
2024-08-20 01:08:29,476 - INFO - Connecting to GLOBAL Snowflake domain
2024-08-20 01:08:29,476 - INFO - This connection is in OCSP Fail Open Mode. TLS Certificates would be checked for validity and revocation status. Any other Certificate Revocation related exceptions or OCSP Responder failures would be disregarded in favor of connectivity.
2024-08-20 01:08:30,928 - INFO - Snowflake Connector for Python Version: 3.12.0, Python Version: 3.12.5, Platform: Windows-10-10.0.19045-SP0
2024-08-20 01:08:30,930 - INFO - Connecting to GLOBAL Snowflake domain
2024-08-20 01:08:30,930 - INFO - This connection is in OCSP Fail Open Mode. TLS Certificates would be checked for validity and revocation status. Any other Certificate Revocation related exceptions or OCSP Responder failures would be disregarded in favor of connectivity.
2024-08-20 01:08:32,501 - INFO - Number of results in first chunk: 14
2024-08-20 01:08:32,501 - INFO - closed
2024-08-20 01:08:32,590 - INFO - No async queries seem to be running, deleting session
2024-08-20 01:08:32,674 - INFO - Insert query: INSERT INTO JAGA ("EEID", "FullName", "JobTitle", "Department", "BusinessUnit", "Gender", "Ethnicity", "Age", "HireDate", "AnnualSalary", "Bonuspercent", "Country", "City", "ExitDate") VALUES (%s, %s, %s, %s, %s, %s, %s, %s, %s, %s, %s, %s, %s, %s)
2024-08-20 01:08:32,675 - INFO - Inserting row: [None, None, 'Sr. Manger', None, None, None, 'gold', None, None, None, None, None, None, None]
2024-08-20 01:08:33,181 - INFO - Inserting row: [None, None, 'Technical Architect', None, None, None, 'Asian', None, None, None, None, None, None, None]
2024-08-20 01:08:33,582 - INFO - Inserting row: [None, None, 'Director', None, None, None, 'Caucasian', None, None, None, None, None, None, None]
2024-08-20 01:08:34,206 - INFO - Inserting row: [None, None, None, None, None, None, None, None, None, None, None, None, None, None]
2024-08-20 01:08:34,616 - INFO - Inserting row: [None, None, None, None, None, None, None, None, None, None, None, None, None, None]
2024-08-20 01:08:35,131 - INFO - Inserting row: [None, None, None, None, None, None, None, None, None, None, None, None, None, None]
2024-08-20 01:08:35,464 - INFO - Inserting row: [None, None, None, None, None, None, None, None, None, None, None, None, None, None]
2024-08-20 01:08:35,844 - INFO - Inserting row: [None, None, None, None, None, None, None, None, None, None, None, None, None, None]
2024-08-20 01:08:36,421 - INFO - Inserting row: [None, None, None, None, None, None, None, None, None, None, None, None, None, None]
2024-08-20 01:08:36,783 - INFO - Inserting row: [None, None, None, None, None, None, None, None, None, None, None, None, None, None]
2024-08-20 01:08:37,172 - INFO - Data successfully written to Snowflake table: JAGA
2024-08-20 01:08:37,174 - INFO - closed
2024-08-20 01:08:37,279 - INFO - No async queries seem to be running, deleting session
2024-08-20 01:08:37,434 - INFO - 127.0.0.1 - - [20/Aug/2024 01:08:37] "POST /map_columns HTTP/1.1" 200 -
2024-08-20 01:08:42,169 - INFO - 127.0.0.1 - - [20/Aug/2024 01:08:42] "[32mPOST /view_all_data HTTP/1.1[0m" 302 -
2024-08-20 01:08:42,176 - INFO - Snowflake Connector for Python Version: 3.12.0, Python Version: 3.12.5, Platform: Windows-10-10.0.19045-SP0
2024-08-20 01:08:42,177 - INFO - Connecting to GLOBAL Snowflake domain
2024-08-20 01:08:42,177 - INFO - This connection is in OCSP Fail Open Mode. TLS Certificates would be checked for validity and revocation status. Any other Certificate Revocation related exceptions or OCSP Responder failures would be disregarded in favor of connectivity.
2024-08-20 01:08:43,750 - INFO - Number of results in first chunk: 3
2024-08-20 01:08:43,751 - INFO - closed
2024-08-20 01:08:43,841 - INFO - No async queries seem to be running, deleting session
2024-08-20 01:08:43,934 - INFO - 127.0.0.1 - - [20/Aug/2024 01:08:43] "GET / HTTP/1.1" 200 -
2024-08-20 01:20:21,607 - INFO -  * Detected change in 'c:\\onetoone\\app.py', reloading
2024-08-20 01:20:21,610 - INFO -  * Detected change in 'c:\\onetoone\\app.py', reloading
2024-08-20 01:20:21,614 - INFO -  * Detected change in 'c:\\onetoone\\app.py', reloading
2024-08-20 01:20:21,617 - INFO -  * Detected change in 'c:\\onetoone\\app.py', reloading
2024-08-20 01:20:21,925 - INFO -  * Detected change in 'c:\\onetoone\\app.py', reloading
2024-08-20 01:20:21,932 - INFO -  * Detected change in 'c:\\onetoone\\app.py', reloading
2024-08-20 01:20:21,935 - INFO -  * Detected change in 'c:\\onetoone\\app.py', reloading
2024-08-20 01:20:21,937 - INFO -  * Detected change in 'c:\\onetoone\\app.py', reloading
2024-08-20 01:20:22,681 - INFO -  * Restarting with watchdog (windowsapi)
2024-08-20 01:20:25,253 - WARNING -  * Debugger is active!
2024-08-20 01:20:25,257 - INFO -  * Debugger PIN: 452-454-072
2024-08-20 01:24:02,147 - INFO - [31m[1mWARNING: This is a development server. Do not use it in a production deployment. Use a production WSGI server instead.[0m
 * Running on http://127.0.0.1:5000
2024-08-20 01:24:02,149 - INFO - [33mPress CTRL+C to quit[0m
2024-08-20 01:24:02,179 - INFO -  * Restarting with watchdog (windowsapi)
2024-08-20 01:24:05,087 - WARNING -  * Debugger is active!
2024-08-20 01:24:05,091 - INFO -  * Debugger PIN: 452-454-072
2024-08-20 01:24:27,791 - INFO - Snowflake Connector for Python Version: 3.12.0, Python Version: 3.12.5, Platform: Windows-10-10.0.19045-SP0
2024-08-20 01:24:27,792 - INFO - Connecting to GLOBAL Snowflake domain
2024-08-20 01:24:27,792 - INFO - This connection is in OCSP Fail Open Mode. TLS Certificates would be checked for validity and revocation status. Any other Certificate Revocation related exceptions or OCSP Responder failures would be disregarded in favor of connectivity.
2024-08-20 01:24:32,413 - INFO - Number of results in first chunk: 3
2024-08-20 01:24:32,414 - INFO - closed
2024-08-20 01:24:32,503 - INFO - No async queries seem to be running, deleting session
2024-08-20 01:24:32,613 - INFO - 127.0.0.1 - - [20/Aug/2024 01:24:32] "GET / HTTP/1.1" 200 -
2024-08-20 01:24:32,702 - INFO - 127.0.0.1 - - [20/Aug/2024 01:24:32] "[33mGET /favicon.ico HTTP/1.1[0m" 404 -
2024-08-20 01:24:44,163 - INFO - Snowflake Connector for Python Version: 3.12.0, Python Version: 3.12.5, Platform: Windows-10-10.0.19045-SP0
2024-08-20 01:24:44,164 - INFO - Connecting to GLOBAL Snowflake domain
2024-08-20 01:24:44,164 - INFO - This connection is in OCSP Fail Open Mode. TLS Certificates would be checked for validity and revocation status. Any other Certificate Revocation related exceptions or OCSP Responder failures would be disregarded in favor of connectivity.
2024-08-20 01:24:46,413 - INFO - Number of results in first chunk: 35
2024-08-20 01:24:46,414 - INFO - closed
2024-08-20 01:24:46,505 - INFO - No async queries seem to be running, deleting session
2024-08-20 01:24:46,644 - INFO - 127.0.0.1 - - [20/Aug/2024 01:24:46] "POST /process HTTP/1.1" 200 -
2024-08-20 01:24:59,734 - INFO - Snowflake Connector for Python Version: 3.12.0, Python Version: 3.12.5, Platform: Windows-10-10.0.19045-SP0
2024-08-20 01:24:59,735 - INFO - Connecting to GLOBAL Snowflake domain
2024-08-20 01:24:59,735 - INFO - This connection is in OCSP Fail Open Mode. TLS Certificates would be checked for validity and revocation status. Any other Certificate Revocation related exceptions or OCSP Responder failures would be disregarded in favor of connectivity.
2024-08-20 01:25:01,167 - INFO - Snowflake Connector for Python Version: 3.12.0, Python Version: 3.12.5, Platform: Windows-10-10.0.19045-SP0
2024-08-20 01:25:01,168 - INFO - Connecting to GLOBAL Snowflake domain
2024-08-20 01:25:01,169 - INFO - This connection is in OCSP Fail Open Mode. TLS Certificates would be checked for validity and revocation status. Any other Certificate Revocation related exceptions or OCSP Responder failures would be disregarded in favor of connectivity.
2024-08-20 01:25:02,656 - INFO - Number of results in first chunk: 35
2024-08-20 01:25:02,657 - INFO - closed
2024-08-20 01:25:02,740 - INFO - No async queries seem to be running, deleting session
2024-08-20 01:25:02,817 - INFO - Insert query: INSERT INTO DEMO ("m_sno", "m_so_item_id", "m_solineitem", "m_datelastfulfillment", "m_datescheduledfulfillment", "m_datefulfillment", "m_soitem_desc", "m_productid", "m_productnum", "m_soid", "m_qtyfulfilled", "m_qtyordered", "m_shipped_quantity", "m_qtytofulfill", "m_qtypicked", "m_totalcost", "m_totalprice", "m_fulfilled_revenue", "m_fulfilled_margin", "m_soitem_status", "m_soitem_type", "m_taxid", "m_taxrate", "m_taxableflag", "m_unitprice", "m_uom_name", "m_uom_code", "m_item_margin", "m_negative_margin_flag", "m_lot_number", "m_schfulfilled_date_str", "m_wo_cost", "m_wo_qtyscrapped", "m_wo_qtytarget", "m_wo_qtyused") VALUES (%s, %s, %s, %s, %s, %s, %s, %s, %s, %s, %s, %s, %s, %s, %s, %s, %s, %s, %s, %s, %s, %s, %s, %s, %s, %s, %s, %s, %s, %s, %s, %s, %s, %s, %s)
2024-08-20 01:25:02,819 - INFO - Inserting row: [None, None, None, None, None, None, None, None, None, None, None, None, None, None, None, None, None, None, None, 'IT', 'Female', None, None, None, None, None, None, None, None, None, None, None, None, None, None]
2024-08-20 01:25:03,809 - INFO - Inserting row: [None, None, None, None, None, None, None, None, None, None, None, None, None, None, None, None, None, None, None, 'IT', 'Male', None, None, None, None, None, None, None, None, None, None, None, None, None, None]
2024-08-20 01:25:04,525 - INFO - Inserting row: [None, None, None, None, None, None, None, None, None, None, None, None, None, None, None, None, None, None, None, 'Finance', 'Female', None, None, None, None, None, None, None, None, None, None, None, None, None, None]
2024-08-20 01:25:05,141 - INFO - Inserting row: [None, None, None, None, None, None, None, None, None, None, None, None, None, None, None, None, None, None, None, 'IT', 'Female', None, None, None, None, None, None, None, None, None, None, None, None, None, None]
2024-08-20 01:25:05,612 - INFO - Inserting row: [None, None, None, None, None, None, None, None, None, None, None, None, None, None, None, None, None, None, None, 'Finance', 'Male', None, None, None, None, None, None, None, None, None, None, None, None, None, None]
2024-08-20 01:25:06,107 - INFO - Inserting row: [None, None, None, None, None, None, None, None, None, None, None, None, None, None, None, None, None, None, None, 'Sales', 'Male', None, None, None, None, None, None, None, None, None, None, None, None, None, None]
2024-08-20 01:25:06,575 - INFO - Inserting row: [None, None, None, None, None, None, None, None, None, None, None, None, None, None, None, None, None, None, None, 'IT', 'Female', None, None, None, None, None, None, None, None, None, None, None, None, None, None]
2024-08-20 01:25:07,188 - INFO - Inserting row: [None, None, None, None, None, None, None, None, None, None, None, None, None, None, None, None, None, None, None, 'Finance', 'Male', None, None, None, None, None, None, None, None, None, None, None, None, None, None]
2024-08-20 01:25:07,735 - INFO - Inserting row: [None, None, None, None, None, None, None, None, None, None, None, None, None, None, None, None, None, None, None, 'Accounting', 'Male', None, None, None, None, None, None, None, None, None, None, None, None, None, None]
2024-08-20 01:25:08,212 - INFO - Inserting row: [None, None, None, None, None, None, None, None, None, None, None, None, None, None, None, None, None, None, None, 'Finance', 'Female', None, None, None, None, None, None, None, None, None, None, None, None, None, None]
2024-08-20 01:25:08,825 - INFO - Data successfully written to Snowflake table: DEMO
2024-08-20 01:25:08,825 - INFO - closed
2024-08-20 01:25:08,920 - INFO - No async queries seem to be running, deleting session
2024-08-20 01:25:09,079 - INFO - 127.0.0.1 - - [20/Aug/2024 01:25:09] "POST /map_columns HTTP/1.1" 200 -
2024-08-20 01:25:16,092 - INFO - 127.0.0.1 - - [20/Aug/2024 01:25:16] "[32mPOST /view_all_data HTTP/1.1[0m" 302 -
2024-08-20 01:25:16,107 - INFO - Snowflake Connector for Python Version: 3.12.0, Python Version: 3.12.5, Platform: Windows-10-10.0.19045-SP0
2024-08-20 01:25:16,108 - INFO - Connecting to GLOBAL Snowflake domain
2024-08-20 01:25:16,108 - INFO - This connection is in OCSP Fail Open Mode. TLS Certificates would be checked for validity and revocation status. Any other Certificate Revocation related exceptions or OCSP Responder failures would be disregarded in favor of connectivity.
2024-08-20 01:25:17,690 - INFO - Number of results in first chunk: 3
2024-08-20 01:25:17,690 - INFO - closed
2024-08-20 01:25:17,774 - INFO - No async queries seem to be running, deleting session
2024-08-20 01:25:17,858 - INFO - 127.0.0.1 - - [20/Aug/2024 01:25:17] "GET / HTTP/1.1" 200 -
2024-08-20 01:29:50,195 - INFO -  * Detected change in 'c:\\onetoone\\app.py', reloading
2024-08-20 01:29:50,202 - INFO -  * Detected change in 'c:\\onetoone\\app.py', reloading
2024-08-20 01:29:50,532 - INFO -  * Detected change in 'c:\\onetoone\\app.py', reloading
2024-08-20 01:29:50,539 - INFO -  * Detected change in 'c:\\onetoone\\app.py', reloading
2024-08-20 01:29:50,543 - INFO -  * Detected change in 'c:\\onetoone\\app.py', reloading
2024-08-20 01:29:50,710 - INFO -  * Detected change in 'c:\\onetoone\\app.py', reloading
2024-08-20 01:29:50,719 - INFO -  * Detected change in 'c:\\onetoone\\app.py', reloading
2024-08-20 01:29:50,722 - INFO -  * Detected change in 'c:\\onetoone\\app.py', reloading
2024-08-20 01:29:51,357 - INFO -  * Restarting with watchdog (windowsapi)
2024-08-20 01:30:32,463 - INFO - [31m[1mWARNING: This is a development server. Do not use it in a production deployment. Use a production WSGI server instead.[0m
 * Running on http://127.0.0.1:5000
2024-08-20 01:30:32,463 - INFO - [33mPress CTRL+C to quit[0m
2024-08-20 01:30:32,488 - INFO -  * Restarting with watchdog (windowsapi)
2024-08-20 01:30:34,942 - WARNING -  * Debugger is active!
2024-08-20 01:30:34,946 - INFO -  * Debugger PIN: 452-454-072
2024-08-20 01:31:02,714 - INFO - Snowflake Connector for Python Version: 3.12.0, Python Version: 3.12.5, Platform: Windows-10-10.0.19045-SP0
2024-08-20 01:31:02,715 - INFO - Connecting to GLOBAL Snowflake domain
2024-08-20 01:31:02,715 - INFO - This connection is in OCSP Fail Open Mode. TLS Certificates would be checked for validity and revocation status. Any other Certificate Revocation related exceptions or OCSP Responder failures would be disregarded in favor of connectivity.
2024-08-20 01:31:05,596 - INFO - Number of results in first chunk: 3
2024-08-20 01:31:05,597 - INFO - closed
2024-08-20 01:31:05,671 - INFO - No async queries seem to be running, deleting session
2024-08-20 01:31:05,784 - INFO - 127.0.0.1 - - [20/Aug/2024 01:31:05] "GET / HTTP/1.1" 200 -
2024-08-20 01:31:17,790 - INFO - Snowflake Connector for Python Version: 3.12.0, Python Version: 3.12.5, Platform: Windows-10-10.0.19045-SP0
2024-08-20 01:31:17,791 - INFO - Connecting to GLOBAL Snowflake domain
2024-08-20 01:31:17,791 - INFO - This connection is in OCSP Fail Open Mode. TLS Certificates would be checked for validity and revocation status. Any other Certificate Revocation related exceptions or OCSP Responder failures would be disregarded in favor of connectivity.
2024-08-20 01:31:19,393 - INFO - Number of results in first chunk: 14
2024-08-20 01:31:19,394 - INFO - closed
2024-08-20 01:31:19,470 - INFO - No async queries seem to be running, deleting session
2024-08-20 01:31:19,586 - INFO - 127.0.0.1 - - [20/Aug/2024 01:31:19] "POST /process HTTP/1.1" 200 -
2024-08-20 01:31:32,046 - INFO - Snowflake Connector for Python Version: 3.12.0, Python Version: 3.12.5, Platform: Windows-10-10.0.19045-SP0
2024-08-20 01:31:32,047 - INFO - Connecting to GLOBAL Snowflake domain
2024-08-20 01:31:32,047 - INFO - This connection is in OCSP Fail Open Mode. TLS Certificates would be checked for validity and revocation status. Any other Certificate Revocation related exceptions or OCSP Responder failures would be disregarded in favor of connectivity.
2024-08-20 01:31:33,478 - INFO - Snowflake Connector for Python Version: 3.12.0, Python Version: 3.12.5, Platform: Windows-10-10.0.19045-SP0
2024-08-20 01:31:33,479 - INFO - Connecting to GLOBAL Snowflake domain
2024-08-20 01:31:33,479 - INFO - This connection is in OCSP Fail Open Mode. TLS Certificates would be checked for validity and revocation status. Any other Certificate Revocation related exceptions or OCSP Responder failures would be disregarded in favor of connectivity.
2024-08-20 01:31:34,998 - INFO - Number of results in first chunk: 14
2024-08-20 01:31:34,999 - INFO - closed
2024-08-20 01:31:35,088 - INFO - No async queries seem to be running, deleting session
2024-08-20 01:31:35,186 - INFO - Insert query: INSERT INTO JAGA ("EEID", "FullName", "JobTitle", "Department", "BusinessUnit", "Gender", "Ethnicity", "Age", "HireDate", "AnnualSalary", "Bonuspercent", "Country", "City", "ExitDate") VALUES (%s, %s, %s, %s, %s, %s, %s, %s, %s, %s, %s, %s, %s, %s)
2024-08-20 01:31:35,187 - INFO - Inserting row: [None, None, None, 'Sr. Manger', 'IT', None, None, None, None, None, None, None, None, None]
2024-08-20 01:31:35,696 - INFO - Inserting row: [None, None, None, 'Technical Architect', 'IT', None, None, None, None, None, None, None, None, None]
2024-08-20 01:31:36,069 - INFO - Inserting row: [None, None, None, 'Director', 'Finance', None, None, None, None, None, None, None, None, None]
2024-08-20 01:31:36,389 - INFO - Inserting row: [None, None, None, 'Computer Systems Manager', 'IT', None, None, None, None, None, None, None, None, None]
2024-08-20 01:31:36,761 - INFO - Inserting row: [None, None, None, 'Sr. Analyst', 'Finance', None, None, None, None, None, None, None, None, None]
2024-08-20 01:31:37,229 - INFO - Inserting row: [None, None, None, 'Account Representative', 'Sales', None, None, None, None, None, None, None, None, None]
2024-08-20 01:31:37,596 - INFO - Inserting row: [None, None, None, 'Manager', 'IT', None, None, None, None, None, None, None, None, None]
2024-08-20 01:31:38,051 - INFO - Inserting row: [None, None, None, 'Analyst', 'Finance', None, None, None, None, None, None, None, None, None]
2024-08-20 01:31:38,462 - INFO - Inserting row: [None, None, None, 'Manager', 'Accounting', None, None, None, None, None, None, None, None, None]
2024-08-20 01:31:38,976 - INFO - Inserting row: [None, None, None, 'Sr. Analyst', 'Finance', None, None, None, None, None, None, None, None, None]
2024-08-20 01:31:39,486 - INFO - Data successfully written to Snowflake table: JAGA
2024-08-20 01:31:39,486 - INFO - closed
2024-08-20 01:31:39,591 - INFO - No async queries seem to be running, deleting session
2024-08-20 01:31:39,723 - INFO - 127.0.0.1 - - [20/Aug/2024 01:31:39] "POST /map_columns HTTP/1.1" 200 -
2024-08-20 01:31:45,742 - INFO - 127.0.0.1 - - [20/Aug/2024 01:31:45] "[32mPOST /view_all_data HTTP/1.1[0m" 302 -
2024-08-20 01:31:45,749 - INFO - Snowflake Connector for Python Version: 3.12.0, Python Version: 3.12.5, Platform: Windows-10-10.0.19045-SP0
2024-08-20 01:31:45,749 - INFO - Connecting to GLOBAL Snowflake domain
2024-08-20 01:31:45,749 - INFO - This connection is in OCSP Fail Open Mode. TLS Certificates would be checked for validity and revocation status. Any other Certificate Revocation related exceptions or OCSP Responder failures would be disregarded in favor of connectivity.
2024-08-20 01:31:47,406 - INFO - Number of results in first chunk: 3
2024-08-20 01:31:47,407 - INFO - closed
2024-08-20 01:31:47,489 - INFO - No async queries seem to be running, deleting session
2024-08-20 01:31:47,641 - INFO - 127.0.0.1 - - [20/Aug/2024 01:31:47] "GET /view_all_data HTTP/1.1" 200 -
2024-08-20 01:31:53,535 - INFO - Snowflake Connector for Python Version: 3.12.0, Python Version: 3.12.5, Platform: Windows-10-10.0.19045-SP0
2024-08-20 01:31:53,535 - INFO - Connecting to GLOBAL Snowflake domain
2024-08-20 01:31:53,535 - INFO - This connection is in OCSP Fail Open Mode. TLS Certificates would be checked for validity and revocation status. Any other Certificate Revocation related exceptions or OCSP Responder failures would be disregarded in favor of connectivity.
2024-08-20 01:31:55,261 - INFO - Number of results in first chunk: 270
2024-08-20 01:31:55,274 - INFO - closed
2024-08-20 01:31:55,344 - INFO - No async queries seem to be running, deleting session
2024-08-20 01:31:55,532 - INFO - 127.0.0.1 - - [20/Aug/2024 01:31:55] "POST /view_table_data HTTP/1.1" 200 -
2024-08-20 01:32:13,834 - INFO - 127.0.0.1 - - [20/Aug/2024 01:32:13] "[32mPOST /view_all_data HTTP/1.1[0m" 302 -
2024-08-20 01:32:13,846 - INFO - Snowflake Connector for Python Version: 3.12.0, Python Version: 3.12.5, Platform: Windows-10-10.0.19045-SP0
2024-08-20 01:32:13,847 - INFO - Connecting to GLOBAL Snowflake domain
2024-08-20 01:32:13,847 - INFO - This connection is in OCSP Fail Open Mode. TLS Certificates would be checked for validity and revocation status. Any other Certificate Revocation related exceptions or OCSP Responder failures would be disregarded in favor of connectivity.
2024-08-20 01:32:15,634 - INFO - Number of results in first chunk: 3
2024-08-20 01:32:15,635 - INFO - closed
2024-08-20 01:32:15,722 - INFO - No async queries seem to be running, deleting session
2024-08-20 01:32:15,806 - INFO - 127.0.0.1 - - [20/Aug/2024 01:32:15] "GET /view_all_data HTTP/1.1" 200 -
2024-08-20 01:36:44,233 - INFO - Snowflake Connector for Python Version: 3.12.0, Python Version: 3.12.5, Platform: Windows-10-10.0.19045-SP0
2024-08-20 01:36:44,234 - INFO - Connecting to GLOBAL Snowflake domain
2024-08-20 01:36:44,234 - INFO - This connection is in OCSP Fail Open Mode. TLS Certificates would be checked for validity and revocation status. Any other Certificate Revocation related exceptions or OCSP Responder failures would be disregarded in favor of connectivity.
2024-08-20 01:36:45,511 - INFO - Number of results in first chunk: 3
2024-08-20 01:36:45,512 - INFO - closed
2024-08-20 01:36:45,677 - INFO - No async queries seem to be running, deleting session
2024-08-20 01:36:45,827 - INFO - 127.0.0.1 - - [20/Aug/2024 01:36:45] "GET /view_all_data HTTP/1.1" 200 -
2024-08-20 01:36:48,332 - INFO - Snowflake Connector for Python Version: 3.12.0, Python Version: 3.12.5, Platform: Windows-10-10.0.19045-SP0
2024-08-20 01:36:48,332 - INFO - Connecting to GLOBAL Snowflake domain
2024-08-20 01:36:48,332 - INFO - This connection is in OCSP Fail Open Mode. TLS Certificates would be checked for validity and revocation status. Any other Certificate Revocation related exceptions or OCSP Responder failures would be disregarded in favor of connectivity.
2024-08-20 01:36:49,861 - INFO - Number of results in first chunk: 3
2024-08-20 01:36:49,862 - INFO - closed
2024-08-20 01:36:49,954 - INFO - No async queries seem to be running, deleting session
2024-08-20 01:36:50,066 - INFO - 127.0.0.1 - - [20/Aug/2024 01:36:50] "GET /view_all_data HTTP/1.1" 200 -
2024-08-20 01:36:56,633 - INFO - Snowflake Connector for Python Version: 3.12.0, Python Version: 3.12.5, Platform: Windows-10-10.0.19045-SP0
2024-08-20 01:36:56,633 - INFO - Connecting to GLOBAL Snowflake domain
2024-08-20 01:36:56,633 - INFO - This connection is in OCSP Fail Open Mode. TLS Certificates would be checked for validity and revocation status. Any other Certificate Revocation related exceptions or OCSP Responder failures would be disregarded in favor of connectivity.
2024-08-20 01:36:58,166 - INFO - Number of results in first chunk: 270
2024-08-20 01:36:58,170 - INFO - closed
2024-08-20 01:36:58,240 - INFO - No async queries seem to be running, deleting session
2024-08-20 01:36:58,379 - INFO - 127.0.0.1 - - [20/Aug/2024 01:36:58] "POST /view_table_data HTTP/1.1" 200 -
2024-08-20 01:37:08,273 - INFO - Snowflake Connector for Python Version: 3.12.0, Python Version: 3.12.5, Platform: Windows-10-10.0.19045-SP0
2024-08-20 01:37:08,275 - INFO - Connecting to GLOBAL Snowflake domain
2024-08-20 01:37:08,275 - INFO - This connection is in OCSP Fail Open Mode. TLS Certificates would be checked for validity and revocation status. Any other Certificate Revocation related exceptions or OCSP Responder failures would be disregarded in favor of connectivity.
2024-08-20 01:37:09,955 - INFO - Number of results in first chunk: 270
2024-08-20 01:37:09,956 - INFO - closed
2024-08-20 01:37:10,035 - INFO - No async queries seem to be running, deleting session
2024-08-20 01:37:10,165 - INFO - 127.0.0.1 - - [20/Aug/2024 01:37:10] "POST /view_table_data HTTP/1.1" 200 -
2024-08-20 01:37:34,365 - INFO -  * Detected change in 'c:\\onetoone\\app.py', reloading
2024-08-20 01:37:34,370 - INFO -  * Detected change in 'c:\\onetoone\\app.py', reloading
2024-08-20 01:37:34,373 - INFO -  * Detected change in 'c:\\onetoone\\app.py', reloading
2024-08-20 01:37:34,865 - INFO -  * Restarting with watchdog (windowsapi)
2024-08-20 01:37:37,516 - WARNING -  * Debugger is active!
2024-08-20 01:37:37,524 - INFO -  * Debugger PIN: 452-454-072
2024-08-20 01:37:50,098 - INFO - Snowflake Connector for Python Version: 3.12.0, Python Version: 3.12.5, Platform: Windows-10-10.0.19045-SP0
2024-08-20 01:37:50,099 - INFO - Connecting to GLOBAL Snowflake domain
2024-08-20 01:37:50,099 - INFO - This connection is in OCSP Fail Open Mode. TLS Certificates would be checked for validity and revocation status. Any other Certificate Revocation related exceptions or OCSP Responder failures would be disregarded in favor of connectivity.
2024-08-20 01:37:53,543 - INFO - Number of results in first chunk: 270
2024-08-20 01:37:53,548 - INFO - closed
2024-08-20 01:37:53,625 - INFO - No async queries seem to be running, deleting session
2024-08-20 01:37:53,809 - INFO - 127.0.0.1 - - [20/Aug/2024 01:37:53] "POST /view_table_data HTTP/1.1" 200 -
2024-08-20 01:38:30,388 - INFO - Snowflake Connector for Python Version: 3.12.0, Python Version: 3.12.5, Platform: Windows-10-10.0.19045-SP0
2024-08-20 01:38:30,389 - INFO - Connecting to GLOBAL Snowflake domain
2024-08-20 01:38:30,389 - INFO - This connection is in OCSP Fail Open Mode. TLS Certificates would be checked for validity and revocation status. Any other Certificate Revocation related exceptions or OCSP Responder failures would be disregarded in favor of connectivity.
2024-08-20 01:38:32,042 - INFO - Number of results in first chunk: 3
2024-08-20 01:38:32,043 - INFO - closed
2024-08-20 01:38:32,123 - INFO - No async queries seem to be running, deleting session
2024-08-20 01:38:32,226 - INFO - 127.0.0.1 - - [20/Aug/2024 01:38:32] "GET /view_all_data HTTP/1.1" 200 -
2024-08-20 01:38:37,564 - INFO - Snowflake Connector for Python Version: 3.12.0, Python Version: 3.12.5, Platform: Windows-10-10.0.19045-SP0
2024-08-20 01:38:37,564 - INFO - Connecting to GLOBAL Snowflake domain
2024-08-20 01:38:37,565 - INFO - This connection is in OCSP Fail Open Mode. TLS Certificates would be checked for validity and revocation status. Any other Certificate Revocation related exceptions or OCSP Responder failures would be disregarded in favor of connectivity.
2024-08-20 01:38:39,326 - INFO - Number of results in first chunk: 133
2024-08-20 01:38:39,329 - INFO - closed
2024-08-20 01:38:39,420 - INFO - No async queries seem to be running, deleting session
2024-08-20 01:38:39,515 - INFO - 127.0.0.1 - - [20/Aug/2024 01:38:39] "POST /view_table_data HTTP/1.1" 200 -
2024-08-20 01:38:46,795 - INFO - 127.0.0.1 - - [20/Aug/2024 01:38:46] "[32mPOST /view_all_data HTTP/1.1[0m" 302 -
2024-08-20 01:38:46,800 - INFO - Snowflake Connector for Python Version: 3.12.0, Python Version: 3.12.5, Platform: Windows-10-10.0.19045-SP0
2024-08-20 01:38:46,801 - INFO - Connecting to GLOBAL Snowflake domain
2024-08-20 01:38:46,802 - INFO - This connection is in OCSP Fail Open Mode. TLS Certificates would be checked for validity and revocation status. Any other Certificate Revocation related exceptions or OCSP Responder failures would be disregarded in favor of connectivity.
2024-08-20 01:38:48,292 - INFO - Number of results in first chunk: 3
2024-08-20 01:38:48,292 - INFO - closed
2024-08-20 01:38:48,402 - INFO - No async queries seem to be running, deleting session
2024-08-20 01:38:48,482 - INFO - 127.0.0.1 - - [20/Aug/2024 01:38:48] "GET /view_all_data HTTP/1.1" 200 -
2024-08-20 01:38:57,710 - INFO - Snowflake Connector for Python Version: 3.12.0, Python Version: 3.12.5, Platform: Windows-10-10.0.19045-SP0
2024-08-20 01:38:57,711 - INFO - Connecting to GLOBAL Snowflake domain
2024-08-20 01:38:57,711 - INFO - This connection is in OCSP Fail Open Mode. TLS Certificates would be checked for validity and revocation status. Any other Certificate Revocation related exceptions or OCSP Responder failures would be disregarded in favor of connectivity.
2024-08-20 01:38:59,412 - INFO - Number of results in first chunk: 3
2024-08-20 01:38:59,413 - INFO - closed
2024-08-20 01:38:59,479 - INFO - No async queries seem to be running, deleting session
2024-08-20 01:38:59,572 - INFO - 127.0.0.1 - - [20/Aug/2024 01:38:59] "GET / HTTP/1.1" 200 -
2024-08-20 01:41:38,353 - INFO -  * Detected change in 'c:\\onetoone\\app.py', reloading
2024-08-20 01:41:38,356 - INFO -  * Detected change in 'c:\\onetoone\\app.py', reloading
2024-08-20 01:41:38,359 - INFO -  * Detected change in 'c:\\onetoone\\app.py', reloading
2024-08-20 01:41:38,362 - INFO -  * Detected change in 'c:\\onetoone\\app.py', reloading
2024-08-20 01:41:38,646 - INFO -  * Detected change in 'c:\\onetoone\\app.py', reloading
2024-08-20 01:41:38,653 - INFO -  * Detected change in 'c:\\onetoone\\app.py', reloading
2024-08-20 01:41:38,658 - INFO -  * Detected change in 'c:\\onetoone\\app.py', reloading
2024-08-20 01:41:38,660 - INFO -  * Detected change in 'c:\\onetoone\\app.py', reloading
2024-08-20 01:41:38,870 - INFO -  * Detected change in 'c:\\onetoone\\app.py', reloading
2024-08-20 01:41:38,880 - INFO -  * Detected change in 'c:\\onetoone\\app.py', reloading
2024-08-20 01:41:38,882 - INFO -  * Detected change in 'c:\\onetoone\\app.py', reloading
2024-08-20 01:41:39,274 - INFO -  * Restarting with watchdog (windowsapi)
2024-08-20 01:41:41,964 - WARNING -  * Debugger is active!
2024-08-20 01:41:41,968 - INFO -  * Debugger PIN: 452-454-072
2024-08-20 01:41:43,822 - INFO - Snowflake Connector for Python Version: 3.12.0, Python Version: 3.12.5, Platform: Windows-10-10.0.19045-SP0
2024-08-20 01:41:43,822 - INFO - Connecting to GLOBAL Snowflake domain
2024-08-20 01:41:43,822 - INFO - This connection is in OCSP Fail Open Mode. TLS Certificates would be checked for validity and revocation status. Any other Certificate Revocation related exceptions or OCSP Responder failures would be disregarded in favor of connectivity.
2024-08-20 01:41:46,466 - INFO - Number of results in first chunk: 3
2024-08-20 01:41:46,466 - INFO - closed
2024-08-20 01:41:46,535 - INFO - No async queries seem to be running, deleting session
2024-08-20 01:41:46,617 - INFO - 127.0.0.1 - - [20/Aug/2024 01:41:46] "GET / HTTP/1.1" 200 -
2024-08-20 01:41:56,615 - INFO - Snowflake Connector for Python Version: 3.12.0, Python Version: 3.12.5, Platform: Windows-10-10.0.19045-SP0
2024-08-20 01:41:56,616 - INFO - Connecting to GLOBAL Snowflake domain
2024-08-20 01:41:56,616 - INFO - This connection is in OCSP Fail Open Mode. TLS Certificates would be checked for validity and revocation status. Any other Certificate Revocation related exceptions or OCSP Responder failures would be disregarded in favor of connectivity.
2024-08-20 01:41:58,262 - INFO - Number of results in first chunk: 35
2024-08-20 01:41:58,263 - INFO - closed
2024-08-20 01:41:58,342 - INFO - No async queries seem to be running, deleting session
2024-08-20 01:41:58,446 - INFO - 127.0.0.1 - - [20/Aug/2024 01:41:58] "POST /process HTTP/1.1" 200 -
2024-08-20 01:42:12,984 - INFO - Snowflake Connector for Python Version: 3.12.0, Python Version: 3.12.5, Platform: Windows-10-10.0.19045-SP0
2024-08-20 01:42:12,985 - INFO - Connecting to GLOBAL Snowflake domain
2024-08-20 01:42:12,986 - INFO - This connection is in OCSP Fail Open Mode. TLS Certificates would be checked for validity and revocation status. Any other Certificate Revocation related exceptions or OCSP Responder failures would be disregarded in favor of connectivity.
2024-08-20 01:42:14,531 - INFO - Snowflake Connector for Python Version: 3.12.0, Python Version: 3.12.5, Platform: Windows-10-10.0.19045-SP0
2024-08-20 01:42:14,532 - INFO - Connecting to GLOBAL Snowflake domain
2024-08-20 01:42:14,532 - INFO - This connection is in OCSP Fail Open Mode. TLS Certificates would be checked for validity and revocation status. Any other Certificate Revocation related exceptions or OCSP Responder failures would be disregarded in favor of connectivity.
2024-08-20 01:42:16,013 - INFO - Number of results in first chunk: 35
2024-08-20 01:42:16,014 - INFO - closed
2024-08-20 01:42:16,101 - INFO - No async queries seem to be running, deleting session
2024-08-20 01:42:16,193 - INFO - Insert query: INSERT INTO DEMO ("m_sno", "m_so_item_id", "m_solineitem", "m_datelastfulfillment", "m_datescheduledfulfillment", "m_datefulfillment", "m_soitem_desc", "m_productid", "m_productnum", "m_soid", "m_qtyfulfilled", "m_qtyordered", "m_shipped_quantity", "m_qtytofulfill", "m_qtypicked", "m_totalcost", "m_totalprice", "m_fulfilled_revenue", "m_fulfilled_margin", "m_soitem_status", "m_soitem_type", "m_taxid", "m_taxrate", "m_taxableflag", "m_unitprice", "m_uom_name", "m_uom_code", "m_item_margin", "m_negative_margin_flag", "m_lot_number", "m_schfulfilled_date_str", "m_wo_cost", "m_wo_qtyscrapped", "m_wo_qtytarget", "m_wo_qtyused") VALUES (%s, %s, %s, %s, %s, %s, %s, %s, %s, %s, %s, %s, %s, %s, %s, %s, %s, %s, %s, %s, %s, %s, %s, %s, %s, %s, %s, %s, %s, %s, %s, %s, %s, %s, %s)
2024-08-20 01:42:16,194 - INFO - Inserting row: [None, None, None, None, None, None, None, None, None, None, None, None, None, None, None, None, None, None, None, 'United States', 'Seattle', None, None, None, None, None, None, None, None, None, None, None, None, None, None]
2024-08-20 01:42:16,726 - INFO - Inserting row: [None, None, None, None, None, None, None, None, None, None, None, None, None, None, None, None, None, None, None, 'China', 'Chongqing', None, None, None, None, None, None, None, None, None, None, None, None, None, None]
2024-08-20 01:42:17,236 - INFO - Inserting row: [None, None, None, None, None, None, None, None, None, None, None, None, None, None, None, None, None, None, None, 'United States', 'Chicago', None, None, None, None, None, None, None, None, None, None, None, None, None, None]
2024-08-20 01:42:17,575 - INFO - Inserting row: [None, None, None, None, None, None, None, None, None, None, None, None, None, None, None, None, None, None, None, None, None, None, None, None, None, None, None, None, None, None, None, None, None, None, None]
2024-08-20 01:42:17,958 - INFO - Inserting row: [None, None, None, None, None, None, None, None, None, None, None, None, None, None, None, None, None, None, None, None, None, None, None, None, None, None, None, None, None, None, None, None, None, None, None]
2024-08-20 01:42:18,360 - INFO - Inserting row: [None, None, None, None, None, None, None, None, None, None, None, None, None, None, None, None, None, None, None, None, None, None, None, None, None, None, None, None, None, None, None, None, None, None, None]
2024-08-20 01:42:18,779 - INFO - Inserting row: [None, None, None, None, None, None, None, None, None, None, None, None, None, None, None, None, None, None, None, None, None, None, None, None, None, None, None, None, None, None, None, None, None, None, None]
2024-08-20 01:42:19,595 - INFO - Inserting row: [None, None, None, None, None, None, None, None, None, None, None, None, None, None, None, None, None, None, None, None, None, None, None, None, None, None, None, None, None, None, None, None, None, None, None]
2024-08-20 01:42:20,210 - INFO - Inserting row: [None, None, None, None, None, None, None, None, None, None, None, None, None, None, None, None, None, None, None, None, None, None, None, None, None, None, None, None, None, None, None, None, None, None, None]
2024-08-20 01:42:20,823 - INFO - Inserting row: [None, None, None, None, None, None, None, None, None, None, None, None, None, None, None, None, None, None, None, None, None, None, None, None, None, None, None, None, None, None, None, None, None, None, None]
2024-08-20 01:42:21,180 - INFO - Data successfully written to Snowflake table: DEMO
2024-08-20 01:42:21,181 - INFO - closed
2024-08-20 01:42:21,298 - INFO - No async queries seem to be running, deleting session
2024-08-20 01:42:21,440 - INFO - 127.0.0.1 - - [20/Aug/2024 01:42:21] "POST /map_columns HTTP/1.1" 200 -
2024-08-20 01:42:28,243 - INFO - 127.0.0.1 - - [20/Aug/2024 01:42:28] "[32mPOST /view_all_data HTTP/1.1[0m" 302 -
2024-08-20 01:42:28,256 - INFO - Snowflake Connector for Python Version: 3.12.0, Python Version: 3.12.5, Platform: Windows-10-10.0.19045-SP0
2024-08-20 01:42:28,258 - INFO - Connecting to GLOBAL Snowflake domain
2024-08-20 01:42:28,258 - INFO - This connection is in OCSP Fail Open Mode. TLS Certificates would be checked for validity and revocation status. Any other Certificate Revocation related exceptions or OCSP Responder failures would be disregarded in favor of connectivity.
2024-08-20 01:42:29,808 - INFO - Number of results in first chunk: 3
2024-08-20 01:42:29,809 - INFO - closed
2024-08-20 01:42:29,896 - INFO - No async queries seem to be running, deleting session
2024-08-20 01:42:30,037 - INFO - 127.0.0.1 - - [20/Aug/2024 01:42:30] "GET /view_all_data HTTP/1.1" 200 -
2024-08-20 01:42:36,204 - INFO - Snowflake Connector for Python Version: 3.12.0, Python Version: 3.12.5, Platform: Windows-10-10.0.19045-SP0
2024-08-20 01:42:36,204 - INFO - Connecting to GLOBAL Snowflake domain
2024-08-20 01:42:36,205 - INFO - This connection is in OCSP Fail Open Mode. TLS Certificates would be checked for validity and revocation status. Any other Certificate Revocation related exceptions or OCSP Responder failures would be disregarded in favor of connectivity.
2024-08-20 01:42:37,760 - INFO - Number of results in first chunk: 133
2024-08-20 01:42:37,764 - INFO - closed
2024-08-20 01:42:37,850 - INFO - No async queries seem to be running, deleting session
2024-08-20 01:42:37,966 - INFO - 127.0.0.1 - - [20/Aug/2024 01:42:37] "POST /view_table_data HTTP/1.1" 200 -
2024-08-20 01:44:02,774 - INFO -  * Detected change in 'c:\\onetoone\\app.py', reloading
2024-08-20 01:44:02,779 - INFO -  * Detected change in 'c:\\onetoone\\app.py', reloading
2024-08-20 01:44:02,783 - INFO -  * Detected change in 'c:\\onetoone\\app.py', reloading
2024-08-20 01:44:02,788 - INFO -  * Detected change in 'c:\\onetoone\\app.py', reloading
2024-08-20 01:44:03,329 - INFO -  * Restarting with watchdog (windowsapi)
2024-08-20 01:44:05,917 - WARNING -  * Debugger is active!
2024-08-20 01:44:05,921 - INFO -  * Debugger PIN: 452-454-072
2024-08-20 01:44:10,756 - INFO - Snowflake Connector for Python Version: 3.12.0, Python Version: 3.12.5, Platform: Windows-10-10.0.19045-SP0
2024-08-20 01:44:10,757 - INFO - Connecting to GLOBAL Snowflake domain
2024-08-20 01:44:10,757 - INFO - This connection is in OCSP Fail Open Mode. TLS Certificates would be checked for validity and revocation status. Any other Certificate Revocation related exceptions or OCSP Responder failures would be disregarded in favor of connectivity.
2024-08-20 01:44:15,200 - INFO - Number of results in first chunk: 133
2024-08-20 01:44:15,203 - INFO - closed
2024-08-20 01:44:15,279 - INFO - No async queries seem to be running, deleting session
2024-08-20 01:44:15,393 - INFO - 127.0.0.1 - - [20/Aug/2024 01:44:15] "POST /view_table_data HTTP/1.1" 200 -
2024-08-20 01:44:53,860 - INFO - 127.0.0.1 - - [20/Aug/2024 01:44:53] "[32mPOST /view_all_data HTTP/1.1[0m" 302 -
2024-08-20 01:44:53,868 - INFO - Snowflake Connector for Python Version: 3.12.0, Python Version: 3.12.5, Platform: Windows-10-10.0.19045-SP0
2024-08-20 01:44:53,868 - INFO - Connecting to GLOBAL Snowflake domain
2024-08-20 01:44:53,869 - INFO - This connection is in OCSP Fail Open Mode. TLS Certificates would be checked for validity and revocation status. Any other Certificate Revocation related exceptions or OCSP Responder failures would be disregarded in favor of connectivity.
2024-08-20 01:44:55,566 - INFO - Number of results in first chunk: 3
2024-08-20 01:44:55,567 - INFO - closed
2024-08-20 01:44:55,651 - INFO - No async queries seem to be running, deleting session
2024-08-20 01:44:55,747 - INFO - 127.0.0.1 - - [20/Aug/2024 01:44:55] "GET /view_all_data HTTP/1.1" 200 -
2024-08-20 01:45:00,639 - INFO - Snowflake Connector for Python Version: 3.12.0, Python Version: 3.12.5, Platform: Windows-10-10.0.19045-SP0
2024-08-20 01:45:00,639 - INFO - Connecting to GLOBAL Snowflake domain
2024-08-20 01:45:00,640 - INFO - This connection is in OCSP Fail Open Mode. TLS Certificates would be checked for validity and revocation status. Any other Certificate Revocation related exceptions or OCSP Responder failures would be disregarded in favor of connectivity.
2024-08-20 01:45:02,450 - INFO - Number of results in first chunk: 11
2024-08-20 01:45:02,462 - INFO - closed
2024-08-20 01:45:02,540 - INFO - No async queries seem to be running, deleting session
2024-08-20 01:45:02,622 - INFO - 127.0.0.1 - - [20/Aug/2024 01:45:02] "POST /view_table_data HTTP/1.1" 200 -
2024-08-20 01:45:13,560 - INFO - Snowflake Connector for Python Version: 3.12.0, Python Version: 3.12.5, Platform: Windows-10-10.0.19045-SP0
2024-08-20 01:45:13,561 - INFO - Connecting to GLOBAL Snowflake domain
2024-08-20 01:45:13,561 - INFO - This connection is in OCSP Fail Open Mode. TLS Certificates would be checked for validity and revocation status. Any other Certificate Revocation related exceptions or OCSP Responder failures would be disregarded in favor of connectivity.
2024-08-20 01:45:15,531 - INFO - Number of results in first chunk: 3
2024-08-20 01:45:15,532 - INFO - closed
2024-08-20 01:45:15,610 - INFO - No async queries seem to be running, deleting session
2024-08-20 01:45:15,696 - INFO - 127.0.0.1 - - [20/Aug/2024 01:45:15] "GET / HTTP/1.1" 200 -
2024-08-20 01:45:21,860 - INFO -  * Detected change in 'c:\\onetoone\\app.py', reloading
2024-08-20 01:45:21,863 - INFO -  * Detected change in 'c:\\onetoone\\app.py', reloading
2024-08-20 01:45:21,864 - INFO -  * Detected change in 'c:\\onetoone\\app.py', reloading
2024-08-20 01:45:22,158 - INFO -  * Detected change in 'c:\\onetoone\\app.py', reloading
2024-08-20 01:45:22,158 - INFO -  * Detected change in 'c:\\onetoone\\app.py', reloading
2024-08-20 01:45:22,163 - INFO -  * Detected change in 'c:\\onetoone\\app.py', reloading
2024-08-20 01:45:22,164 - INFO -  * Detected change in 'c:\\onetoone\\app.py', reloading
2024-08-20 01:45:22,614 - INFO -  * Restarting with watchdog (windowsapi)
2024-08-20 01:45:26,458 - WARNING -  * Debugger is active!
2024-08-20 01:45:26,462 - INFO -  * Debugger PIN: 452-454-072
2024-08-20 10:26:02,618 - INFO - [31m[1mWARNING: This is a development server. Do not use it in a production deployment. Use a production WSGI server instead.[0m
 * Running on http://127.0.0.1:5000
2024-08-20 10:26:02,624 - INFO - [33mPress CTRL+C to quit[0m
2024-08-20 10:26:02,695 - INFO -  * Restarting with watchdog (windowsapi)
2024-08-20 10:26:05,446 - WARNING -  * Debugger is active!
2024-08-20 10:26:05,463 - INFO -  * Debugger PIN: 452-454-072
2024-08-20 10:26:12,996 - INFO - Snowflake Connector for Python Version: 3.12.0, Python Version: 3.12.5, Platform: Windows-10-10.0.19045-SP0
2024-08-20 10:26:12,997 - INFO - Connecting to GLOBAL Snowflake domain
2024-08-20 10:26:12,998 - INFO - This connection is in OCSP Fail Open Mode. TLS Certificates would be checked for validity and revocation status. Any other Certificate Revocation related exceptions or OCSP Responder failures would be disregarded in favor of connectivity.
2024-08-20 10:26:18,796 - INFO - Number of results in first chunk: 3
2024-08-20 10:26:18,800 - INFO - closed
2024-08-20 10:26:18,918 - INFO - No async queries seem to be running, deleting session
2024-08-20 10:26:18,980 - INFO - 127.0.0.1 - - [20/Aug/2024 10:26:18] "GET / HTTP/1.1" 200 -
2024-08-20 10:26:19,080 - INFO - 127.0.0.1 - - [20/Aug/2024 10:26:19] "[33mGET /favicon.ico HTTP/1.1[0m" 404 -
2024-08-20 10:27:44,162 - INFO - Snowflake Connector for Python Version: 3.12.0, Python Version: 3.12.5, Platform: Windows-10-10.0.19045-SP0
2024-08-20 10:27:44,163 - INFO - Connecting to GLOBAL Snowflake domain
2024-08-20 10:27:44,163 - INFO - This connection is in OCSP Fail Open Mode. TLS Certificates would be checked for validity and revocation status. Any other Certificate Revocation related exceptions or OCSP Responder failures would be disregarded in favor of connectivity.
2024-08-20 10:27:45,106 - INFO -  * Detected change in 'C:\\Users\\SSLTP11406\\AppData\\Local\\Programs\\Python\\Python312\\Lib\\site-packages\\snowflake\\connector\\errors.py', reloading
2024-08-20 10:27:45,112 - INFO -  * Detected change in 'C:\\Users\\SSLTP11406\\AppData\\Local\\Programs\\Python\\Python312\\Lib\\site-packages\\snowflake\\connector\\cursor.py', reloading
2024-08-20 10:27:45,117 - INFO -  * Detected change in 'C:\\Users\\SSLTP11406\\AppData\\Local\\Programs\\Python\\Python312\\Lib\\site-packages\\flask\\app.py', reloading
2024-08-20 10:27:45,121 - INFO -  * Detected change in 'C:\\Users\\SSLTP11406\\AppData\\Local\\Programs\\Python\\Python312\\Lib\\site-packages\\werkzeug\\debug\\__init__.py', reloading
2024-08-20 10:27:45,124 - INFO -  * Detected change in 'C:\\Users\\SSLTP11406\\AppData\\Local\\Programs\\Python\\Python312\\Lib\\site-packages\\werkzeug\\serving.py', reloading
2024-08-20 10:27:45,127 - INFO -  * Detected change in 'C:\\Users\\SSLTP11406\\AppData\\Local\\Programs\\Python\\Python312\\Lib\\http\\server.py', reloading
2024-08-20 10:27:45,133 - INFO -  * Detected change in 'C:\\Users\\SSLTP11406\\AppData\\Local\\Programs\\Python\\Python312\\Lib\\socketserver.py', reloading
2024-08-20 10:27:45,138 - INFO - closed
2024-08-20 10:27:45,142 - INFO -  * Detected change in 'C:\\Users\\SSLTP11406\\AppData\\Local\\Programs\\Python\\Python312\\Lib\\threading.py', reloading
2024-08-20 10:27:45,177 - INFO - No async queries seem to be running, deleting session
2024-08-20 10:27:45,223 - ERROR - Error loading file: 002003 (42S02): 01b67809-0000-b47e-0007-bcfa0001f30a: SQL compilation error:
Table 'VINEETH' does not exist or not authorized.
2024-08-20 10:27:45,224 - INFO - 127.0.0.1 - - [20/Aug/2024 10:27:45] "[32mPOST /process HTTP/1.1[0m" 302 -
2024-08-20 10:27:45,236 - INFO - Snowflake Connector for Python Version: 3.12.0, Python Version: 3.12.5, Platform: Windows-10-10.0.19045-SP0
2024-08-20 10:27:45,236 - INFO - Connecting to GLOBAL Snowflake domain
2024-08-20 10:27:45,237 - INFO - This connection is in OCSP Fail Open Mode. TLS Certificates would be checked for validity and revocation status. Any other Certificate Revocation related exceptions or OCSP Responder failures would be disregarded in favor of connectivity.
2024-08-20 10:27:46,223 - INFO -  * Restarting with watchdog (windowsapi)
2024-08-20 10:27:48,584 - WARNING -  * Debugger is active!
2024-08-20 10:27:48,591 - INFO -  * Debugger PIN: 452-454-072
2024-08-20 10:27:48,619 - INFO - Snowflake Connector for Python Version: 3.12.0, Python Version: 3.12.5, Platform: Windows-10-10.0.19045-SP0
2024-08-20 10:27:48,620 - INFO - Connecting to GLOBAL Snowflake domain
2024-08-20 10:27:48,620 - INFO - This connection is in OCSP Fail Open Mode. TLS Certificates would be checked for validity and revocation status. Any other Certificate Revocation related exceptions or OCSP Responder failures would be disregarded in favor of connectivity.
2024-08-20 10:27:50,543 - INFO - Number of results in first chunk: 3
2024-08-20 10:27:50,543 - INFO - closed
2024-08-20 10:27:50,577 - INFO - No async queries seem to be running, deleting session
2024-08-20 10:27:50,630 - INFO - 127.0.0.1 - - [20/Aug/2024 10:27:50] "GET / HTTP/1.1" 200 -
2024-08-20 10:28:16,229 - INFO - Snowflake Connector for Python Version: 3.12.0, Python Version: 3.12.5, Platform: Windows-10-10.0.19045-SP0
2024-08-20 10:28:16,230 - INFO - Connecting to GLOBAL Snowflake domain
2024-08-20 10:28:16,230 - INFO - This connection is in OCSP Fail Open Mode. TLS Certificates would be checked for validity and revocation status. Any other Certificate Revocation related exceptions or OCSP Responder failures would be disregarded in favor of connectivity.
2024-08-20 10:28:17,059 - INFO - Number of results in first chunk: 3
2024-08-20 10:28:17,059 - INFO - closed
2024-08-20 10:28:17,091 - INFO - No async queries seem to be running, deleting session
2024-08-20 10:28:17,133 - INFO - 127.0.0.1 - - [20/Aug/2024 10:28:17] "GET / HTTP/1.1" 200 -
2024-08-20 10:28:28,532 - INFO - Snowflake Connector for Python Version: 3.12.0, Python Version: 3.12.5, Platform: Windows-10-10.0.19045-SP0
2024-08-20 10:28:28,533 - INFO - Connecting to GLOBAL Snowflake domain
2024-08-20 10:28:28,533 - INFO - This connection is in OCSP Fail Open Mode. TLS Certificates would be checked for validity and revocation status. Any other Certificate Revocation related exceptions or OCSP Responder failures would be disregarded in favor of connectivity.
2024-08-20 10:28:29,423 - INFO - Number of results in first chunk: 35
2024-08-20 10:28:29,423 - INFO - closed
2024-08-20 10:28:29,469 - INFO - No async queries seem to be running, deleting session
2024-08-20 10:28:29,565 - INFO - 127.0.0.1 - - [20/Aug/2024 10:28:29] "POST /process HTTP/1.1" 200 -
2024-08-20 10:28:47,119 - INFO - Snowflake Connector for Python Version: 3.12.0, Python Version: 3.12.5, Platform: Windows-10-10.0.19045-SP0
2024-08-20 10:28:47,119 - INFO - Connecting to GLOBAL Snowflake domain
2024-08-20 10:28:47,119 - INFO - This connection is in OCSP Fail Open Mode. TLS Certificates would be checked for validity and revocation status. Any other Certificate Revocation related exceptions or OCSP Responder failures would be disregarded in favor of connectivity.
2024-08-20 10:28:48,036 - INFO - Number of results in first chunk: 3
2024-08-20 10:28:48,037 - INFO - closed
2024-08-20 10:28:48,075 - INFO - No async queries seem to be running, deleting session
2024-08-20 10:28:48,113 - INFO - 127.0.0.1 - - [20/Aug/2024 10:28:48] "GET / HTTP/1.1" 200 -
2024-08-20 10:29:11,051 - INFO - Snowflake Connector for Python Version: 3.12.0, Python Version: 3.12.5, Platform: Windows-10-10.0.19045-SP0
2024-08-20 10:29:11,051 - INFO - Connecting to GLOBAL Snowflake domain
2024-08-20 10:29:11,051 - INFO - This connection is in OCSP Fail Open Mode. TLS Certificates would be checked for validity and revocation status. Any other Certificate Revocation related exceptions or OCSP Responder failures would be disregarded in favor of connectivity.
2024-08-20 10:29:11,905 - INFO - Number of results in first chunk: 3
2024-08-20 10:29:11,905 - INFO - closed
2024-08-20 10:29:11,940 - INFO - No async queries seem to be running, deleting session
2024-08-20 10:29:11,980 - INFO - 127.0.0.1 - - [20/Aug/2024 10:29:11] "GET / HTTP/1.1" 200 -
2024-08-20 10:32:20,208 - INFO - Snowflake Connector for Python Version: 3.12.0, Python Version: 3.12.5, Platform: Windows-10-10.0.19045-SP0
2024-08-20 10:32:20,209 - INFO - Connecting to GLOBAL Snowflake domain
2024-08-20 10:32:20,209 - INFO - This connection is in OCSP Fail Open Mode. TLS Certificates would be checked for validity and revocation status. Any other Certificate Revocation related exceptions or OCSP Responder failures would be disregarded in favor of connectivity.
2024-08-20 10:32:21,085 - INFO - Number of results in first chunk: 3
2024-08-20 10:32:21,085 - INFO - closed
2024-08-20 10:32:21,125 - INFO - No async queries seem to be running, deleting session
2024-08-20 10:32:21,163 - INFO - 127.0.0.1 - - [20/Aug/2024 10:32:21] "GET / HTTP/1.1" 200 -
2024-08-20 10:32:39,777 - INFO - Snowflake Connector for Python Version: 3.12.0, Python Version: 3.12.5, Platform: Windows-10-10.0.19045-SP0
2024-08-20 10:32:39,777 - INFO - Connecting to GLOBAL Snowflake domain
2024-08-20 10:32:39,777 - INFO - This connection is in OCSP Fail Open Mode. TLS Certificates would be checked for validity and revocation status. Any other Certificate Revocation related exceptions or OCSP Responder failures would be disregarded in favor of connectivity.
2024-08-20 10:32:40,583 - INFO - Number of results in first chunk: 14
2024-08-20 10:32:40,584 - INFO - closed
2024-08-20 10:32:40,623 - INFO - No async queries seem to be running, deleting session
2024-08-20 10:32:40,684 - INFO - 127.0.0.1 - - [20/Aug/2024 10:32:40] "POST /process HTTP/1.1" 200 -
2024-08-20 10:32:56,452 - INFO - Snowflake Connector for Python Version: 3.12.0, Python Version: 3.12.5, Platform: Windows-10-10.0.19045-SP0
2024-08-20 10:32:56,453 - INFO - Connecting to GLOBAL Snowflake domain
2024-08-20 10:32:56,454 - INFO - This connection is in OCSP Fail Open Mode. TLS Certificates would be checked for validity and revocation status. Any other Certificate Revocation related exceptions or OCSP Responder failures would be disregarded in favor of connectivity.
2024-08-20 10:32:57,184 - INFO - Snowflake Connector for Python Version: 3.12.0, Python Version: 3.12.5, Platform: Windows-10-10.0.19045-SP0
2024-08-20 10:32:57,185 - INFO - Connecting to GLOBAL Snowflake domain
2024-08-20 10:32:57,186 - INFO - This connection is in OCSP Fail Open Mode. TLS Certificates would be checked for validity and revocation status. Any other Certificate Revocation related exceptions or OCSP Responder failures would be disregarded in favor of connectivity.
2024-08-20 10:32:57,968 - INFO - Number of results in first chunk: 14
2024-08-20 10:32:57,969 - INFO - closed
2024-08-20 10:32:58,008 - INFO - No async queries seem to be running, deleting session
2024-08-20 10:32:58,052 - INFO - Insert query: INSERT INTO JAGA ("EEID", "FullName", "JobTitle", "Department", "BusinessUnit", "Gender", "Ethnicity", "Age", "HireDate", "AnnualSalary", "Bonuspercent", "Country", "City", "ExitDate") VALUES (%s, %s, %s, %s, %s, %s, %s, %s, %s, %s, %s, %s, %s, %s)
2024-08-20 10:32:58,052 - INFO - Inserting row: [None, None, 'John Doe', None, None, None, None, None, None, None, None, None, None, None]
2024-08-20 10:32:58,383 - INFO - Inserting row: [None, None, 'Jane Smith', None, None, None, None, None, None, None, None, None, None, None]
2024-08-20 10:32:58,751 - INFO - Inserting row: [None, None, 'Alice Johnson', None, None, None, None, None, None, None, None, None, None, None]
2024-08-20 10:32:59,113 - INFO - Data successfully written to Snowflake table: JAGA
2024-08-20 10:32:59,114 - INFO - closed
2024-08-20 10:32:59,153 - INFO - No async queries seem to be running, deleting session
2024-08-20 10:32:59,265 - INFO - 127.0.0.1 - - [20/Aug/2024 10:32:59] "POST /map_columns HTTP/1.1" 200 -
2024-08-20 10:33:03,738 - INFO - 127.0.0.1 - - [20/Aug/2024 10:33:03] "[32mPOST /view_all_data HTTP/1.1[0m" 302 -
2024-08-20 10:33:03,748 - INFO - Snowflake Connector for Python Version: 3.12.0, Python Version: 3.12.5, Platform: Windows-10-10.0.19045-SP0
2024-08-20 10:33:03,749 - INFO - Connecting to GLOBAL Snowflake domain
2024-08-20 10:33:03,749 - INFO - This connection is in OCSP Fail Open Mode. TLS Certificates would be checked for validity and revocation status. Any other Certificate Revocation related exceptions or OCSP Responder failures would be disregarded in favor of connectivity.
2024-08-20 10:33:04,615 - INFO - Number of results in first chunk: 3
2024-08-20 10:33:04,615 - INFO - closed
2024-08-20 10:33:04,657 - INFO - No async queries seem to be running, deleting session
2024-08-20 10:33:04,723 - INFO - 127.0.0.1 - - [20/Aug/2024 10:33:04] "GET /view_all_data HTTP/1.1" 200 -
2024-08-20 10:33:12,645 - INFO - Snowflake Connector for Python Version: 3.12.0, Python Version: 3.12.5, Platform: Windows-10-10.0.19045-SP0
2024-08-20 10:33:12,645 - INFO - Connecting to GLOBAL Snowflake domain
2024-08-20 10:33:12,646 - INFO - This connection is in OCSP Fail Open Mode. TLS Certificates would be checked for validity and revocation status. Any other Certificate Revocation related exceptions or OCSP Responder failures would be disregarded in favor of connectivity.
2024-08-20 10:33:13,565 - INFO - Number of results in first chunk: 136
2024-08-20 10:33:13,578 - INFO - closed
2024-08-20 10:33:13,616 - INFO - No async queries seem to be running, deleting session
2024-08-20 10:33:13,713 - INFO - 127.0.0.1 - - [20/Aug/2024 10:33:13] "POST /view_table_data HTTP/1.1" 200 -
2024-08-20 10:33:19,439 - INFO - Snowflake Connector for Python Version: 3.12.0, Python Version: 3.12.5, Platform: Windows-10-10.0.19045-SP0
2024-08-20 10:33:19,440 - INFO - Connecting to GLOBAL Snowflake domain
2024-08-20 10:33:19,441 - INFO - This connection is in OCSP Fail Open Mode. TLS Certificates would be checked for validity and revocation status. Any other Certificate Revocation related exceptions or OCSP Responder failures would be disregarded in favor of connectivity.
2024-08-20 10:33:20,292 - INFO - Number of results in first chunk: 3
2024-08-20 10:33:20,293 - INFO - closed
2024-08-20 10:33:20,328 - INFO - No async queries seem to be running, deleting session
2024-08-20 10:33:20,369 - INFO - 127.0.0.1 - - [20/Aug/2024 10:33:20] "GET / HTTP/1.1" 200 -
2024-08-20 10:34:30,161 - INFO -  * Detected change in 'c:\\onetoone\\app.py', reloading
2024-08-20 10:34:30,167 - INFO -  * Detected change in 'c:\\onetoone\\app.py', reloading
2024-08-20 10:34:30,168 - INFO -  * Detected change in 'c:\\onetoone\\app.py', reloading
2024-08-20 10:34:30,169 - INFO -  * Detected change in 'c:\\onetoone\\app.py', reloading
2024-08-20 10:34:30,406 - INFO -  * Restarting with watchdog (windowsapi)
2024-08-20 10:34:34,536 - WARNING -  * Debugger is active!
2024-08-20 10:34:34,540 - INFO -  * Debugger PIN: 452-454-072
2024-08-20 10:34:35,467 - INFO -  * Detected change in 'c:\\onetoone\\app.py', reloading
2024-08-20 10:34:35,469 - INFO -  * Detected change in 'c:\\onetoone\\app.py', reloading
2024-08-20 10:34:35,472 - INFO -  * Detected change in 'c:\\onetoone\\app.py', reloading
2024-08-20 10:34:35,473 - INFO -  * Detected change in 'c:\\onetoone\\app.py', reloading
2024-08-20 10:34:35,799 - INFO -  * Restarting with watchdog (windowsapi)
2024-08-20 10:34:38,133 - WARNING -  * Debugger is active!
2024-08-20 10:34:50,049 - INFO - [31m[1mWARNING: This is a development server. Do not use it in a production deployment. Use a production WSGI server instead.[0m
 * Running on http://127.0.0.1:5000
2024-08-20 10:34:50,050 - INFO - [33mPress CTRL+C to quit[0m
2024-08-20 10:34:50,070 - INFO -  * Restarting with watchdog (windowsapi)
2024-08-20 10:34:52,685 - WARNING -  * Debugger is active!
2024-08-20 10:34:52,689 - INFO -  * Debugger PIN: 452-454-072
2024-08-20 10:35:16,200 - INFO - Snowflake Connector for Python Version: 3.12.0, Python Version: 3.12.5, Platform: Windows-10-10.0.19045-SP0
2024-08-20 10:35:16,201 - INFO - Connecting to GLOBAL Snowflake domain
2024-08-20 10:35:16,201 - INFO - This connection is in OCSP Fail Open Mode. TLS Certificates would be checked for validity and revocation status. Any other Certificate Revocation related exceptions or OCSP Responder failures would be disregarded in favor of connectivity.
2024-08-20 10:35:19,647 - INFO - Number of results in first chunk: 3
2024-08-20 10:35:19,647 - INFO - closed
2024-08-20 10:35:19,699 - INFO - No async queries seem to be running, deleting session
2024-08-20 10:35:19,761 - INFO - 127.0.0.1 - - [20/Aug/2024 10:35:19] "GET / HTTP/1.1" 200 -
2024-08-20 10:35:19,839 - INFO - 127.0.0.1 - - [20/Aug/2024 10:35:19] "[33mGET /favicon.ico HTTP/1.1[0m" 404 -
2024-08-20 10:35:59,683 - INFO - Snowflake Connector for Python Version: 3.12.0, Python Version: 3.12.5, Platform: Windows-10-10.0.19045-SP0
2024-08-20 10:35:59,683 - INFO - Connecting to GLOBAL Snowflake domain
2024-08-20 10:35:59,684 - INFO - This connection is in OCSP Fail Open Mode. TLS Certificates would be checked for validity and revocation status. Any other Certificate Revocation related exceptions or OCSP Responder failures would be disregarded in favor of connectivity.
2024-08-20 10:36:00,585 - INFO - Number of results in first chunk: 3
2024-08-20 10:36:00,586 - INFO - closed
2024-08-20 10:36:00,624 - INFO - No async queries seem to be running, deleting session
2024-08-20 10:36:00,675 - INFO - 127.0.0.1 - - [20/Aug/2024 10:36:00] "GET / HTTP/1.1" 200 -
2024-08-20 10:36:04,037 - INFO - Snowflake Connector for Python Version: 3.12.0, Python Version: 3.12.5, Platform: Windows-10-10.0.19045-SP0
2024-08-20 10:36:04,037 - INFO - Connecting to GLOBAL Snowflake domain
2024-08-20 10:36:04,037 - INFO - This connection is in OCSP Fail Open Mode. TLS Certificates would be checked for validity and revocation status. Any other Certificate Revocation related exceptions or OCSP Responder failures would be disregarded in favor of connectivity.
2024-08-20 10:36:04,851 - INFO - Number of results in first chunk: 3
2024-08-20 10:36:04,851 - INFO - closed
2024-08-20 10:36:04,890 - INFO - No async queries seem to be running, deleting session
2024-08-20 10:36:04,940 - INFO - 127.0.0.1 - - [20/Aug/2024 10:36:04] "GET / HTTP/1.1" 200 -
2024-08-20 10:36:18,962 - INFO - Snowflake Connector for Python Version: 3.12.0, Python Version: 3.12.5, Platform: Windows-10-10.0.19045-SP0
2024-08-20 10:36:18,963 - INFO - Connecting to GLOBAL Snowflake domain
2024-08-20 10:36:18,963 - INFO - This connection is in OCSP Fail Open Mode. TLS Certificates would be checked for validity and revocation status. Any other Certificate Revocation related exceptions or OCSP Responder failures would be disregarded in favor of connectivity.
2024-08-20 10:36:20,506 - INFO - Number of results in first chunk: 3
2024-08-20 10:36:20,507 - INFO - closed
2024-08-20 10:36:20,546 - INFO - No async queries seem to be running, deleting session
2024-08-20 10:36:20,600 - INFO - 127.0.0.1 - - [20/Aug/2024 10:36:20] "GET / HTTP/1.1" 200 -
2024-08-20 10:36:20,727 - INFO - 127.0.0.1 - - [20/Aug/2024 10:36:20] "[33mGET /favicon.ico HTTP/1.1[0m" 404 -
2024-08-20 10:36:42,569 - INFO - Snowflake Connector for Python Version: 3.12.0, Python Version: 3.12.5, Platform: Windows-10-10.0.19045-SP0
2024-08-20 10:36:42,570 - INFO - Connecting to GLOBAL Snowflake domain
2024-08-20 10:36:42,570 - INFO - This connection is in OCSP Fail Open Mode. TLS Certificates would be checked for validity and revocation status. Any other Certificate Revocation related exceptions or OCSP Responder failures would be disregarded in favor of connectivity.
2024-08-20 10:36:43,779 - ERROR - Error creating table: 002002 (42710): 01b67812-0000-b4fe-0007-bcfa00020032: SQL compilation error:
Object 'DEMO' already exists.
2024-08-20 10:36:43,779 - INFO - closed
2024-08-20 10:36:43,824 - INFO - No async queries seem to be running, deleting session
2024-08-20 10:36:43,870 - INFO - 127.0.0.1 - - [20/Aug/2024 10:36:43] "[32mPOST /process HTTP/1.1[0m" 302 -
2024-08-20 10:36:43,880 - INFO - Snowflake Connector for Python Version: 3.12.0, Python Version: 3.12.5, Platform: Windows-10-10.0.19045-SP0
2024-08-20 10:36:43,880 - INFO - Connecting to GLOBAL Snowflake domain
2024-08-20 10:36:43,880 - INFO - This connection is in OCSP Fail Open Mode. TLS Certificates would be checked for validity and revocation status. Any other Certificate Revocation related exceptions or OCSP Responder failures would be disregarded in favor of connectivity.
2024-08-20 10:36:44,805 - INFO - Number of results in first chunk: 3
2024-08-20 10:36:44,807 - INFO - closed
2024-08-20 10:36:44,867 - INFO - No async queries seem to be running, deleting session
2024-08-20 10:36:44,961 - INFO - 127.0.0.1 - - [20/Aug/2024 10:36:44] "GET / HTTP/1.1" 200 -
2024-08-20 10:37:39,773 - INFO - Snowflake Connector for Python Version: 3.12.0, Python Version: 3.12.5, Platform: Windows-10-10.0.19045-SP0
2024-08-20 10:37:39,773 - INFO - Connecting to GLOBAL Snowflake domain
2024-08-20 10:37:39,773 - INFO - This connection is in OCSP Fail Open Mode. TLS Certificates would be checked for validity and revocation status. Any other Certificate Revocation related exceptions or OCSP Responder failures would be disregarded in favor of connectivity.
2024-08-20 10:37:40,867 - INFO - Number of results in first chunk: 1
2024-08-20 10:37:40,867 - INFO - Table ONE created successfully.
2024-08-20 10:37:40,867 - INFO - closed
2024-08-20 10:37:40,903 - INFO - No async queries seem to be running, deleting session
2024-08-20 10:37:40,949 - INFO - Snowflake Connector for Python Version: 3.12.0, Python Version: 3.12.5, Platform: Windows-10-10.0.19045-SP0
2024-08-20 10:37:40,950 - INFO - Connecting to GLOBAL Snowflake domain
2024-08-20 10:37:40,950 - INFO - This connection is in OCSP Fail Open Mode. TLS Certificates would be checked for validity and revocation status. Any other Certificate Revocation related exceptions or OCSP Responder failures would be disregarded in favor of connectivity.
2024-08-20 10:37:41,797 - INFO - Number of results in first chunk: 3
2024-08-20 10:37:41,798 - INFO - closed
2024-08-20 10:37:41,833 - INFO - No async queries seem to be running, deleting session
2024-08-20 10:37:41,902 - INFO - 127.0.0.1 - - [20/Aug/2024 10:37:41] "POST /process HTTP/1.1" 200 -
2024-08-20 10:44:52,340 - INFO -  * Detected change in 'C:\\Users\\SSLTP11406\\AppData\\Local\\Programs\\Python\\Python312\\Lib\\json\\__init__.py', reloading
2024-08-20 10:44:53,706 - INFO -  * Restarting with watchdog (windowsapi)
2024-08-20 10:44:59,886 - WARNING -  * Debugger is active!
2024-08-20 10:44:59,895 - INFO -  * Debugger PIN: 452-454-072
2024-08-20 10:45:10,263 - INFO -  * Detected change in 'c:\\onetoone\\app.py', reloading
2024-08-20 10:45:10,263 - INFO -  * Detected change in 'c:\\onetoone\\app.py', reloading
2024-08-20 10:45:10,269 - INFO -  * Detected change in 'c:\\onetoone\\app.py', reloading
2024-08-20 10:45:10,270 - INFO -  * Detected change in 'c:\\onetoone\\app.py', reloading
2024-08-20 10:45:10,719 - INFO -  * Detected change in 'c:\\onetoone\\app.py', reloading
2024-08-20 10:45:10,720 - INFO -  * Detected change in 'c:\\onetoone\\app.py', reloading
2024-08-20 10:45:10,727 - INFO -  * Detected change in 'c:\\onetoone\\app.py', reloading
2024-08-20 10:45:10,727 - INFO -  * Detected change in 'c:\\onetoone\\app.py', reloading
2024-08-20 10:45:10,874 - INFO -  * Detected change in 'c:\\onetoone\\app.py', reloading
2024-08-20 10:45:10,875 - INFO -  * Detected change in 'c:\\onetoone\\app.py', reloading
2024-08-20 10:45:10,881 - INFO -  * Detected change in 'c:\\onetoone\\app.py', reloading
2024-08-20 10:45:11,185 - INFO -  * Restarting with watchdog (windowsapi)
2024-08-20 10:45:40,848 - INFO - [31m[1mWARNING: This is a development server. Do not use it in a production deployment. Use a production WSGI server instead.[0m
 * Running on http://127.0.0.1:5000
2024-08-20 10:45:40,849 - INFO - [33mPress CTRL+C to quit[0m
2024-08-20 10:45:40,869 - INFO -  * Restarting with watchdog (windowsapi)
2024-08-20 10:45:43,892 - WARNING -  * Debugger is active!
2024-08-20 10:45:43,909 - INFO -  * Debugger PIN: 452-454-072
2024-08-20 10:45:51,937 - INFO - Snowflake Connector for Python Version: 3.12.0, Python Version: 3.12.5, Platform: Windows-10-10.0.19045-SP0
2024-08-20 10:45:51,938 - INFO - Connecting to GLOBAL Snowflake domain
2024-08-20 10:45:51,938 - INFO - This connection is in OCSP Fail Open Mode. TLS Certificates would be checked for validity and revocation status. Any other Certificate Revocation related exceptions or OCSP Responder failures would be disregarded in favor of connectivity.
2024-08-20 10:45:55,953 - INFO - Number of results in first chunk: 4
2024-08-20 10:45:55,954 - INFO - closed
2024-08-20 10:45:55,990 - INFO - No async queries seem to be running, deleting session
2024-08-20 10:45:56,065 - INFO - 127.0.0.1 - - [20/Aug/2024 10:45:56] "GET / HTTP/1.1" 200 -
2024-08-20 10:45:56,137 - INFO - 127.0.0.1 - - [20/Aug/2024 10:45:56] "[33mGET /favicon.ico HTTP/1.1[0m" 404 -
2024-08-20 10:46:15,579 - INFO - Snowflake Connector for Python Version: 3.12.0, Python Version: 3.12.5, Platform: Windows-10-10.0.19045-SP0
2024-08-20 10:46:15,580 - INFO - Connecting to GLOBAL Snowflake domain
2024-08-20 10:46:15,580 - INFO - This connection is in OCSP Fail Open Mode. TLS Certificates would be checked for validity and revocation status. Any other Certificate Revocation related exceptions or OCSP Responder failures would be disregarded in favor of connectivity.
2024-08-20 10:46:17,254 - INFO - Number of results in first chunk: 1
2024-08-20 10:46:17,255 - INFO - Table HARI created successfully.
2024-08-20 10:46:17,255 - INFO - closed
2024-08-20 10:46:17,292 - INFO - No async queries seem to be running, deleting session
2024-08-20 10:46:17,342 - INFO - 127.0.0.1 - - [20/Aug/2024 10:46:17] "[32mPOST /process HTTP/1.1[0m" 302 -
2024-08-20 10:46:17,349 - INFO - Snowflake Connector for Python Version: 3.12.0, Python Version: 3.12.5, Platform: Windows-10-10.0.19045-SP0
2024-08-20 10:46:17,350 - INFO - Connecting to GLOBAL Snowflake domain
2024-08-20 10:46:17,350 - INFO - This connection is in OCSP Fail Open Mode. TLS Certificates would be checked for validity and revocation status. Any other Certificate Revocation related exceptions or OCSP Responder failures would be disregarded in favor of connectivity.
2024-08-20 10:46:18,205 - INFO - Number of results in first chunk: 5
2024-08-20 10:46:18,205 - INFO - closed
2024-08-20 10:46:18,237 - INFO - No async queries seem to be running, deleting session
2024-08-20 10:46:18,277 - INFO - 127.0.0.1 - - [20/Aug/2024 10:46:18] "GET / HTTP/1.1" 200 -
2024-08-20 10:46:36,897 - INFO - Snowflake Connector for Python Version: 3.12.0, Python Version: 3.12.5, Platform: Windows-10-10.0.19045-SP0
2024-08-20 10:46:36,897 - INFO - Connecting to GLOBAL Snowflake domain
2024-08-20 10:46:36,898 - INFO - This connection is in OCSP Fail Open Mode. TLS Certificates would be checked for validity and revocation status. Any other Certificate Revocation related exceptions or OCSP Responder failures would be disregarded in favor of connectivity.
2024-08-20 10:46:37,760 - INFO - Number of results in first chunk: 3
2024-08-20 10:46:37,760 - INFO - closed
2024-08-20 10:46:37,802 - INFO - No async queries seem to be running, deleting session
2024-08-20 10:46:37,859 - INFO - 127.0.0.1 - - [20/Aug/2024 10:46:37] "POST /process HTTP/1.1" 200 -
2024-08-20 10:46:47,781 - INFO - Snowflake Connector for Python Version: 3.12.0, Python Version: 3.12.5, Platform: Windows-10-10.0.19045-SP0
2024-08-20 10:46:47,781 - INFO - Connecting to GLOBAL Snowflake domain
2024-08-20 10:46:47,781 - INFO - This connection is in OCSP Fail Open Mode. TLS Certificates would be checked for validity and revocation status. Any other Certificate Revocation related exceptions or OCSP Responder failures would be disregarded in favor of connectivity.
2024-08-20 10:46:48,607 - INFO - Snowflake Connector for Python Version: 3.12.0, Python Version: 3.12.5, Platform: Windows-10-10.0.19045-SP0
2024-08-20 10:46:48,608 - INFO - Connecting to GLOBAL Snowflake domain
2024-08-20 10:46:48,608 - INFO - This connection is in OCSP Fail Open Mode. TLS Certificates would be checked for validity and revocation status. Any other Certificate Revocation related exceptions or OCSP Responder failures would be disregarded in favor of connectivity.
2024-08-20 10:46:49,571 - INFO - Number of results in first chunk: 3
2024-08-20 10:46:49,571 - INFO - closed
2024-08-20 10:46:49,605 - INFO - No async queries seem to be running, deleting session
2024-08-20 10:46:49,645 - INFO - Insert query: INSERT INTO HARI ("EMPLOYEE_ID", "NAME", "SALARY") VALUES (%s, %s, %s)
2024-08-20 10:46:49,645 - INFO - Inserting row: [None, 'praveen', None]
2024-08-20 10:46:49,917 - INFO - Inserting row: [None, ' jhvjhvhjv', None]
2024-08-20 10:46:50,320 - INFO - Inserting row: [None, 'Luna Sanders', None]
2024-08-20 10:46:50,635 - INFO - Inserting row: [None, None, None]
2024-08-20 10:46:50,923 - INFO - Inserting row: [None, None, None]
2024-08-20 10:46:51,318 - INFO - Inserting row: [None, None, None]
2024-08-20 10:46:51,612 - INFO - Inserting row: [None, None, None]
2024-08-20 10:46:51,898 - INFO - Inserting row: [None, None, None]
2024-08-20 10:46:52,192 - INFO - Inserting row: [None, None, None]
2024-08-20 10:46:52,476 - INFO - Inserting row: [None, None, None]
2024-08-20 10:46:52,729 - INFO - Data successfully written to Snowflake table: HARI
2024-08-20 10:46:52,730 - INFO - closed
2024-08-20 10:46:52,774 - INFO - No async queries seem to be running, deleting session
2024-08-20 10:46:52,896 - INFO - 127.0.0.1 - - [20/Aug/2024 10:46:52] "POST /map_columns HTTP/1.1" 200 -
2024-08-20 10:47:02,053 - INFO - 127.0.0.1 - - [20/Aug/2024 10:47:02] "[32mPOST /view_all_data HTTP/1.1[0m" 302 -
2024-08-20 10:47:02,062 - INFO - Snowflake Connector for Python Version: 3.12.0, Python Version: 3.12.5, Platform: Windows-10-10.0.19045-SP0
2024-08-20 10:47:02,062 - INFO - Connecting to GLOBAL Snowflake domain
2024-08-20 10:47:02,063 - INFO - This connection is in OCSP Fail Open Mode. TLS Certificates would be checked for validity and revocation status. Any other Certificate Revocation related exceptions or OCSP Responder failures would be disregarded in favor of connectivity.
2024-08-20 10:47:02,931 - INFO - Number of results in first chunk: 5
2024-08-20 10:47:02,932 - INFO - closed
2024-08-20 10:47:02,967 - INFO - No async queries seem to be running, deleting session
2024-08-20 10:47:03,018 - INFO - 127.0.0.1 - - [20/Aug/2024 10:47:03] "GET /view_all_data HTTP/1.1" 200 -
2024-08-20 10:47:09,437 - INFO - Snowflake Connector for Python Version: 3.12.0, Python Version: 3.12.5, Platform: Windows-10-10.0.19045-SP0
2024-08-20 10:47:09,437 - INFO - Connecting to GLOBAL Snowflake domain
2024-08-20 10:47:09,437 - INFO - This connection is in OCSP Fail Open Mode. TLS Certificates would be checked for validity and revocation status. Any other Certificate Revocation related exceptions or OCSP Responder failures would be disregarded in favor of connectivity.
2024-08-20 10:47:10,467 - INFO - Number of results in first chunk: 10
2024-08-20 10:47:10,479 - INFO - closed
2024-08-20 10:47:10,515 - INFO - No async queries seem to be running, deleting session
2024-08-20 10:47:10,566 - INFO - 127.0.0.1 - - [20/Aug/2024 10:47:10] "POST /view_table_data HTTP/1.1" 200 -
2024-08-20 10:47:28,912 - INFO - Snowflake Connector for Python Version: 3.12.0, Python Version: 3.12.5, Platform: Windows-10-10.0.19045-SP0
2024-08-20 10:47:28,913 - INFO - Connecting to GLOBAL Snowflake domain
2024-08-20 10:47:28,913 - INFO - This connection is in OCSP Fail Open Mode. TLS Certificates would be checked for validity and revocation status. Any other Certificate Revocation related exceptions or OCSP Responder failures would be disregarded in favor of connectivity.
2024-08-20 10:47:29,819 - INFO - Number of results in first chunk: 5
2024-08-20 10:47:29,820 - INFO - closed
2024-08-20 10:47:29,859 - INFO - No async queries seem to be running, deleting session
2024-08-20 10:47:29,903 - INFO - 127.0.0.1 - - [20/Aug/2024 10:47:29] "GET / HTTP/1.1" 200 -
2024-08-20 11:51:29,793 - INFO - [31m[1mWARNING: This is a development server. Do not use it in a production deployment. Use a production WSGI server instead.[0m
 * Running on http://127.0.0.1:5000
2024-08-20 11:51:29,793 - INFO - [33mPress CTRL+C to quit[0m
2024-08-20 11:51:29,865 - INFO -  * Restarting with watchdog (windowsapi)
2024-08-20 11:51:32,294 - WARNING -  * Debugger is active!
2024-08-20 11:51:32,303 - INFO -  * Debugger PIN: 452-454-072
2024-08-20 11:51:39,501 - INFO - Snowflake Connector for Python Version: 3.12.0, Python Version: 3.12.5, Platform: Windows-10-10.0.19045-SP0
2024-08-20 11:51:39,502 - INFO - Connecting to GLOBAL Snowflake domain
2024-08-20 11:51:39,502 - INFO - This connection is in OCSP Fail Open Mode. TLS Certificates would be checked for validity and revocation status. Any other Certificate Revocation related exceptions or OCSP Responder failures would be disregarded in favor of connectivity.
2024-08-20 11:51:54,243 - INFO - Number of results in first chunk: 5
2024-08-20 11:51:54,244 - INFO - closed
2024-08-20 11:51:54,285 - INFO - No async queries seem to be running, deleting session
2024-08-20 11:51:54,429 - INFO - 127.0.0.1 - - [20/Aug/2024 11:51:54] "GET / HTTP/1.1" 200 -
2024-08-20 11:51:54,552 - INFO - 127.0.0.1 - - [20/Aug/2024 11:51:54] "[33mGET /favicon.ico HTTP/1.1[0m" 404 -
2024-08-20 11:52:41,966 - INFO - Snowflake Connector for Python Version: 3.12.0, Python Version: 3.12.5, Platform: Windows-10-10.0.19045-SP0
2024-08-20 11:52:41,966 - INFO - Connecting to GLOBAL Snowflake domain
2024-08-20 11:52:41,966 - INFO - This connection is in OCSP Fail Open Mode. TLS Certificates would be checked for validity and revocation status. Any other Certificate Revocation related exceptions or OCSP Responder failures would be disregarded in favor of connectivity.
2024-08-20 11:52:43,433 - INFO - Number of results in first chunk: 1
2024-08-20 11:52:43,433 - INFO - Table KARTHICK created successfully.
2024-08-20 11:52:43,434 - INFO - closed
2024-08-20 11:52:43,480 - INFO - No async queries seem to be running, deleting session
2024-08-20 11:52:43,534 - INFO - 127.0.0.1 - - [20/Aug/2024 11:52:43] "[32mPOST /process HTTP/1.1[0m" 302 -
2024-08-20 11:52:43,552 - INFO - Snowflake Connector for Python Version: 3.12.0, Python Version: 3.12.5, Platform: Windows-10-10.0.19045-SP0
2024-08-20 11:52:43,553 - INFO - Connecting to GLOBAL Snowflake domain
2024-08-20 11:52:43,554 - INFO - This connection is in OCSP Fail Open Mode. TLS Certificates would be checked for validity and revocation status. Any other Certificate Revocation related exceptions or OCSP Responder failures would be disregarded in favor of connectivity.
2024-08-20 11:52:44,851 - INFO - Number of results in first chunk: 6
2024-08-20 11:52:44,851 - INFO - closed
2024-08-20 11:52:44,892 - INFO - No async queries seem to be running, deleting session
2024-08-20 11:52:44,937 - INFO - 127.0.0.1 - - [20/Aug/2024 11:52:44] "GET / HTTP/1.1" 200 -
2024-08-20 11:52:58,463 - INFO - Snowflake Connector for Python Version: 3.12.0, Python Version: 3.12.5, Platform: Windows-10-10.0.19045-SP0
2024-08-20 11:52:58,463 - INFO - Connecting to GLOBAL Snowflake domain
2024-08-20 11:52:58,464 - INFO - This connection is in OCSP Fail Open Mode. TLS Certificates would be checked for validity and revocation status. Any other Certificate Revocation related exceptions or OCSP Responder failures would be disregarded in favor of connectivity.
2024-08-20 11:52:59,789 - INFO - Number of results in first chunk: 3
2024-08-20 11:52:59,790 - INFO - closed
2024-08-20 11:52:59,836 - INFO - No async queries seem to be running, deleting session
2024-08-20 11:52:59,953 - INFO - 127.0.0.1 - - [20/Aug/2024 11:52:59] "POST /process HTTP/1.1" 200 -
2024-08-20 11:53:11,952 - INFO - Snowflake Connector for Python Version: 3.12.0, Python Version: 3.12.5, Platform: Windows-10-10.0.19045-SP0
2024-08-20 11:53:11,953 - INFO - Connecting to GLOBAL Snowflake domain
2024-08-20 11:53:11,954 - INFO - This connection is in OCSP Fail Open Mode. TLS Certificates would be checked for validity and revocation status. Any other Certificate Revocation related exceptions or OCSP Responder failures would be disregarded in favor of connectivity.
2024-08-20 11:53:13,292 - INFO - Snowflake Connector for Python Version: 3.12.0, Python Version: 3.12.5, Platform: Windows-10-10.0.19045-SP0
2024-08-20 11:53:13,293 - INFO - Connecting to GLOBAL Snowflake domain
2024-08-20 11:53:13,293 - INFO - This connection is in OCSP Fail Open Mode. TLS Certificates would be checked for validity and revocation status. Any other Certificate Revocation related exceptions or OCSP Responder failures would be disregarded in favor of connectivity.
2024-08-20 11:53:14,690 - INFO - Number of results in first chunk: 3
2024-08-20 11:53:14,691 - INFO - closed
2024-08-20 11:53:14,736 - INFO - No async queries seem to be running, deleting session
2024-08-20 11:53:14,788 - INFO - Insert query: INSERT INTO KARTHICK ("EMPLOYEE_ID", "NAME", "SALARY") VALUES (%s, %s, %s)
2024-08-20 11:53:14,789 - INFO - Inserting row: [None, 'praveen', None]
2024-08-20 11:53:15,451 - INFO - Inserting row: [None, ' jhvjhvhjv', None]
2024-08-20 11:53:15,751 - INFO - Inserting row: [None, 'Luna Sanders', None]
2024-08-20 11:53:16,469 - INFO - Inserting row: [None, None, None]
2024-08-20 11:53:16,881 - INFO - Inserting row: [None, None, None]
2024-08-20 11:53:17,285 - INFO - Inserting row: [None, None, None]
2024-08-20 11:53:17,629 - INFO - Inserting row: [None, None, None]
2024-08-20 11:53:18,004 - INFO - Inserting row: [None, None, None]
2024-08-20 11:53:18,317 - INFO - Inserting row: [None, None, None]
2024-08-20 11:53:18,593 - INFO - Inserting row: [None, None, None]
2024-08-20 11:53:18,924 - INFO - Data successfully written to Snowflake table: KARTHICK
2024-08-20 11:53:18,924 - INFO - closed
2024-08-20 11:53:18,983 - INFO - No async queries seem to be running, deleting session
2024-08-20 11:53:19,185 - INFO - 127.0.0.1 - - [20/Aug/2024 11:53:19] "POST /map_columns HTTP/1.1" 200 -
2024-08-20 11:53:24,515 - INFO - 127.0.0.1 - - [20/Aug/2024 11:53:24] "[32mPOST /view_all_data HTTP/1.1[0m" 302 -
2024-08-20 11:53:24,529 - INFO - Snowflake Connector for Python Version: 3.12.0, Python Version: 3.12.5, Platform: Windows-10-10.0.19045-SP0
2024-08-20 11:53:24,530 - INFO - Connecting to GLOBAL Snowflake domain
2024-08-20 11:53:24,530 - INFO - This connection is in OCSP Fail Open Mode. TLS Certificates would be checked for validity and revocation status. Any other Certificate Revocation related exceptions or OCSP Responder failures would be disregarded in favor of connectivity.
2024-08-20 11:53:25,780 - INFO - Number of results in first chunk: 6
2024-08-20 11:53:25,781 - INFO - closed
2024-08-20 11:53:25,831 - INFO - No async queries seem to be running, deleting session
2024-08-20 11:53:25,939 - INFO - 127.0.0.1 - - [20/Aug/2024 11:53:25] "GET /view_all_data HTTP/1.1" 200 -
2024-08-20 11:53:31,093 - INFO - Snowflake Connector for Python Version: 3.12.0, Python Version: 3.12.5, Platform: Windows-10-10.0.19045-SP0
2024-08-20 11:53:31,093 - INFO - Connecting to GLOBAL Snowflake domain
2024-08-20 11:53:31,094 - INFO - This connection is in OCSP Fail Open Mode. TLS Certificates would be checked for validity and revocation status. Any other Certificate Revocation related exceptions or OCSP Responder failures would be disregarded in favor of connectivity.
2024-08-20 11:53:32,525 - INFO - Number of results in first chunk: 10
2024-08-20 11:53:32,534 - INFO - closed
2024-08-20 11:53:32,576 - INFO - No async queries seem to be running, deleting session
2024-08-20 11:53:32,661 - INFO - 127.0.0.1 - - [20/Aug/2024 11:53:32] "POST /view_table_data HTTP/1.1" 200 -
2024-08-20 11:53:46,307 - INFO - Snowflake Connector for Python Version: 3.12.0, Python Version: 3.12.5, Platform: Windows-10-10.0.19045-SP0
2024-08-20 11:53:46,307 - INFO - Connecting to GLOBAL Snowflake domain
2024-08-20 11:53:46,307 - INFO - This connection is in OCSP Fail Open Mode. TLS Certificates would be checked for validity and revocation status. Any other Certificate Revocation related exceptions or OCSP Responder failures would be disregarded in favor of connectivity.
2024-08-20 11:53:47,694 - INFO - Number of results in first chunk: 6
2024-08-20 11:53:47,695 - INFO - closed
2024-08-20 11:53:47,732 - INFO - No async queries seem to be running, deleting session
2024-08-20 11:53:47,807 - INFO - 127.0.0.1 - - [20/Aug/2024 11:53:47] "GET / HTTP/1.1" 200 -
2024-08-20 11:54:01,554 - INFO - Snowflake Connector for Python Version: 3.12.0, Python Version: 3.12.5, Platform: Windows-10-10.0.19045-SP0
2024-08-20 11:54:01,555 - INFO - Connecting to GLOBAL Snowflake domain
2024-08-20 11:54:01,555 - INFO - This connection is in OCSP Fail Open Mode. TLS Certificates would be checked for validity and revocation status. Any other Certificate Revocation related exceptions or OCSP Responder failures would be disregarded in favor of connectivity.
2024-08-20 11:54:03,265 - INFO - Number of results in first chunk: 3
2024-08-20 11:54:03,266 - INFO - closed
2024-08-20 11:54:03,321 - INFO - No async queries seem to be running, deleting session
2024-08-20 11:54:03,383 - INFO - 127.0.0.1 - - [20/Aug/2024 11:54:03] "POST /process HTTP/1.1" 200 -
2024-08-20 11:54:20,605 - INFO - Snowflake Connector for Python Version: 3.12.0, Python Version: 3.12.5, Platform: Windows-10-10.0.19045-SP0
2024-08-20 11:54:20,606 - INFO - Connecting to GLOBAL Snowflake domain
2024-08-20 11:54:20,606 - INFO - This connection is in OCSP Fail Open Mode. TLS Certificates would be checked for validity and revocation status. Any other Certificate Revocation related exceptions or OCSP Responder failures would be disregarded in favor of connectivity.
2024-08-20 11:54:21,863 - INFO - Snowflake Connector for Python Version: 3.12.0, Python Version: 3.12.5, Platform: Windows-10-10.0.19045-SP0
2024-08-20 11:54:21,864 - INFO - Connecting to GLOBAL Snowflake domain
2024-08-20 11:54:21,864 - INFO - This connection is in OCSP Fail Open Mode. TLS Certificates would be checked for validity and revocation status. Any other Certificate Revocation related exceptions or OCSP Responder failures would be disregarded in favor of connectivity.
2024-08-20 11:54:23,230 - INFO - Number of results in first chunk: 3
2024-08-20 11:54:23,230 - INFO - closed
2024-08-20 11:54:23,285 - INFO - No async queries seem to be running, deleting session
2024-08-20 11:54:23,341 - INFO - Insert query: INSERT INTO KARTHICK ("EMPLOYEE_ID", "NAME", "SALARY") VALUES (%s, %s, %s)
2024-08-20 11:54:23,343 - INFO - Inserting row: [1.0, 'praveen', '$1,41,604 ']
2024-08-20 11:54:23,740 - INFO - Inserting row: [1.0, ' jhvjhvhjv', '$99,975 ']
2024-08-20 11:54:24,048 - INFO - Inserting row: [1.0, 'Luna Sanders', '$1,63,099 ']
2024-08-20 11:54:24,463 - INFO - Inserting row: [None, None, None]
2024-08-20 11:54:24,764 - INFO - Inserting row: [None, None, None]
2024-08-20 11:54:25,086 - INFO - Inserting row: [None, None, None]
2024-08-20 11:54:25,898 - INFO - Inserting row: [None, None, None]
2024-08-20 11:54:26,177 - INFO - Inserting row: [None, None, None]
2024-08-20 11:54:26,513 - INFO - Inserting row: [None, None, None]
2024-08-20 11:54:26,815 - INFO - Inserting row: [None, None, None]
2024-08-20 11:54:27,122 - INFO - Data successfully written to Snowflake table: KARTHICK
2024-08-20 11:54:27,123 - INFO - closed
2024-08-20 11:54:27,174 - INFO - No async queries seem to be running, deleting session
2024-08-20 11:54:27,246 - INFO - 127.0.0.1 - - [20/Aug/2024 11:54:27] "POST /map_columns HTTP/1.1" 200 -
2024-08-20 11:55:15,043 - INFO - 127.0.0.1 - - [20/Aug/2024 11:55:15] "[32mPOST /view_all_data HTTP/1.1[0m" 302 -
2024-08-20 11:55:15,063 - INFO - Snowflake Connector for Python Version: 3.12.0, Python Version: 3.12.5, Platform: Windows-10-10.0.19045-SP0
2024-08-20 11:55:15,063 - INFO - Connecting to GLOBAL Snowflake domain
2024-08-20 11:55:15,064 - INFO - This connection is in OCSP Fail Open Mode. TLS Certificates would be checked for validity and revocation status. Any other Certificate Revocation related exceptions or OCSP Responder failures would be disregarded in favor of connectivity.
2024-08-20 11:55:16,569 - INFO - Number of results in first chunk: 6
2024-08-20 11:55:16,569 - INFO - closed
2024-08-20 11:55:16,613 - INFO - No async queries seem to be running, deleting session
2024-08-20 11:55:16,670 - INFO - 127.0.0.1 - - [20/Aug/2024 11:55:16] "GET /view_all_data HTTP/1.1" 200 -
2024-08-20 11:55:22,908 - INFO - Snowflake Connector for Python Version: 3.12.0, Python Version: 3.12.5, Platform: Windows-10-10.0.19045-SP0
2024-08-20 11:55:22,909 - INFO - Connecting to GLOBAL Snowflake domain
2024-08-20 11:55:22,909 - INFO - This connection is in OCSP Fail Open Mode. TLS Certificates would be checked for validity and revocation status. Any other Certificate Revocation related exceptions or OCSP Responder failures would be disregarded in favor of connectivity.
2024-08-20 11:55:24,363 - INFO - Number of results in first chunk: 20
2024-08-20 11:55:24,365 - INFO - closed
2024-08-20 11:55:24,411 - INFO - No async queries seem to be running, deleting session
2024-08-20 11:55:24,460 - INFO - 127.0.0.1 - - [20/Aug/2024 11:55:24] "POST /view_table_data HTTP/1.1" 200 -
2024-08-20 11:55:29,824 - INFO - 127.0.0.1 - - [20/Aug/2024 11:55:29] "[32mPOST /view_all_data HTTP/1.1[0m" 302 -
2024-08-20 11:55:29,837 - INFO - Snowflake Connector for Python Version: 3.12.0, Python Version: 3.12.5, Platform: Windows-10-10.0.19045-SP0
2024-08-20 11:55:29,838 - INFO - Connecting to GLOBAL Snowflake domain
2024-08-20 11:55:29,838 - INFO - This connection is in OCSP Fail Open Mode. TLS Certificates would be checked for validity and revocation status. Any other Certificate Revocation related exceptions or OCSP Responder failures would be disregarded in favor of connectivity.
2024-08-20 11:55:31,214 - INFO - Number of results in first chunk: 6
2024-08-20 11:55:31,215 - INFO - closed
2024-08-20 11:55:31,257 - INFO - No async queries seem to be running, deleting session
2024-08-20 11:55:31,317 - INFO - 127.0.0.1 - - [20/Aug/2024 11:55:31] "GET /view_all_data HTTP/1.1" 200 -
2024-08-20 12:32:43,308 - INFO -  * Detected change in 'C:\\Users\\SSLTP11406\\AppData\\Local\\Programs\\Python\\Python312\\Lib\\encodings\\utf_16_le.py', reloading
2024-08-20 12:32:46,299 - INFO -  * Restarting with watchdog (windowsapi)
2024-08-20 12:32:53,800 - WARNING -  * Debugger is active!
2024-08-20 12:32:53,810 - INFO -  * Debugger PIN: 452-454-072
2024-08-20 14:04:54,667 - INFO -  * Detected change in 'C:\\Users\\SSLTP11406\\AppData\\Local\\Programs\\Python\\Python312\\Lib\\site-packages\\snowflake\\connector\\__init__.py', reloading
2024-08-20 14:04:55,088 - INFO -  * Restarting with watchdog (windowsapi)
2024-08-20 14:05:05,063 - WARNING -  * Debugger is active!
2024-08-20 14:05:05,084 - INFO -  * Debugger PIN: 452-454-072
2024-08-20 14:09:58,655 - INFO - [31m[1mWARNING: This is a development server. Do not use it in a production deployment. Use a production WSGI server instead.[0m
 * Running on http://127.0.0.1:5000
2024-08-20 14:09:58,661 - INFO - [33mPress CTRL+C to quit[0m
2024-08-20 14:09:58,807 - INFO -  * Restarting with watchdog (windowsapi)
2024-08-20 14:10:02,119 - WARNING -  * Debugger is active!
2024-08-20 14:10:02,128 - INFO -  * Debugger PIN: 452-454-072
2024-08-20 14:10:09,614 - INFO - Snowflake Connector for Python Version: 3.12.0, Python Version: 3.12.5, Platform: Windows-10-10.0.19045-SP0
2024-08-20 14:10:09,615 - INFO - Connecting to GLOBAL Snowflake domain
2024-08-20 14:10:09,615 - INFO - This connection is in OCSP Fail Open Mode. TLS Certificates would be checked for validity and revocation status. Any other Certificate Revocation related exceptions or OCSP Responder failures would be disregarded in favor of connectivity.
2024-08-20 14:10:17,344 - INFO - Number of results in first chunk: 6
2024-08-20 14:10:17,353 - INFO - closed
2024-08-20 14:10:17,423 - INFO - No async queries seem to be running, deleting session
2024-08-20 14:10:17,553 - INFO - 127.0.0.1 - - [20/Aug/2024 14:10:17] "GET / HTTP/1.1" 200 -
2024-08-20 14:17:10,034 - INFO - Snowflake Connector for Python Version: 3.12.0, Python Version: 3.12.5, Platform: Windows-10-10.0.19045-SP0
2024-08-20 14:17:10,035 - INFO - Connecting to GLOBAL Snowflake domain
2024-08-20 14:17:10,035 - INFO - This connection is in OCSP Fail Open Mode. TLS Certificates would be checked for validity and revocation status. Any other Certificate Revocation related exceptions or OCSP Responder failures would be disregarded in favor of connectivity.
2024-08-20 14:17:11,829 - INFO - Number of results in first chunk: 3
2024-08-20 14:17:11,830 - INFO - closed
2024-08-20 14:17:11,873 - INFO - No async queries seem to be running, deleting session
2024-08-20 14:17:11,957 - INFO - 127.0.0.1 - - [20/Aug/2024 14:17:11] "POST /process HTTP/1.1" 200 -
2024-08-20 14:17:24,960 - INFO - Snowflake Connector for Python Version: 3.12.0, Python Version: 3.12.5, Platform: Windows-10-10.0.19045-SP0
2024-08-20 14:17:24,961 - INFO - Connecting to GLOBAL Snowflake domain
2024-08-20 14:17:24,961 - INFO - This connection is in OCSP Fail Open Mode. TLS Certificates would be checked for validity and revocation status. Any other Certificate Revocation related exceptions or OCSP Responder failures would be disregarded in favor of connectivity.
2024-08-20 14:17:26,289 - INFO - Snowflake Connector for Python Version: 3.12.0, Python Version: 3.12.5, Platform: Windows-10-10.0.19045-SP0
2024-08-20 14:17:26,291 - INFO - Connecting to GLOBAL Snowflake domain
2024-08-20 14:17:26,291 - INFO - This connection is in OCSP Fail Open Mode. TLS Certificates would be checked for validity and revocation status. Any other Certificate Revocation related exceptions or OCSP Responder failures would be disregarded in favor of connectivity.
2024-08-20 14:17:27,625 - INFO - Number of results in first chunk: 3
2024-08-20 14:17:27,626 - INFO - closed
2024-08-20 14:17:27,669 - INFO - No async queries seem to be running, deleting session
2024-08-20 14:17:27,718 - INFO - Insert query: INSERT INTO KARTHICK ("EMPLOYEE_ID", "NAME", "SALARY") VALUES (%s, %s, %s)
2024-08-20 14:17:27,720 - INFO - Inserting row: [1, 'John Doe', None]
2024-08-20 14:17:28,520 - INFO - Inserting row: [2, 'Jane Smith', None]
2024-08-20 14:17:28,927 - INFO - Inserting row: [3, 'Alice Johnson', None]
2024-08-20 14:17:29,439 - INFO - Data successfully written to Snowflake table: KARTHICK
2024-08-20 14:17:29,440 - INFO - closed
2024-08-20 14:17:29,489 - INFO - No async queries seem to be running, deleting session
2024-08-20 14:17:29,640 - INFO - 127.0.0.1 - - [20/Aug/2024 14:17:29] "POST /map_columns HTTP/1.1" 200 -
2024-08-20 14:17:31,879 - INFO - 127.0.0.1 - - [20/Aug/2024 14:17:31] "[32mPOST /view_all_data HTTP/1.1[0m" 302 -
2024-08-20 14:17:31,895 - INFO - Snowflake Connector for Python Version: 3.12.0, Python Version: 3.12.5, Platform: Windows-10-10.0.19045-SP0
2024-08-20 14:17:31,896 - INFO - Connecting to GLOBAL Snowflake domain
2024-08-20 14:17:31,896 - INFO - This connection is in OCSP Fail Open Mode. TLS Certificates would be checked for validity and revocation status. Any other Certificate Revocation related exceptions or OCSP Responder failures would be disregarded in favor of connectivity.
2024-08-20 14:17:33,172 - INFO - Number of results in first chunk: 6
2024-08-20 14:17:33,173 - INFO - closed
2024-08-20 14:17:33,214 - INFO - No async queries seem to be running, deleting session
2024-08-20 14:17:33,286 - INFO - 127.0.0.1 - - [20/Aug/2024 14:17:33] "GET /view_all_data HTTP/1.1" 200 -
2024-08-20 14:17:41,583 - INFO - Snowflake Connector for Python Version: 3.12.0, Python Version: 3.12.5, Platform: Windows-10-10.0.19045-SP0
2024-08-20 14:17:41,584 - INFO - Connecting to GLOBAL Snowflake domain
2024-08-20 14:17:41,584 - INFO - This connection is in OCSP Fail Open Mode. TLS Certificates would be checked for validity and revocation status. Any other Certificate Revocation related exceptions or OCSP Responder failures would be disregarded in favor of connectivity.
2024-08-20 14:17:43,065 - INFO - Number of results in first chunk: 23
2024-08-20 14:17:43,080 - INFO - closed
2024-08-20 14:17:43,131 - INFO - No async queries seem to be running, deleting session
2024-08-20 14:17:43,206 - INFO - 127.0.0.1 - - [20/Aug/2024 14:17:43] "POST /view_table_data HTTP/1.1" 200 -
2024-08-20 14:25:58,676 - INFO - [31m[1mWARNING: This is a development server. Do not use it in a production deployment. Use a production WSGI server instead.[0m
 * Running on http://127.0.0.1:5000
2024-08-20 14:25:58,676 - INFO - [33mPress CTRL+C to quit[0m
2024-08-20 14:25:58,822 - INFO -  * Restarting with watchdog (windowsapi)
2024-08-20 14:26:01,458 - WARNING -  * Debugger is active!
2024-08-20 14:26:01,466 - INFO -  * Debugger PIN: 452-454-072
2024-08-20 14:26:12,623 - INFO - Snowflake Connector for Python Version: 3.12.0, Python Version: 3.12.5, Platform: Windows-10-10.0.19045-SP0
2024-08-20 14:26:12,624 - INFO - Connecting to GLOBAL Snowflake domain
2024-08-20 14:26:12,624 - INFO - This connection is in OCSP Fail Open Mode. TLS Certificates would be checked for validity and revocation status. Any other Certificate Revocation related exceptions or OCSP Responder failures would be disregarded in favor of connectivity.
2024-08-20 14:26:18,115 - INFO - Number of results in first chunk: 6
2024-08-20 14:26:18,116 - INFO - closed
2024-08-20 14:26:18,152 - INFO - No async queries seem to be running, deleting session
2024-08-20 14:26:18,203 - INFO - 127.0.0.1 - - [20/Aug/2024 14:26:18] "GET / HTTP/1.1" 200 -
2024-08-20 14:26:18,335 - INFO - 127.0.0.1 - - [20/Aug/2024 14:26:18] "[33mGET /favicon.ico HTTP/1.1[0m" 404 -
2024-08-20 14:26:52,572 - INFO - Snowflake Connector for Python Version: 3.12.0, Python Version: 3.12.5, Platform: Windows-10-10.0.19045-SP0
2024-08-20 14:26:52,572 - INFO - Connecting to GLOBAL Snowflake domain
2024-08-20 14:26:52,572 - INFO - This connection is in OCSP Fail Open Mode. TLS Certificates would be checked for validity and revocation status. Any other Certificate Revocation related exceptions or OCSP Responder failures would be disregarded in favor of connectivity.
2024-08-20 14:26:53,917 - INFO - Number of results in first chunk: 6
2024-08-20 14:26:53,917 - INFO - closed
2024-08-20 14:26:53,964 - INFO - No async queries seem to be running, deleting session
2024-08-20 14:26:54,027 - INFO - 127.0.0.1 - - [20/Aug/2024 14:26:54] "GET / HTTP/1.1" 200 -
2024-08-20 14:26:58,334 - INFO -  * Detected change in 'c:\\onetoone\\app.py', reloading
2024-08-20 14:26:58,336 - INFO -  * Detected change in 'c:\\onetoone\\app.py', reloading
2024-08-20 14:26:58,339 - INFO -  * Detected change in 'c:\\onetoone\\app.py', reloading
2024-08-20 14:26:58,341 - INFO -  * Detected change in 'c:\\onetoone\\app.py', reloading
2024-08-20 14:26:58,686 - INFO -  * Detected change in 'c:\\onetoone\\app.py', reloading
2024-08-20 14:26:58,689 - INFO -  * Detected change in 'c:\\onetoone\\app.py', reloading
2024-08-20 14:26:58,697 - INFO -  * Detected change in 'c:\\onetoone\\app.py', reloading
2024-08-20 14:26:58,701 - INFO -  * Detected change in 'c:\\onetoone\\app.py', reloading
2024-08-20 14:26:58,809 - INFO -  * Detected change in 'c:\\onetoone\\app.py', reloading
2024-08-20 14:26:58,810 - INFO -  * Detected change in 'c:\\onetoone\\app.py', reloading
2024-08-20 14:26:58,819 - INFO -  * Detected change in 'c:\\onetoone\\app.py', reloading
2024-08-20 14:26:58,822 - INFO -  * Detected change in 'c:\\onetoone\\app.py', reloading
2024-08-20 14:26:59,359 - INFO -  * Restarting with watchdog (windowsapi)
2024-08-20 14:27:02,087 - WARNING -  * Debugger is active!
2024-08-20 14:27:02,092 - INFO -  * Debugger PIN: 452-454-072
2024-08-20 14:27:18,417 - INFO - 127.0.0.1 - - [20/Aug/2024 14:27:18] "[32mPOST /process HTTP/1.1[0m" 302 -
2024-08-20 14:27:18,427 - INFO - Snowflake Connector for Python Version: 3.12.0, Python Version: 3.12.5, Platform: Windows-10-10.0.19045-SP0
2024-08-20 14:27:18,428 - INFO - Connecting to GLOBAL Snowflake domain
2024-08-20 14:27:18,428 - INFO - This connection is in OCSP Fail Open Mode. TLS Certificates would be checked for validity and revocation status. Any other Certificate Revocation related exceptions or OCSP Responder failures would be disregarded in favor of connectivity.
2024-08-20 14:27:21,715 - INFO - Number of results in first chunk: 6
2024-08-20 14:27:21,716 - INFO - closed
2024-08-20 14:27:21,755 - INFO - No async queries seem to be running, deleting session
2024-08-20 14:27:21,815 - INFO - 127.0.0.1 - - [20/Aug/2024 14:27:21] "GET / HTTP/1.1" 200 -
2024-08-20 14:27:52,332 - INFO - 127.0.0.1 - - [20/Aug/2024 14:27:52] "[32mPOST /process HTTP/1.1[0m" 302 -
2024-08-20 14:27:52,342 - INFO - Snowflake Connector for Python Version: 3.12.0, Python Version: 3.12.5, Platform: Windows-10-10.0.19045-SP0
2024-08-20 14:27:52,343 - INFO - Connecting to GLOBAL Snowflake domain
2024-08-20 14:27:52,345 - INFO - This connection is in OCSP Fail Open Mode. TLS Certificates would be checked for validity and revocation status. Any other Certificate Revocation related exceptions or OCSP Responder failures would be disregarded in favor of connectivity.
2024-08-20 14:27:53,716 - INFO - Number of results in first chunk: 6
2024-08-20 14:27:53,717 - INFO - closed
2024-08-20 14:27:53,758 - INFO - No async queries seem to be running, deleting session
2024-08-20 14:27:53,811 - INFO - 127.0.0.1 - - [20/Aug/2024 14:27:53] "GET / HTTP/1.1" 200 -
2024-08-20 14:32:26,350 - INFO - [31m[1mWARNING: This is a development server. Do not use it in a production deployment. Use a production WSGI server instead.[0m
 * Running on http://127.0.0.1:5000
2024-08-20 14:32:26,351 - INFO - [33mPress CTRL+C to quit[0m
2024-08-20 14:32:26,374 - INFO -  * Restarting with watchdog (windowsapi)
2024-08-20 14:32:28,666 - WARNING -  * Debugger is active!
2024-08-20 14:32:28,672 - INFO -  * Debugger PIN: 452-454-072
2024-08-20 14:32:35,900 - INFO - Snowflake Connector for Python Version: 3.12.0, Python Version: 3.12.5, Platform: Windows-10-10.0.19045-SP0
2024-08-20 14:32:35,900 - INFO - Connecting to GLOBAL Snowflake domain
2024-08-20 14:32:35,900 - INFO - This connection is in OCSP Fail Open Mode. TLS Certificates would be checked for validity and revocation status. Any other Certificate Revocation related exceptions or OCSP Responder failures would be disregarded in favor of connectivity.
2024-08-20 14:32:38,516 - INFO - Number of results in first chunk: 6
2024-08-20 14:32:38,517 - INFO - closed
2024-08-20 14:32:38,557 - INFO - No async queries seem to be running, deleting session
2024-08-20 14:32:38,622 - INFO - 127.0.0.1 - - [20/Aug/2024 14:32:38] "GET / HTTP/1.1" 200 -
2024-08-20 14:33:05,672 - INFO - Snowflake Connector for Python Version: 3.12.0, Python Version: 3.12.5, Platform: Windows-10-10.0.19045-SP0
2024-08-20 14:33:05,673 - INFO - Connecting to GLOBAL Snowflake domain
2024-08-20 14:33:05,673 - INFO - This connection is in OCSP Fail Open Mode. TLS Certificates would be checked for validity and revocation status. Any other Certificate Revocation related exceptions or OCSP Responder failures would be disregarded in favor of connectivity.
2024-08-20 14:33:06,603 - INFO - Number of results in first chunk: 1
2024-08-20 14:33:06,603 - INFO - Table TEXT created successfully.
2024-08-20 14:33:06,604 - INFO - closed
2024-08-20 14:33:06,646 - INFO - No async queries seem to be running, deleting session
2024-08-20 14:33:06,696 - INFO - 127.0.0.1 - - [20/Aug/2024 14:33:06] "[32mPOST /process HTTP/1.1[0m" 302 -
2024-08-20 14:33:06,702 - INFO - Snowflake Connector for Python Version: 3.12.0, Python Version: 3.12.5, Platform: Windows-10-10.0.19045-SP0
2024-08-20 14:33:06,702 - INFO - Connecting to GLOBAL Snowflake domain
2024-08-20 14:33:06,702 - INFO - This connection is in OCSP Fail Open Mode. TLS Certificates would be checked for validity and revocation status. Any other Certificate Revocation related exceptions or OCSP Responder failures would be disregarded in favor of connectivity.
2024-08-20 14:33:07,544 - INFO - Number of results in first chunk: 7
2024-08-20 14:33:07,545 - INFO - closed
2024-08-20 14:33:07,580 - INFO - No async queries seem to be running, deleting session
2024-08-20 14:33:07,626 - INFO - 127.0.0.1 - - [20/Aug/2024 14:33:07] "GET / HTTP/1.1" 200 -
2024-08-20 14:33:26,413 - INFO - Snowflake Connector for Python Version: 3.12.0, Python Version: 3.12.5, Platform: Windows-10-10.0.19045-SP0
2024-08-20 14:33:26,414 - INFO - Connecting to GLOBAL Snowflake domain
2024-08-20 14:33:26,414 - INFO - This connection is in OCSP Fail Open Mode. TLS Certificates would be checked for validity and revocation status. Any other Certificate Revocation related exceptions or OCSP Responder failures would be disregarded in favor of connectivity.
2024-08-20 14:33:27,226 - INFO - Number of results in first chunk: 1
2024-08-20 14:33:27,227 - INFO - closed
2024-08-20 14:33:27,261 - INFO - No async queries seem to be running, deleting session
2024-08-20 14:33:27,332 - INFO - 127.0.0.1 - - [20/Aug/2024 14:33:27] "POST /process HTTP/1.1" 200 -
2024-08-20 14:34:17,263 - INFO - Snowflake Connector for Python Version: 3.12.0, Python Version: 3.12.5, Platform: Windows-10-10.0.19045-SP0
2024-08-20 14:34:17,264 - INFO - Connecting to GLOBAL Snowflake domain
2024-08-20 14:34:17,264 - INFO - This connection is in OCSP Fail Open Mode. TLS Certificates would be checked for validity and revocation status. Any other Certificate Revocation related exceptions or OCSP Responder failures would be disregarded in favor of connectivity.
2024-08-20 14:34:18,069 - INFO - Snowflake Connector for Python Version: 3.12.0, Python Version: 3.12.5, Platform: Windows-10-10.0.19045-SP0
2024-08-20 14:34:18,070 - INFO - Connecting to GLOBAL Snowflake domain
2024-08-20 14:34:18,070 - INFO - This connection is in OCSP Fail Open Mode. TLS Certificates would be checked for validity and revocation status. Any other Certificate Revocation related exceptions or OCSP Responder failures would be disregarded in favor of connectivity.
2024-08-20 14:34:18,815 - INFO - Number of results in first chunk: 1
2024-08-20 14:34:18,815 - INFO - closed
2024-08-20 14:34:18,849 - INFO - No async queries seem to be running, deleting session
2024-08-20 14:34:18,895 - INFO - Insert query: INSERT INTO TEXT ("NAME,AGE,CITY") VALUES (%s)
2024-08-20 14:34:18,896 - INFO - Inserting row: ['John Doe']
2024-08-20 14:34:19,197 - INFO - Inserting row: ['Jane Smith']
2024-08-20 14:34:19,493 - INFO - Inserting row: ['Alice Johnson']
2024-08-20 14:34:19,768 - INFO - Data successfully written to Snowflake table: TEXT
2024-08-20 14:34:19,768 - INFO - closed
2024-08-20 14:34:19,813 - INFO - No async queries seem to be running, deleting session
2024-08-20 14:34:19,909 - INFO - 127.0.0.1 - - [20/Aug/2024 14:34:19] "POST /map_columns HTTP/1.1" 200 -
2024-08-20 14:34:24,382 - INFO - 127.0.0.1 - - [20/Aug/2024 14:34:24] "[32mPOST /view_all_data HTTP/1.1[0m" 302 -
2024-08-20 14:34:24,393 - INFO - Snowflake Connector for Python Version: 3.12.0, Python Version: 3.12.5, Platform: Windows-10-10.0.19045-SP0
2024-08-20 14:34:24,394 - INFO - Connecting to GLOBAL Snowflake domain
2024-08-20 14:34:24,394 - INFO - This connection is in OCSP Fail Open Mode. TLS Certificates would be checked for validity and revocation status. Any other Certificate Revocation related exceptions or OCSP Responder failures would be disregarded in favor of connectivity.
2024-08-20 14:34:25,240 - INFO - Number of results in first chunk: 7
2024-08-20 14:34:25,240 - INFO - closed
2024-08-20 14:34:25,270 - INFO - No async queries seem to be running, deleting session
2024-08-20 14:34:25,328 - INFO - 127.0.0.1 - - [20/Aug/2024 14:34:25] "GET /view_all_data HTTP/1.1" 200 -
2024-08-20 14:47:08,387 - INFO - [31m[1mWARNING: This is a development server. Do not use it in a production deployment. Use a production WSGI server instead.[0m
 * Running on http://127.0.0.1:5000
2024-08-20 14:47:08,387 - INFO - [33mPress CTRL+C to quit[0m
2024-08-20 14:47:08,446 - INFO -  * Restarting with watchdog (windowsapi)
2024-08-20 14:47:10,662 - WARNING -  * Debugger is active!
2024-08-20 14:47:10,666 - INFO -  * Debugger PIN: 452-454-072
2024-08-20 14:47:28,684 - INFO - Snowflake Connector for Python Version: 3.12.0, Python Version: 3.12.5, Platform: Windows-10-10.0.19045-SP0
2024-08-20 14:47:28,685 - INFO - Connecting to GLOBAL Snowflake domain
2024-08-20 14:47:28,685 - INFO - This connection is in OCSP Fail Open Mode. TLS Certificates would be checked for validity and revocation status. Any other Certificate Revocation related exceptions or OCSP Responder failures would be disregarded in favor of connectivity.
2024-08-20 14:47:32,194 - INFO - Number of results in first chunk: 7
2024-08-20 14:47:32,195 - INFO - closed
2024-08-20 14:47:32,228 - INFO - No async queries seem to be running, deleting session
2024-08-20 14:47:32,287 - INFO - 127.0.0.1 - - [20/Aug/2024 14:47:32] "GET / HTTP/1.1" 200 -
2024-08-20 14:47:56,707 - INFO - Snowflake Connector for Python Version: 3.12.0, Python Version: 3.12.5, Platform: Windows-10-10.0.19045-SP0
2024-08-20 14:47:56,707 - INFO - Connecting to GLOBAL Snowflake domain
2024-08-20 14:47:56,707 - INFO - This connection is in OCSP Fail Open Mode. TLS Certificates would be checked for validity and revocation status. Any other Certificate Revocation related exceptions or OCSP Responder failures would be disregarded in favor of connectivity.
2024-08-20 14:47:57,622 - INFO - Number of results in first chunk: 1
2024-08-20 14:47:57,623 - INFO - Table TXET1 created successfully.
2024-08-20 14:47:57,623 - INFO - closed
2024-08-20 14:47:57,658 - INFO - No async queries seem to be running, deleting session
2024-08-20 14:47:57,704 - INFO - 127.0.0.1 - - [20/Aug/2024 14:47:57] "[32mPOST /process HTTP/1.1[0m" 302 -
2024-08-20 14:47:57,711 - INFO - Snowflake Connector for Python Version: 3.12.0, Python Version: 3.12.5, Platform: Windows-10-10.0.19045-SP0
2024-08-20 14:47:57,712 - INFO - Connecting to GLOBAL Snowflake domain
2024-08-20 14:47:57,712 - INFO - This connection is in OCSP Fail Open Mode. TLS Certificates would be checked for validity and revocation status. Any other Certificate Revocation related exceptions or OCSP Responder failures would be disregarded in favor of connectivity.
2024-08-20 14:47:58,564 - INFO - Number of results in first chunk: 8
2024-08-20 14:47:58,565 - INFO - closed
2024-08-20 14:47:58,610 - INFO - No async queries seem to be running, deleting session
2024-08-20 14:47:58,658 - INFO - 127.0.0.1 - - [20/Aug/2024 14:47:58] "GET / HTTP/1.1" 200 -
2024-08-20 14:48:47,597 - INFO - Snowflake Connector for Python Version: 3.12.0, Python Version: 3.12.5, Platform: Windows-10-10.0.19045-SP0
2024-08-20 14:48:47,597 - INFO - Connecting to GLOBAL Snowflake domain
2024-08-20 14:48:47,598 - INFO - This connection is in OCSP Fail Open Mode. TLS Certificates would be checked for validity and revocation status. Any other Certificate Revocation related exceptions or OCSP Responder failures would be disregarded in favor of connectivity.
2024-08-20 14:48:48,524 - INFO - Number of results in first chunk: 1
2024-08-20 14:48:48,524 - INFO - closed
2024-08-20 14:48:48,560 - INFO - No async queries seem to be running, deleting session
2024-08-20 14:48:48,623 - INFO - 127.0.0.1 - - [20/Aug/2024 14:48:48] "POST /process HTTP/1.1" 200 -
2024-08-20 14:48:54,221 - INFO - Snowflake Connector for Python Version: 3.12.0, Python Version: 3.12.5, Platform: Windows-10-10.0.19045-SP0
2024-08-20 14:48:54,222 - INFO - Connecting to GLOBAL Snowflake domain
2024-08-20 14:48:54,222 - INFO - This connection is in OCSP Fail Open Mode. TLS Certificates would be checked for validity and revocation status. Any other Certificate Revocation related exceptions or OCSP Responder failures would be disregarded in favor of connectivity.
2024-08-20 14:48:54,996 - INFO - Snowflake Connector for Python Version: 3.12.0, Python Version: 3.12.5, Platform: Windows-10-10.0.19045-SP0
2024-08-20 14:48:54,997 - INFO - Connecting to GLOBAL Snowflake domain
2024-08-20 14:48:54,998 - INFO - This connection is in OCSP Fail Open Mode. TLS Certificates would be checked for validity and revocation status. Any other Certificate Revocation related exceptions or OCSP Responder failures would be disregarded in favor of connectivity.
2024-08-20 14:48:55,797 - INFO - Number of results in first chunk: 1
2024-08-20 14:48:55,797 - INFO - closed
2024-08-20 14:48:55,847 - INFO - No async queries seem to be running, deleting session
2024-08-20 14:48:55,891 - INFO - Insert query: INSERT INTO TEXT ("NAME,AGE,CITY") VALUES (%s)
2024-08-20 14:48:55,892 - INFO - Inserting row: [50000]
2024-08-20 14:48:56,270 - INFO - Inserting row: [60000]
2024-08-20 14:48:56,531 - INFO - Inserting row: [55000]
2024-08-20 14:48:56,855 - INFO - Data successfully written to Snowflake table: TEXT
2024-08-20 14:48:56,856 - INFO - closed
2024-08-20 14:48:56,894 - INFO - No async queries seem to be running, deleting session
2024-08-20 14:48:56,983 - INFO - 127.0.0.1 - - [20/Aug/2024 14:48:56] "POST /map_columns HTTP/1.1" 200 -
2024-08-20 14:49:00,109 - INFO - 127.0.0.1 - - [20/Aug/2024 14:49:00] "[32mPOST /view_all_data HTTP/1.1[0m" 302 -
2024-08-20 14:49:00,120 - INFO - Snowflake Connector for Python Version: 3.12.0, Python Version: 3.12.5, Platform: Windows-10-10.0.19045-SP0
2024-08-20 14:49:00,120 - INFO - Connecting to GLOBAL Snowflake domain
2024-08-20 14:49:00,121 - INFO - This connection is in OCSP Fail Open Mode. TLS Certificates would be checked for validity and revocation status. Any other Certificate Revocation related exceptions or OCSP Responder failures would be disregarded in favor of connectivity.
2024-08-20 14:49:00,940 - INFO - Number of results in first chunk: 8
2024-08-20 14:49:00,941 - INFO - closed
2024-08-20 14:49:00,982 - INFO - No async queries seem to be running, deleting session
2024-08-20 14:49:01,262 - INFO - 127.0.0.1 - - [20/Aug/2024 14:49:01] "GET /view_all_data HTTP/1.1" 200 -
2024-08-20 14:49:08,922 - INFO - 127.0.0.1 - - [20/Aug/2024 14:49:08] "[32mPOST /view_all_data HTTP/1.1[0m" 302 -
2024-08-20 14:49:08,933 - INFO - Snowflake Connector for Python Version: 3.12.0, Python Version: 3.12.5, Platform: Windows-10-10.0.19045-SP0
2024-08-20 14:49:08,933 - INFO - Connecting to GLOBAL Snowflake domain
2024-08-20 14:49:08,933 - INFO - This connection is in OCSP Fail Open Mode. TLS Certificates would be checked for validity and revocation status. Any other Certificate Revocation related exceptions or OCSP Responder failures would be disregarded in favor of connectivity.
2024-08-20 14:49:09,765 - INFO - Number of results in first chunk: 8
2024-08-20 14:49:09,766 - INFO - closed
2024-08-20 14:49:09,815 - INFO - No async queries seem to be running, deleting session
2024-08-20 14:49:09,867 - INFO - 127.0.0.1 - - [20/Aug/2024 14:49:09] "GET /view_all_data HTTP/1.1" 200 -
2024-08-20 14:49:49,387 - INFO -  * Detected change in 'c:\\onetoone\\app.py', reloading
2024-08-20 14:49:49,388 - INFO -  * Detected change in 'c:\\onetoone\\app.py', reloading
2024-08-20 14:49:49,392 - INFO -  * Detected change in 'c:\\onetoone\\app.py', reloading
2024-08-20 14:49:49,393 - INFO -  * Detected change in 'c:\\onetoone\\app.py', reloading
2024-08-20 14:49:49,689 - INFO -  * Detected change in 'c:\\onetoone\\app.py', reloading
2024-08-20 14:49:49,690 - INFO -  * Detected change in 'c:\\onetoone\\app.py', reloading
2024-08-20 14:49:49,695 - INFO -  * Detected change in 'c:\\onetoone\\app.py', reloading
2024-08-20 14:49:49,696 - INFO -  * Detected change in 'c:\\onetoone\\app.py', reloading
2024-08-20 14:49:49,893 - INFO -  * Detected change in 'c:\\onetoone\\app.py', reloading
2024-08-20 14:49:49,900 - INFO -  * Detected change in 'c:\\onetoone\\app.py', reloading
2024-08-20 14:49:50,830 - INFO -  * Restarting with watchdog (windowsapi)
2024-08-20 14:49:53,086 - WARNING -  * Debugger is active!
2024-08-20 14:49:53,090 - INFO -  * Debugger PIN: 452-454-072
2024-08-20 14:50:00,447 - INFO - Snowflake Connector for Python Version: 3.12.0, Python Version: 3.12.5, Platform: Windows-10-10.0.19045-SP0
2024-08-20 14:50:00,448 - INFO - Connecting to GLOBAL Snowflake domain
2024-08-20 14:50:00,448 - INFO - This connection is in OCSP Fail Open Mode. TLS Certificates would be checked for validity and revocation status. Any other Certificate Revocation related exceptions or OCSP Responder failures would be disregarded in favor of connectivity.
2024-08-20 14:50:02,081 - INFO - Snowflake Connector for Python Version: 3.12.0, Python Version: 3.12.5, Platform: Windows-10-10.0.19045-SP0
2024-08-20 14:50:02,082 - INFO - Connecting to GLOBAL Snowflake domain
2024-08-20 14:50:02,082 - INFO - This connection is in OCSP Fail Open Mode. TLS Certificates would be checked for validity and revocation status. Any other Certificate Revocation related exceptions or OCSP Responder failures would be disregarded in favor of connectivity.
2024-08-20 14:50:03,126 - INFO - Number of results in first chunk: 1
2024-08-20 14:50:03,126 - INFO - closed
2024-08-20 14:50:03,161 - INFO - No async queries seem to be running, deleting session
2024-08-20 14:50:03,202 - INFO - Insert query: INSERT INTO TEXT ("NAME,AGE,CITY") VALUES (%s)
2024-08-20 14:50:03,203 - INFO - Inserting row: [50000]
2024-08-20 14:50:03,501 - INFO - Inserting row: [60000]
2024-08-20 14:50:03,768 - INFO - Inserting row: [55000]
2024-08-20 14:50:04,171 - INFO - Data successfully written to Snowflake table: TEXT
2024-08-20 14:50:04,172 - INFO - closed
2024-08-20 14:50:04,209 - INFO - No async queries seem to be running, deleting session
2024-08-20 14:50:04,277 - INFO - 127.0.0.1 - - [20/Aug/2024 14:50:04] "POST /map_columns HTTP/1.1" 200 -
2024-08-20 14:50:06,482 - INFO - 127.0.0.1 - - [20/Aug/2024 14:50:06] "[32mPOST /view_all_data HTTP/1.1[0m" 302 -
2024-08-20 14:50:06,492 - INFO - Snowflake Connector for Python Version: 3.12.0, Python Version: 3.12.5, Platform: Windows-10-10.0.19045-SP0
2024-08-20 14:50:06,493 - INFO - Connecting to GLOBAL Snowflake domain
2024-08-20 14:50:06,495 - INFO - This connection is in OCSP Fail Open Mode. TLS Certificates would be checked for validity and revocation status. Any other Certificate Revocation related exceptions or OCSP Responder failures would be disregarded in favor of connectivity.
2024-08-20 14:50:07,670 - INFO - Number of results in first chunk: 8
2024-08-20 14:50:07,670 - INFO - closed
2024-08-20 14:50:07,703 - INFO - No async queries seem to be running, deleting session
2024-08-20 14:50:07,754 - INFO - 127.0.0.1 - - [20/Aug/2024 14:50:07] "GET /view_all_data HTTP/1.1" 200 -
2024-08-20 14:50:13,504 - INFO - Snowflake Connector for Python Version: 3.12.0, Python Version: 3.12.5, Platform: Windows-10-10.0.19045-SP0
2024-08-20 14:50:13,504 - INFO - Connecting to GLOBAL Snowflake domain
2024-08-20 14:50:13,505 - INFO - This connection is in OCSP Fail Open Mode. TLS Certificates would be checked for validity and revocation status. Any other Certificate Revocation related exceptions or OCSP Responder failures would be disregarded in favor of connectivity.
2024-08-20 14:50:14,380 - INFO - Number of results in first chunk: 9
2024-08-20 14:50:14,390 - INFO - closed
2024-08-20 14:50:14,422 - INFO - No async queries seem to be running, deleting session
2024-08-20 14:50:14,476 - INFO - 127.0.0.1 - - [20/Aug/2024 14:50:14] "POST /view_table_data HTTP/1.1" 200 -
2024-08-20 15:05:33,634 - INFO -  * Detected change in 'c:\\onetoone\\app.py', reloading
2024-08-20 15:05:33,637 - INFO -  * Detected change in 'c:\\onetoone\\app.py', reloading
2024-08-20 15:05:33,644 - INFO -  * Detected change in 'c:\\onetoone\\app.py', reloading
2024-08-20 15:05:33,648 - INFO -  * Detected change in 'c:\\onetoone\\app.py', reloading
2024-08-20 15:05:34,201 - INFO -  * Restarting with watchdog (windowsapi)
2024-08-20 15:05:36,904 - WARNING -  * Debugger is active!
2024-08-20 15:05:36,910 - INFO -  * Debugger PIN: 452-454-072
2024-08-20 15:05:44,298 - INFO - [31m[1mWARNING: This is a development server. Do not use it in a production deployment. Use a production WSGI server instead.[0m
 * Running on http://127.0.0.1:5000
2024-08-20 15:05:44,298 - INFO - [33mPress CTRL+C to quit[0m
2024-08-20 15:05:44,317 - INFO -  * Restarting with watchdog (windowsapi)
2024-08-20 15:05:46,360 - WARNING -  * Debugger is active!
2024-08-20 15:05:46,364 - INFO -  * Debugger PIN: 452-454-072
2024-08-20 15:06:07,746 - INFO - Snowflake Connector for Python Version: 3.12.0, Python Version: 3.12.5, Platform: Windows-10-10.0.19045-SP0
2024-08-20 15:06:07,747 - INFO - Connecting to GLOBAL Snowflake domain
2024-08-20 15:06:07,747 - INFO - This connection is in OCSP Fail Open Mode. TLS Certificates would be checked for validity and revocation status. Any other Certificate Revocation related exceptions or OCSP Responder failures would be disregarded in favor of connectivity.
2024-08-20 15:06:10,549 - INFO - Number of results in first chunk: 8
2024-08-20 15:06:10,550 - INFO - closed
2024-08-20 15:06:10,585 - INFO - No async queries seem to be running, deleting session
2024-08-20 15:06:10,640 - INFO - 127.0.0.1 - - [20/Aug/2024 15:06:10] "GET / HTTP/1.1" 200 -
2024-08-20 15:06:28,553 - INFO - Snowflake Connector for Python Version: 3.12.0, Python Version: 3.12.5, Platform: Windows-10-10.0.19045-SP0
2024-08-20 15:06:28,553 - INFO - Connecting to GLOBAL Snowflake domain
2024-08-20 15:06:28,553 - INFO - This connection is in OCSP Fail Open Mode. TLS Certificates would be checked for validity and revocation status. Any other Certificate Revocation related exceptions or OCSP Responder failures would be disregarded in favor of connectivity.
2024-08-20 15:06:30,105 - INFO - Number of results in first chunk: 1
2024-08-20 15:06:30,106 - INFO - Table TEXT2 created successfully.
2024-08-20 15:06:30,107 - INFO - closed
2024-08-20 15:06:30,162 - INFO - No async queries seem to be running, deleting session
2024-08-20 15:06:30,222 - INFO - 127.0.0.1 - - [20/Aug/2024 15:06:30] "[32mPOST /process HTTP/1.1[0m" 302 -
2024-08-20 15:06:30,237 - INFO - Snowflake Connector for Python Version: 3.12.0, Python Version: 3.12.5, Platform: Windows-10-10.0.19045-SP0
2024-08-20 15:06:30,238 - INFO - Connecting to GLOBAL Snowflake domain
2024-08-20 15:06:30,239 - INFO - This connection is in OCSP Fail Open Mode. TLS Certificates would be checked for validity and revocation status. Any other Certificate Revocation related exceptions or OCSP Responder failures would be disregarded in favor of connectivity.
2024-08-20 15:06:31,546 - INFO - Number of results in first chunk: 9
2024-08-20 15:06:31,548 - INFO - closed
2024-08-20 15:06:31,589 - INFO - No async queries seem to be running, deleting session
2024-08-20 15:06:31,642 - INFO - 127.0.0.1 - - [20/Aug/2024 15:06:31] "GET / HTTP/1.1" 200 -
2024-08-20 15:07:32,434 - INFO - Snowflake Connector for Python Version: 3.12.0, Python Version: 3.12.5, Platform: Windows-10-10.0.19045-SP0
2024-08-20 15:07:32,434 - INFO - Connecting to GLOBAL Snowflake domain
2024-08-20 15:07:32,435 - INFO - This connection is in OCSP Fail Open Mode. TLS Certificates would be checked for validity and revocation status. Any other Certificate Revocation related exceptions or OCSP Responder failures would be disregarded in favor of connectivity.
2024-08-20 15:07:33,756 - INFO - Number of results in first chunk: 5
2024-08-20 15:07:33,756 - INFO - closed
2024-08-20 15:07:33,800 - INFO - No async queries seem to be running, deleting session
2024-08-20 15:07:33,873 - INFO - 127.0.0.1 - - [20/Aug/2024 15:07:33] "POST /process HTTP/1.1" 200 -
2024-08-20 15:08:20,657 - INFO - Snowflake Connector for Python Version: 3.12.0, Python Version: 3.12.5, Platform: Windows-10-10.0.19045-SP0
2024-08-20 15:08:20,657 - INFO - Connecting to GLOBAL Snowflake domain
2024-08-20 15:08:20,658 - INFO - This connection is in OCSP Fail Open Mode. TLS Certificates would be checked for validity and revocation status. Any other Certificate Revocation related exceptions or OCSP Responder failures would be disregarded in favor of connectivity.
2024-08-20 15:08:21,932 - INFO - Snowflake Connector for Python Version: 3.12.0, Python Version: 3.12.5, Platform: Windows-10-10.0.19045-SP0
2024-08-20 15:08:21,933 - INFO - Connecting to GLOBAL Snowflake domain
2024-08-20 15:08:21,933 - INFO - This connection is in OCSP Fail Open Mode. TLS Certificates would be checked for validity and revocation status. Any other Certificate Revocation related exceptions or OCSP Responder failures would be disregarded in favor of connectivity.
2024-08-20 15:08:23,464 - INFO - Number of results in first chunk: 5
2024-08-20 15:08:23,465 - INFO - closed
2024-08-20 15:08:23,511 - INFO - No async queries seem to be running, deleting session
2024-08-20 15:08:23,580 - INFO - Insert query: INSERT INTO TEXT2 ("NAME,AGE,CITY", "JOHN", "JANE", "ALICE", "BOB") VALUES (%s, %s, %s, %s, %s)
2024-08-20 15:08:23,582 - INFO - Inserting row: ['John Doe', None, None, None, None]
2024-08-20 15:08:24,079 - INFO - Inserting row: ['Jane Smith', None, None, None, None]
2024-08-20 15:08:24,388 - INFO - Inserting row: ['Alice Johnson', None, None, None, None]
2024-08-20 15:08:24,790 - INFO - Data successfully written to Snowflake table: TEXT2
2024-08-20 15:08:24,790 - INFO - closed
2024-08-20 15:08:24,843 - INFO - No async queries seem to be running, deleting session
2024-08-20 15:08:24,923 - INFO - 127.0.0.1 - - [20/Aug/2024 15:08:24] "POST /map_columns HTTP/1.1" 200 -
2024-08-20 15:08:26,988 - INFO - 127.0.0.1 - - [20/Aug/2024 15:08:26] "[32mPOST /view_all_data HTTP/1.1[0m" 302 -
2024-08-20 15:08:26,996 - INFO - Snowflake Connector for Python Version: 3.12.0, Python Version: 3.12.5, Platform: Windows-10-10.0.19045-SP0
2024-08-20 15:08:26,997 - INFO - Connecting to GLOBAL Snowflake domain
2024-08-20 15:08:26,997 - INFO - This connection is in OCSP Fail Open Mode. TLS Certificates would be checked for validity and revocation status. Any other Certificate Revocation related exceptions or OCSP Responder failures would be disregarded in favor of connectivity.
2024-08-20 15:08:28,319 - INFO - Number of results in first chunk: 9
2024-08-20 15:08:28,320 - INFO - closed
2024-08-20 15:08:28,360 - INFO - No async queries seem to be running, deleting session
2024-08-20 15:08:28,423 - INFO - 127.0.0.1 - - [20/Aug/2024 15:08:28] "GET /view_all_data HTTP/1.1" 200 -
2024-08-20 15:08:35,655 - INFO - Snowflake Connector for Python Version: 3.12.0, Python Version: 3.12.5, Platform: Windows-10-10.0.19045-SP0
2024-08-20 15:08:35,656 - INFO - Connecting to GLOBAL Snowflake domain
2024-08-20 15:08:35,656 - INFO - This connection is in OCSP Fail Open Mode. TLS Certificates would be checked for validity and revocation status. Any other Certificate Revocation related exceptions or OCSP Responder failures would be disregarded in favor of connectivity.
2024-08-20 15:08:37,227 - INFO - Number of results in first chunk: 3
2024-08-20 15:08:37,230 - INFO - closed
2024-08-20 15:08:37,270 - INFO - No async queries seem to be running, deleting session
2024-08-20 15:08:37,348 - INFO - 127.0.0.1 - - [20/Aug/2024 15:08:37] "POST /view_table_data HTTP/1.1" 200 -
2024-08-20 15:15:56,801 - INFO -  * Detected change in 'c:\\onetoone\\app.py', reloading
2024-08-20 15:15:56,804 - INFO -  * Detected change in 'c:\\onetoone\\app.py', reloading
2024-08-20 15:15:56,808 - INFO -  * Detected change in 'c:\\onetoone\\app.py', reloading
2024-08-20 15:15:57,179 - INFO -  * Detected change in 'c:\\onetoone\\app.py', reloading
2024-08-20 15:15:57,181 - INFO -  * Detected change in 'c:\\onetoone\\app.py', reloading
2024-08-20 15:15:57,186 - INFO -  * Detected change in 'c:\\onetoone\\app.py', reloading
2024-08-20 15:15:57,188 - INFO -  * Detected change in 'c:\\onetoone\\app.py', reloading
2024-08-20 15:15:57,384 - INFO -  * Detected change in 'c:\\onetoone\\app.py', reloading
2024-08-20 15:15:57,385 - INFO -  * Detected change in 'c:\\onetoone\\app.py', reloading
2024-08-20 15:15:57,391 - INFO -  * Detected change in 'c:\\onetoone\\app.py', reloading
2024-08-20 15:15:57,695 - INFO -  * Detected change in 'c:\\onetoone\\app.py', reloading
2024-08-20 15:15:58,057 - INFO -  * Restarting with watchdog (windowsapi)
2024-08-20 15:16:00,504 - WARNING -  * Debugger is active!
2024-08-20 15:16:00,508 - INFO -  * Debugger PIN: 452-454-072
2024-08-20 15:16:15,110 - INFO - Snowflake Connector for Python Version: 3.12.0, Python Version: 3.12.5, Platform: Windows-10-10.0.19045-SP0
2024-08-20 15:16:15,111 - INFO - Connecting to GLOBAL Snowflake domain
2024-08-20 15:16:15,112 - INFO - This connection is in OCSP Fail Open Mode. TLS Certificates would be checked for validity and revocation status. Any other Certificate Revocation related exceptions or OCSP Responder failures would be disregarded in favor of connectivity.
2024-08-20 15:16:18,427 - INFO - Number of results in first chunk: 3
2024-08-20 15:16:18,429 - INFO - closed
2024-08-20 15:16:18,470 - INFO - No async queries seem to be running, deleting session
2024-08-20 15:16:18,539 - INFO - 127.0.0.1 - - [20/Aug/2024 15:16:18] "POST /view_table_data HTTP/1.1" 200 -
2024-08-20 15:16:20,391 - INFO - Snowflake Connector for Python Version: 3.12.0, Python Version: 3.12.5, Platform: Windows-10-10.0.19045-SP0
2024-08-20 15:16:20,392 - INFO - Connecting to GLOBAL Snowflake domain
2024-08-20 15:16:20,392 - INFO - This connection is in OCSP Fail Open Mode. TLS Certificates would be checked for validity and revocation status. Any other Certificate Revocation related exceptions or OCSP Responder failures would be disregarded in favor of connectivity.
2024-08-20 15:16:21,899 - INFO - Number of results in first chunk: 9
2024-08-20 15:16:21,900 - INFO - closed
2024-08-20 15:16:21,935 - INFO - No async queries seem to be running, deleting session
2024-08-20 15:16:21,989 - INFO - 127.0.0.1 - - [20/Aug/2024 15:16:21] "GET / HTTP/1.1" 200 -
2024-08-20 15:16:24,310 - INFO - Snowflake Connector for Python Version: 3.12.0, Python Version: 3.12.5, Platform: Windows-10-10.0.19045-SP0
2024-08-20 15:16:24,310 - INFO - Connecting to GLOBAL Snowflake domain
2024-08-20 15:16:24,310 - INFO - This connection is in OCSP Fail Open Mode. TLS Certificates would be checked for validity and revocation status. Any other Certificate Revocation related exceptions or OCSP Responder failures would be disregarded in favor of connectivity.
2024-08-20 15:16:25,827 - INFO - Number of results in first chunk: 9
2024-08-20 15:16:25,828 - INFO - closed
2024-08-20 15:16:25,871 - INFO - No async queries seem to be running, deleting session
2024-08-20 15:16:25,927 - INFO - 127.0.0.1 - - [20/Aug/2024 15:16:25] "GET / HTTP/1.1" 200 -
2024-08-20 15:16:58,147 - INFO - Text file converted to JSON: [{"Name,Age,City":null,"John":"Doe,28,New","Jane":"Smith,34,Los","Alice":"Johnson,29,Chicago","Bob":"Lee,45,Houston"},{"Name,Age,City":null,"John":"York","Jane":"Angeles","Alice":null,"Bob":null}]
2024-08-20 15:16:58,148 - INFO - Snowflake Connector for Python Version: 3.12.0, Python Version: 3.12.5, Platform: Windows-10-10.0.19045-SP0
2024-08-20 15:16:58,148 - INFO - Connecting to GLOBAL Snowflake domain
2024-08-20 15:16:58,149 - INFO - This connection is in OCSP Fail Open Mode. TLS Certificates would be checked for validity and revocation status. Any other Certificate Revocation related exceptions or OCSP Responder failures would be disregarded in favor of connectivity.
2024-08-20 15:16:59,682 - INFO - Number of results in first chunk: 1
2024-08-20 15:16:59,683 - INFO - Table VINEETH created successfully.
2024-08-20 15:16:59,683 - INFO - closed
2024-08-20 15:16:59,735 - INFO - No async queries seem to be running, deleting session
2024-08-20 15:16:59,789 - INFO - 127.0.0.1 - - [20/Aug/2024 15:16:59] "[32mPOST /process HTTP/1.1[0m" 302 -
2024-08-20 15:16:59,800 - INFO - Snowflake Connector for Python Version: 3.12.0, Python Version: 3.12.5, Platform: Windows-10-10.0.19045-SP0
2024-08-20 15:16:59,801 - INFO - Connecting to GLOBAL Snowflake domain
2024-08-20 15:16:59,802 - INFO - This connection is in OCSP Fail Open Mode. TLS Certificates would be checked for validity and revocation status. Any other Certificate Revocation related exceptions or OCSP Responder failures would be disregarded in favor of connectivity.
2024-08-20 15:17:01,092 - INFO - Number of results in first chunk: 10
2024-08-20 15:17:01,093 - INFO - closed
2024-08-20 15:17:01,133 - INFO - No async queries seem to be running, deleting session
2024-08-20 15:17:01,179 - INFO - 127.0.0.1 - - [20/Aug/2024 15:17:01] "GET / HTTP/1.1" 200 -
2024-08-20 15:21:19,561 - INFO -  * Detected change in 'C:\\Users\\SSLTP11406\\AppData\\Local\\Programs\\Python\\Python312\\Lib\\io.py', reloading
2024-08-20 15:21:20,070 - INFO -  * Restarting with watchdog (windowsapi)
2024-08-20 15:21:23,655 - WARNING -  * Debugger is active!
2024-08-20 15:21:23,661 - INFO -  * Debugger PIN: 452-454-072
2024-08-20 15:23:33,257 - INFO - Text file converted to JSON: [{"Name,Age,City":null,"John":"Doe,28,New","Jane":"Smith,34,Los","Alice":"Johnson,29,Chicago","Bob":"Lee,45,Houston"},{"Name,Age,City":null,"John":"York","Jane":"Angeles","Alice":null,"Bob":null}]
2024-08-20 15:23:33,259 - INFO - Snowflake Connector for Python Version: 3.12.0, Python Version: 3.12.5, Platform: Windows-10-10.0.19045-SP0
2024-08-20 15:23:33,260 - INFO - Connecting to GLOBAL Snowflake domain
2024-08-20 15:23:33,260 - INFO - This connection is in OCSP Fail Open Mode. TLS Certificates would be checked for validity and revocation status. Any other Certificate Revocation related exceptions or OCSP Responder failures would be disregarded in favor of connectivity.
2024-08-20 15:23:36,736 - INFO - Number of results in first chunk: 35
2024-08-20 15:23:36,737 - INFO - closed
2024-08-20 15:23:36,776 - INFO - No async queries seem to be running, deleting session
2024-08-20 15:23:36,848 - INFO - 127.0.0.1 - - [20/Aug/2024 15:23:36] "POST /process HTTP/1.1" 200 -
2024-08-20 15:24:14,799 - INFO -  * Detected change in 'c:\\onetoone\\app.py', reloading
2024-08-20 15:24:14,801 - INFO -  * Detected change in 'c:\\onetoone\\app.py', reloading
2024-08-20 15:24:14,805 - INFO -  * Detected change in 'c:\\onetoone\\app.py', reloading
2024-08-20 15:24:14,808 - INFO -  * Detected change in 'c:\\onetoone\\app.py', reloading
2024-08-20 15:24:15,069 - INFO -  * Detected change in 'c:\\onetoone\\app.py', reloading
2024-08-20 15:24:15,080 - INFO -  * Detected change in 'c:\\onetoone\\app.py', reloading
2024-08-20 15:24:15,083 - INFO -  * Detected change in 'c:\\onetoone\\app.py', reloading
2024-08-20 15:24:15,322 - INFO -  * Detected change in 'c:\\onetoone\\app.py', reloading
2024-08-20 15:24:15,327 - INFO -  * Detected change in 'c:\\onetoone\\app.py', reloading
2024-08-20 15:24:15,328 - INFO -  * Detected change in 'c:\\onetoone\\app.py', reloading
2024-08-20 15:24:15,500 - INFO -  * Detected change in 'c:\\onetoone\\app.py', reloading
2024-08-20 15:24:15,501 - INFO -  * Detected change in 'c:\\onetoone\\app.py', reloading
2024-08-20 15:24:15,508 - INFO -  * Detected change in 'c:\\onetoone\\app.py', reloading
2024-08-20 15:24:15,510 - INFO -  * Detected change in 'c:\\onetoone\\app.py', reloading
2024-08-20 15:24:15,983 - INFO -  * Restarting with watchdog (windowsapi)
2024-08-20 15:24:18,517 - WARNING -  * Debugger is active!
2024-08-20 15:24:18,522 - INFO -  * Debugger PIN: 452-454-072
2024-08-20 15:24:18,926 - INFO -  * Detected change in 'c:\\onetoone\\app.py', reloading
2024-08-20 15:24:18,931 - INFO -  * Detected change in 'c:\\onetoone\\app.py', reloading
2024-08-20 15:24:18,933 - INFO -  * Detected change in 'c:\\onetoone\\app.py', reloading
2024-08-20 15:24:18,936 - INFO -  * Detected change in 'c:\\onetoone\\app.py', reloading
2024-08-20 15:24:19,245 - INFO -  * Detected change in 'c:\\onetoone\\app.py', reloading
2024-08-20 15:24:19,253 - INFO -  * Detected change in 'c:\\onetoone\\app.py', reloading
2024-08-20 15:24:19,254 - INFO -  * Detected change in 'c:\\onetoone\\app.py', reloading
2024-08-20 15:24:19,259 - INFO -  * Detected change in 'c:\\onetoone\\app.py', reloading
2024-08-20 15:24:19,838 - INFO -  * Restarting with watchdog (windowsapi)
2024-08-20 15:24:22,265 - WARNING -  * Debugger is active!
2024-08-20 15:24:22,274 - INFO -  * Debugger PIN: 452-454-072
2024-08-20 15:24:28,350 - INFO - Snowflake Connector for Python Version: 3.12.0, Python Version: 3.12.5, Platform: Windows-10-10.0.19045-SP0
2024-08-20 15:24:28,350 - INFO - Connecting to GLOBAL Snowflake domain
2024-08-20 15:24:28,350 - INFO - This connection is in OCSP Fail Open Mode. TLS Certificates would be checked for validity and revocation status. Any other Certificate Revocation related exceptions or OCSP Responder failures would be disregarded in favor of connectivity.
2024-08-20 15:24:32,023 - INFO - Number of results in first chunk: 10
2024-08-20 15:24:32,024 - INFO - closed
2024-08-20 15:24:32,065 - INFO - No async queries seem to be running, deleting session
2024-08-20 15:24:32,124 - INFO - 127.0.0.1 - - [20/Aug/2024 15:24:32] "GET / HTTP/1.1" 200 -
2024-08-20 15:24:44,047 - INFO - [31m[1mWARNING: This is a development server. Do not use it in a production deployment. Use a production WSGI server instead.[0m
 * Running on http://127.0.0.1:5000
2024-08-20 15:24:44,048 - INFO - [33mPress CTRL+C to quit[0m
2024-08-20 15:24:44,068 - INFO -  * Restarting with watchdog (windowsapi)
2024-08-20 15:24:46,281 - WARNING -  * Debugger is active!
2024-08-20 15:24:46,285 - INFO -  * Debugger PIN: 452-454-072
2024-08-20 15:24:53,257 - INFO - Snowflake Connector for Python Version: 3.12.0, Python Version: 3.12.5, Platform: Windows-10-10.0.19045-SP0
2024-08-20 15:24:53,258 - INFO - Connecting to GLOBAL Snowflake domain
2024-08-20 15:24:53,258 - INFO - This connection is in OCSP Fail Open Mode. TLS Certificates would be checked for validity and revocation status. Any other Certificate Revocation related exceptions or OCSP Responder failures would be disregarded in favor of connectivity.
2024-08-20 15:24:55,726 - INFO - Number of results in first chunk: 10
2024-08-20 15:24:55,727 - INFO - closed
2024-08-20 15:24:55,761 - INFO - No async queries seem to be running, deleting session
2024-08-20 15:24:55,842 - INFO - 127.0.0.1 - - [20/Aug/2024 15:24:55] "GET / HTTP/1.1" 200 -
2024-08-20 15:25:20,523 - INFO - Text file converted to JSON: [{"Name":"John Doe","Age":"28","City":"New York"},{"Name":"Jane Smith","Age":"34","City":"Los Angeles"},{"Name":"Alice Johnson","Age":"29","City":"Chicago"},{"Name":"Bob Lee","Age":"45","City":"Houston"}]
2024-08-20 15:25:20,524 - INFO - Snowflake Connector for Python Version: 3.12.0, Python Version: 3.12.5, Platform: Windows-10-10.0.19045-SP0
2024-08-20 15:25:20,524 - INFO - Connecting to GLOBAL Snowflake domain
2024-08-20 15:25:20,524 - INFO - This connection is in OCSP Fail Open Mode. TLS Certificates would be checked for validity and revocation status. Any other Certificate Revocation related exceptions or OCSP Responder failures would be disregarded in favor of connectivity.
2024-08-20 15:25:22,060 - INFO - Number of results in first chunk: 1
2024-08-20 15:25:22,060 - INFO - Table THREEONE created successfully.
2024-08-20 15:25:22,061 - INFO - closed
2024-08-20 15:25:22,101 - INFO - No async queries seem to be running, deleting session
2024-08-20 15:25:22,156 - INFO - 127.0.0.1 - - [20/Aug/2024 15:25:22] "[32mPOST /process HTTP/1.1[0m" 302 -
2024-08-20 15:25:22,172 - INFO - Snowflake Connector for Python Version: 3.12.0, Python Version: 3.12.5, Platform: Windows-10-10.0.19045-SP0
2024-08-20 15:25:22,173 - INFO - Connecting to GLOBAL Snowflake domain
2024-08-20 15:25:22,174 - INFO - This connection is in OCSP Fail Open Mode. TLS Certificates would be checked for validity and revocation status. Any other Certificate Revocation related exceptions or OCSP Responder failures would be disregarded in favor of connectivity.
2024-08-20 15:25:23,537 - INFO - Number of results in first chunk: 11
2024-08-20 15:25:23,538 - INFO - closed
2024-08-20 15:25:23,583 - INFO - No async queries seem to be running, deleting session
2024-08-20 15:25:23,643 - INFO - 127.0.0.1 - - [20/Aug/2024 15:25:23] "GET / HTTP/1.1" 200 -
2024-08-20 15:26:24,195 - ERROR - Error loading file: 'utf-8' codec can't decode byte 0xaa in position 14: invalid start byte
2024-08-20 15:26:24,197 - INFO - 127.0.0.1 - - [20/Aug/2024 15:26:24] "[32mPOST /process HTTP/1.1[0m" 302 -
2024-08-20 15:26:24,208 - INFO - Snowflake Connector for Python Version: 3.12.0, Python Version: 3.12.5, Platform: Windows-10-10.0.19045-SP0
2024-08-20 15:26:24,209 - INFO - Connecting to GLOBAL Snowflake domain
2024-08-20 15:26:24,209 - INFO - This connection is in OCSP Fail Open Mode. TLS Certificates would be checked for validity and revocation status. Any other Certificate Revocation related exceptions or OCSP Responder failures would be disregarded in favor of connectivity.
2024-08-20 15:26:25,445 - INFO - Number of results in first chunk: 11
2024-08-20 15:26:25,446 - INFO - closed
2024-08-20 15:26:25,495 - INFO - No async queries seem to be running, deleting session
2024-08-20 15:26:25,544 - INFO - 127.0.0.1 - - [20/Aug/2024 15:26:25] "GET / HTTP/1.1" 200 -
2024-08-20 15:26:39,586 - INFO - Snowflake Connector for Python Version: 3.12.0, Python Version: 3.12.5, Platform: Windows-10-10.0.19045-SP0
2024-08-20 15:26:39,587 - INFO - Connecting to GLOBAL Snowflake domain
2024-08-20 15:26:39,587 - INFO - This connection is in OCSP Fail Open Mode. TLS Certificates would be checked for validity and revocation status. Any other Certificate Revocation related exceptions or OCSP Responder failures would be disregarded in favor of connectivity.
2024-08-20 15:26:40,466 - INFO - Number of results in first chunk: 35
2024-08-20 15:26:40,467 - INFO - closed
2024-08-20 15:26:40,508 - INFO - No async queries seem to be running, deleting session
2024-08-20 15:26:41,339 - INFO - 127.0.0.1 - - [20/Aug/2024 15:26:41] "POST /process HTTP/1.1" 200 -
2024-08-20 15:26:55,003 - INFO - Snowflake Connector for Python Version: 3.12.0, Python Version: 3.12.5, Platform: Windows-10-10.0.19045-SP0
2024-08-20 15:26:55,003 - INFO - Connecting to GLOBAL Snowflake domain
2024-08-20 15:26:55,003 - INFO - This connection is in OCSP Fail Open Mode. TLS Certificates would be checked for validity and revocation status. Any other Certificate Revocation related exceptions or OCSP Responder failures would be disregarded in favor of connectivity.
2024-08-20 15:26:55,859 - INFO - Snowflake Connector for Python Version: 3.12.0, Python Version: 3.12.5, Platform: Windows-10-10.0.19045-SP0
2024-08-20 15:26:55,859 - INFO - Connecting to GLOBAL Snowflake domain
2024-08-20 15:26:55,859 - INFO - This connection is in OCSP Fail Open Mode. TLS Certificates would be checked for validity and revocation status. Any other Certificate Revocation related exceptions or OCSP Responder failures would be disregarded in favor of connectivity.
2024-08-20 15:26:56,715 - INFO - Number of results in first chunk: 35
2024-08-20 15:26:56,715 - INFO - closed
2024-08-20 15:26:56,760 - INFO - No async queries seem to be running, deleting session
2024-08-20 15:26:56,813 - INFO - Insert query: INSERT INTO DEMO ("m_sno", "m_so_item_id", "m_solineitem", "m_datelastfulfillment", "m_datescheduledfulfillment", "m_datefulfillment", "m_soitem_desc", "m_productid", "m_productnum", "m_soid", "m_qtyfulfilled", "m_qtyordered", "m_shipped_quantity", "m_qtytofulfill", "m_qtypicked", "m_totalcost", "m_totalprice", "m_fulfilled_revenue", "m_fulfilled_margin", "m_soitem_status", "m_soitem_type", "m_taxid", "m_taxrate", "m_taxableflag", "m_unitprice", "m_uom_name", "m_uom_code", "m_item_margin", "m_negative_margin_flag", "m_lot_number", "m_schfulfilled_date_str", "m_wo_cost", "m_wo_qtyscrapped", "m_wo_qtytarget", "m_wo_qtyused") VALUES (%s, %s, %s, %s, %s, %s, %s, %s, %s, %s, %s, %s, %s, %s, %s, %s, %s, %s, %s, %s, %s, %s, %s, %s, %s, %s, %s, %s, %s, %s, %s, %s, %s, %s, %s)
2024-08-20 15:26:56,864 - INFO - Inserting row: [1001, None, None, None, None, None, None, None, None, None, None, None, None, None, None, None, None, None, None, None, None, None, None, None, None, None, None, None, None, None, None, None, None, None, None]
2024-08-20 15:26:57,403 - INFO - Inserting row: [1001, None, None, None, None, None, None, None, None, None, None, None, None, None, None, None, None, None, None, None, None, None, None, None, None, None, None, None, None, None, None, None, None, None, None]
2024-08-20 15:26:57,830 - INFO - Inserting row: [1001, None, None, None, None, None, None, None, None, None, None, None, None, None, None, None, None, None, None, None, None, None, None, None, None, None, None, None, None, None, None, None, None, None, None]
2024-08-20 15:26:58,211 - INFO - Inserting row: [1001, None, None, None, None, None, None, None, None, None, None, None, None, None, None, None, None, None, None, None, None, None, None, None, None, None, None, None, None, None, None, None, None, None, None]
2024-08-20 15:26:58,624 - INFO - Inserting row: [1001, None, None, None, None, None, None, None, None, None, None, None, None, None, None, None, None, None, None, None, None, None, None, None, None, None, None, None, None, None, None, None, None, None, None]
2024-08-20 15:26:59,033 - INFO - Inserting row: [1001, None, None, None, None, None, None, None, None, None, None, None, None, None, None, None, None, None, None, None, None, None, None, None, None, None, None, None, None, None, None, None, None, None, None]
2024-08-20 15:26:59,447 - INFO - Inserting row: [1001, None, None, None, None, None, None, None, None, None, None, None, None, None, None, None, None, None, None, None, None, None, None, None, None, None, None, None, None, None, None, None, None, None, None]
2024-08-20 15:26:59,860 - INFO - Inserting row: [1001, None, None, None, None, None, None, None, None, None, None, None, None, None, None, None, None, None, None, None, None, None, None, None, None, None, None, None, None, None, None, None, None, None, None]
2024-08-20 15:27:00,251 - INFO - Inserting row: [1001, None, None, None, None, None, None, None, None, None, None, None, None, None, None, None, None, None, None, None, None, None, None, None, None, None, None, None, None, None, None, None, None, None, None]
2024-08-20 15:27:00,668 - INFO - Inserting row: [1001, None, None, None, None, None, None, None, None, None, None, None, None, None, None, None, None, None, None, None, None, None, None, None, None, None, None, None, None, None, None, None, None, None, None]
2024-08-20 15:27:00,978 - INFO - Inserting row: [1001, None, None, None, None, None, None, None, None, None, None, None, None, None, None, None, None, None, None, None, None, None, None, None, None, None, None, None, None, None, None, None, None, None, None]
2024-08-20 15:27:01,391 - INFO - Inserting row: [1001, None, None, None, None, None, None, None, None, None, None, None, None, None, None, None, None, None, None, None, None, None, None, None, None, None, None, None, None, None, None, None, None, None, None]
2024-08-20 15:27:01,711 - INFO - Inserting row: [1001, None, None, None, None, None, None, None, None, None, None, None, None, None, None, None, None, None, None, None, None, None, None, None, None, None, None, None, None, None, None, None, None, None, None]
2024-08-20 15:27:02,104 - INFO - Inserting row: [1001, None, None, None, None, None, None, None, None, None, None, None, None, None, None, None, None, None, None, None, None, None, None, None, None, None, None, None, None, None, None, None, None, None, None]
2024-08-20 15:27:02,510 - INFO - Inserting row: [1001, None, None, None, None, None, None, None, None, None, None, None, None, None, None, None, None, None, None, None, None, None, None, None, None, None, None, None, None, None, None, None, None, None, None]
2024-08-20 15:27:03,025 - INFO - Inserting row: [1001, None, None, None, None, None, None, None, None, None, None, None, None, None, None, None, None, None, None, None, None, None, None, None, None, None, None, None, None, None, None, None, None, None, None]
2024-08-20 15:27:03,343 - INFO - Inserting row: [1001, None, None, None, None, None, None, None, None, None, None, None, None, None, None, None, None, None, None, None, None, None, None, None, None, None, None, None, None, None, None, None, None, None, None]
2024-08-20 15:27:03,746 - INFO - Inserting row: [1001, None, None, None, None, None, None, None, None, None, None, None, None, None, None, None, None, None, None, None, None, None, None, None, None, None, None, None, None, None, None, None, None, None, None]
2024-08-20 15:27:04,058 - INFO - Inserting row: [1001, None, None, None, None, None, None, None, None, None, None, None, None, None, None, None, None, None, None, None, None, None, None, None, None, None, None, None, None, None, None, None, None, None, None]
2024-08-20 15:27:04,460 - INFO - Inserting row: [1001, None, None, None, None, None, None, None, None, None, None, None, None, None, None, None, None, None, None, None, None, None, None, None, None, None, None, None, None, None, None, None, None, None, None]
2024-08-20 15:27:04,766 - INFO - Inserting row: [1001, None, None, None, None, None, None, None, None, None, None, None, None, None, None, None, None, None, None, None, None, None, None, None, None, None, None, None, None, None, None, None, None, None, None]
2024-08-20 15:27:05,110 - INFO - Inserting row: [1001, None, None, None, None, None, None, None, None, None, None, None, None, None, None, None, None, None, None, None, None, None, None, None, None, None, None, None, None, None, None, None, None, None, None]
2024-08-20 15:27:05,440 - INFO - Inserting row: [1001, None, None, None, None, None, None, None, None, None, None, None, None, None, None, None, None, None, None, None, None, None, None, None, None, None, None, None, None, None, None, None, None, None, None]
2024-08-20 15:27:05,825 - INFO - Inserting row: [1001, None, None, None, None, None, None, None, None, None, None, None, None, None, None, None, None, None, None, None, None, None, None, None, None, None, None, None, None, None, None, None, None, None, None]
2024-08-20 15:27:06,302 - INFO - Inserting row: [1001, None, None, None, None, None, None, None, None, None, None, None, None, None, None, None, None, None, None, None, None, None, None, None, None, None, None, None, None, None, None, None, None, None, None]
2024-08-20 15:27:06,689 - INFO - Inserting row: [1001, None, None, None, None, None, None, None, None, None, None, None, None, None, None, None, None, None, None, None, None, None, None, None, None, None, None, None, None, None, None, None, None, None, None]
2024-08-20 15:27:07,120 - INFO - Inserting row: [1001, None, None, None, None, None, None, None, None, None, None, None, None, None, None, None, None, None, None, None, None, None, None, None, None, None, None, None, None, None, None, None, None, None, None]
2024-08-20 15:27:07,532 - INFO - Inserting row: [1001, None, None, None, None, None, None, None, None, None, None, None, None, None, None, None, None, None, None, None, None, None, None, None, None, None, None, None, None, None, None, None, None, None, None]
2024-08-20 15:27:07,944 - INFO - Inserting row: [1001, None, None, None, None, None, None, None, None, None, None, None, None, None, None, None, None, None, None, None, None, None, None, None, None, None, None, None, None, None, None, None, None, None, None]
2024-08-20 15:27:08,357 - INFO - Inserting row: [1001, None, None, None, None, None, None, None, None, None, None, None, None, None, None, None, None, None, None, None, None, None, None, None, None, None, None, None, None, None, None, None, None, None, None]
2024-08-20 15:27:08,760 - INFO - Inserting row: [1001, None, None, None, None, None, None, None, None, None, None, None, None, None, None, None, None, None, None, None, None, None, None, None, None, None, None, None, None, None, None, None, None, None, None]
2024-08-20 15:27:09,171 - INFO - Inserting row: [1001, None, None, None, None, None, None, None, None, None, None, None, None, None, None, None, None, None, None, None, None, None, None, None, None, None, None, None, None, None, None, None, None, None, None]
2024-08-20 15:27:09,580 - INFO - Inserting row: [1001, None, None, None, None, None, None, None, None, None, None, None, None, None, None, None, None, None, None, None, None, None, None, None, None, None, None, None, None, None, None, None, None, None, None]
2024-08-20 15:27:09,887 - INFO - Inserting row: [1001, None, None, None, None, None, None, None, None, None, None, None, None, None, None, None, None, None, None, None, None, None, None, None, None, None, None, None, None, None, None, None, None, None, None]
2024-08-20 15:27:10,427 - INFO - Inserting row: [1001, None, None, None, None, None, None, None, None, None, None, None, None, None, None, None, None, None, None, None, None, None, None, None, None, None, None, None, None, None, None, None, None, None, None]
2024-08-20 15:27:10,814 - INFO - Inserting row: [1001, None, None, None, None, None, None, None, None, None, None, None, None, None, None, None, None, None, None, None, None, None, None, None, None, None, None, None, None, None, None, None, None, None, None]
2024-08-20 15:27:11,219 - INFO - Inserting row: [1001, None, None, None, None, None, None, None, None, None, None, None, None, None, None, None, None, None, None, None, None, None, None, None, None, None, None, None, None, None, None, None, None, None, None]
2024-08-20 15:27:11,525 - INFO - Inserting row: [1001, None, None, None, None, None, None, None, None, None, None, None, None, None, None, None, None, None, None, None, None, None, None, None, None, None, None, None, None, None, None, None, None, None, None]
2024-08-20 15:27:11,935 - INFO - Inserting row: [1001, None, None, None, None, None, None, None, None, None, None, None, None, None, None, None, None, None, None, None, None, None, None, None, None, None, None, None, None, None, None, None, None, None, None]
2024-08-20 15:27:12,243 - INFO - Inserting row: [1001, None, None, None, None, None, None, None, None, None, None, None, None, None, None, None, None, None, None, None, None, None, None, None, None, None, None, None, None, None, None, None, None, None, None]
2024-08-20 15:27:12,575 - INFO - Inserting row: [1001, None, None, None, None, None, None, None, None, None, None, None, None, None, None, None, None, None, None, None, None, None, None, None, None, None, None, None, None, None, None, None, None, None, None]
2024-08-20 15:27:12,875 - INFO - Inserting row: [1001, None, None, None, None, None, None, None, None, None, None, None, None, None, None, None, None, None, None, None, None, None, None, None, None, None, None, None, None, None, None, None, None, None, None]
2024-08-20 15:27:13,272 - INFO - Inserting row: [1001, None, None, None, None, None, None, None, None, None, None, None, None, None, None, None, None, None, None, None, None, None, None, None, None, None, None, None, None, None, None, None, None, None, None]
2024-08-20 15:27:13,661 - INFO - Inserting row: [1001, None, None, None, None, None, None, None, None, None, None, None, None, None, None, None, None, None, None, None, None, None, None, None, None, None, None, None, None, None, None, None, None, None, None]
2024-08-20 15:27:14,085 - INFO - Inserting row: [1001, None, None, None, None, None, None, None, None, None, None, None, None, None, None, None, None, None, None, None, None, None, None, None, None, None, None, None, None, None, None, None, None, None, None]
2024-08-20 15:27:14,415 - INFO - Inserting row: [1001, None, None, None, None, None, None, None, None, None, None, None, None, None, None, None, None, None, None, None, None, None, None, None, None, None, None, None, None, None, None, None, None, None, None]
2024-08-20 15:27:14,731 - INFO - Inserting row: [1001, None, None, None, None, None, None, None, None, None, None, None, None, None, None, None, None, None, None, None, None, None, None, None, None, None, None, None, None, None, None, None, None, None, None]
2024-08-20 15:27:15,089 - INFO - Inserting row: [1001, None, None, None, None, None, None, None, None, None, None, None, None, None, None, None, None, None, None, None, None, None, None, None, None, None, None, None, None, None, None, None, None, None, None]
2024-08-20 15:27:15,444 - INFO - Inserting row: [1001, None, None, None, None, None, None, None, None, None, None, None, None, None, None, None, None, None, None, None, None, None, None, None, None, None, None, None, None, None, None, None, None, None, None]
2024-08-20 15:27:15,831 - INFO - Inserting row: [1001, None, None, None, None, None, None, None, None, None, None, None, None, None, None, None, None, None, None, None, None, None, None, None, None, None, None, None, None, None, None, None, None, None, None]
2024-08-20 15:27:16,236 - INFO - Inserting row: [1001, None, None, None, None, None, None, None, None, None, None, None, None, None, None, None, None, None, None, None, None, None, None, None, None, None, None, None, None, None, None, None, None, None, None]
2024-08-20 15:27:16,647 - INFO - Inserting row: [1001, None, None, None, None, None, None, None, None, None, None, None, None, None, None, None, None, None, None, None, None, None, None, None, None, None, None, None, None, None, None, None, None, None, None]
2024-08-20 15:27:17,059 - INFO - Inserting row: [1001, None, None, None, None, None, None, None, None, None, None, None, None, None, None, None, None, None, None, None, None, None, None, None, None, None, None, None, None, None, None, None, None, None, None]
2024-08-20 15:27:17,381 - INFO - Inserting row: [1001, None, None, None, None, None, None, None, None, None, None, None, None, None, None, None, None, None, None, None, None, None, None, None, None, None, None, None, None, None, None, None, None, None, None]
2024-08-20 15:27:17,772 - INFO - Inserting row: [1001, None, None, None, None, None, None, None, None, None, None, None, None, None, None, None, None, None, None, None, None, None, None, None, None, None, None, None, None, None, None, None, None, None, None]
2024-08-20 15:27:18,154 - INFO - Inserting row: [1001, None, None, None, None, None, None, None, None, None, None, None, None, None, None, None, None, None, None, None, None, None, None, None, None, None, None, None, None, None, None, None, None, None, None]
2024-08-20 15:27:18,594 - INFO - Inserting row: [1001, None, None, None, None, None, None, None, None, None, None, None, None, None, None, None, None, None, None, None, None, None, None, None, None, None, None, None, None, None, None, None, None, None, None]
2024-08-20 15:27:19,001 - INFO - Inserting row: [1001, None, None, None, None, None, None, None, None, None, None, None, None, None, None, None, None, None, None, None, None, None, None, None, None, None, None, None, None, None, None, None, None, None, None]
2024-08-20 15:27:19,311 - INFO - Inserting row: [1001, None, None, None, None, None, None, None, None, None, None, None, None, None, None, None, None, None, None, None, None, None, None, None, None, None, None, None, None, None, None, None, None, None, None]
2024-08-20 15:27:19,720 - INFO - Inserting row: [1001, None, None, None, None, None, None, None, None, None, None, None, None, None, None, None, None, None, None, None, None, None, None, None, None, None, None, None, None, None, None, None, None, None, None]
2024-08-20 15:27:20,040 - INFO - Inserting row: [1001, None, None, None, None, None, None, None, None, None, None, None, None, None, None, None, None, None, None, None, None, None, None, None, None, None, None, None, None, None, None, None, None, None, None]
2024-08-20 15:27:20,435 - INFO - Inserting row: [1001, None, None, None, None, None, None, None, None, None, None, None, None, None, None, None, None, None, None, None, None, None, None, None, None, None, None, None, None, None, None, None, None, None, None]
2024-08-20 15:27:20,848 - INFO - Inserting row: [1001, None, None, None, None, None, None, None, None, None, None, None, None, None, None, None, None, None, None, None, None, None, None, None, None, None, None, None, None, None, None, None, None, None, None]
2024-08-20 15:27:21,273 - INFO - Inserting row: [1001, None, None, None, None, None, None, None, None, None, None, None, None, None, None, None, None, None, None, None, None, None, None, None, None, None, None, None, None, None, None, None, None, None, None]
2024-08-20 15:27:21,665 - INFO - Inserting row: [1001, None, None, None, None, None, None, None, None, None, None, None, None, None, None, None, None, None, None, None, None, None, None, None, None, None, None, None, None, None, None, None, None, None, None]
2024-08-20 15:27:22,092 - INFO - Inserting row: [1001, None, None, None, None, None, None, None, None, None, None, None, None, None, None, None, None, None, None, None, None, None, None, None, None, None, None, None, None, None, None, None, None, None, None]
2024-08-20 15:27:22,493 - INFO - Inserting row: [1001, None, None, None, None, None, None, None, None, None, None, None, None, None, None, None, None, None, None, None, None, None, None, None, None, None, None, None, None, None, None, None, None, None, None]
2024-08-20 15:27:22,891 - INFO - Inserting row: [1001, None, None, None, None, None, None, None, None, None, None, None, None, None, None, None, None, None, None, None, None, None, None, None, None, None, None, None, None, None, None, None, None, None, None]
2024-08-20 15:27:23,302 - INFO - Inserting row: [1001, None, None, None, None, None, None, None, None, None, None, None, None, None, None, None, None, None, None, None, None, None, None, None, None, None, None, None, None, None, None, None, None, None, None]
2024-08-20 15:27:23,610 - INFO - Inserting row: [1001, None, None, None, None, None, None, None, None, None, None, None, None, None, None, None, None, None, None, None, None, None, None, None, None, None, None, None, None, None, None, None, None, None, None]
2024-08-20 15:27:24,020 - INFO - Inserting row: [1001, None, None, None, None, None, None, None, None, None, None, None, None, None, None, None, None, None, None, None, None, None, None, None, None, None, None, None, None, None, None, None, None, None, None]
2024-08-20 15:27:24,427 - INFO - Inserting row: [1001, None, None, None, None, None, None, None, None, None, None, None, None, None, None, None, None, None, None, None, None, None, None, None, None, None, None, None, None, None, None, None, None, None, None]
2024-08-20 15:27:24,741 - INFO - Inserting row: [1001, None, None, None, None, None, None, None, None, None, None, None, None, None, None, None, None, None, None, None, None, None, None, None, None, None, None, None, None, None, None, None, None, None, None]
2024-08-20 15:27:25,044 - INFO - Inserting row: [1001, None, None, None, None, None, None, None, None, None, None, None, None, None, None, None, None, None, None, None, None, None, None, None, None, None, None, None, None, None, None, None, None, None, None]
2024-08-20 15:27:25,555 - INFO - Inserting row: [1001, None, None, None, None, None, None, None, None, None, None, None, None, None, None, None, None, None, None, None, None, None, None, None, None, None, None, None, None, None, None, None, None, None, None]
2024-08-20 15:27:25,970 - INFO - Inserting row: [1001, None, None, None, None, None, None, None, None, None, None, None, None, None, None, None, None, None, None, None, None, None, None, None, None, None, None, None, None, None, None, None, None, None, None]
2024-08-20 15:27:26,375 - INFO - Inserting row: [1001, None, None, None, None, None, None, None, None, None, None, None, None, None, None, None, None, None, None, None, None, None, None, None, None, None, None, None, None, None, None, None, None, None, None]
2024-08-20 15:27:26,786 - INFO - Inserting row: [1001, None, None, None, None, None, None, None, None, None, None, None, None, None, None, None, None, None, None, None, None, None, None, None, None, None, None, None, None, None, None, None, None, None, None]
2024-08-20 15:27:27,194 - INFO - Inserting row: [1001, None, None, None, None, None, None, None, None, None, None, None, None, None, None, None, None, None, None, None, None, None, None, None, None, None, None, None, None, None, None, None, None, None, None]
2024-08-20 15:27:27,603 - INFO - Inserting row: [1001, None, None, None, None, None, None, None, None, None, None, None, None, None, None, None, None, None, None, None, None, None, None, None, None, None, None, None, None, None, None, None, None, None, None]
2024-08-20 15:27:28,018 - INFO - Inserting row: [1001, None, None, None, None, None, None, None, None, None, None, None, None, None, None, None, None, None, None, None, None, None, None, None, None, None, None, None, None, None, None, None, None, None, None]
2024-08-20 15:27:28,425 - INFO - Inserting row: [1001, None, None, None, None, None, None, None, None, None, None, None, None, None, None, None, None, None, None, None, None, None, None, None, None, None, None, None, None, None, None, None, None, None, None]
2024-08-20 15:27:28,836 - INFO - Inserting row: [1001, None, None, None, None, None, None, None, None, None, None, None, None, None, None, None, None, None, None, None, None, None, None, None, None, None, None, None, None, None, None, None, None, None, None]
2024-08-20 15:27:29,243 - INFO - Inserting row: [1001, None, None, None, None, None, None, None, None, None, None, None, None, None, None, None, None, None, None, None, None, None, None, None, None, None, None, None, None, None, None, None, None, None, None]
2024-08-20 15:27:29,756 - INFO - Inserting row: [1001, None, None, None, None, None, None, None, None, None, None, None, None, None, None, None, None, None, None, None, None, None, None, None, None, None, None, None, None, None, None, None, None, None, None]
2024-08-20 15:27:30,167 - INFO - Inserting row: [1001, None, None, None, None, None, None, None, None, None, None, None, None, None, None, None, None, None, None, None, None, None, None, None, None, None, None, None, None, None, None, None, None, None, None]
2024-08-20 15:27:30,470 - INFO - Inserting row: [1001, None, None, None, None, None, None, None, None, None, None, None, None, None, None, None, None, None, None, None, None, None, None, None, None, None, None, None, None, None, None, None, None, None, None]
2024-08-20 15:27:30,778 - INFO - Inserting row: [1001, None, None, None, None, None, None, None, None, None, None, None, None, None, None, None, None, None, None, None, None, None, None, None, None, None, None, None, None, None, None, None, None, None, None]
2024-08-20 15:27:31,189 - INFO - Inserting row: [1001, None, None, None, None, None, None, None, None, None, None, None, None, None, None, None, None, None, None, None, None, None, None, None, None, None, None, None, None, None, None, None, None, None, None]
2024-08-20 15:27:31,504 - INFO - Inserting row: [1001, None, None, None, None, None, None, None, None, None, None, None, None, None, None, None, None, None, None, None, None, None, None, None, None, None, None, None, None, None, None, None, None, None, None]
2024-08-20 15:27:32,114 - INFO - Inserting row: [1001, None, None, None, None, None, None, None, None, None, None, None, None, None, None, None, None, None, None, None, None, None, None, None, None, None, None, None, None, None, None, None, None, None, None]
2024-08-20 15:27:32,523 - INFO - Inserting row: [1001, None, None, None, None, None, None, None, None, None, None, None, None, None, None, None, None, None, None, None, None, None, None, None, None, None, None, None, None, None, None, None, None, None, None]
2024-08-20 15:27:32,928 - INFO - Inserting row: [1001, None, None, None, None, None, None, None, None, None, None, None, None, None, None, None, None, None, None, None, None, None, None, None, None, None, None, None, None, None, None, None, None, None, None]
2024-08-20 15:27:33,239 - INFO - Inserting row: [1001, None, None, None, None, None, None, None, None, None, None, None, None, None, None, None, None, None, None, None, None, None, None, None, None, None, None, None, None, None, None, None, None, None, None]
2024-08-20 15:27:33,649 - INFO - Inserting row: [1001, None, None, None, None, None, None, None, None, None, None, None, None, None, None, None, None, None, None, None, None, None, None, None, None, None, None, None, None, None, None, None, None, None, None]
2024-08-20 15:27:34,155 - INFO - Inserting row: [1001, None, None, None, None, None, None, None, None, None, None, None, None, None, None, None, None, None, None, None, None, None, None, None, None, None, None, None, None, None, None, None, None, None, None]
2024-08-20 15:27:34,572 - INFO - Inserting row: [1001, None, None, None, None, None, None, None, None, None, None, None, None, None, None, None, None, None, None, None, None, None, None, None, None, None, None, None, None, None, None, None, None, None, None]
2024-08-20 15:27:34,976 - INFO - Inserting row: [1001, None, None, None, None, None, None, None, None, None, None, None, None, None, None, None, None, None, None, None, None, None, None, None, None, None, None, None, None, None, None, None, None, None, None]
2024-08-20 15:27:35,386 - INFO - Inserting row: [1001, None, None, None, None, None, None, None, None, None, None, None, None, None, None, None, None, None, None, None, None, None, None, None, None, None, None, None, None, None, None, None, None, None, None]
2024-08-20 15:27:35,809 - INFO - Inserting row: [1001, None, None, None, None, None, None, None, None, None, None, None, None, None, None, None, None, None, None, None, None, None, None, None, None, None, None, None, None, None, None, None, None, None, None]
2024-08-20 15:27:36,203 - INFO - Inserting row: [1001, None, None, None, None, None, None, None, None, None, None, None, None, None, None, None, None, None, None, None, None, None, None, None, None, None, None, None, None, None, None, None, None, None, None]
2024-08-20 15:27:36,513 - INFO - Inserting row: [1001, None, None, None, None, None, None, None, None, None, None, None, None, None, None, None, None, None, None, None, None, None, None, None, None, None, None, None, None, None, None, None, None, None, None]
2024-08-20 15:27:36,920 - INFO - Inserting row: [1001, None, None, None, None, None, None, None, None, None, None, None, None, None, None, None, None, None, None, None, None, None, None, None, None, None, None, None, None, None, None, None, None, None, None]
2024-08-20 15:27:37,331 - INFO - Inserting row: [1001, None, None, None, None, None, None, None, None, None, None, None, None, None, None, None, None, None, None, None, None, None, None, None, None, None, None, None, None, None, None, None, None, None, None]
2024-08-20 15:27:37,687 - INFO - Inserting row: [1001, None, None, None, None, None, None, None, None, None, None, None, None, None, None, None, None, None, None, None, None, None, None, None, None, None, None, None, None, None, None, None, None, None, None]
2024-08-20 15:27:38,157 - INFO - Inserting row: [1001, None, None, None, None, None, None, None, None, None, None, None, None, None, None, None, None, None, None, None, None, None, None, None, None, None, None, None, None, None, None, None, None, None, None]
2024-08-20 15:27:38,663 - INFO - Inserting row: [1001, None, None, None, None, None, None, None, None, None, None, None, None, None, None, None, None, None, None, None, None, None, None, None, None, None, None, None, None, None, None, None, None, None, None]
2024-08-20 15:27:39,073 - INFO - Inserting row: [1001, None, None, None, None, None, None, None, None, None, None, None, None, None, None, None, None, None, None, None, None, None, None, None, None, None, None, None, None, None, None, None, None, None, None]
2024-08-20 15:27:39,502 - INFO - Inserting row: [1001, None, None, None, None, None, None, None, None, None, None, None, None, None, None, None, None, None, None, None, None, None, None, None, None, None, None, None, None, None, None, None, None, None, None]
2024-08-20 15:27:39,896 - INFO - Inserting row: [1001, None, None, None, None, None, None, None, None, None, None, None, None, None, None, None, None, None, None, None, None, None, None, None, None, None, None, None, None, None, None, None, None, None, None]
2024-08-20 15:27:40,411 - INFO - Inserting row: [1001, None, None, None, None, None, None, None, None, None, None, None, None, None, None, None, None, None, None, None, None, None, None, None, None, None, None, None, None, None, None, None, None, None, None]
2024-08-20 15:27:40,808 - INFO - Inserting row: [1001, None, None, None, None, None, None, None, None, None, None, None, None, None, None, None, None, None, None, None, None, None, None, None, None, None, None, None, None, None, None, None, None, None, None]
2024-08-20 15:27:41,219 - INFO - Inserting row: [1001, None, None, None, None, None, None, None, None, None, None, None, None, None, None, None, None, None, None, None, None, None, None, None, None, None, None, None, None, None, None, None, None, None, None]
2024-08-20 15:27:41,568 - INFO - Inserting row: [1001, None, None, None, None, None, None, None, None, None, None, None, None, None, None, None, None, None, None, None, None, None, None, None, None, None, None, None, None, None, None, None, None, None, None]
2024-08-20 15:27:41,945 - INFO - Inserting row: [1001, None, None, None, None, None, None, None, None, None, None, None, None, None, None, None, None, None, None, None, None, None, None, None, None, None, None, None, None, None, None, None, None, None, None]
2024-08-20 15:27:42,357 - INFO - Inserting row: [1001, None, None, None, None, None, None, None, None, None, None, None, None, None, None, None, None, None, None, None, None, None, None, None, None, None, None, None, None, None, None, None, None, None, None]
2024-08-20 15:27:42,759 - INFO - Inserting row: [1001, None, None, None, None, None, None, None, None, None, None, None, None, None, None, None, None, None, None, None, None, None, None, None, None, None, None, None, None, None, None, None, None, None, None]
2024-08-20 15:27:43,184 - INFO - Inserting row: [1001, None, None, None, None, None, None, None, None, None, None, None, None, None, None, None, None, None, None, None, None, None, None, None, None, None, None, None, None, None, None, None, None, None, None]
2024-08-20 15:27:43,581 - INFO - Inserting row: [1001, None, None, None, None, None, None, None, None, None, None, None, None, None, None, None, None, None, None, None, None, None, None, None, None, None, None, None, None, None, None, None, None, None, None]
2024-08-20 15:27:44,492 - INFO - Inserting row: [1001, None, None, None, None, None, None, None, None, None, None, None, None, None, None, None, None, None, None, None, None, None, None, None, None, None, None, None, None, None, None, None, None, None, None]
2024-08-20 15:27:44,813 - INFO - Inserting row: [1001, None, None, None, None, None, None, None, None, None, None, None, None, None, None, None, None, None, None, None, None, None, None, None, None, None, None, None, None, None, None, None, None, None, None]
2024-08-20 15:27:45,218 - INFO - Inserting row: [1001, None, None, None, None, None, None, None, None, None, None, None, None, None, None, None, None, None, None, None, None, None, None, None, None, None, None, None, None, None, None, None, None, None, None]
2024-08-20 15:27:45,624 - INFO - Inserting row: [1001, None, None, None, None, None, None, None, None, None, None, None, None, None, None, None, None, None, None, None, None, None, None, None, None, None, None, None, None, None, None, None, None, None, None]
2024-08-20 15:27:46,138 - INFO - Inserting row: [1001, None, None, None, None, None, None, None, None, None, None, None, None, None, None, None, None, None, None, None, None, None, None, None, None, None, None, None, None, None, None, None, None, None, None]
2024-08-20 15:27:46,661 - INFO - Inserting row: [1001, None, None, None, None, None, None, None, None, None, None, None, None, None, None, None, None, None, None, None, None, None, None, None, None, None, None, None, None, None, None, None, None, None, None]
2024-08-20 15:27:47,062 - INFO - Inserting row: [1001, None, None, None, None, None, None, None, None, None, None, None, None, None, None, None, None, None, None, None, None, None, None, None, None, None, None, None, None, None, None, None, None, None, None]
2024-08-20 15:27:47,473 - INFO - Inserting row: [1001, None, None, None, None, None, None, None, None, None, None, None, None, None, None, None, None, None, None, None, None, None, None, None, None, None, None, None, None, None, None, None, None, None, None]
2024-08-20 15:27:48,188 - INFO - Inserting row: [1001, None, None, None, None, None, None, None, None, None, None, None, None, None, None, None, None, None, None, None, None, None, None, None, None, None, None, None, None, None, None, None, None, None, None]
2024-08-20 15:27:48,546 - INFO - Inserting row: [1001, None, None, None, None, None, None, None, None, None, None, None, None, None, None, None, None, None, None, None, None, None, None, None, None, None, None, None, None, None, None, None, None, None, None]
2024-08-20 15:27:49,008 - INFO - Inserting row: [1001, None, None, None, None, None, None, None, None, None, None, None, None, None, None, None, None, None, None, None, None, None, None, None, None, None, None, None, None, None, None, None, None, None, None]
2024-08-20 15:27:49,621 - INFO - Inserting row: [1001, None, None, None, None, None, None, None, None, None, None, None, None, None, None, None, None, None, None, None, None, None, None, None, None, None, None, None, None, None, None, None, None, None, None]
2024-08-20 15:27:50,033 - INFO - Inserting row: [1001, None, None, None, None, None, None, None, None, None, None, None, None, None, None, None, None, None, None, None, None, None, None, None, None, None, None, None, None, None, None, None, None, None, None]
2024-08-20 15:27:50,447 - INFO - Inserting row: [1001, None, None, None, None, None, None, None, None, None, None, None, None, None, None, None, None, None, None, None, None, None, None, None, None, None, None, None, None, None, None, None, None, None, None]
2024-08-20 15:27:50,874 - INFO - Inserting row: [1001, None, None, None, None, None, None, None, None, None, None, None, None, None, None, None, None, None, None, None, None, None, None, None, None, None, None, None, None, None, None, None, None, None, None]
2024-08-20 15:27:51,258 - INFO - Inserting row: [1001, None, None, None, None, None, None, None, None, None, None, None, None, None, None, None, None, None, None, None, None, None, None, None, None, None, None, None, None, None, None, None, None, None, None]
2024-08-20 15:27:51,668 - INFO - Inserting row: [1001, None, None, None, None, None, None, None, None, None, None, None, None, None, None, None, None, None, None, None, None, None, None, None, None, None, None, None, None, None, None, None, None, None, None]
2024-08-20 15:27:52,076 - INFO - Inserting row: [1001, None, None, None, None, None, None, None, None, None, None, None, None, None, None, None, None, None, None, None, None, None, None, None, None, None, None, None, None, None, None, None, None, None, None]
2024-08-20 15:27:52,489 - INFO - Inserting row: [1001, None, None, None, None, None, None, None, None, None, None, None, None, None, None, None, None, None, None, None, None, None, None, None, None, None, None, None, None, None, None, None, None, None, None]
2024-08-20 15:27:53,003 - INFO - Inserting row: [1001, None, None, None, None, None, None, None, None, None, None, None, None, None, None, None, None, None, None, None, None, None, None, None, None, None, None, None, None, None, None, None, None, None, None]
2024-08-20 15:27:53,514 - INFO - Inserting row: [1001, None, None, None, None, None, None, None, None, None, None, None, None, None, None, None, None, None, None, None, None, None, None, None, None, None, None, None, None, None, None, None, None, None, None]
2024-08-20 15:27:53,921 - INFO - Inserting row: [1001, None, None, None, None, None, None, None, None, None, None, None, None, None, None, None, None, None, None, None, None, None, None, None, None, None, None, None, None, None, None, None, None, None, None]
2024-08-20 15:27:54,447 - INFO - Inserting row: [1001, None, None, None, None, None, None, None, None, None, None, None, None, None, None, None, None, None, None, None, None, None, None, None, None, None, None, None, None, None, None, None, None, None, None]
2024-08-20 15:27:54,847 - INFO - Inserting row: [1001, None, None, None, None, None, None, None, None, None, None, None, None, None, None, None, None, None, None, None, None, None, None, None, None, None, None, None, None, None, None, None, None, None, None]
2024-08-20 15:27:55,254 - INFO - Inserting row: [1001, None, None, None, None, None, None, None, None, None, None, None, None, None, None, None, None, None, None, None, None, None, None, None, None, None, None, None, None, None, None, None, None, None, None]
2024-08-20 15:27:55,662 - INFO - Inserting row: [1001, None, None, None, None, None, None, None, None, None, None, None, None, None, None, None, None, None, None, None, None, None, None, None, None, None, None, None, None, None, None, None, None, None, None]
2024-08-20 15:27:56,075 - INFO - Inserting row: [1001, None, None, None, None, None, None, None, None, None, None, None, None, None, None, None, None, None, None, None, None, None, None, None, None, None, None, None, None, None, None, None, None, None, None]
2024-08-20 15:27:56,379 - INFO - Inserting row: [1001, None, None, None, None, None, None, None, None, None, None, None, None, None, None, None, None, None, None, None, None, None, None, None, None, None, None, None, None, None, None, None, None, None, None]
2024-08-20 15:27:56,788 - INFO - Inserting row: [1001, None, None, None, None, None, None, None, None, None, None, None, None, None, None, None, None, None, None, None, None, None, None, None, None, None, None, None, None, None, None, None, None, None, None]
2024-08-20 15:27:57,214 - INFO - Inserting row: [1001, None, None, None, None, None, None, None, None, None, None, None, None, None, None, None, None, None, None, None, None, None, None, None, None, None, None, None, None, None, None, None, None, None, None]
2024-08-20 15:27:57,575 - INFO - Inserting row: [1001, None, None, None, None, None, None, None, None, None, None, None, None, None, None, None, None, None, None, None, None, None, None, None, None, None, None, None, None, None, None, None, None, None, None]
2024-08-20 15:27:58,018 - INFO - Inserting row: [1001, None, None, None, None, None, None, None, None, None, None, None, None, None, None, None, None, None, None, None, None, None, None, None, None, None, None, None, None, None, None, None, None, None, None]
2024-08-20 15:27:58,425 - INFO - Inserting row: [1001, None, None, None, None, None, None, None, None, None, None, None, None, None, None, None, None, None, None, None, None, None, None, None, None, None, None, None, None, None, None, None, None, None, None]
2024-08-20 15:27:58,939 - INFO - Inserting row: [1001, None, None, None, None, None, None, None, None, None, None, None, None, None, None, None, None, None, None, None, None, None, None, None, None, None, None, None, None, None, None, None, None, None, None]
2024-08-20 15:27:59,453 - INFO - Inserting row: [1001, None, None, None, None, None, None, None, None, None, None, None, None, None, None, None, None, None, None, None, None, None, None, None, None, None, None, None, None, None, None, None, None, None, None]
2024-08-20 15:27:59,864 - INFO - Inserting row: [1001, None, None, None, None, None, None, None, None, None, None, None, None, None, None, None, None, None, None, None, None, None, None, None, None, None, None, None, None, None, None, None, None, None, None]
2024-08-20 15:28:00,167 - INFO - Inserting row: [1001, None, None, None, None, None, None, None, None, None, None, None, None, None, None, None, None, None, None, None, None, None, None, None, None, None, None, None, None, None, None, None, None, None, None]
2024-08-20 15:28:00,578 - INFO - Inserting row: [1001, None, None, None, None, None, None, None, None, None, None, None, None, None, None, None, None, None, None, None, None, None, None, None, None, None, None, None, None, None, None, None, None, None, None]
2024-08-20 15:28:00,991 - INFO - Inserting row: [1001, None, None, None, None, None, None, None, None, None, None, None, None, None, None, None, None, None, None, None, None, None, None, None, None, None, None, None, None, None, None, None, None, None, None]
2024-08-20 15:28:01,399 - INFO - Inserting row: [1001, None, None, None, None, None, None, None, None, None, None, None, None, None, None, None, None, None, None, None, None, None, None, None, None, None, None, None, None, None, None, None, None, None, None]
2024-08-20 15:28:01,818 - INFO - Inserting row: [1001, None, None, None, None, None, None, None, None, None, None, None, None, None, None, None, None, None, None, None, None, None, None, None, None, None, None, None, None, None, None, None, None, None, None]
2024-08-20 15:28:02,220 - INFO - Inserting row: [1001, None, None, None, None, None, None, None, None, None, None, None, None, None, None, None, None, None, None, None, None, None, None, None, None, None, None, None, None, None, None, None, None, None, None]
2024-08-20 15:28:02,630 - INFO - Inserting row: [1001, None, None, None, None, None, None, None, None, None, None, None, None, None, None, None, None, None, None, None, None, None, None, None, None, None, None, None, None, None, None, None, None, None, None]
2024-08-20 15:28:03,042 - INFO - Inserting row: [1001, None, None, None, None, None, None, None, None, None, None, None, None, None, None, None, None, None, None, None, None, None, None, None, None, None, None, None, None, None, None, None, None, None, None]
2024-08-20 15:28:03,466 - INFO - Inserting row: [1001, None, None, None, None, None, None, None, None, None, None, None, None, None, None, None, None, None, None, None, None, None, None, None, None, None, None, None, None, None, None, None, None, None, None]
2024-08-20 15:28:03,789 - INFO - Inserting row: [1001, None, None, None, None, None, None, None, None, None, None, None, None, None, None, None, None, None, None, None, None, None, None, None, None, None, None, None, None, None, None, None, None, None, None]
2024-08-20 15:28:04,095 - INFO - Inserting row: [1001, None, None, None, None, None, None, None, None, None, None, None, None, None, None, None, None, None, None, None, None, None, None, None, None, None, None, None, None, None, None, None, None, None, None]
2024-08-20 15:28:04,475 - INFO - Inserting row: [1001, None, None, None, None, None, None, None, None, None, None, None, None, None, None, None, None, None, None, None, None, None, None, None, None, None, None, None, None, None, None, None, None, None, None]
2024-08-20 15:28:04,872 - INFO - Inserting row: [1001, None, None, None, None, None, None, None, None, None, None, None, None, None, None, None, None, None, None, None, None, None, None, None, None, None, None, None, None, None, None, None, None, None, None]
2024-08-20 15:28:05,290 - INFO - Inserting row: [1001, None, None, None, None, None, None, None, None, None, None, None, None, None, None, None, None, None, None, None, None, None, None, None, None, None, None, None, None, None, None, None, None, None, None]
2024-08-20 15:28:05,649 - INFO - Inserting row: [1001, None, None, None, None, None, None, None, None, None, None, None, None, None, None, None, None, None, None, None, None, None, None, None, None, None, None, None, None, None, None, None, None, None, None]
2024-08-20 15:28:05,990 - INFO - Inserting row: [1001, None, None, None, None, None, None, None, None, None, None, None, None, None, None, None, None, None, None, None, None, None, None, None, None, None, None, None, None, None, None, None, None, None, None]
2024-08-20 15:28:06,339 - INFO - Inserting row: [1001, None, None, None, None, None, None, None, None, None, None, None, None, None, None, None, None, None, None, None, None, None, None, None, None, None, None, None, None, None, None, None, None, None, None]
2024-08-20 15:28:06,702 - INFO - Inserting row: [1001, None, None, None, None, None, None, None, None, None, None, None, None, None, None, None, None, None, None, None, None, None, None, None, None, None, None, None, None, None, None, None, None, None, None]
2024-08-20 15:28:07,152 - INFO - Inserting row: [1001, None, None, None, None, None, None, None, None, None, None, None, None, None, None, None, None, None, None, None, None, None, None, None, None, None, None, None, None, None, None, None, None, None, None]
2024-08-20 15:28:07,645 - INFO - Inserting row: [1001, None, None, None, None, None, None, None, None, None, None, None, None, None, None, None, None, None, None, None, None, None, None, None, None, None, None, None, None, None, None, None, None, None, None]
2024-08-20 15:28:08,061 - INFO - Inserting row: [1001, None, None, None, None, None, None, None, None, None, None, None, None, None, None, None, None, None, None, None, None, None, None, None, None, None, None, None, None, None, None, None, None, None, None]
2024-08-20 15:28:08,466 - INFO - Inserting row: [1001, None, None, None, None, None, None, None, None, None, None, None, None, None, None, None, None, None, None, None, None, None, None, None, None, None, None, None, None, None, None, None, None, None, None]
2024-08-20 15:28:08,872 - INFO - Inserting row: [1001, None, None, None, None, None, None, None, None, None, None, None, None, None, None, None, None, None, None, None, None, None, None, None, None, None, None, None, None, None, None, None, None, None, None]
2024-08-20 15:28:09,280 - INFO - Inserting row: [1001, None, None, None, None, None, None, None, None, None, None, None, None, None, None, None, None, None, None, None, None, None, None, None, None, None, None, None, None, None, None, None, None, None, None]
2024-08-20 15:28:09,693 - INFO - Inserting row: [1001, None, None, None, None, None, None, None, None, None, None, None, None, None, None, None, None, None, None, None, None, None, None, None, None, None, None, None, None, None, None, None, None, None, None]
2024-08-20 15:28:10,108 - INFO - Inserting row: [1001, None, None, None, None, None, None, None, None, None, None, None, None, None, None, None, None, None, None, None, None, None, None, None, None, None, None, None, None, None, None, None, None, None, None]
2024-08-20 15:28:10,475 - INFO - Inserting row: [1001, None, None, None, None, None, None, None, None, None, None, None, None, None, None, None, None, None, None, None, None, None, None, None, None, None, None, None, None, None, None, None, None, None, None]
2024-08-20 15:28:10,813 - INFO - Inserting row: [1001, None, None, None, None, None, None, None, None, None, None, None, None, None, None, None, None, None, None, None, None, None, None, None, None, None, None, None, None, None, None, None, None, None, None]
2024-08-20 15:28:11,229 - INFO - Inserting row: [1001, None, None, None, None, None, None, None, None, None, None, None, None, None, None, None, None, None, None, None, None, None, None, None, None, None, None, None, None, None, None, None, None, None, None]
2024-08-20 15:28:11,539 - INFO - Inserting row: [1001, None, None, None, None, None, None, None, None, None, None, None, None, None, None, None, None, None, None, None, None, None, None, None, None, None, None, None, None, None, None, None, None, None, None]
2024-08-20 15:28:11,852 - INFO - Inserting row: [1001, None, None, None, None, None, None, None, None, None, None, None, None, None, None, None, None, None, None, None, None, None, None, None, None, None, None, None, None, None, None, None, None, None, None]
2024-08-20 15:28:12,253 - INFO - Inserting row: [1001, None, None, None, None, None, None, None, None, None, None, None, None, None, None, None, None, None, None, None, None, None, None, None, None, None, None, None, None, None, None, None, None, None, None]
2024-08-20 15:28:12,659 - INFO - Inserting row: [1001, None, None, None, None, None, None, None, None, None, None, None, None, None, None, None, None, None, None, None, None, None, None, None, None, None, None, None, None, None, None, None, None, None, None]
2024-08-20 15:28:13,057 - INFO - Inserting row: [1001, None, None, None, None, None, None, None, None, None, None, None, None, None, None, None, None, None, None, None, None, None, None, None, None, None, None, None, None, None, None, None, None, None, None]
2024-08-20 15:28:13,483 - INFO - Inserting row: [1001, None, None, None, None, None, None, None, None, None, None, None, None, None, None, None, None, None, None, None, None, None, None, None, None, None, None, None, None, None, None, None, None, None, None]
2024-08-20 15:28:13,890 - INFO - Inserting row: [1001, None, None, None, None, None, None, None, None, None, None, None, None, None, None, None, None, None, None, None, None, None, None, None, None, None, None, None, None, None, None, None, None, None, None]
2024-08-20 15:28:14,230 - INFO - Inserting row: [1001, None, None, None, None, None, None, None, None, None, None, None, None, None, None, None, None, None, None, None, None, None, None, None, None, None, None, None, None, None, None, None, None, None, None]
2024-08-20 15:28:14,602 - INFO - Inserting row: [1001, None, None, None, None, None, None, None, None, None, None, None, None, None, None, None, None, None, None, None, None, None, None, None, None, None, None, None, None, None, None, None, None, None, None]
2024-08-20 15:28:14,919 - INFO - Inserting row: [1001, None, None, None, None, None, None, None, None, None, None, None, None, None, None, None, None, None, None, None, None, None, None, None, None, None, None, None, None, None, None, None, None, None, None]
2024-08-20 15:28:15,312 - INFO - Inserting row: [1001, None, None, None, None, None, None, None, None, None, None, None, None, None, None, None, None, None, None, None, None, None, None, None, None, None, None, None, None, None, None, None, None, None, None]
2024-08-20 15:28:15,714 - INFO - Inserting row: [1001, None, None, None, None, None, None, None, None, None, None, None, None, None, None, None, None, None, None, None, None, None, None, None, None, None, None, None, None, None, None, None, None, None, None]
2024-08-20 15:28:16,038 - INFO - Inserting row: [1001, None, None, None, None, None, None, None, None, None, None, None, None, None, None, None, None, None, None, None, None, None, None, None, None, None, None, None, None, None, None, None, None, None, None]
2024-08-20 15:28:16,449 - INFO - Inserting row: [1001, None, None, None, None, None, None, None, None, None, None, None, None, None, None, None, None, None, None, None, None, None, None, None, None, None, None, None, None, None, None, None, None, None, None]
2024-08-20 15:28:16,716 - INFO - Inserting row: [1001, None, None, None, None, None, None, None, None, None, None, None, None, None, None, None, None, None, None, None, None, None, None, None, None, None, None, None, None, None, None, None, None, None, None]
2024-08-20 15:28:17,122 - INFO - Inserting row: [1001, None, None, None, None, None, None, None, None, None, None, None, None, None, None, None, None, None, None, None, None, None, None, None, None, None, None, None, None, None, None, None, None, None, None]
2024-08-20 15:28:17,534 - INFO - Inserting row: [1001, None, None, None, None, None, None, None, None, None, None, None, None, None, None, None, None, None, None, None, None, None, None, None, None, None, None, None, None, None, None, None, None, None, None]
2024-08-20 15:28:17,821 - INFO - Inserting row: [1001, None, None, None, None, None, None, None, None, None, None, None, None, None, None, None, None, None, None, None, None, None, None, None, None, None, None, None, None, None, None, None, None, None, None]
2024-08-20 15:28:18,202 - INFO - Inserting row: [1001, None, None, None, None, None, None, None, None, None, None, None, None, None, None, None, None, None, None, None, None, None, None, None, None, None, None, None, None, None, None, None, None, None, None]
2024-08-20 15:28:18,597 - INFO - Inserting row: [1001, None, None, None, None, None, None, None, None, None, None, None, None, None, None, None, None, None, None, None, None, None, None, None, None, None, None, None, None, None, None, None, None, None, None]
2024-08-20 15:28:19,019 - INFO - Inserting row: [1001, None, None, None, None, None, None, None, None, None, None, None, None, None, None, None, None, None, None, None, None, None, None, None, None, None, None, None, None, None, None, None, None, None, None]
2024-08-20 15:28:19,394 - INFO - Inserting row: [1001, None, None, None, None, None, None, None, None, None, None, None, None, None, None, None, None, None, None, None, None, None, None, None, None, None, None, None, None, None, None, None, None, None, None]
2024-08-20 15:28:19,715 - INFO - Inserting row: [1001, None, None, None, None, None, None, None, None, None, None, None, None, None, None, None, None, None, None, None, None, None, None, None, None, None, None, None, None, None, None, None, None, None, None]
2024-08-20 15:28:20,140 - INFO - Inserting row: [1001, None, None, None, None, None, None, None, None, None, None, None, None, None, None, None, None, None, None, None, None, None, None, None, None, None, None, None, None, None, None, None, None, None, None]
2024-08-20 15:28:20,482 - INFO - Inserting row: [1001, None, None, None, None, None, None, None, None, None, None, None, None, None, None, None, None, None, None, None, None, None, None, None, None, None, None, None, None, None, None, None, None, None, None]
2024-08-20 15:28:20,800 - INFO - Inserting row: [1001, None, None, None, None, None, None, None, None, None, None, None, None, None, None, None, None, None, None, None, None, None, None, None, None, None, None, None, None, None, None, None, None, None, None]
2024-08-20 15:28:21,156 - INFO - Inserting row: [1001, None, None, None, None, None, None, None, None, None, None, None, None, None, None, None, None, None, None, None, None, None, None, None, None, None, None, None, None, None, None, None, None, None, None]
2024-08-20 15:28:21,488 - INFO - Inserting row: [1001, None, None, None, None, None, None, None, None, None, None, None, None, None, None, None, None, None, None, None, None, None, None, None, None, None, None, None, None, None, None, None, None, None, None]
2024-08-20 15:28:21,859 - INFO - Inserting row: [1001, None, None, None, None, None, None, None, None, None, None, None, None, None, None, None, None, None, None, None, None, None, None, None, None, None, None, None, None, None, None, None, None, None, None]
2024-08-20 15:28:22,189 - INFO - Inserting row: [1001, None, None, None, None, None, None, None, None, None, None, None, None, None, None, None, None, None, None, None, None, None, None, None, None, None, None, None, None, None, None, None, None, None, None]
2024-08-20 15:28:22,557 - INFO - Inserting row: [1001, None, None, None, None, None, None, None, None, None, None, None, None, None, None, None, None, None, None, None, None, None, None, None, None, None, None, None, None, None, None, None, None, None, None]
2024-08-20 15:28:22,948 - INFO - Inserting row: [1001, None, None, None, None, None, None, None, None, None, None, None, None, None, None, None, None, None, None, None, None, None, None, None, None, None, None, None, None, None, None, None, None, None, None]
2024-08-20 15:28:23,282 - INFO - Inserting row: [1001, None, None, None, None, None, None, None, None, None, None, None, None, None, None, None, None, None, None, None, None, None, None, None, None, None, None, None, None, None, None, None, None, None, None]
2024-08-20 15:28:23,631 - INFO - Inserting row: [1001, None, None, None, None, None, None, None, None, None, None, None, None, None, None, None, None, None, None, None, None, None, None, None, None, None, None, None, None, None, None, None, None, None, None]
2024-08-20 15:28:23,945 - INFO - Inserting row: [1001, None, None, None, None, None, None, None, None, None, None, None, None, None, None, None, None, None, None, None, None, None, None, None, None, None, None, None, None, None, None, None, None, None, None]
2024-08-20 15:28:24,266 - INFO - Inserting row: [1001, None, None, None, None, None, None, None, None, None, None, None, None, None, None, None, None, None, None, None, None, None, None, None, None, None, None, None, None, None, None, None, None, None, None]
2024-08-20 15:28:24,646 - INFO - Inserting row: [1001, None, None, None, None, None, None, None, None, None, None, None, None, None, None, None, None, None, None, None, None, None, None, None, None, None, None, None, None, None, None, None, None, None, None]
2024-08-20 15:28:24,957 - INFO - Inserting row: [1001, None, None, None, None, None, None, None, None, None, None, None, None, None, None, None, None, None, None, None, None, None, None, None, None, None, None, None, None, None, None, None, None, None, None]
2024-08-20 15:28:25,357 - INFO - Inserting row: [1001, None, None, None, None, None, None, None, None, None, None, None, None, None, None, None, None, None, None, None, None, None, None, None, None, None, None, None, None, None, None, None, None, None, None]
2024-08-20 15:28:25,664 - INFO - Inserting row: [1001, None, None, None, None, None, None, None, None, None, None, None, None, None, None, None, None, None, None, None, None, None, None, None, None, None, None, None, None, None, None, None, None, None, None]
2024-08-20 15:28:26,081 - INFO - Inserting row: [1001, None, None, None, None, None, None, None, None, None, None, None, None, None, None, None, None, None, None, None, None, None, None, None, None, None, None, None, None, None, None, None, None, None, None]
2024-08-20 15:28:26,371 - INFO - Inserting row: [1001, None, None, None, None, None, None, None, None, None, None, None, None, None, None, None, None, None, None, None, None, None, None, None, None, None, None, None, None, None, None, None, None, None, None]
2024-08-20 15:28:26,684 - INFO - Inserting row: [1001, None, None, None, None, None, None, None, None, None, None, None, None, None, None, None, None, None, None, None, None, None, None, None, None, None, None, None, None, None, None, None, None, None, None]
2024-08-20 15:28:27,104 - INFO - Inserting row: [1001, None, None, None, None, None, None, None, None, None, None, None, None, None, None, None, None, None, None, None, None, None, None, None, None, None, None, None, None, None, None, None, None, None, None]
2024-08-20 15:28:27,489 - INFO - Inserting row: [1001, None, None, None, None, None, None, None, None, None, None, None, None, None, None, None, None, None, None, None, None, None, None, None, None, None, None, None, None, None, None, None, None, None, None]
2024-08-20 15:28:27,837 - INFO - Inserting row: [1001, None, None, None, None, None, None, None, None, None, None, None, None, None, None, None, None, None, None, None, None, None, None, None, None, None, None, None, None, None, None, None, None, None, None]
2024-08-20 15:28:28,233 - INFO - Inserting row: [1001, None, None, None, None, None, None, None, None, None, None, None, None, None, None, None, None, None, None, None, None, None, None, None, None, None, None, None, None, None, None, None, None, None, None]
2024-08-20 15:28:28,645 - INFO - Inserting row: [1001, None, None, None, None, None, None, None, None, None, None, None, None, None, None, None, None, None, None, None, None, None, None, None, None, None, None, None, None, None, None, None, None, None, None]
2024-08-20 15:28:29,003 - INFO - Inserting row: [1001, None, None, None, None, None, None, None, None, None, None, None, None, None, None, None, None, None, None, None, None, None, None, None, None, None, None, None, None, None, None, None, None, None, None]
2024-08-20 15:28:29,322 - INFO - Inserting row: [1001, None, None, None, None, None, None, None, None, None, None, None, None, None, None, None, None, None, None, None, None, None, None, None, None, None, None, None, None, None, None, None, None, None, None]
2024-08-20 15:28:29,659 - INFO - Inserting row: [1001, None, None, None, None, None, None, None, None, None, None, None, None, None, None, None, None, None, None, None, None, None, None, None, None, None, None, None, None, None, None, None, None, None, None]
2024-08-20 15:28:29,958 - INFO - Inserting row: [1001, None, None, None, None, None, None, None, None, None, None, None, None, None, None, None, None, None, None, None, None, None, None, None, None, None, None, None, None, None, None, None, None, None, None]
2024-08-20 15:28:30,387 - INFO - Inserting row: [1001, None, None, None, None, None, None, None, None, None, None, None, None, None, None, None, None, None, None, None, None, None, None, None, None, None, None, None, None, None, None, None, None, None, None]
2024-08-20 15:28:30,782 - INFO - Inserting row: [1001, None, None, None, None, None, None, None, None, None, None, None, None, None, None, None, None, None, None, None, None, None, None, None, None, None, None, None, None, None, None, None, None, None, None]
2024-08-20 15:28:31,201 - INFO - Inserting row: [1001, None, None, None, None, None, None, None, None, None, None, None, None, None, None, None, None, None, None, None, None, None, None, None, None, None, None, None, None, None, None, None, None, None, None]
2024-08-20 15:28:31,704 - INFO - Inserting row: [1001, None, None, None, None, None, None, None, None, None, None, None, None, None, None, None, None, None, None, None, None, None, None, None, None, None, None, None, None, None, None, None, None, None, None]
2024-08-20 15:28:32,115 - INFO - Inserting row: [1001, None, None, None, None, None, None, None, None, None, None, None, None, None, None, None, None, None, None, None, None, None, None, None, None, None, None, None, None, None, None, None, None, None, None]
2024-08-20 15:28:32,525 - INFO - Inserting row: [1001, None, None, None, None, None, None, None, None, None, None, None, None, None, None, None, None, None, None, None, None, None, None, None, None, None, None, None, None, None, None, None, None, None, None]
2024-08-20 15:28:32,872 - INFO - Inserting row: [1001, None, None, None, None, None, None, None, None, None, None, None, None, None, None, None, None, None, None, None, None, None, None, None, None, None, None, None, None, None, None, None, None, None, None]
2024-08-20 15:28:33,285 - INFO - Inserting row: [1001, None, None, None, None, None, None, None, None, None, None, None, None, None, None, None, None, None, None, None, None, None, None, None, None, None, None, None, None, None, None, None, None, None, None]
2024-08-20 15:28:33,635 - INFO - Inserting row: [1001, None, None, None, None, None, None, None, None, None, None, None, None, None, None, None, None, None, None, None, None, None, None, None, None, None, None, None, None, None, None, None, None, None, None]
2024-08-20 15:28:33,980 - INFO - Inserting row: [1001, None, None, None, None, None, None, None, None, None, None, None, None, None, None, None, None, None, None, None, None, None, None, None, None, None, None, None, None, None, None, None, None, None, None]
2024-08-20 15:28:34,359 - INFO - Inserting row: [1001, None, None, None, None, None, None, None, None, None, None, None, None, None, None, None, None, None, None, None, None, None, None, None, None, None, None, None, None, None, None, None, None, None, None]
2024-08-20 15:28:34,670 - INFO - Inserting row: [1001, None, None, None, None, None, None, None, None, None, None, None, None, None, None, None, None, None, None, None, None, None, None, None, None, None, None, None, None, None, None, None, None, None, None]
2024-08-20 15:28:34,971 - INFO - Inserting row: [1001, None, None, None, None, None, None, None, None, None, None, None, None, None, None, None, None, None, None, None, None, None, None, None, None, None, None, None, None, None, None, None, None, None, None]
2024-08-20 15:28:35,319 - INFO - Inserting row: [1001, None, None, None, None, None, None, None, None, None, None, None, None, None, None, None, None, None, None, None, None, None, None, None, None, None, None, None, None, None, None, None, None, None, None]
2024-08-20 15:28:35,804 - INFO - Inserting row: [1001, None, None, None, None, None, None, None, None, None, None, None, None, None, None, None, None, None, None, None, None, None, None, None, None, None, None, None, None, None, None, None, None, None, None]
2024-08-20 15:28:36,149 - INFO - Inserting row: [1001, None, None, None, None, None, None, None, None, None, None, None, None, None, None, None, None, None, None, None, None, None, None, None, None, None, None, None, None, None, None, None, None, None, None]
2024-08-20 15:28:36,464 - INFO - Inserting row: [1001, None, None, None, None, None, None, None, None, None, None, None, None, None, None, None, None, None, None, None, None, None, None, None, None, None, None, None, None, None, None, None, None, None, None]
2024-08-20 15:28:36,779 - INFO - Inserting row: [1001, None, None, None, None, None, None, None, None, None, None, None, None, None, None, None, None, None, None, None, None, None, None, None, None, None, None, None, None, None, None, None, None, None, None]
2024-08-20 15:28:37,092 - INFO - Inserting row: [1001, None, None, None, None, None, None, None, None, None, None, None, None, None, None, None, None, None, None, None, None, None, None, None, None, None, None, None, None, None, None, None, None, None, None]
2024-08-20 15:28:37,437 - INFO - Inserting row: [1001, None, None, None, None, None, None, None, None, None, None, None, None, None, None, None, None, None, None, None, None, None, None, None, None, None, None, None, None, None, None, None, None, None, None]
2024-08-20 15:28:37,848 - INFO - Inserting row: [1001, None, None, None, None, None, None, None, None, None, None, None, None, None, None, None, None, None, None, None, None, None, None, None, None, None, None, None, None, None, None, None, None, None, None]
2024-08-20 15:28:38,255 - INFO - Inserting row: [1001, None, None, None, None, None, None, None, None, None, None, None, None, None, None, None, None, None, None, None, None, None, None, None, None, None, None, None, None, None, None, None, None, None, None]
2024-08-20 15:28:38,577 - INFO - Inserting row: [1001, None, None, None, None, None, None, None, None, None, None, None, None, None, None, None, None, None, None, None, None, None, None, None, None, None, None, None, None, None, None, None, None, None, None]
2024-08-20 15:28:38,872 - INFO - Inserting row: [1001, None, None, None, None, None, None, None, None, None, None, None, None, None, None, None, None, None, None, None, None, None, None, None, None, None, None, None, None, None, None, None, None, None, None]
2024-08-20 15:28:39,257 - INFO - Inserting row: [1001, None, None, None, None, None, None, None, None, None, None, None, None, None, None, None, None, None, None, None, None, None, None, None, None, None, None, None, None, None, None, None, None, None, None]
2024-08-20 15:28:39,562 - INFO - Inserting row: [1001, None, None, None, None, None, None, None, None, None, None, None, None, None, None, None, None, None, None, None, None, None, None, None, None, None, None, None, None, None, None, None, None, None, None]
2024-08-20 15:28:39,895 - INFO - Inserting row: [1001, None, None, None, None, None, None, None, None, None, None, None, None, None, None, None, None, None, None, None, None, None, None, None, None, None, None, None, None, None, None, None, None, None, None]
2024-08-20 15:28:40,319 - INFO - Inserting row: [1001, None, None, None, None, None, None, None, None, None, None, None, None, None, None, None, None, None, None, None, None, None, None, None, None, None, None, None, None, None, None, None, None, None, None]
2024-08-20 15:28:40,627 - INFO - Inserting row: [1001, None, None, None, None, None, None, None, None, None, None, None, None, None, None, None, None, None, None, None, None, None, None, None, None, None, None, None, None, None, None, None, None, None, None]
2024-08-20 15:28:41,028 - INFO - Inserting row: [1001, None, None, None, None, None, None, None, None, None, None, None, None, None, None, None, None, None, None, None, None, None, None, None, None, None, None, None, None, None, None, None, None, None, None]
2024-08-20 15:28:41,434 - INFO - Inserting row: [1001, None, None, None, None, None, None, None, None, None, None, None, None, None, None, None, None, None, None, None, None, None, None, None, None, None, None, None, None, None, None, None, None, None, None]
2024-08-20 15:28:41,838 - INFO - Inserting row: [1001, None, None, None, None, None, None, None, None, None, None, None, None, None, None, None, None, None, None, None, None, None, None, None, None, None, None, None, None, None, None, None, None, None, None]
2024-08-20 15:28:42,251 - INFO - Inserting row: [1001, None, None, None, None, None, None, None, None, None, None, None, None, None, None, None, None, None, None, None, None, None, None, None, None, None, None, None, None, None, None, None, None, None, None]
2024-08-20 15:28:42,638 - INFO - Inserting row: [1001, None, None, None, None, None, None, None, None, None, None, None, None, None, None, None, None, None, None, None, None, None, None, None, None, None, None, None, None, None, None, None, None, None, None]
2024-08-20 15:28:42,691 - INFO - closed
2024-08-20 15:28:42,692 - INFO - No async queries seem to be running, deleting session
2024-08-20 15:28:43,070 - WARNING - Failed to add log to telemetry.
Traceback (most recent call last):
  File "C:\Users\SSLTP11406\AppData\Local\Programs\Python\Python312\Lib\site-packages\snowflake\connector\telemetry.py", line 156, in try_add_log_to_batch
    self.add_log_to_batch(telemetry_data)
  File "C:\Users\SSLTP11406\AppData\Local\Programs\Python\Python312\Lib\site-packages\snowflake\connector\telemetry.py", line 143, in add_log_to_batch
    raise Exception("Attempted to add log when TelemetryClient is closed")
Exception: Attempted to add log when TelemetryClient is closed
2024-08-20 15:28:43,124 - INFO - Inserting row: [1001, None, None, None, None, None, None, None, None, None, None, None, None, None, None, None, None, None, None, None, None, None, None, None, None, None, None, None, None, None, None, None, None, None, None]
2024-08-20 15:28:43,623 - WARNING - Failed to add log to telemetry.
Traceback (most recent call last):
  File "C:\Users\SSLTP11406\AppData\Local\Programs\Python\Python312\Lib\site-packages\snowflake\connector\telemetry.py", line 156, in try_add_log_to_batch
    self.add_log_to_batch(telemetry_data)
  File "C:\Users\SSLTP11406\AppData\Local\Programs\Python\Python312\Lib\site-packages\snowflake\connector\telemetry.py", line 143, in add_log_to_batch
    raise Exception("Attempted to add log when TelemetryClient is closed")
Exception: Attempted to add log when TelemetryClient is closed
2024-08-20 15:28:43,625 - INFO - Inserting row: [1001, None, None, None, None, None, None, None, None, None, None, None, None, None, None, None, None, None, None, None, None, None, None, None, None, None, None, None, None, None, None, None, None, None, None]
2024-08-20 15:29:15,928 - INFO - [31m[1mWARNING: This is a development server. Do not use it in a production deployment. Use a production WSGI server instead.[0m
 * Running on http://127.0.0.1:5000
2024-08-20 15:29:15,929 - INFO - [33mPress CTRL+C to quit[0m
2024-08-20 15:29:15,952 - INFO -  * Restarting with watchdog (windowsapi)
2024-08-20 15:29:18,098 - WARNING -  * Debugger is active!
2024-08-20 15:29:18,102 - INFO -  * Debugger PIN: 452-454-072
2024-08-20 15:29:45,780 - INFO - Snowflake Connector for Python Version: 3.12.0, Python Version: 3.12.5, Platform: Windows-10-10.0.19045-SP0
2024-08-20 15:29:45,781 - INFO - Connecting to GLOBAL Snowflake domain
2024-08-20 15:29:45,781 - INFO - This connection is in OCSP Fail Open Mode. TLS Certificates would be checked for validity and revocation status. Any other Certificate Revocation related exceptions or OCSP Responder failures would be disregarded in favor of connectivity.
2024-08-20 15:29:48,903 - INFO - Number of results in first chunk: 11
2024-08-20 15:29:48,904 - INFO - closed
2024-08-20 15:29:48,960 - INFO - No async queries seem to be running, deleting session
2024-08-20 15:29:49,023 - INFO - 127.0.0.1 - - [20/Aug/2024 15:29:49] "GET / HTTP/1.1" 200 -
2024-08-20 15:29:49,116 - INFO - 127.0.0.1 - - [20/Aug/2024 15:29:49] "[33mGET /favicon.ico HTTP/1.1[0m" 404 -
2024-08-20 15:30:13,050 - INFO - Snowflake Connector for Python Version: 3.12.0, Python Version: 3.12.5, Platform: Windows-10-10.0.19045-SP0
2024-08-20 15:30:13,051 - INFO - Connecting to GLOBAL Snowflake domain
2024-08-20 15:30:13,052 - INFO - This connection is in OCSP Fail Open Mode. TLS Certificates would be checked for validity and revocation status. Any other Certificate Revocation related exceptions or OCSP Responder failures would be disregarded in favor of connectivity.
2024-08-20 15:30:14,688 - INFO - Number of results in first chunk: 3
2024-08-20 15:30:14,689 - INFO - closed
2024-08-20 15:30:14,740 - INFO - No async queries seem to be running, deleting session
2024-08-20 15:30:14,827 - INFO - 127.0.0.1 - - [20/Aug/2024 15:30:14] "POST /process HTTP/1.1" 200 -
2024-08-20 15:30:21,095 - INFO - Snowflake Connector for Python Version: 3.12.0, Python Version: 3.12.5, Platform: Windows-10-10.0.19045-SP0
2024-08-20 15:30:21,095 - INFO - Connecting to GLOBAL Snowflake domain
2024-08-20 15:30:21,096 - INFO - This connection is in OCSP Fail Open Mode. TLS Certificates would be checked for validity and revocation status. Any other Certificate Revocation related exceptions or OCSP Responder failures would be disregarded in favor of connectivity.
2024-08-20 15:30:22,505 - INFO - Snowflake Connector for Python Version: 3.12.0, Python Version: 3.12.5, Platform: Windows-10-10.0.19045-SP0
2024-08-20 15:30:22,506 - INFO - Connecting to GLOBAL Snowflake domain
2024-08-20 15:30:22,506 - INFO - This connection is in OCSP Fail Open Mode. TLS Certificates would be checked for validity and revocation status. Any other Certificate Revocation related exceptions or OCSP Responder failures would be disregarded in favor of connectivity.
2024-08-20 15:30:23,802 - INFO - Number of results in first chunk: 3
2024-08-20 15:30:23,803 - INFO - closed
2024-08-20 15:30:23,851 - INFO - No async queries seem to be running, deleting session
2024-08-20 15:30:23,904 - INFO - Insert query: INSERT INTO KARTHICK ("EMPLOYEE_ID", "NAME", "SALARY") VALUES (%s, %s, %s)
2024-08-20 15:30:23,905 - INFO - Inserting row: [None, 'John Doe', None]
2024-08-20 15:30:24,346 - INFO - Inserting row: [None, 'Jane Smith', None]
2024-08-20 15:30:24,655 - INFO - Inserting row: [None, 'Alice Johnson', None]
2024-08-20 15:30:25,062 - INFO - Data successfully written to Snowflake table: KARTHICK
2024-08-20 15:30:25,062 - INFO - closed
2024-08-20 15:30:25,100 - INFO - No async queries seem to be running, deleting session
2024-08-20 15:30:25,250 - INFO - 127.0.0.1 - - [20/Aug/2024 15:30:25] "POST /map_columns HTTP/1.1" 200 -
2024-08-20 15:30:28,410 - INFO - 127.0.0.1 - - [20/Aug/2024 15:30:28] "[32mPOST /view_all_data HTTP/1.1[0m" 302 -
2024-08-20 15:30:28,417 - INFO - Snowflake Connector for Python Version: 3.12.0, Python Version: 3.12.5, Platform: Windows-10-10.0.19045-SP0
2024-08-20 15:30:28,418 - INFO - Connecting to GLOBAL Snowflake domain
2024-08-20 15:30:28,418 - INFO - This connection is in OCSP Fail Open Mode. TLS Certificates would be checked for validity and revocation status. Any other Certificate Revocation related exceptions or OCSP Responder failures would be disregarded in favor of connectivity.
2024-08-20 15:30:29,737 - INFO - Number of results in first chunk: 11
2024-08-20 15:30:29,737 - INFO - closed
2024-08-20 15:30:29,779 - INFO - No async queries seem to be running, deleting session
2024-08-20 15:30:29,857 - INFO - 127.0.0.1 - - [20/Aug/2024 15:30:29] "GET /view_all_data HTTP/1.1" 200 -
2024-08-20 15:30:34,637 - INFO - Snowflake Connector for Python Version: 3.12.0, Python Version: 3.12.5, Platform: Windows-10-10.0.19045-SP0
2024-08-20 15:30:34,638 - INFO - Connecting to GLOBAL Snowflake domain
2024-08-20 15:30:34,638 - INFO - This connection is in OCSP Fail Open Mode. TLS Certificates would be checked for validity and revocation status. Any other Certificate Revocation related exceptions or OCSP Responder failures would be disregarded in favor of connectivity.
2024-08-20 15:30:36,123 - INFO - Number of results in first chunk: 26
2024-08-20 15:30:36,124 - INFO - closed
2024-08-20 15:30:36,165 - INFO - No async queries seem to be running, deleting session
2024-08-20 15:30:36,246 - INFO - 127.0.0.1 - - [20/Aug/2024 15:30:36] "POST /view_table_data HTTP/1.1" 200 -
2024-08-20 15:30:44,439 - INFO - 127.0.0.1 - - [20/Aug/2024 15:30:44] "[32mPOST /view_all_data HTTP/1.1[0m" 302 -
2024-08-20 15:30:44,445 - INFO - Snowflake Connector for Python Version: 3.12.0, Python Version: 3.12.5, Platform: Windows-10-10.0.19045-SP0
2024-08-20 15:30:44,445 - INFO - Connecting to GLOBAL Snowflake domain
2024-08-20 15:30:44,445 - INFO - This connection is in OCSP Fail Open Mode. TLS Certificates would be checked for validity and revocation status. Any other Certificate Revocation related exceptions or OCSP Responder failures would be disregarded in favor of connectivity.
2024-08-20 15:30:45,873 - INFO - Number of results in first chunk: 11
2024-08-20 15:30:45,873 - INFO - closed
2024-08-20 15:30:45,915 - INFO - No async queries seem to be running, deleting session
2024-08-20 15:30:45,969 - INFO - 127.0.0.1 - - [20/Aug/2024 15:30:45] "GET /view_all_data HTTP/1.1" 200 -
2024-08-20 15:30:47,603 - INFO - Snowflake Connector for Python Version: 3.12.0, Python Version: 3.12.5, Platform: Windows-10-10.0.19045-SP0
2024-08-20 15:30:47,603 - INFO - Connecting to GLOBAL Snowflake domain
2024-08-20 15:30:47,603 - INFO - This connection is in OCSP Fail Open Mode. TLS Certificates would be checked for validity and revocation status. Any other Certificate Revocation related exceptions or OCSP Responder failures would be disregarded in favor of connectivity.
2024-08-20 15:30:48,942 - INFO - Number of results in first chunk: 11
2024-08-20 15:30:48,942 - INFO - closed
2024-08-20 15:30:48,984 - INFO - No async queries seem to be running, deleting session
2024-08-20 15:30:49,040 - INFO - 127.0.0.1 - - [20/Aug/2024 15:30:49] "GET / HTTP/1.1" 200 -
2024-08-20 15:37:41,455 - INFO - Snowflake Connector for Python Version: 3.12.0, Python Version: 3.12.5, Platform: Windows-10-10.0.19045-SP0
2024-08-20 15:37:41,457 - INFO - Connecting to GLOBAL Snowflake domain
2024-08-20 15:37:41,457 - INFO - This connection is in OCSP Fail Open Mode. TLS Certificates would be checked for validity and revocation status. Any other Certificate Revocation related exceptions or OCSP Responder failures would be disregarded in favor of connectivity.
2024-08-20 15:37:42,918 - INFO - Number of results in first chunk: 11
2024-08-20 15:37:42,918 - INFO - closed
2024-08-20 15:37:42,975 - INFO - No async queries seem to be running, deleting session
2024-08-20 15:37:43,024 - INFO - 127.0.0.1 - - [20/Aug/2024 15:37:43] "GET / HTTP/1.1" 200 -
2024-08-20 15:39:09,418 - ERROR - Error loading file: lxml not found, please install or use the etree parser.
2024-08-20 15:39:09,419 - INFO - 127.0.0.1 - - [20/Aug/2024 15:39:09] "[32mPOST /process HTTP/1.1[0m" 302 -
2024-08-20 15:39:09,425 - INFO - Snowflake Connector for Python Version: 3.12.0, Python Version: 3.12.5, Platform: Windows-10-10.0.19045-SP0
2024-08-20 15:39:09,426 - INFO - Connecting to GLOBAL Snowflake domain
2024-08-20 15:39:09,426 - INFO - This connection is in OCSP Fail Open Mode. TLS Certificates would be checked for validity and revocation status. Any other Certificate Revocation related exceptions or OCSP Responder failures would be disregarded in favor of connectivity.
2024-08-20 15:39:10,909 - INFO - Number of results in first chunk: 11
2024-08-20 15:39:10,910 - INFO - closed
2024-08-20 15:39:10,961 - INFO - No async queries seem to be running, deleting session
2024-08-20 15:39:11,019 - INFO - 127.0.0.1 - - [20/Aug/2024 15:39:11] "GET / HTTP/1.1" 200 -
2024-08-20 15:40:08,555 - INFO - Snowflake Connector for Python Version: 3.12.0, Python Version: 3.12.5, Platform: Windows-10-10.0.19045-SP0
2024-08-20 15:40:08,556 - INFO - Connecting to GLOBAL Snowflake domain
2024-08-20 15:40:08,556 - INFO - This connection is in OCSP Fail Open Mode. TLS Certificates would be checked for validity and revocation status. Any other Certificate Revocation related exceptions or OCSP Responder failures would be disregarded in favor of connectivity.
2024-08-20 15:40:09,507 - INFO - Number of results in first chunk: 11
2024-08-20 15:40:09,508 - INFO - closed
2024-08-20 15:40:09,553 - INFO - No async queries seem to be running, deleting session
2024-08-20 15:40:09,602 - INFO - 127.0.0.1 - - [20/Aug/2024 15:40:09] "GET / HTTP/1.1" 200 -
2024-08-20 15:41:06,769 - ERROR - Error loading file: lxml not found, please install or use the etree parser.
2024-08-20 15:41:06,773 - INFO - 127.0.0.1 - - [20/Aug/2024 15:41:06] "[32mPOST /process HTTP/1.1[0m" 302 -
2024-08-20 15:41:06,782 - INFO - Snowflake Connector for Python Version: 3.12.0, Python Version: 3.12.5, Platform: Windows-10-10.0.19045-SP0
2024-08-20 15:41:06,783 - INFO - Connecting to GLOBAL Snowflake domain
2024-08-20 15:41:06,783 - INFO - This connection is in OCSP Fail Open Mode. TLS Certificates would be checked for validity and revocation status. Any other Certificate Revocation related exceptions or OCSP Responder failures would be disregarded in favor of connectivity.
2024-08-20 15:41:08,163 - INFO - Number of results in first chunk: 11
2024-08-20 15:41:08,163 - INFO - closed
2024-08-20 15:41:08,205 - INFO - No async queries seem to be running, deleting session
2024-08-20 15:41:08,250 - INFO - 127.0.0.1 - - [20/Aug/2024 15:41:08] "GET / HTTP/1.1" 200 -
2024-08-20 15:43:04,397 - INFO -  * Detected change in 'C:\\Users\\SSLTP11406\\AppData\\Local\\Programs\\Python\\Python312\\Lib\\xml\\etree\\ElementTree.py', reloading
2024-08-20 15:43:05,773 - INFO -  * Restarting with watchdog (windowsapi)
2024-08-20 15:43:13,846 - WARNING -  * Debugger is active!
2024-08-20 15:43:13,865 - INFO -  * Debugger PIN: 452-454-072
2024-08-20 15:43:14,350 - INFO -  * Detected change in 'c:\\onetoone\\app.py', reloading
2024-08-20 15:43:14,353 - INFO -  * Detected change in 'c:\\onetoone\\app.py', reloading
2024-08-20 15:43:14,357 - INFO -  * Detected change in 'c:\\onetoone\\app.py', reloading
2024-08-20 15:43:14,846 - INFO -  * Detected change in 'c:\\onetoone\\app.py', reloading
2024-08-20 15:43:14,855 - INFO -  * Detected change in 'c:\\onetoone\\app.py', reloading
2024-08-20 15:43:14,861 - INFO -  * Detected change in 'c:\\onetoone\\app.py', reloading
2024-08-20 15:43:14,867 - INFO -  * Detected change in 'c:\\onetoone\\app.py', reloading
2024-08-20 15:43:14,962 - INFO -  * Detected change in 'c:\\onetoone\\app.py', reloading
2024-08-20 15:43:15,216 - INFO -  * Restarting with watchdog (windowsapi)
2024-08-20 15:43:17,657 - WARNING -  * Debugger is active!
2024-08-20 15:43:17,664 - INFO -  * Debugger PIN: 452-454-072
2024-08-20 16:55:37,071 - INFO - [31m[1mWARNING: This is a development server. Do not use it in a production deployment. Use a production WSGI server instead.[0m
 * Running on http://127.0.0.1:5000
2024-08-20 16:55:37,072 - INFO - [33mPress CTRL+C to quit[0m
2024-08-20 16:55:37,139 - INFO -  * Restarting with watchdog (windowsapi)
2024-08-20 16:55:39,269 - WARNING -  * Debugger is active!
2024-08-20 16:55:39,280 - INFO -  * Debugger PIN: 452-454-072
2024-08-20 16:55:53,919 - INFO - Snowflake Connector for Python Version: 3.12.0, Python Version: 3.12.5, Platform: Windows-10-10.0.19045-SP0
2024-08-20 16:55:53,920 - INFO - Connecting to GLOBAL Snowflake domain
2024-08-20 16:55:53,921 - INFO - This connection is in OCSP Fail Open Mode. TLS Certificates would be checked for validity and revocation status. Any other Certificate Revocation related exceptions or OCSP Responder failures would be disregarded in favor of connectivity.
2024-08-20 16:55:58,071 - INFO - Number of results in first chunk: 11
2024-08-20 16:55:58,077 - INFO - closed
2024-08-20 16:55:58,113 - INFO - No async queries seem to be running, deleting session
2024-08-20 16:55:58,169 - INFO - 127.0.0.1 - - [20/Aug/2024 16:55:58] "GET / HTTP/1.1" 200 -
2024-08-20 16:55:58,264 - INFO - 127.0.0.1 - - [20/Aug/2024 16:55:58] "[33mGET /favicon.ico HTTP/1.1[0m" 404 -
2024-08-20 16:56:27,185 - INFO - Snowflake Connector for Python Version: 3.12.0, Python Version: 3.12.5, Platform: Windows-10-10.0.19045-SP0
2024-08-20 16:56:27,185 - INFO - Connecting to GLOBAL Snowflake domain
2024-08-20 16:56:27,186 - INFO - This connection is in OCSP Fail Open Mode. TLS Certificates would be checked for validity and revocation status. Any other Certificate Revocation related exceptions or OCSP Responder failures would be disregarded in favor of connectivity.
2024-08-20 16:56:28,098 - INFO - Number of results in first chunk: 1
2024-08-20 16:56:28,099 - INFO - Table TESTINGTEXT created successfully.
2024-08-20 16:56:28,099 - INFO - closed
2024-08-20 16:56:28,137 - INFO - No async queries seem to be running, deleting session
2024-08-20 16:56:28,181 - INFO - 127.0.0.1 - - [20/Aug/2024 16:56:28] "[32mPOST /process HTTP/1.1[0m" 302 -
2024-08-20 16:56:28,196 - INFO - Snowflake Connector for Python Version: 3.12.0, Python Version: 3.12.5, Platform: Windows-10-10.0.19045-SP0
2024-08-20 16:56:28,196 - INFO - Connecting to GLOBAL Snowflake domain
2024-08-20 16:56:28,196 - INFO - This connection is in OCSP Fail Open Mode. TLS Certificates would be checked for validity and revocation status. Any other Certificate Revocation related exceptions or OCSP Responder failures would be disregarded in favor of connectivity.
2024-08-20 16:56:29,134 - INFO - Number of results in first chunk: 12
2024-08-20 16:56:29,135 - INFO - closed
2024-08-20 16:56:29,172 - INFO - No async queries seem to be running, deleting session
2024-08-20 16:56:29,213 - INFO - 127.0.0.1 - - [20/Aug/2024 16:56:29] "GET / HTTP/1.1" 200 -
2024-08-20 16:59:26,959 - INFO -  * Detected change in 'c:\\onetoone\\app.py', reloading
2024-08-20 16:59:26,963 - INFO -  * Detected change in 'c:\\onetoone\\app.py', reloading
2024-08-20 16:59:26,963 - INFO -  * Detected change in 'c:\\onetoone\\app.py', reloading
2024-08-20 16:59:27,637 - INFO -  * Restarting with watchdog (windowsapi)
2024-08-20 16:59:35,073 - WARNING -  * Debugger is active!
2024-08-20 16:59:35,078 - INFO -  * Debugger PIN: 452-454-072
2024-08-20 16:59:35,154 - INFO - Snowflake Connector for Python Version: 3.12.0, Python Version: 3.12.5, Platform: Windows-10-10.0.19045-SP0
2024-08-20 16:59:35,155 - INFO - Connecting to GLOBAL Snowflake domain
2024-08-20 16:59:35,155 - INFO - This connection is in OCSP Fail Open Mode. TLS Certificates would be checked for validity and revocation status. Any other Certificate Revocation related exceptions or OCSP Responder failures would be disregarded in favor of connectivity.
2024-08-20 16:59:37,138 - INFO - Number of results in first chunk: 12
2024-08-20 16:59:37,139 - INFO - closed
2024-08-20 16:59:37,170 - INFO - No async queries seem to be running, deleting session
2024-08-20 16:59:37,219 - INFO - 127.0.0.1 - - [20/Aug/2024 16:59:37] "GET / HTTP/1.1" 200 -
2024-08-20 16:59:56,240 - INFO - Snowflake Connector for Python Version: 3.12.0, Python Version: 3.12.5, Platform: Windows-10-10.0.19045-SP0
2024-08-20 16:59:56,240 - INFO - Connecting to GLOBAL Snowflake domain
2024-08-20 16:59:56,240 - INFO - This connection is in OCSP Fail Open Mode. TLS Certificates would be checked for validity and revocation status. Any other Certificate Revocation related exceptions or OCSP Responder failures would be disregarded in favor of connectivity.
2024-08-20 16:59:57,319 - INFO - Number of results in first chunk: 1
2024-08-20 16:59:57,319 - INFO - Table MADAN created successfully.
2024-08-20 16:59:57,319 - INFO - closed
2024-08-20 16:59:57,352 - INFO - No async queries seem to be running, deleting session
2024-08-20 16:59:57,399 - INFO - 127.0.0.1 - - [20/Aug/2024 16:59:57] "[32mPOST /process HTTP/1.1[0m" 302 -
2024-08-20 16:59:57,410 - INFO - Snowflake Connector for Python Version: 3.12.0, Python Version: 3.12.5, Platform: Windows-10-10.0.19045-SP0
2024-08-20 16:59:57,410 - INFO - Connecting to GLOBAL Snowflake domain
2024-08-20 16:59:57,410 - INFO - This connection is in OCSP Fail Open Mode. TLS Certificates would be checked for validity and revocation status. Any other Certificate Revocation related exceptions or OCSP Responder failures would be disregarded in favor of connectivity.
2024-08-20 16:59:58,287 - INFO - Number of results in first chunk: 13
2024-08-20 16:59:58,287 - INFO - closed
2024-08-20 16:59:58,329 - INFO - No async queries seem to be running, deleting session
2024-08-20 16:59:58,373 - INFO - 127.0.0.1 - - [20/Aug/2024 16:59:58] "GET / HTTP/1.1" 200 -
2024-08-20 17:00:34,625 - INFO -  * Detected change in 'C:\\Users\\SSLTP11406\\AppData\\Local\\Programs\\Python\\Python312\\Lib\\site-packages\\pandas\\__init__.py', reloading
2024-08-20 17:00:35,716 - INFO -  * Restarting with watchdog (windowsapi)
2024-08-20 17:00:38,657 - WARNING -  * Debugger is active!
2024-08-20 17:00:38,664 - INFO -  * Debugger PIN: 452-454-072
2024-08-20 17:04:46,632 - INFO -  * Detected change in 'c:\\onetoone\\app.py', reloading
2024-08-20 17:04:46,633 - INFO -  * Detected change in 'c:\\onetoone\\app.py', reloading
2024-08-20 17:04:46,636 - INFO -  * Detected change in 'c:\\onetoone\\app.py', reloading
2024-08-20 17:04:46,638 - INFO -  * Detected change in 'c:\\onetoone\\app.py', reloading
2024-08-20 17:04:46,958 - INFO -  * Detected change in 'c:\\onetoone\\app.py', reloading
2024-08-20 17:04:46,958 - INFO -  * Detected change in 'c:\\onetoone\\app.py', reloading
2024-08-20 17:04:46,965 - INFO -  * Detected change in 'c:\\onetoone\\app.py', reloading
2024-08-20 17:04:47,541 - INFO -  * Detected change in 'c:\\onetoone\\app.py', reloading
2024-08-20 17:04:47,541 - INFO -  * Detected change in 'c:\\onetoone\\app.py', reloading
2024-08-20 17:04:47,548 - INFO -  * Detected change in 'c:\\onetoone\\app.py', reloading
2024-08-20 17:04:47,549 - INFO -  * Detected change in 'c:\\onetoone\\app.py', reloading
2024-08-20 17:04:47,803 - INFO -  * Restarting with watchdog (windowsapi)
2024-08-20 17:04:50,556 - WARNING -  * Debugger is active!
2024-08-20 17:04:50,560 - INFO -  * Debugger PIN: 452-454-072
2024-08-20 17:05:09,501 - INFO -  * Detected change in 'c:\\onetoone\\app.py', reloading
2024-08-20 17:05:09,502 - INFO -  * Detected change in 'c:\\onetoone\\app.py', reloading
2024-08-20 17:05:09,510 - INFO -  * Detected change in 'c:\\onetoone\\app.py', reloading
2024-08-20 17:05:09,846 - INFO -  * Restarting with watchdog (windowsapi)
2024-08-20 17:05:12,557 - WARNING -  * Debugger is active!
2024-08-20 17:05:12,562 - INFO -  * Debugger PIN: 452-454-072
2024-08-20 17:05:16,528 - INFO - Snowflake Connector for Python Version: 3.12.0, Python Version: 3.12.5, Platform: Windows-10-10.0.19045-SP0
2024-08-20 17:05:16,528 - INFO - Connecting to GLOBAL Snowflake domain
2024-08-20 17:05:16,529 - INFO - This connection is in OCSP Fail Open Mode. TLS Certificates would be checked for validity and revocation status. Any other Certificate Revocation related exceptions or OCSP Responder failures would be disregarded in favor of connectivity.
2024-08-20 17:05:18,974 - INFO - Number of results in first chunk: 13
2024-08-20 17:05:18,974 - INFO - closed
2024-08-20 17:05:19,011 - INFO - No async queries seem to be running, deleting session
2024-08-20 17:05:19,057 - INFO - 127.0.0.1 - - [20/Aug/2024 17:05:19] "GET / HTTP/1.1" 200 -
2024-08-20 17:05:41,341 - INFO - Snowflake Connector for Python Version: 3.12.0, Python Version: 3.12.5, Platform: Windows-10-10.0.19045-SP0
2024-08-20 17:05:41,341 - INFO - Connecting to GLOBAL Snowflake domain
2024-08-20 17:05:41,341 - INFO - This connection is in OCSP Fail Open Mode. TLS Certificates would be checked for validity and revocation status. Any other Certificate Revocation related exceptions or OCSP Responder failures would be disregarded in favor of connectivity.
2024-08-20 17:05:42,171 - ERROR - Error creating table: 'numpy.int64' object has no attribute 'upper'
2024-08-20 17:05:42,171 - INFO - closed
2024-08-20 17:05:42,223 - INFO - No async queries seem to be running, deleting session
2024-08-20 17:05:42,273 - INFO - 127.0.0.1 - - [20/Aug/2024 17:05:42] "[32mPOST /process HTTP/1.1[0m" 302 -
2024-08-20 17:05:42,280 - INFO - Snowflake Connector for Python Version: 3.12.0, Python Version: 3.12.5, Platform: Windows-10-10.0.19045-SP0
2024-08-20 17:05:42,281 - INFO - Connecting to GLOBAL Snowflake domain
2024-08-20 17:05:42,281 - INFO - This connection is in OCSP Fail Open Mode. TLS Certificates would be checked for validity and revocation status. Any other Certificate Revocation related exceptions or OCSP Responder failures would be disregarded in favor of connectivity.
2024-08-20 17:05:43,135 - INFO - Number of results in first chunk: 13
2024-08-20 17:05:43,135 - INFO - closed
2024-08-20 17:05:43,172 - INFO - No async queries seem to be running, deleting session
2024-08-20 17:05:43,237 - INFO - 127.0.0.1 - - [20/Aug/2024 17:05:43] "GET / HTTP/1.1" 200 -
2024-08-20 17:08:45,931 - INFO - Snowflake Connector for Python Version: 3.12.0, Python Version: 3.12.5, Platform: Windows-10-10.0.19045-SP0
2024-08-20 17:08:45,932 - INFO - Connecting to GLOBAL Snowflake domain
2024-08-20 17:08:45,932 - INFO - This connection is in OCSP Fail Open Mode. TLS Certificates would be checked for validity and revocation status. Any other Certificate Revocation related exceptions or OCSP Responder failures would be disregarded in favor of connectivity.
2024-08-20 17:08:46,784 - ERROR - Error creating table: 'numpy.int64' object has no attribute 'upper'
2024-08-20 17:08:46,784 - INFO - closed
2024-08-20 17:08:46,824 - INFO - No async queries seem to be running, deleting session
2024-08-20 17:08:46,869 - INFO - 127.0.0.1 - - [20/Aug/2024 17:08:46] "[32mPOST /process HTTP/1.1[0m" 302 -
2024-08-20 17:08:46,879 - INFO - Snowflake Connector for Python Version: 3.12.0, Python Version: 3.12.5, Platform: Windows-10-10.0.19045-SP0
2024-08-20 17:08:46,880 - INFO - Connecting to GLOBAL Snowflake domain
2024-08-20 17:08:46,880 - INFO - This connection is in OCSP Fail Open Mode. TLS Certificates would be checked for validity and revocation status. Any other Certificate Revocation related exceptions or OCSP Responder failures would be disregarded in favor of connectivity.
2024-08-20 17:08:47,777 - INFO - Number of results in first chunk: 4
2024-08-20 17:08:47,777 - INFO - closed
2024-08-20 17:08:47,815 - INFO - No async queries seem to be running, deleting session
2024-08-20 17:08:47,866 - INFO - 127.0.0.1 - - [20/Aug/2024 17:08:47] "GET / HTTP/1.1" 200 -
2024-08-20 17:09:35,351 - INFO - [31m[1mWARNING: This is a development server. Do not use it in a production deployment. Use a production WSGI server instead.[0m
 * Running on http://127.0.0.1:5000
2024-08-20 17:09:35,351 - INFO - [33mPress CTRL+C to quit[0m
2024-08-20 17:09:35,375 - INFO -  * Restarting with watchdog (windowsapi)
2024-08-20 17:09:37,934 - WARNING -  * Debugger is active!
2024-08-20 17:09:37,939 - INFO -  * Debugger PIN: 452-454-072
2024-08-20 17:09:46,035 - INFO - Snowflake Connector for Python Version: 3.12.0, Python Version: 3.12.5, Platform: Windows-10-10.0.19045-SP0
2024-08-20 17:09:46,036 - INFO - Connecting to GLOBAL Snowflake domain
2024-08-20 17:09:46,036 - INFO - This connection is in OCSP Fail Open Mode. TLS Certificates would be checked for validity and revocation status. Any other Certificate Revocation related exceptions or OCSP Responder failures would be disregarded in favor of connectivity.
2024-08-20 17:09:49,555 - INFO - Number of results in first chunk: 4
2024-08-20 17:09:49,556 - INFO - closed
2024-08-20 17:09:49,598 - INFO - No async queries seem to be running, deleting session
2024-08-20 17:09:49,655 - INFO - 127.0.0.1 - - [20/Aug/2024 17:09:49] "GET / HTTP/1.1" 200 -
2024-08-20 17:09:49,733 - INFO - 127.0.0.1 - - [20/Aug/2024 17:09:49] "[33mGET /favicon.ico HTTP/1.1[0m" 404 -
2024-08-20 17:10:14,853 - INFO - Snowflake Connector for Python Version: 3.12.0, Python Version: 3.12.5, Platform: Windows-10-10.0.19045-SP0
2024-08-20 17:10:14,854 - INFO - Connecting to GLOBAL Snowflake domain
2024-08-20 17:10:14,854 - INFO - This connection is in OCSP Fail Open Mode. TLS Certificates would be checked for validity and revocation status. Any other Certificate Revocation related exceptions or OCSP Responder failures would be disregarded in favor of connectivity.
2024-08-20 17:10:15,723 - ERROR - Error creating table: 'numpy.int64' object has no attribute 'upper'
2024-08-20 17:10:15,724 - INFO - closed
2024-08-20 17:10:15,767 - INFO - No async queries seem to be running, deleting session
2024-08-20 17:10:15,818 - INFO - 127.0.0.1 - - [20/Aug/2024 17:10:15] "[32mPOST /process HTTP/1.1[0m" 302 -
2024-08-20 17:10:15,829 - INFO - Snowflake Connector for Python Version: 3.12.0, Python Version: 3.12.5, Platform: Windows-10-10.0.19045-SP0
2024-08-20 17:10:15,830 - INFO - Connecting to GLOBAL Snowflake domain
2024-08-20 17:10:15,830 - INFO - This connection is in OCSP Fail Open Mode. TLS Certificates would be checked for validity and revocation status. Any other Certificate Revocation related exceptions or OCSP Responder failures would be disregarded in favor of connectivity.
2024-08-20 17:10:16,713 - INFO - Number of results in first chunk: 4
2024-08-20 17:10:16,714 - INFO - closed
2024-08-20 17:10:16,757 - INFO - No async queries seem to be running, deleting session
2024-08-20 17:10:16,796 - INFO - 127.0.0.1 - - [20/Aug/2024 17:10:16] "GET / HTTP/1.1" 200 -
2024-08-20 17:11:07,364 - INFO - Snowflake Connector for Python Version: 3.12.0, Python Version: 3.12.5, Platform: Windows-10-10.0.19045-SP0
2024-08-20 17:11:07,365 - INFO - Connecting to GLOBAL Snowflake domain
2024-08-20 17:11:07,365 - INFO - This connection is in OCSP Fail Open Mode. TLS Certificates would be checked for validity and revocation status. Any other Certificate Revocation related exceptions or OCSP Responder failures would be disregarded in favor of connectivity.
2024-08-20 17:11:08,200 - INFO - Number of results in first chunk: 35
2024-08-20 17:11:08,200 - INFO - closed
2024-08-20 17:11:08,248 - INFO - No async queries seem to be running, deleting session
2024-08-20 17:11:08,311 - INFO - 127.0.0.1 - - [20/Aug/2024 17:11:08] "POST /process HTTP/1.1" 200 -
2024-08-20 17:11:20,188 - INFO - Snowflake Connector for Python Version: 3.12.0, Python Version: 3.12.5, Platform: Windows-10-10.0.19045-SP0
2024-08-20 17:11:20,188 - INFO - Connecting to GLOBAL Snowflake domain
2024-08-20 17:11:20,188 - INFO - This connection is in OCSP Fail Open Mode. TLS Certificates would be checked for validity and revocation status. Any other Certificate Revocation related exceptions or OCSP Responder failures would be disregarded in favor of connectivity.
2024-08-20 17:11:20,970 - INFO - Snowflake Connector for Python Version: 3.12.0, Python Version: 3.12.5, Platform: Windows-10-10.0.19045-SP0
2024-08-20 17:11:20,971 - INFO - Connecting to GLOBAL Snowflake domain
2024-08-20 17:11:20,971 - INFO - This connection is in OCSP Fail Open Mode. TLS Certificates would be checked for validity and revocation status. Any other Certificate Revocation related exceptions or OCSP Responder failures would be disregarded in favor of connectivity.
2024-08-20 17:11:21,887 - INFO - Number of results in first chunk: 35
2024-08-20 17:11:21,888 - INFO - closed
2024-08-20 17:11:21,947 - INFO - No async queries seem to be running, deleting session
2024-08-20 17:11:22,006 - INFO - Insert query: INSERT INTO DEMO ("m_sno", "m_so_item_id", "m_solineitem", "m_datelastfulfillment", "m_datescheduledfulfillment", "m_datefulfillment", "m_soitem_desc", "m_productid", "m_productnum", "m_soid", "m_qtyfulfilled", "m_qtyordered", "m_shipped_quantity", "m_qtytofulfill", "m_qtypicked", "m_totalcost", "m_totalprice", "m_fulfilled_revenue", "m_fulfilled_margin", "m_soitem_status", "m_soitem_type", "m_taxid", "m_taxrate", "m_taxableflag", "m_unitprice", "m_uom_name", "m_uom_code", "m_item_margin", "m_negative_margin_flag", "m_lot_number", "m_schfulfilled_date_str", "m_wo_cost", "m_wo_qtyscrapped", "m_wo_qtytarget", "m_wo_qtyused") VALUES (%s, %s, %s, %s, %s, %s, %s, %s, %s, %s, %s, %s, %s, %s, %s, %s, %s, %s, %s, %s, %s, %s, %s, %s, %s, %s, %s, %s, %s, %s, %s, %s, %s, %s, %s)
2024-08-20 17:11:22,007 - INFO - Inserting row: [None, None, None, None, None, None, None, None, None, None, 'gold', None, None, None, None, None, None, None, None, None, None, None, None, None, None, None, None, None, None, None, None, None, None, None, None]
2024-08-20 17:11:22,808 - INFO -  * Detected change in 'C:\\Users\\SSLTP11406\\AppData\\Local\\Programs\\Python\\Python312\\Lib\\site-packages\\snowflake\\connector\\errors.py', reloading
2024-08-20 17:11:23,036 - INFO -  * Detected change in 'C:\\Users\\SSLTP11406\\AppData\\Local\\Programs\\Python\\Python312\\Lib\\site-packages\\werkzeug\\debug\\__init__.py', reloading
2024-08-20 17:11:23,046 - INFO -  * Detected change in 'C:\\Users\\SSLTP11406\\AppData\\Local\\Programs\\Python\\Python312\\Lib\\site-packages\\werkzeug\\serving.py', reloading
2024-08-20 17:11:23,371 - INFO - closed
2024-08-20 17:11:23,371 - INFO - No async queries seem to be running, deleting session
2024-08-20 17:11:23,655 - INFO -  * Restarting with watchdog (windowsapi)
2024-08-20 17:11:26,079 - WARNING -  * Debugger is active!
2024-08-20 17:11:26,083 - INFO -  * Debugger PIN: 452-454-072
2024-08-20 17:11:26,114 - INFO - Snowflake Connector for Python Version: 3.12.0, Python Version: 3.12.5, Platform: Windows-10-10.0.19045-SP0
2024-08-20 17:11:26,115 - INFO - Connecting to GLOBAL Snowflake domain
2024-08-20 17:11:26,115 - INFO - This connection is in OCSP Fail Open Mode. TLS Certificates would be checked for validity and revocation status. Any other Certificate Revocation related exceptions or OCSP Responder failures would be disregarded in favor of connectivity.
2024-08-20 17:11:27,709 - INFO - Snowflake Connector for Python Version: 3.12.0, Python Version: 3.12.5, Platform: Windows-10-10.0.19045-SP0
2024-08-20 17:11:27,709 - INFO - Connecting to GLOBAL Snowflake domain
2024-08-20 17:11:27,710 - INFO - This connection is in OCSP Fail Open Mode. TLS Certificates would be checked for validity and revocation status. Any other Certificate Revocation related exceptions or OCSP Responder failures would be disregarded in favor of connectivity.
2024-08-20 17:11:28,715 - INFO - Number of results in first chunk: 35
2024-08-20 17:11:28,716 - INFO - closed
2024-08-20 17:11:28,750 - INFO - No async queries seem to be running, deleting session
2024-08-20 17:11:28,789 - INFO - Insert query: INSERT INTO DEMO ("m_sno", "m_so_item_id", "m_solineitem", "m_datelastfulfillment", "m_datescheduledfulfillment", "m_datefulfillment", "m_soitem_desc", "m_productid", "m_productnum", "m_soid", "m_qtyfulfilled", "m_qtyordered", "m_shipped_quantity", "m_qtytofulfill", "m_qtypicked", "m_totalcost", "m_totalprice", "m_fulfilled_revenue", "m_fulfilled_margin", "m_soitem_status", "m_soitem_type", "m_taxid", "m_taxrate", "m_taxableflag", "m_unitprice", "m_uom_name", "m_uom_code", "m_item_margin", "m_negative_margin_flag", "m_lot_number", "m_schfulfilled_date_str", "m_wo_cost", "m_wo_qtyscrapped", "m_wo_qtytarget", "m_wo_qtyused") VALUES (%s, %s, %s, %s, %s, %s, %s, %s, %s, %s, %s, %s, %s, %s, %s, %s, %s, %s, %s, %s, %s, %s, %s, %s, %s, %s, %s, %s, %s, %s, %s, %s, %s, %s, %s)
2024-08-20 17:11:28,789 - INFO - Inserting row: [None, None, None, None, None, None, None, None, None, None, 'gold', None, None, None, None, None, None, None, None, None, None, None, None, None, None, None, None, None, None, None, None, None, None, None, None]
2024-08-20 17:11:28,982 - INFO -  * Detected change in 'C:\\Users\\SSLTP11406\\AppData\\Local\\Programs\\Python\\Python312\\Lib\\http\\server.py', reloading
2024-08-20 17:11:28,989 - INFO -  * Detected change in 'C:\\Users\\SSLTP11406\\AppData\\Local\\Programs\\Python\\Python312\\Lib\\socketserver.py', reloading
2024-08-20 17:11:28,996 - ERROR - Error occurred: 100038 (22018): 01b6799d-0000-b52e-0007-bcfa00024242: Numeric value 'gold' is not recognized
2024-08-20 17:11:28,997 - INFO - closed
2024-08-20 17:11:28,999 - INFO -  * Detected change in 'C:\\Users\\SSLTP11406\\AppData\\Local\\Programs\\Python\\Python312\\Lib\\threading.py', reloading
2024-08-20 17:11:29,030 - INFO - No async queries seem to be running, deleting session
2024-08-20 17:11:29,069 - INFO - Snowflake Connector for Python Version: 3.12.0, Python Version: 3.12.5, Platform: Windows-10-10.0.19045-SP0
2024-08-20 17:11:29,070 - INFO - Connecting to GLOBAL Snowflake domain
2024-08-20 17:11:29,070 - INFO - This connection is in OCSP Fail Open Mode. TLS Certificates would be checked for validity and revocation status. Any other Certificate Revocation related exceptions or OCSP Responder failures would be disregarded in favor of connectivity.
2024-08-20 17:11:29,382 - INFO -  * Restarting with watchdog (windowsapi)
2024-08-20 17:11:31,667 - WARNING -  * Debugger is active!
2024-08-20 17:11:31,672 - INFO -  * Debugger PIN: 452-454-072
2024-08-20 17:11:49,863 - INFO -  * Detected change in 'c:\\onetoone\\app.py', reloading
2024-08-20 17:11:49,868 - INFO -  * Detected change in 'c:\\onetoone\\app.py', reloading
2024-08-20 17:11:50,256 - INFO -  * Detected change in 'c:\\onetoone\\app.py', reloading
2024-08-20 17:11:50,257 - INFO -  * Detected change in 'c:\\onetoone\\app.py', reloading
2024-08-20 17:11:50,470 - INFO -  * Detected change in 'c:\\onetoone\\app.py', reloading
2024-08-20 17:11:50,478 - INFO -  * Detected change in 'c:\\onetoone\\app.py', reloading
2024-08-20 17:11:50,478 - INFO -  * Detected change in 'c:\\onetoone\\app.py', reloading
2024-08-20 17:11:50,762 - INFO -  * Detected change in 'c:\\onetoone\\app.py', reloading
2024-08-20 17:11:50,763 - INFO -  * Detected change in 'c:\\onetoone\\app.py', reloading
2024-08-20 17:11:50,769 - INFO -  * Detected change in 'c:\\onetoone\\app.py', reloading
2024-08-20 17:11:50,770 - INFO -  * Detected change in 'c:\\onetoone\\app.py', reloading
2024-08-20 17:11:50,973 - INFO -  * Restarting with watchdog (windowsapi)
2024-08-20 17:11:53,338 - WARNING -  * Debugger is active!
2024-08-20 17:11:53,342 - INFO -  * Debugger PIN: 452-454-072
2024-08-20 17:12:14,360 - INFO -  * Detected change in 'c:\\onetoone\\app.py', reloading
2024-08-20 17:12:14,361 - INFO -  * Detected change in 'c:\\onetoone\\app.py', reloading
2024-08-20 17:12:14,367 - INFO -  * Detected change in 'c:\\onetoone\\app.py', reloading
2024-08-20 17:12:14,368 - INFO -  * Detected change in 'c:\\onetoone\\app.py', reloading
2024-08-20 17:12:14,706 - INFO -  * Restarting with watchdog (windowsapi)
2024-08-20 17:12:17,124 - WARNING -  * Debugger is active!
2024-08-20 17:12:17,128 - INFO -  * Debugger PIN: 452-454-072
2024-08-20 17:12:30,652 - INFO - [31m[1mWARNING: This is a development server. Do not use it in a production deployment. Use a production WSGI server instead.[0m
 * Running on http://127.0.0.1:5000
2024-08-20 17:12:30,652 - INFO - [33mPress CTRL+C to quit[0m
2024-08-20 17:12:30,670 - INFO -  * Restarting with watchdog (windowsapi)
2024-08-20 17:12:33,485 - WARNING -  * Debugger is active!
2024-08-20 17:12:33,490 - INFO -  * Debugger PIN: 452-454-072
2024-08-20 17:13:12,660 - INFO - Snowflake Connector for Python Version: 3.12.0, Python Version: 3.12.5, Platform: Windows-10-10.0.19045-SP0
2024-08-20 17:13:12,660 - INFO - Connecting to GLOBAL Snowflake domain
2024-08-20 17:13:12,661 - INFO - This connection is in OCSP Fail Open Mode. TLS Certificates would be checked for validity and revocation status. Any other Certificate Revocation related exceptions or OCSP Responder failures would be disregarded in favor of connectivity.
2024-08-20 17:13:15,430 - INFO - Number of results in first chunk: 4
2024-08-20 17:13:15,431 - INFO - closed
2024-08-20 17:13:15,469 - INFO - No async queries seem to be running, deleting session
2024-08-20 17:13:15,517 - INFO - 127.0.0.1 - - [20/Aug/2024 17:13:15] "GET / HTTP/1.1" 200 -
2024-08-20 17:13:15,604 - INFO - 127.0.0.1 - - [20/Aug/2024 17:13:15] "[33mGET /favicon.ico HTTP/1.1[0m" 404 -
2024-08-20 17:13:33,248 - INFO - Snowflake Connector for Python Version: 3.12.0, Python Version: 3.12.5, Platform: Windows-10-10.0.19045-SP0
2024-08-20 17:13:33,249 - INFO - Connecting to GLOBAL Snowflake domain
2024-08-20 17:13:33,249 - INFO - This connection is in OCSP Fail Open Mode. TLS Certificates would be checked for validity and revocation status. Any other Certificate Revocation related exceptions or OCSP Responder failures would be disregarded in favor of connectivity.
2024-08-20 17:13:34,163 - INFO - Number of results in first chunk: 3
2024-08-20 17:13:34,163 - INFO - closed
2024-08-20 17:13:34,211 - INFO - No async queries seem to be running, deleting session
2024-08-20 17:13:34,273 - INFO - 127.0.0.1 - - [20/Aug/2024 17:13:34] "POST /process HTTP/1.1" 200 -
2024-08-20 17:13:39,907 - INFO - Snowflake Connector for Python Version: 3.12.0, Python Version: 3.12.5, Platform: Windows-10-10.0.19045-SP0
2024-08-20 17:13:39,908 - INFO - Connecting to GLOBAL Snowflake domain
2024-08-20 17:13:39,908 - INFO - This connection is in OCSP Fail Open Mode. TLS Certificates would be checked for validity and revocation status. Any other Certificate Revocation related exceptions or OCSP Responder failures would be disregarded in favor of connectivity.
2024-08-20 17:13:40,671 - INFO - Snowflake Connector for Python Version: 3.12.0, Python Version: 3.12.5, Platform: Windows-10-10.0.19045-SP0
2024-08-20 17:13:40,672 - INFO - Connecting to GLOBAL Snowflake domain
2024-08-20 17:13:40,673 - INFO - This connection is in OCSP Fail Open Mode. TLS Certificates would be checked for validity and revocation status. Any other Certificate Revocation related exceptions or OCSP Responder failures would be disregarded in favor of connectivity.
2024-08-20 17:13:41,469 - INFO - Number of results in first chunk: 3
2024-08-20 17:13:41,470 - INFO - closed
2024-08-20 17:13:41,508 - INFO - No async queries seem to be running, deleting session
2024-08-20 17:13:41,554 - INFO - Insert query: INSERT INTO HARI ("EMPLOYEE_ID", "NAME", "SALARY") VALUES (%s, %s, %s)
2024-08-20 17:13:41,555 - INFO - Inserting row: [None, None, 1]
2024-08-20 17:13:42,009 - INFO - Inserting row: [None, None, 2]
2024-08-20 17:13:42,380 - INFO - Inserting row: [None, None, 3]
2024-08-20 17:13:42,754 - INFO - Data successfully written to Snowflake table: HARI
2024-08-20 17:13:42,755 - INFO - closed
2024-08-20 17:13:42,791 - INFO - No async queries seem to be running, deleting session
2024-08-20 17:13:42,891 - INFO - 127.0.0.1 - - [20/Aug/2024 17:13:42] "POST /map_columns HTTP/1.1" 200 -
2024-08-20 17:13:45,138 - INFO - 127.0.0.1 - - [20/Aug/2024 17:13:45] "[32mPOST /view_all_data HTTP/1.1[0m" 302 -
2024-08-20 17:13:45,157 - INFO - Snowflake Connector for Python Version: 3.12.0, Python Version: 3.12.5, Platform: Windows-10-10.0.19045-SP0
2024-08-20 17:13:45,157 - INFO - Connecting to GLOBAL Snowflake domain
2024-08-20 17:13:45,158 - INFO - This connection is in OCSP Fail Open Mode. TLS Certificates would be checked for validity and revocation status. Any other Certificate Revocation related exceptions or OCSP Responder failures would be disregarded in favor of connectivity.
2024-08-20 17:13:45,992 - INFO - Number of results in first chunk: 4
2024-08-20 17:13:45,993 - INFO - closed
2024-08-20 17:13:46,032 - INFO - No async queries seem to be running, deleting session
2024-08-20 17:13:46,079 - INFO - 127.0.0.1 - - [20/Aug/2024 17:13:46] "GET /view_all_data HTTP/1.1" 200 -
2024-08-20 17:13:51,516 - INFO - Snowflake Connector for Python Version: 3.12.0, Python Version: 3.12.5, Platform: Windows-10-10.0.19045-SP0
2024-08-20 17:13:51,517 - INFO - Connecting to GLOBAL Snowflake domain
2024-08-20 17:13:51,517 - INFO - This connection is in OCSP Fail Open Mode. TLS Certificates would be checked for validity and revocation status. Any other Certificate Revocation related exceptions or OCSP Responder failures would be disregarded in favor of connectivity.
2024-08-20 17:13:52,355 - INFO - Number of results in first chunk: 13
2024-08-20 17:13:52,368 - INFO - closed
2024-08-20 17:13:52,408 - INFO - No async queries seem to be running, deleting session
2024-08-20 17:13:52,465 - INFO - 127.0.0.1 - - [20/Aug/2024 17:13:52] "POST /view_table_data HTTP/1.1" 200 -
2024-08-21 12:40:44,442 - INFO - [31m[1mWARNING: This is a development server. Do not use it in a production deployment. Use a production WSGI server instead.[0m
 * Running on http://127.0.0.1:5000
2024-08-21 12:40:44,448 - INFO - [33mPress CTRL+C to quit[0m
2024-08-21 12:40:44,660 - INFO -  * Restarting with watchdog (windowsapi)
2024-08-21 12:40:50,860 - WARNING -  * Debugger is active!
2024-08-21 12:40:50,885 - INFO -  * Debugger PIN: 452-454-072
2024-08-21 12:40:57,821 - INFO - Snowflake Connector for Python Version: 3.12.0, Python Version: 3.12.5, Platform: Windows-10-10.0.19045-SP0
2024-08-21 12:40:57,822 - INFO - Connecting to GLOBAL Snowflake domain
2024-08-21 12:40:57,822 - INFO - This connection is in OCSP Fail Open Mode. TLS Certificates would be checked for validity and revocation status. Any other Certificate Revocation related exceptions or OCSP Responder failures would be disregarded in favor of connectivity.
2024-08-21 12:41:18,478 - INFO - Number of results in first chunk: 4
2024-08-21 12:41:18,487 - INFO - closed
2024-08-21 12:41:18,551 - INFO - No async queries seem to be running, deleting session
2024-08-21 12:41:19,069 - INFO - 127.0.0.1 - - [21/Aug/2024 12:41:19] "GET / HTTP/1.1" 200 -
2024-08-21 12:41:19,342 - INFO - 127.0.0.1 - - [21/Aug/2024 12:41:19] "[33mGET /favicon.ico HTTP/1.1[0m" 404 -
2024-08-21 12:41:53,454 - INFO - Snowflake Connector for Python Version: 3.12.0, Python Version: 3.12.5, Platform: Windows-10-10.0.19045-SP0
2024-08-21 12:41:53,455 - INFO - Connecting to GLOBAL Snowflake domain
2024-08-21 12:41:53,455 - INFO - This connection is in OCSP Fail Open Mode. TLS Certificates would be checked for validity and revocation status. Any other Certificate Revocation related exceptions or OCSP Responder failures would be disregarded in favor of connectivity.
2024-08-21 12:41:54,855 - INFO - Number of results in first chunk: 35
2024-08-21 12:41:54,856 - INFO - closed
2024-08-21 12:41:54,894 - INFO - No async queries seem to be running, deleting session
2024-08-21 12:41:55,029 - INFO - 127.0.0.1 - - [21/Aug/2024 12:41:55] "POST /process HTTP/1.1" 200 -
2024-08-21 12:42:17,659 - INFO - Snowflake Connector for Python Version: 3.12.0, Python Version: 3.12.5, Platform: Windows-10-10.0.19045-SP0
2024-08-21 12:42:17,665 - INFO - Connecting to GLOBAL Snowflake domain
2024-08-21 12:42:17,666 - INFO - This connection is in OCSP Fail Open Mode. TLS Certificates would be checked for validity and revocation status. Any other Certificate Revocation related exceptions or OCSP Responder failures would be disregarded in favor of connectivity.
2024-08-21 12:42:18,981 - INFO - Snowflake Connector for Python Version: 3.12.0, Python Version: 3.12.5, Platform: Windows-10-10.0.19045-SP0
2024-08-21 12:42:18,982 - INFO - Connecting to GLOBAL Snowflake domain
2024-08-21 12:42:18,983 - INFO - This connection is in OCSP Fail Open Mode. TLS Certificates would be checked for validity and revocation status. Any other Certificate Revocation related exceptions or OCSP Responder failures would be disregarded in favor of connectivity.
2024-08-21 12:42:21,013 - INFO - Number of results in first chunk: 35
2024-08-21 12:42:21,015 - INFO - closed
2024-08-21 12:42:21,128 - INFO - No async queries seem to be running, deleting session
2024-08-21 12:42:21,229 - INFO - Insert query: INSERT INTO DEMO ("m_sno", "m_so_item_id", "m_solineitem", "m_datelastfulfillment", "m_datescheduledfulfillment", "m_datefulfillment", "m_soitem_desc", "m_productid", "m_productnum", "m_soid", "m_qtyfulfilled", "m_qtyordered", "m_shipped_quantity", "m_qtytofulfill", "m_qtypicked", "m_totalcost", "m_totalprice", "m_fulfilled_revenue", "m_fulfilled_margin", "m_soitem_status", "m_soitem_type", "m_taxid", "m_taxrate", "m_taxableflag", "m_unitprice", "m_uom_name", "m_uom_code", "m_item_margin", "m_negative_margin_flag", "m_lot_number", "m_schfulfilled_date_str", "m_wo_cost", "m_wo_qtyscrapped", "m_wo_qtytarget", "m_wo_qtyused") VALUES (%s, %s, %s, %s, %s, %s, %s, %s, %s, %s, %s, %s, %s, %s, %s, %s, %s, %s, %s, %s, %s, %s, %s, %s, %s, %s, %s, %s, %s, %s, %s, %s, %s, %s, %s)
2024-08-21 12:42:21,230 - INFO - Inserting row: [None, None, None, None, None, None, None, None, None, None, None, None, None, None, None, None, None, None, None, 'John Doe', None, None, None, None, None, None, None, None, None, None, None, None, None, None, None]
2024-08-21 12:42:21,925 - INFO - Inserting row: [None, None, None, None, None, None, None, None, None, None, None, None, None, None, None, None, None, None, None, 'Jane Smith', None, None, None, None, None, None, None, None, None, None, None, None, None, None, None]
2024-08-21 12:42:22,545 - INFO - Inserting row: [None, None, None, None, None, None, None, None, None, None, None, None, None, None, None, None, None, None, None, 'Alice Johnson', None, None, None, None, None, None, None, None, None, None, None, None, None, None, None]
2024-08-21 12:42:22,940 - INFO - Data successfully written to Snowflake table: DEMO
2024-08-21 12:42:22,940 - INFO - closed
2024-08-21 12:42:23,065 - INFO - No async queries seem to be running, deleting session
2024-08-21 12:42:23,384 - INFO - 127.0.0.1 - - [21/Aug/2024 12:42:23] "POST /map_columns HTTP/1.1" 200 -
2024-08-21 12:42:29,899 - INFO - 127.0.0.1 - - [21/Aug/2024 12:42:29] "[32mPOST /view_all_data HTTP/1.1[0m" 302 -
2024-08-21 12:42:29,920 - INFO - Snowflake Connector for Python Version: 3.12.0, Python Version: 3.12.5, Platform: Windows-10-10.0.19045-SP0
2024-08-21 12:42:29,920 - INFO - Connecting to GLOBAL Snowflake domain
2024-08-21 12:42:29,920 - INFO - This connection is in OCSP Fail Open Mode. TLS Certificates would be checked for validity and revocation status. Any other Certificate Revocation related exceptions or OCSP Responder failures would be disregarded in favor of connectivity.
2024-08-21 12:42:31,294 - INFO - Number of results in first chunk: 4
2024-08-21 12:42:31,295 - INFO - closed
2024-08-21 12:42:31,338 - INFO - No async queries seem to be running, deleting session
2024-08-21 12:42:31,435 - INFO - 127.0.0.1 - - [21/Aug/2024 12:42:31] "GET /view_all_data HTTP/1.1" 200 -
2024-08-21 12:42:37,929 - INFO - Snowflake Connector for Python Version: 3.12.0, Python Version: 3.12.5, Platform: Windows-10-10.0.19045-SP0
2024-08-21 12:42:37,930 - INFO - Connecting to GLOBAL Snowflake domain
2024-08-21 12:42:37,930 - INFO - This connection is in OCSP Fail Open Mode. TLS Certificates would be checked for validity and revocation status. Any other Certificate Revocation related exceptions or OCSP Responder failures would be disregarded in favor of connectivity.
2024-08-21 12:42:39,644 - INFO - Number of results in first chunk: 555
2024-08-21 12:42:39,663 - INFO - closed
2024-08-21 12:42:39,706 - INFO - No async queries seem to be running, deleting session
2024-08-21 12:42:39,949 - INFO - 127.0.0.1 - - [21/Aug/2024 12:42:39] "POST /view_table_data HTTP/1.1" 200 -
2024-08-21 12:43:32,879 - INFO - 127.0.0.1 - - [21/Aug/2024 12:43:32] "[32mPOST /view_all_data HTTP/1.1[0m" 302 -
2024-08-21 12:43:32,893 - INFO - Snowflake Connector for Python Version: 3.12.0, Python Version: 3.12.5, Platform: Windows-10-10.0.19045-SP0
2024-08-21 12:43:32,893 - INFO - Connecting to GLOBAL Snowflake domain
2024-08-21 12:43:32,894 - INFO - This connection is in OCSP Fail Open Mode. TLS Certificates would be checked for validity and revocation status. Any other Certificate Revocation related exceptions or OCSP Responder failures would be disregarded in favor of connectivity.
2024-08-21 12:43:34,321 - INFO - Number of results in first chunk: 4
2024-08-21 12:43:34,322 - INFO - closed
2024-08-21 12:43:34,364 - INFO - No async queries seem to be running, deleting session
2024-08-21 12:43:34,412 - INFO - 127.0.0.1 - - [21/Aug/2024 12:43:34] "GET /view_all_data HTTP/1.1" 200 -
2024-08-21 12:43:40,822 - INFO - Snowflake Connector for Python Version: 3.12.0, Python Version: 3.12.5, Platform: Windows-10-10.0.19045-SP0
2024-08-21 12:43:40,822 - INFO - Connecting to GLOBAL Snowflake domain
2024-08-21 12:43:40,822 - INFO - This connection is in OCSP Fail Open Mode. TLS Certificates would be checked for validity and revocation status. Any other Certificate Revocation related exceptions or OCSP Responder failures would be disregarded in favor of connectivity.
2024-08-21 12:43:42,189 - INFO - Number of results in first chunk: 4
2024-08-21 12:43:42,190 - INFO - closed
2024-08-21 12:43:42,231 - INFO - No async queries seem to be running, deleting session
2024-08-21 12:43:42,277 - INFO - 127.0.0.1 - - [21/Aug/2024 12:43:42] "GET / HTTP/1.1" 200 -
2024-08-21 12:50:34,296 - INFO - Snowflake Connector for Python Version: 3.12.0, Python Version: 3.12.5, Platform: Windows-10-10.0.19045-SP0
2024-08-21 12:50:34,297 - INFO - Connecting to GLOBAL Snowflake domain
2024-08-21 12:50:34,297 - INFO - This connection is in OCSP Fail Open Mode. TLS Certificates would be checked for validity and revocation status. Any other Certificate Revocation related exceptions or OCSP Responder failures would be disregarded in favor of connectivity.
2024-08-21 12:50:35,937 - INFO - Number of results in first chunk: 4
2024-08-21 12:50:35,938 - INFO - closed
2024-08-21 12:50:35,979 - INFO - No async queries seem to be running, deleting session
2024-08-21 12:50:36,146 - INFO - 127.0.0.1 - - [21/Aug/2024 12:50:36] "GET / HTTP/1.1" 200 -
2024-08-21 12:50:53,994 - INFO - Text file converted to JSON: [{"Name,Age,City":null,"John":"Doe,28,New","Jane":"Smith,34,Los","Alice":"Johnson,29,Chicago","Bob":"Lee,45,Houston"},{"Name,Age,City":null,"John":"York","Jane":"Angeles","Alice":null,"Bob":null}]
2024-08-21 12:50:54,001 - INFO - Snowflake Connector for Python Version: 3.12.0, Python Version: 3.12.5, Platform: Windows-10-10.0.19045-SP0
2024-08-21 12:50:54,002 - INFO - Connecting to GLOBAL Snowflake domain
2024-08-21 12:50:54,002 - INFO - This connection is in OCSP Fail Open Mode. TLS Certificates would be checked for validity and revocation status. Any other Certificate Revocation related exceptions or OCSP Responder failures would be disregarded in favor of connectivity.
2024-08-21 12:50:55,572 - INFO - Number of results in first chunk: 1
2024-08-21 12:50:55,572 - INFO - Table PRAVEEN created successfully.
2024-08-21 12:50:55,573 - INFO - closed
2024-08-21 12:50:55,619 - INFO - No async queries seem to be running, deleting session
2024-08-21 12:50:55,671 - INFO - 127.0.0.1 - - [21/Aug/2024 12:50:55] "[32mPOST /process HTTP/1.1[0m" 302 -
2024-08-21 12:50:55,687 - INFO - Snowflake Connector for Python Version: 3.12.0, Python Version: 3.12.5, Platform: Windows-10-10.0.19045-SP0
2024-08-21 12:50:55,688 - INFO - Connecting to GLOBAL Snowflake domain
2024-08-21 12:50:55,689 - INFO - This connection is in OCSP Fail Open Mode. TLS Certificates would be checked for validity and revocation status. Any other Certificate Revocation related exceptions or OCSP Responder failures would be disregarded in favor of connectivity.
2024-08-21 12:50:57,052 - INFO - Number of results in first chunk: 5
2024-08-21 12:50:57,052 - INFO - closed
2024-08-21 12:50:57,095 - INFO - No async queries seem to be running, deleting session
2024-08-21 12:50:57,143 - INFO - 127.0.0.1 - - [21/Aug/2024 12:50:57] "GET / HTTP/1.1" 200 -
2024-08-21 12:53:37,948 - INFO - Snowflake Connector for Python Version: 3.12.0, Python Version: 3.12.5, Platform: Windows-10-10.0.19045-SP0
2024-08-21 12:53:37,949 - INFO - Connecting to GLOBAL Snowflake domain
2024-08-21 12:53:37,949 - INFO - This connection is in OCSP Fail Open Mode. TLS Certificates would be checked for validity and revocation status. Any other Certificate Revocation related exceptions or OCSP Responder failures would be disregarded in favor of connectivity.
2024-08-21 12:53:39,497 - INFO - Number of results in first chunk: 5
2024-08-21 12:53:39,497 - INFO - closed
2024-08-21 12:53:39,535 - INFO - No async queries seem to be running, deleting session
2024-08-21 12:53:39,591 - INFO - 127.0.0.1 - - [21/Aug/2024 12:53:39] "POST /process HTTP/1.1" 200 -
2024-08-21 12:53:53,618 - INFO - Snowflake Connector for Python Version: 3.12.0, Python Version: 3.12.5, Platform: Windows-10-10.0.19045-SP0
2024-08-21 12:53:53,618 - INFO - Connecting to GLOBAL Snowflake domain
2024-08-21 12:53:53,618 - INFO - This connection is in OCSP Fail Open Mode. TLS Certificates would be checked for validity and revocation status. Any other Certificate Revocation related exceptions or OCSP Responder failures would be disregarded in favor of connectivity.
2024-08-21 12:53:55,043 - INFO - Snowflake Connector for Python Version: 3.12.0, Python Version: 3.12.5, Platform: Windows-10-10.0.19045-SP0
2024-08-21 12:53:55,045 - INFO - Connecting to GLOBAL Snowflake domain
2024-08-21 12:53:55,045 - INFO - This connection is in OCSP Fail Open Mode. TLS Certificates would be checked for validity and revocation status. Any other Certificate Revocation related exceptions or OCSP Responder failures would be disregarded in favor of connectivity.
2024-08-21 12:53:56,506 - INFO - Number of results in first chunk: 5
2024-08-21 12:53:56,507 - INFO - closed
2024-08-21 12:53:56,577 - INFO - No async queries seem to be running, deleting session
2024-08-21 12:53:56,716 - INFO - Insert query: INSERT INTO PRAVEEN ("NAME,AGE,CITY", "JOHN", "JANE", "ALICE", "BOB") VALUES (%s, %s, %s, %s, %s)
2024-08-21 12:53:56,717 - INFO - Inserting row: ['John Doe', None, None, None, None]
2024-08-21 12:53:57,267 - INFO - Inserting row: ['Jane Smith', None, None, None, None]
2024-08-21 12:53:57,650 - INFO - Inserting row: ['Alice Johnson', None, None, None, None]
2024-08-21 12:53:58,078 - INFO - Inserting row: ['Bob Lee', None, None, None, None]
2024-08-21 12:53:58,694 - INFO - Data successfully written to Snowflake table: PRAVEEN
2024-08-21 12:53:58,694 - INFO - closed
2024-08-21 12:53:58,735 - INFO - No async queries seem to be running, deleting session
2024-08-21 12:53:58,922 - INFO - 127.0.0.1 - - [21/Aug/2024 12:53:58] "POST /map_columns HTTP/1.1" 200 -
2024-08-21 12:54:17,454 - INFO - Snowflake Connector for Python Version: 3.12.0, Python Version: 3.12.5, Platform: Windows-10-10.0.19045-SP0
2024-08-21 12:54:17,455 - INFO - Connecting to GLOBAL Snowflake domain
2024-08-21 12:54:17,456 - INFO - This connection is in OCSP Fail Open Mode. TLS Certificates would be checked for validity and revocation status. Any other Certificate Revocation related exceptions or OCSP Responder failures would be disregarded in favor of connectivity.
2024-08-21 12:54:19,135 - INFO - Number of results in first chunk: 5
2024-08-21 12:54:19,136 - INFO - closed
2024-08-21 12:54:19,180 - INFO - No async queries seem to be running, deleting session
2024-08-21 12:54:19,240 - INFO - 127.0.0.1 - - [21/Aug/2024 12:54:19] "GET / HTTP/1.1" 200 -
2024-08-21 12:54:34,562 - INFO - Text file converted to JSON: [{"Name,Age,City":null,"John":"Doe,28,New","Jane":"Smith,34,Los","Alice":"Johnson,29,Chicago","Bob":"Lee,45,Houston"},{"Name,Age,City":null,"John":"York","Jane":"Angeles","Alice":null,"Bob":null}]
2024-08-21 12:54:34,564 - INFO - Snowflake Connector for Python Version: 3.12.0, Python Version: 3.12.5, Platform: Windows-10-10.0.19045-SP0
2024-08-21 12:54:34,565 - INFO - Connecting to GLOBAL Snowflake domain
2024-08-21 12:54:34,565 - INFO - This connection is in OCSP Fail Open Mode. TLS Certificates would be checked for validity and revocation status. Any other Certificate Revocation related exceptions or OCSP Responder failures would be disregarded in favor of connectivity.
2024-08-21 12:54:35,878 - INFO - Number of results in first chunk: 5
2024-08-21 12:54:35,879 - INFO - closed
2024-08-21 12:54:35,918 - INFO - No async queries seem to be running, deleting session
2024-08-21 12:54:35,976 - INFO - 127.0.0.1 - - [21/Aug/2024 12:54:35] "POST /process HTTP/1.1" 200 -
2024-08-21 12:55:03,351 - INFO - Snowflake Connector for Python Version: 3.12.0, Python Version: 3.12.5, Platform: Windows-10-10.0.19045-SP0
2024-08-21 12:55:03,352 - INFO - Connecting to GLOBAL Snowflake domain
2024-08-21 12:55:03,352 - INFO - This connection is in OCSP Fail Open Mode. TLS Certificates would be checked for validity and revocation status. Any other Certificate Revocation related exceptions or OCSP Responder failures would be disregarded in favor of connectivity.
2024-08-21 12:55:04,843 - INFO - Snowflake Connector for Python Version: 3.12.0, Python Version: 3.12.5, Platform: Windows-10-10.0.19045-SP0
2024-08-21 12:55:04,844 - INFO - Connecting to GLOBAL Snowflake domain
2024-08-21 12:55:04,844 - INFO - This connection is in OCSP Fail Open Mode. TLS Certificates would be checked for validity and revocation status. Any other Certificate Revocation related exceptions or OCSP Responder failures would be disregarded in favor of connectivity.
2024-08-21 12:55:06,496 - INFO - Number of results in first chunk: 5
2024-08-21 12:55:06,496 - INFO - closed
2024-08-21 12:55:06,544 - INFO - No async queries seem to be running, deleting session
2024-08-21 12:55:06,591 - INFO - Insert query: INSERT INTO PRAVEEN ("NAME,AGE,CITY", "JOHN", "JANE", "ALICE", "BOB") VALUES (%s, %s, %s, %s, %s)
2024-08-21 12:55:06,593 - INFO - Inserting row: [None, None, None, None, 'Lee,45,Houston']
2024-08-21 12:55:06,970 - INFO - Inserting row: [None, None, None, None, None]
2024-08-21 12:55:07,369 - INFO - Data successfully written to Snowflake table: PRAVEEN
2024-08-21 12:55:07,369 - INFO - closed
2024-08-21 12:55:07,407 - INFO - No async queries seem to be running, deleting session
2024-08-21 12:55:07,480 - INFO - 127.0.0.1 - - [21/Aug/2024 12:55:07] "POST /map_columns HTTP/1.1" 200 -
2024-08-21 12:56:00,521 - INFO - Snowflake Connector for Python Version: 3.12.0, Python Version: 3.12.5, Platform: Windows-10-10.0.19045-SP0
2024-08-21 12:56:00,521 - INFO - Connecting to GLOBAL Snowflake domain
2024-08-21 12:56:00,522 - INFO - This connection is in OCSP Fail Open Mode. TLS Certificates would be checked for validity and revocation status. Any other Certificate Revocation related exceptions or OCSP Responder failures would be disregarded in favor of connectivity.
2024-08-21 12:56:01,794 - INFO - Snowflake Connector for Python Version: 3.12.0, Python Version: 3.12.5, Platform: Windows-10-10.0.19045-SP0
2024-08-21 12:56:01,796 - INFO - Connecting to GLOBAL Snowflake domain
2024-08-21 12:56:01,796 - INFO - This connection is in OCSP Fail Open Mode. TLS Certificates would be checked for validity and revocation status. Any other Certificate Revocation related exceptions or OCSP Responder failures would be disregarded in favor of connectivity.
2024-08-21 12:56:03,238 - INFO - Number of results in first chunk: 5
2024-08-21 12:56:03,239 - INFO - closed
2024-08-21 12:56:03,283 - INFO - No async queries seem to be running, deleting session
2024-08-21 12:56:03,334 - INFO - Insert query: INSERT INTO PRAVEEN ("NAME,AGE,CITY", "JOHN", "JANE", "ALICE", "BOB") VALUES (%s, %s, %s, %s, %s)
2024-08-21 12:56:03,335 - INFO - Inserting row: [None, None, None, None, 'Lee,45,Houston']
2024-08-21 12:56:03,634 - INFO - Inserting row: [None, None, None, None, None]
2024-08-21 12:56:04,150 - INFO - Data successfully written to Snowflake table: PRAVEEN
2024-08-21 12:56:04,150 - INFO - closed
2024-08-21 12:56:04,195 - INFO - No async queries seem to be running, deleting session
2024-08-21 12:56:04,252 - INFO - 127.0.0.1 - - [21/Aug/2024 12:56:04] "POST /map_columns HTTP/1.1" 200 -
2024-08-21 12:56:11,709 - INFO - 127.0.0.1 - - [21/Aug/2024 12:56:11] "[32mPOST /view_all_data HTTP/1.1[0m" 302 -
2024-08-21 12:56:11,723 - INFO - Snowflake Connector for Python Version: 3.12.0, Python Version: 3.12.5, Platform: Windows-10-10.0.19045-SP0
2024-08-21 12:56:11,724 - INFO - Connecting to GLOBAL Snowflake domain
2024-08-21 12:56:11,724 - INFO - This connection is in OCSP Fail Open Mode. TLS Certificates would be checked for validity and revocation status. Any other Certificate Revocation related exceptions or OCSP Responder failures would be disregarded in favor of connectivity.
2024-08-21 12:56:13,452 - INFO - Number of results in first chunk: 5
2024-08-21 12:56:13,453 - INFO - closed
2024-08-21 12:56:13,489 - INFO - No async queries seem to be running, deleting session
2024-08-21 12:56:13,537 - INFO - 127.0.0.1 - - [21/Aug/2024 12:56:13] "GET /view_all_data HTTP/1.1" 200 -
2024-08-21 12:56:18,719 - INFO - Snowflake Connector for Python Version: 3.12.0, Python Version: 3.12.5, Platform: Windows-10-10.0.19045-SP0
2024-08-21 12:56:18,720 - INFO - Connecting to GLOBAL Snowflake domain
2024-08-21 12:56:18,720 - INFO - This connection is in OCSP Fail Open Mode. TLS Certificates would be checked for validity and revocation status. Any other Certificate Revocation related exceptions or OCSP Responder failures would be disregarded in favor of connectivity.
2024-08-21 12:56:20,187 - INFO - Number of results in first chunk: 8
2024-08-21 12:56:20,188 - INFO - closed
2024-08-21 12:56:20,231 - INFO - No async queries seem to be running, deleting session
2024-08-21 12:56:20,278 - INFO - 127.0.0.1 - - [21/Aug/2024 12:56:20] "POST /view_table_data HTTP/1.1" 200 -
2024-08-21 12:58:10,499 - INFO - 127.0.0.1 - - [21/Aug/2024 12:58:10] "[32mPOST /view_all_data HTTP/1.1[0m" 302 -
2024-08-21 12:58:10,510 - INFO - Snowflake Connector for Python Version: 3.12.0, Python Version: 3.12.5, Platform: Windows-10-10.0.19045-SP0
2024-08-21 12:58:10,511 - INFO - Connecting to GLOBAL Snowflake domain
2024-08-21 12:58:10,511 - INFO - This connection is in OCSP Fail Open Mode. TLS Certificates would be checked for validity and revocation status. Any other Certificate Revocation related exceptions or OCSP Responder failures would be disregarded in favor of connectivity.
2024-08-21 12:58:11,900 - INFO - Number of results in first chunk: 5
2024-08-21 12:58:11,901 - INFO - closed
2024-08-21 12:58:11,959 - INFO - No async queries seem to be running, deleting session
2024-08-21 12:58:12,032 - INFO - 127.0.0.1 - - [21/Aug/2024 12:58:12] "GET /view_all_data HTTP/1.1" 200 -
2024-08-21 12:58:13,732 - INFO - Snowflake Connector for Python Version: 3.12.0, Python Version: 3.12.5, Platform: Windows-10-10.0.19045-SP0
2024-08-21 12:58:13,733 - INFO - Connecting to GLOBAL Snowflake domain
2024-08-21 12:58:13,733 - INFO - This connection is in OCSP Fail Open Mode. TLS Certificates would be checked for validity and revocation status. Any other Certificate Revocation related exceptions or OCSP Responder failures would be disregarded in favor of connectivity.
2024-08-21 12:58:15,077 - INFO - Number of results in first chunk: 5
2024-08-21 12:58:15,078 - INFO - closed
2024-08-21 12:58:15,110 - INFO - No async queries seem to be running, deleting session
2024-08-21 12:58:15,154 - INFO - 127.0.0.1 - - [21/Aug/2024 12:58:15] "GET / HTTP/1.1" 200 -
2024-08-21 12:58:18,319 - INFO - Snowflake Connector for Python Version: 3.12.0, Python Version: 3.12.5, Platform: Windows-10-10.0.19045-SP0
2024-08-21 12:58:18,320 - INFO - Connecting to GLOBAL Snowflake domain
2024-08-21 12:58:18,320 - INFO - This connection is in OCSP Fail Open Mode. TLS Certificates would be checked for validity and revocation status. Any other Certificate Revocation related exceptions or OCSP Responder failures would be disregarded in favor of connectivity.
2024-08-21 12:58:19,655 - INFO - Number of results in first chunk: 5
2024-08-21 12:58:19,656 - INFO - closed
2024-08-21 12:58:20,198 - INFO - No async queries seem to be running, deleting session
2024-08-21 12:58:20,250 - INFO - 127.0.0.1 - - [21/Aug/2024 12:58:20] "GET / HTTP/1.1" 200 -
2024-08-21 12:58:35,402 - INFO - Text file converted to JSON: [{"Name,Age,City":null,"John":"Doe,28,New","Jane":"Smith,34,Los","Alice":"Johnson,29,Chicago","Bob":"Lee,45,Houston"},{"Name,Age,City":null,"John":"York","Jane":"Angeles","Alice":null,"Bob":null}]
2024-08-21 12:58:35,405 - INFO - Snowflake Connector for Python Version: 3.12.0, Python Version: 3.12.5, Platform: Windows-10-10.0.19045-SP0
2024-08-21 12:58:35,405 - INFO - Connecting to GLOBAL Snowflake domain
2024-08-21 12:58:35,405 - INFO - This connection is in OCSP Fail Open Mode. TLS Certificates would be checked for validity and revocation status. Any other Certificate Revocation related exceptions or OCSP Responder failures would be disregarded in favor of connectivity.
2024-08-21 12:58:36,722 - INFO - Number of results in first chunk: 5
2024-08-21 12:58:36,722 - INFO - closed
2024-08-21 12:58:36,762 - INFO - No async queries seem to be running, deleting session
2024-08-21 12:58:36,818 - INFO - 127.0.0.1 - - [21/Aug/2024 12:58:36] "POST /process HTTP/1.1" 200 -
2024-08-21 12:58:48,610 - INFO - Snowflake Connector for Python Version: 3.12.0, Python Version: 3.12.5, Platform: Windows-10-10.0.19045-SP0
2024-08-21 12:58:48,611 - INFO - Connecting to GLOBAL Snowflake domain
2024-08-21 12:58:48,611 - INFO - This connection is in OCSP Fail Open Mode. TLS Certificates would be checked for validity and revocation status. Any other Certificate Revocation related exceptions or OCSP Responder failures would be disregarded in favor of connectivity.
2024-08-21 12:58:49,865 - INFO - Snowflake Connector for Python Version: 3.12.0, Python Version: 3.12.5, Platform: Windows-10-10.0.19045-SP0
2024-08-21 12:58:49,866 - INFO - Connecting to GLOBAL Snowflake domain
2024-08-21 12:58:49,867 - INFO - This connection is in OCSP Fail Open Mode. TLS Certificates would be checked for validity and revocation status. Any other Certificate Revocation related exceptions or OCSP Responder failures would be disregarded in favor of connectivity.
2024-08-21 12:58:51,224 - INFO - Number of results in first chunk: 5
2024-08-21 12:58:51,224 - INFO - closed
2024-08-21 12:58:51,267 - INFO - No async queries seem to be running, deleting session
2024-08-21 12:58:51,316 - INFO - Insert query: INSERT INTO PRAVEEN ("NAME,AGE,CITY", "JOHN", "JANE", "ALICE", "BOB") VALUES (%s, %s, %s, %s, %s)
2024-08-21 12:58:51,317 - INFO - Inserting row: [None, None, None, 'Johnson,29,Chicago', None]
2024-08-21 12:58:51,603 - INFO - Inserting row: [None, None, None, None, None]
2024-08-21 12:58:52,048 - INFO - Data successfully written to Snowflake table: PRAVEEN
2024-08-21 12:58:52,048 - INFO - closed
2024-08-21 12:58:52,089 - INFO - No async queries seem to be running, deleting session
2024-08-21 12:58:52,144 - INFO - 127.0.0.1 - - [21/Aug/2024 12:58:52] "POST /map_columns HTTP/1.1" 200 -
2024-08-21 12:58:56,436 - INFO - 127.0.0.1 - - [21/Aug/2024 12:58:56] "[32mPOST /view_all_data HTTP/1.1[0m" 302 -
2024-08-21 12:58:56,446 - INFO - Snowflake Connector for Python Version: 3.12.0, Python Version: 3.12.5, Platform: Windows-10-10.0.19045-SP0
2024-08-21 12:58:56,447 - INFO - Connecting to GLOBAL Snowflake domain
2024-08-21 12:58:56,447 - INFO - This connection is in OCSP Fail Open Mode. TLS Certificates would be checked for validity and revocation status. Any other Certificate Revocation related exceptions or OCSP Responder failures would be disregarded in favor of connectivity.
2024-08-21 12:58:57,805 - INFO - Number of results in first chunk: 5
2024-08-21 12:58:57,806 - INFO - closed
2024-08-21 12:58:57,845 - INFO - No async queries seem to be running, deleting session
2024-08-21 12:58:57,898 - INFO - 127.0.0.1 - - [21/Aug/2024 12:58:57] "GET /view_all_data HTTP/1.1" 200 -
2024-08-21 12:59:02,450 - INFO - Snowflake Connector for Python Version: 3.12.0, Python Version: 3.12.5, Platform: Windows-10-10.0.19045-SP0
2024-08-21 12:59:02,451 - INFO - Connecting to GLOBAL Snowflake domain
2024-08-21 12:59:02,451 - INFO - This connection is in OCSP Fail Open Mode. TLS Certificates would be checked for validity and revocation status. Any other Certificate Revocation related exceptions or OCSP Responder failures would be disregarded in favor of connectivity.
2024-08-21 12:59:04,142 - INFO - Number of results in first chunk: 10
2024-08-21 12:59:04,144 - INFO - closed
2024-08-21 12:59:04,192 - INFO - No async queries seem to be running, deleting session
2024-08-21 12:59:04,246 - INFO - 127.0.0.1 - - [21/Aug/2024 12:59:04] "POST /view_table_data HTTP/1.1" 200 -
2024-08-21 22:50:06,993 - INFO - [31m[1mWARNING: This is a development server. Do not use it in a production deployment. Use a production WSGI server instead.[0m
 * Running on http://127.0.0.1:5000
2024-08-21 22:50:06,997 - INFO - [33mPress CTRL+C to quit[0m
2024-08-21 22:50:07,161 - INFO -  * Restarting with watchdog (windowsapi)
2024-08-21 22:50:10,388 - WARNING -  * Debugger is active!
2024-08-21 22:50:10,432 - INFO -  * Debugger PIN: 452-454-072
2024-08-21 22:50:23,061 - INFO - Snowflake Connector for Python Version: 3.12.0, Python Version: 3.12.5, Platform: Windows-10-10.0.19045-SP0
2024-08-21 22:50:23,062 - INFO - Connecting to GLOBAL Snowflake domain
2024-08-21 22:50:23,063 - INFO - This connection is in OCSP Fail Open Mode. TLS Certificates would be checked for validity and revocation status. Any other Certificate Revocation related exceptions or OCSP Responder failures would be disregarded in favor of connectivity.
2024-08-21 22:50:39,513 - INFO - Number of results in first chunk: 5
2024-08-21 22:50:39,523 - INFO - closed
2024-08-21 22:50:39,565 - INFO - No async queries seem to be running, deleting session
2024-08-21 22:50:39,851 - INFO - 127.0.0.1 - - [21/Aug/2024 22:50:39] "GET / HTTP/1.1" 200 -
2024-08-21 22:51:07,711 - ERROR - Error loading file: 1 columns passed, passed data had 3 columns
2024-08-21 22:51:07,714 - INFO - 127.0.0.1 - - [21/Aug/2024 22:51:07] "[32mPOST /process HTTP/1.1[0m" 302 -
2024-08-21 22:51:07,728 - INFO - Snowflake Connector for Python Version: 3.12.0, Python Version: 3.12.5, Platform: Windows-10-10.0.19045-SP0
2024-08-21 22:51:07,728 - INFO - Connecting to GLOBAL Snowflake domain
2024-08-21 22:51:07,729 - INFO - This connection is in OCSP Fail Open Mode. TLS Certificates would be checked for validity and revocation status. Any other Certificate Revocation related exceptions or OCSP Responder failures would be disregarded in favor of connectivity.
2024-08-21 22:51:09,210 - INFO - Number of results in first chunk: 5
2024-08-21 22:51:09,211 - INFO - closed
2024-08-21 22:51:09,252 - INFO - No async queries seem to be running, deleting session
2024-08-21 22:51:09,304 - INFO - 127.0.0.1 - - [21/Aug/2024 22:51:09] "GET / HTTP/1.1" 200 -
2024-08-21 22:53:18,607 - ERROR - Error loading file: 1 columns passed, passed data had 3 columns
2024-08-21 22:53:18,610 - INFO - 127.0.0.1 - - [21/Aug/2024 22:53:18] "[32mPOST /process HTTP/1.1[0m" 302 -
2024-08-21 22:53:18,620 - INFO - Snowflake Connector for Python Version: 3.12.0, Python Version: 3.12.5, Platform: Windows-10-10.0.19045-SP0
2024-08-21 22:53:18,620 - INFO - Connecting to GLOBAL Snowflake domain
2024-08-21 22:53:18,621 - INFO - This connection is in OCSP Fail Open Mode. TLS Certificates would be checked for validity and revocation status. Any other Certificate Revocation related exceptions or OCSP Responder failures would be disregarded in favor of connectivity.
2024-08-21 22:53:19,958 - INFO - Number of results in first chunk: 5
2024-08-21 22:53:19,959 - INFO - closed
2024-08-21 22:53:19,996 - INFO - No async queries seem to be running, deleting session
2024-08-21 22:53:20,044 - INFO - 127.0.0.1 - - [21/Aug/2024 22:53:20] "GET / HTTP/1.1" 200 -
2024-08-21 22:58:40,021 - INFO -  * Detected change in 'C:\\Users\\SSLTP11406\\AppData\\Local\\Programs\\Python\\Python312\\Lib\\csv.py', reloading
2024-08-21 22:58:40,480 - INFO -  * Detected change in 'c:\\onetoone\\app.py', reloading
2024-08-21 22:58:40,485 - INFO -  * Detected change in 'c:\\onetoone\\app.py', reloading
2024-08-21 22:58:41,041 - INFO -  * Restarting with watchdog (windowsapi)
2024-08-21 22:58:54,546 - WARNING -  * Debugger is active!
2024-08-21 22:58:54,581 - INFO -  * Debugger PIN: 452-454-072
2024-08-21 22:58:54,786 - INFO - Snowflake Connector for Python Version: 3.12.0, Python Version: 3.12.5, Platform: Windows-10-10.0.19045-SP0
2024-08-21 22:58:54,788 - INFO - Connecting to GLOBAL Snowflake domain
2024-08-21 22:58:54,790 - INFO - This connection is in OCSP Fail Open Mode. TLS Certificates would be checked for validity and revocation status. Any other Certificate Revocation related exceptions or OCSP Responder failures would be disregarded in favor of connectivity.
2024-08-21 22:58:59,027 - INFO - Number of results in first chunk: 5
2024-08-21 22:58:59,029 - INFO - closed
2024-08-21 22:58:59,071 - INFO - No async queries seem to be running, deleting session
2024-08-21 22:58:59,148 - INFO - 127.0.0.1 - - [21/Aug/2024 22:58:59] "GET / HTTP/1.1" 200 -
2024-08-21 22:59:21,461 - INFO - Snowflake Connector for Python Version: 3.12.0, Python Version: 3.12.5, Platform: Windows-10-10.0.19045-SP0
2024-08-21 22:59:21,462 - INFO - Connecting to GLOBAL Snowflake domain
2024-08-21 22:59:21,462 - INFO - This connection is in OCSP Fail Open Mode. TLS Certificates would be checked for validity and revocation status. Any other Certificate Revocation related exceptions or OCSP Responder failures would be disregarded in favor of connectivity.
2024-08-21 22:59:22,858 - INFO - Number of results in first chunk: 1
2024-08-21 22:59:22,859 - INFO - Table MOHAN created successfully.
2024-08-21 22:59:22,859 - INFO - closed
2024-08-21 22:59:22,915 - INFO - No async queries seem to be running, deleting session
2024-08-21 22:59:22,959 - INFO - 127.0.0.1 - - [21/Aug/2024 22:59:22] "[32mPOST /process HTTP/1.1[0m" 302 -
2024-08-21 22:59:22,978 - INFO - Snowflake Connector for Python Version: 3.12.0, Python Version: 3.12.5, Platform: Windows-10-10.0.19045-SP0
2024-08-21 22:59:22,980 - INFO - Connecting to GLOBAL Snowflake domain
2024-08-21 22:59:22,980 - INFO - This connection is in OCSP Fail Open Mode. TLS Certificates would be checked for validity and revocation status. Any other Certificate Revocation related exceptions or OCSP Responder failures would be disregarded in favor of connectivity.
2024-08-21 22:59:24,209 - INFO - Number of results in first chunk: 6
2024-08-21 22:59:24,210 - INFO - closed
2024-08-21 22:59:24,247 - INFO - No async queries seem to be running, deleting session
2024-08-21 22:59:24,289 - INFO - 127.0.0.1 - - [21/Aug/2024 22:59:24] "GET / HTTP/1.1" 200 -
2024-08-21 23:00:24,028 - INFO - Snowflake Connector for Python Version: 3.12.0, Python Version: 3.12.5, Platform: Windows-10-10.0.19045-SP0
2024-08-21 23:00:24,029 - INFO - Connecting to GLOBAL Snowflake domain
2024-08-21 23:00:24,029 - INFO - This connection is in OCSP Fail Open Mode. TLS Certificates would be checked for validity and revocation status. Any other Certificate Revocation related exceptions or OCSP Responder failures would be disregarded in favor of connectivity.
2024-08-21 23:00:25,545 - INFO -  * Detected change in 'C:\\Users\\SSLTP11406\\AppData\\Local\\Programs\\Python\\Python312\\Lib\\site-packages\\snowflake\\connector\\errors.py', reloading
2024-08-21 23:00:25,620 - INFO -  * Detected change in 'C:\\Users\\SSLTP11406\\AppData\\Local\\Programs\\Python\\Python312\\Lib\\site-packages\\snowflake\\connector\\cursor.py', reloading
2024-08-21 23:00:25,691 - INFO -  * Detected change in 'C:\\Users\\SSLTP11406\\AppData\\Local\\Programs\\Python\\Python312\\Lib\\site-packages\\flask\\app.py', reloading
2024-08-21 23:00:25,795 - INFO -  * Detected change in 'C:\\Users\\SSLTP11406\\AppData\\Local\\Programs\\Python\\Python312\\Lib\\site-packages\\werkzeug\\debug\\__init__.py', reloading
2024-08-21 23:00:25,859 - INFO -  * Detected change in 'C:\\Users\\SSLTP11406\\AppData\\Local\\Programs\\Python\\Python312\\Lib\\site-packages\\werkzeug\\serving.py', reloading
2024-08-21 23:00:25,949 - INFO -  * Detected change in 'C:\\Users\\SSLTP11406\\AppData\\Local\\Programs\\Python\\Python312\\Lib\\http\\server.py', reloading
2024-08-21 23:00:25,988 - INFO -  * Detected change in 'C:\\Users\\SSLTP11406\\AppData\\Local\\Programs\\Python\\Python312\\Lib\\socketserver.py', reloading
2024-08-21 23:00:26,049 - ERROR - Error creating table: 002002 (42710): 01b6809a-0000-b551-0007-bcfa0002769a: SQL compilation error:
Object 'MOHAN' already exists.
2024-08-21 23:00:26,050 - INFO - closed
2024-08-21 23:00:26,053 - INFO -  * Detected change in 'C:\\Users\\SSLTP11406\\AppData\\Local\\Programs\\Python\\Python312\\Lib\\threading.py', reloading
2024-08-21 23:00:26,085 - INFO - No async queries seem to be running, deleting session
2024-08-21 23:00:26,128 - INFO - 127.0.0.1 - - [21/Aug/2024 23:00:26] "[32mPOST /process HTTP/1.1[0m" 302 -
2024-08-21 23:00:26,138 - INFO - Snowflake Connector for Python Version: 3.12.0, Python Version: 3.12.5, Platform: Windows-10-10.0.19045-SP0
2024-08-21 23:00:26,139 - INFO - Connecting to GLOBAL Snowflake domain
2024-08-21 23:00:26,139 - INFO - This connection is in OCSP Fail Open Mode. TLS Certificates would be checked for validity and revocation status. Any other Certificate Revocation related exceptions or OCSP Responder failures would be disregarded in favor of connectivity.
2024-08-21 23:00:26,681 - INFO -  * Restarting with watchdog (windowsapi)
2024-08-21 23:00:29,201 - WARNING -  * Debugger is active!
2024-08-21 23:00:29,206 - INFO -  * Debugger PIN: 452-454-072
2024-08-21 23:00:29,236 - INFO - Snowflake Connector for Python Version: 3.12.0, Python Version: 3.12.5, Platform: Windows-10-10.0.19045-SP0
2024-08-21 23:00:29,236 - INFO - Connecting to GLOBAL Snowflake domain
2024-08-21 23:00:29,236 - INFO - This connection is in OCSP Fail Open Mode. TLS Certificates would be checked for validity and revocation status. Any other Certificate Revocation related exceptions or OCSP Responder failures would be disregarded in favor of connectivity.
2024-08-21 23:00:31,254 - INFO - Number of results in first chunk: 6
2024-08-21 23:00:31,254 - INFO - closed
2024-08-21 23:00:31,293 - INFO - No async queries seem to be running, deleting session
2024-08-21 23:00:31,355 - INFO - 127.0.0.1 - - [21/Aug/2024 23:00:31] "GET / HTTP/1.1" 200 -
2024-08-21 23:00:55,136 - INFO -  * Detected change in 'C:\\Users\\SSLTP11406\\AppData\\Local\\Programs\\Python\\Python312\\Lib\\xml\\etree\\ElementTree.py', reloading
2024-08-21 23:00:55,813 - INFO -  * Restarting with watchdog (windowsapi)
2024-08-21 23:00:58,074 - WARNING -  * Debugger is active!
2024-08-21 23:00:58,078 - INFO -  * Debugger PIN: 452-454-072
2024-08-21 23:01:01,386 - INFO -  * Detected change in 'C:\\Users\\SSLTP11406\\AppData\\Local\\Programs\\Python\\Python312\\Lib\\site-packages\\flask\\__init__.py', reloading
2024-08-21 23:01:01,604 - INFO -  * Detected change in 'C:\\Users\\SSLTP11406\\AppData\\Local\\Programs\\Python\\Python312\\Lib\\site-packages\\flask\\templating.py', reloading
2024-08-21 23:01:01,851 - INFO -  * Detected change in 'C:\\Users\\SSLTP11406\\AppData\\Local\\Programs\\Python\\Python312\\Lib\\site-packages\\flask\\helpers.py', reloading
2024-08-21 23:01:02,021 - INFO -  * Detected change in 'C:\\Users\\SSLTP11406\\AppData\\Local\\Programs\\Python\\Python312\\Lib\\site-packages\\flask\\globals.py', reloading
2024-08-21 23:01:02,389 - INFO -  * Restarting with watchdog (windowsapi)
2024-08-21 23:01:05,044 - WARNING -  * Debugger is active!
2024-08-21 23:01:05,049 - INFO -  * Debugger PIN: 452-454-072
2024-08-21 23:01:07,378 - INFO -  * Detected change in 'c:\\onetoone\\app.py', reloading
2024-08-21 23:01:07,383 - INFO -  * Detected change in 'c:\\onetoone\\app.py', reloading
2024-08-21 23:01:07,386 - INFO -  * Detected change in 'c:\\onetoone\\app.py', reloading
2024-08-21 23:01:07,692 - INFO -  * Detected change in 'c:\\onetoone\\app.py', reloading
2024-08-21 23:01:07,693 - INFO -  * Detected change in 'c:\\onetoone\\app.py', reloading
2024-08-21 23:01:07,698 - INFO -  * Detected change in 'c:\\onetoone\\app.py', reloading
2024-08-21 23:01:07,699 - INFO -  * Detected change in 'c:\\onetoone\\app.py', reloading
2024-08-21 23:01:07,909 - INFO -  * Detected change in 'c:\\onetoone\\app.py', reloading
2024-08-21 23:01:07,916 - INFO -  * Detected change in 'c:\\onetoone\\app.py', reloading
2024-08-21 23:01:07,917 - INFO -  * Detected change in 'c:\\onetoone\\app.py', reloading
2024-08-21 23:01:07,918 - INFO -  * Detected change in 'c:\\onetoone\\app.py', reloading
2024-08-21 23:01:08,303 - INFO -  * Restarting with watchdog (windowsapi)
2024-08-21 23:01:11,015 - WARNING -  * Debugger is active!
2024-08-21 23:01:11,019 - INFO -  * Debugger PIN: 452-454-072
2024-08-21 23:01:24,233 - INFO - [31m[1mWARNING: This is a development server. Do not use it in a production deployment. Use a production WSGI server instead.[0m
 * Running on http://127.0.0.1:5000
2024-08-21 23:01:24,234 - INFO - [33mPress CTRL+C to quit[0m
2024-08-21 23:01:24,256 - INFO -  * Restarting with watchdog (windowsapi)
2024-08-21 23:01:26,589 - WARNING -  * Debugger is active!
2024-08-21 23:01:26,595 - INFO -  * Debugger PIN: 452-454-072
2024-08-21 23:01:56,111 - INFO - Snowflake Connector for Python Version: 3.12.0, Python Version: 3.12.5, Platform: Windows-10-10.0.19045-SP0
2024-08-21 23:01:56,112 - INFO - Connecting to GLOBAL Snowflake domain
2024-08-21 23:01:56,112 - INFO - This connection is in OCSP Fail Open Mode. TLS Certificates would be checked for validity and revocation status. Any other Certificate Revocation related exceptions or OCSP Responder failures would be disregarded in favor of connectivity.
2024-08-21 23:01:59,180 - INFO - Number of results in first chunk: 6
2024-08-21 23:01:59,180 - INFO - closed
2024-08-21 23:01:59,217 - INFO - No async queries seem to be running, deleting session
2024-08-21 23:01:59,290 - INFO - 127.0.0.1 - - [21/Aug/2024 23:01:59] "GET / HTTP/1.1" 200 -
2024-08-21 23:01:59,377 - INFO - 127.0.0.1 - - [21/Aug/2024 23:01:59] "[33mGET /favicon.ico HTTP/1.1[0m" 404 -
2024-08-21 23:02:15,605 - INFO - Snowflake Connector for Python Version: 3.12.0, Python Version: 3.12.5, Platform: Windows-10-10.0.19045-SP0
2024-08-21 23:02:15,606 - INFO - Connecting to GLOBAL Snowflake domain
2024-08-21 23:02:15,606 - INFO - This connection is in OCSP Fail Open Mode. TLS Certificates would be checked for validity and revocation status. Any other Certificate Revocation related exceptions or OCSP Responder failures would be disregarded in favor of connectivity.
2024-08-21 23:02:17,068 - INFO - Number of results in first chunk: 1
2024-08-21 23:02:17,069 - INFO - Table HMMM created successfully.
2024-08-21 23:02:17,069 - INFO - closed
2024-08-21 23:02:17,102 - INFO - No async queries seem to be running, deleting session
2024-08-21 23:02:17,140 - INFO - 127.0.0.1 - - [21/Aug/2024 23:02:17] "[32mPOST /process HTTP/1.1[0m" 302 -
2024-08-21 23:02:17,149 - INFO - Snowflake Connector for Python Version: 3.12.0, Python Version: 3.12.5, Platform: Windows-10-10.0.19045-SP0
2024-08-21 23:02:17,150 - INFO - Connecting to GLOBAL Snowflake domain
2024-08-21 23:02:17,150 - INFO - This connection is in OCSP Fail Open Mode. TLS Certificates would be checked for validity and revocation status. Any other Certificate Revocation related exceptions or OCSP Responder failures would be disregarded in favor of connectivity.
2024-08-21 23:02:18,599 - INFO - Number of results in first chunk: 7
2024-08-21 23:02:18,600 - INFO - closed
2024-08-21 23:02:18,649 - INFO - No async queries seem to be running, deleting session
2024-08-21 23:02:18,714 - INFO - 127.0.0.1 - - [21/Aug/2024 23:02:18] "GET / HTTP/1.1" 200 -
2024-08-21 23:06:30,274 - INFO -  * Detected change in 'C:\\Users\\SSLTP11406\\AppData\\Local\\Programs\\Python\\Python312\\Lib\\logging\\__init__.py', reloading
2024-08-21 23:06:30,813 - INFO -  * Restarting with watchdog (windowsapi)
2024-08-21 23:06:42,046 - WARNING -  * Debugger is active!
2024-08-21 23:06:42,093 - INFO -  * Debugger PIN: 452-454-072
2024-08-21 23:07:00,340 - INFO -  * Detected change in 'c:\\onetoone\\app.py', reloading
2024-08-21 23:07:00,343 - INFO -  * Detected change in 'c:\\onetoone\\app.py', reloading
2024-08-21 23:07:00,346 - INFO -  * Detected change in 'c:\\onetoone\\app.py', reloading
2024-08-21 23:07:00,350 - INFO -  * Detected change in 'c:\\onetoone\\app.py', reloading
2024-08-21 23:07:00,626 - INFO -  * Restarting with watchdog (windowsapi)
2024-08-21 23:07:10,565 - INFO - [31m[1mWARNING: This is a development server. Do not use it in a production deployment. Use a production WSGI server instead.[0m
 * Running on http://127.0.0.1:5000
2024-08-21 23:07:10,565 - INFO - [33mPress CTRL+C to quit[0m
2024-08-21 23:07:10,590 - INFO -  * Restarting with watchdog (windowsapi)
2024-08-21 23:07:12,835 - WARNING -  * Debugger is active!
2024-08-21 23:07:12,839 - INFO -  * Debugger PIN: 452-454-072
2024-08-21 23:07:21,043 - INFO - Snowflake Connector for Python Version: 3.12.0, Python Version: 3.12.5, Platform: Windows-10-10.0.19045-SP0
2024-08-21 23:07:21,045 - INFO - Connecting to GLOBAL Snowflake domain
2024-08-21 23:07:21,045 - INFO - This connection is in OCSP Fail Open Mode. TLS Certificates would be checked for validity and revocation status. Any other Certificate Revocation related exceptions or OCSP Responder failures would be disregarded in favor of connectivity.
2024-08-21 23:07:25,540 - INFO - Number of results in first chunk: 7
2024-08-21 23:07:25,542 - INFO - closed
2024-08-21 23:07:25,576 - INFO - No async queries seem to be running, deleting session
2024-08-21 23:07:25,634 - INFO - 127.0.0.1 - - [21/Aug/2024 23:07:25] "GET / HTTP/1.1" 200 -
2024-08-21 23:07:42,913 - ERROR - Error loading file: "delimiter" must be a 1-character string
2024-08-21 23:07:42,915 - INFO - 127.0.0.1 - - [21/Aug/2024 23:07:42] "[32mPOST /process HTTP/1.1[0m" 302 -
2024-08-21 23:07:42,928 - INFO - Snowflake Connector for Python Version: 3.12.0, Python Version: 3.12.5, Platform: Windows-10-10.0.19045-SP0
2024-08-21 23:07:42,929 - INFO - Connecting to GLOBAL Snowflake domain
2024-08-21 23:07:42,929 - INFO - This connection is in OCSP Fail Open Mode. TLS Certificates would be checked for validity and revocation status. Any other Certificate Revocation related exceptions or OCSP Responder failures would be disregarded in favor of connectivity.
2024-08-21 23:07:44,279 - INFO - Number of results in first chunk: 7
2024-08-21 23:07:44,279 - INFO - closed
2024-08-21 23:07:44,324 - INFO - No async queries seem to be running, deleting session
2024-08-21 23:07:44,378 - INFO - 127.0.0.1 - - [21/Aug/2024 23:07:44] "GET / HTTP/1.1" 200 -
2024-08-21 23:10:12,978 - INFO -  * Detected change in 'c:\\onetoone\\app.py', reloading
2024-08-21 23:10:12,983 - INFO -  * Detected change in 'c:\\onetoone\\app.py', reloading
2024-08-21 23:10:12,985 - INFO -  * Detected change in 'c:\\onetoone\\app.py', reloading
2024-08-21 23:10:12,989 - INFO -  * Detected change in 'c:\\onetoone\\app.py', reloading
2024-08-21 23:10:13,519 - INFO -  * Restarting with watchdog (windowsapi)
2024-08-21 23:10:22,953 - WARNING -  * Debugger is active!
2024-08-21 23:10:22,965 - INFO -  * Debugger PIN: 452-454-072
2024-08-21 23:10:52,900 - INFO -  * Detected change in 'c:\\onetoone\\app.py', reloading
2024-08-21 23:10:52,902 - INFO -  * Detected change in 'c:\\onetoone\\app.py', reloading
2024-08-21 23:10:52,912 - INFO -  * Detected change in 'c:\\onetoone\\app.py', reloading
2024-08-21 23:10:53,470 - INFO -  * Restarting with watchdog (windowsapi)
2024-08-21 23:10:56,296 - WARNING -  * Debugger is active!
2024-08-21 23:10:56,300 - INFO -  * Debugger PIN: 452-454-072
2024-08-21 23:10:56,998 - INFO -  * Detected change in 'c:\\onetoone\\app.py', reloading
2024-08-21 23:10:57,002 - INFO -  * Detected change in 'c:\\onetoone\\app.py', reloading
2024-08-21 23:10:57,006 - INFO -  * Detected change in 'c:\\onetoone\\app.py', reloading
2024-08-21 23:10:57,009 - INFO -  * Detected change in 'c:\\onetoone\\app.py', reloading
2024-08-21 23:10:57,637 - INFO -  * Restarting with watchdog (windowsapi)
2024-08-21 23:11:00,010 - WARNING -  * Debugger is active!
2024-08-21 23:11:00,019 - INFO -  * Debugger PIN: 452-454-072
2024-08-21 23:11:32,269 - INFO -  * Detected change in 'c:\\onetoone\\app.py', reloading
2024-08-21 23:11:32,273 - INFO -  * Detected change in 'c:\\onetoone\\app.py', reloading
2024-08-21 23:11:32,282 - INFO -  * Detected change in 'c:\\onetoone\\app.py', reloading
2024-08-21 23:11:32,560 - INFO -  * Detected change in 'c:\\onetoone\\app.py', reloading
2024-08-21 23:11:32,570 - INFO -  * Detected change in 'c:\\onetoone\\app.py', reloading
2024-08-21 23:11:32,814 - INFO -  * Detected change in 'c:\\onetoone\\app.py', reloading
2024-08-21 23:11:32,818 - INFO -  * Detected change in 'c:\\onetoone\\app.py', reloading
2024-08-21 23:11:32,823 - INFO -  * Detected change in 'c:\\onetoone\\app.py', reloading
2024-08-21 23:11:32,826 - INFO -  * Detected change in 'c:\\onetoone\\app.py', reloading
2024-08-21 23:11:33,031 - INFO -  * Detected change in 'c:\\onetoone\\app.py', reloading
2024-08-21 23:11:33,039 - INFO -  * Detected change in 'c:\\onetoone\\app.py', reloading
2024-08-21 23:11:33,043 - INFO -  * Detected change in 'c:\\onetoone\\app.py', reloading
2024-08-21 23:11:33,046 - INFO -  * Detected change in 'c:\\onetoone\\app.py', reloading
2024-08-21 23:11:33,502 - INFO -  * Restarting with watchdog (windowsapi)
2024-08-21 23:11:36,131 - WARNING -  * Debugger is active!
2024-08-21 23:11:36,135 - INFO -  * Debugger PIN: 452-454-072
2024-08-21 23:11:36,402 - INFO - 127.0.0.1 - - [21/Aug/2024 23:11:36] "[35m[1mGET / HTTP/1.1[0m" 500 -
2024-08-21 23:11:36,658 - INFO - 127.0.0.1 - - [21/Aug/2024 23:11:36] "GET /?__debugger__=yes&cmd=resource&f=style.css HTTP/1.1" 200 -
2024-08-21 23:11:36,742 - INFO - 127.0.0.1 - - [21/Aug/2024 23:11:36] "GET /?__debugger__=yes&cmd=resource&f=debugger.js HTTP/1.1" 200 -
2024-08-21 23:11:36,919 - INFO - 127.0.0.1 - - [21/Aug/2024 23:11:36] "GET /?__debugger__=yes&cmd=resource&f=console.png HTTP/1.1" 200 -
2024-08-21 23:11:36,961 - INFO - 127.0.0.1 - - [21/Aug/2024 23:11:36] "[36mGET /?__debugger__=yes&cmd=resource&f=console.png HTTP/1.1[0m" 304 -
2024-08-21 23:19:47,061 - INFO -  * Detected change in 'c:\\onetoone\\app.py', reloading
2024-08-21 23:19:47,063 - INFO -  * Detected change in 'c:\\onetoone\\app.py', reloading
2024-08-21 23:19:47,066 - INFO -  * Detected change in 'c:\\onetoone\\app.py', reloading
2024-08-21 23:19:47,067 - INFO -  * Detected change in 'c:\\onetoone\\app.py', reloading
2024-08-21 23:19:47,946 - INFO -  * Restarting with watchdog (windowsapi)
2024-08-21 23:20:06,165 - INFO - [31m[1mWARNING: This is a development server. Do not use it in a production deployment. Use a production WSGI server instead.[0m
 * Running on http://127.0.0.1:5001
2024-08-21 23:20:06,166 - INFO - [33mPress CTRL+C to quit[0m
2024-08-21 23:20:06,266 - INFO -  * Restarting with watchdog (windowsapi)
2024-08-21 23:20:08,890 - WARNING -  * Debugger is active!
2024-08-21 23:20:08,903 - INFO -  * Debugger PIN: 452-454-072
2024-08-21 23:20:20,255 - INFO - Snowflake Connector for Python Version: 3.12.0, Python Version: 3.12.5, Platform: Windows-10-10.0.19045-SP0
2024-08-21 23:20:20,255 - INFO - Connecting to GLOBAL Snowflake domain
2024-08-21 23:20:20,257 - INFO - This connection is in OCSP Fail Open Mode. TLS Certificates would be checked for validity and revocation status. Any other Certificate Revocation related exceptions or OCSP Responder failures would be disregarded in favor of connectivity.
2024-08-21 23:20:25,212 - INFO - Number of results in first chunk: 7
2024-08-21 23:20:25,223 - INFO - closed
2024-08-21 23:20:25,302 - INFO - No async queries seem to be running, deleting session
2024-08-21 23:20:25,392 - INFO - 127.0.0.1 - - [21/Aug/2024 23:20:25] "GET / HTTP/1.1" 200 -
2024-08-21 23:20:25,536 - INFO - 127.0.0.1 - - [21/Aug/2024 23:20:25] "[33mGET /favicon.ico HTTP/1.1[0m" 404 -
2024-08-21 23:20:45,976 - INFO - XML file converted to CSV: uploads\emp.csv
2024-08-21 23:20:45,979 - INFO - Snowflake Connector for Python Version: 3.12.0, Python Version: 3.12.5, Platform: Windows-10-10.0.19045-SP0
2024-08-21 23:20:45,980 - INFO - Connecting to GLOBAL Snowflake domain
2024-08-21 23:20:45,980 - INFO - This connection is in OCSP Fail Open Mode. TLS Certificates would be checked for validity and revocation status. Any other Certificate Revocation related exceptions or OCSP Responder failures would be disregarded in favor of connectivity.
2024-08-21 23:20:47,507 - INFO - Number of results in first chunk: 1
2024-08-21 23:20:47,508 - INFO - Table MAMA created successfully.
2024-08-21 23:20:47,508 - INFO - closed
2024-08-21 23:20:47,552 - INFO - No async queries seem to be running, deleting session
2024-08-21 23:20:47,613 - INFO - 127.0.0.1 - - [21/Aug/2024 23:20:47] "[32mPOST /process HTTP/1.1[0m" 302 -
2024-08-21 23:20:47,630 - INFO - Snowflake Connector for Python Version: 3.12.0, Python Version: 3.12.5, Platform: Windows-10-10.0.19045-SP0
2024-08-21 23:20:47,631 - INFO - Connecting to GLOBAL Snowflake domain
2024-08-21 23:20:47,632 - INFO - This connection is in OCSP Fail Open Mode. TLS Certificates would be checked for validity and revocation status. Any other Certificate Revocation related exceptions or OCSP Responder failures would be disregarded in favor of connectivity.
2024-08-21 23:20:49,386 - INFO - Number of results in first chunk: 8
2024-08-21 23:20:49,387 - INFO - closed
2024-08-21 23:20:49,434 - INFO - No async queries seem to be running, deleting session
2024-08-21 23:20:49,493 - INFO - 127.0.0.1 - - [21/Aug/2024 23:20:49] "GET / HTTP/1.1" 200 -
2024-08-21 23:28:36,694 - INFO -  * Detected change in 'c:\\onetoone\\app.py', reloading
2024-08-21 23:28:36,703 - INFO -  * Detected change in 'c:\\onetoone\\app.py', reloading
2024-08-21 23:28:36,706 - INFO -  * Detected change in 'c:\\onetoone\\app.py', reloading
2024-08-21 23:28:37,504 - INFO -  * Restarting with watchdog (windowsapi)
2024-08-21 23:28:50,656 - WARNING -  * Debugger is active!
2024-08-21 23:28:50,673 - INFO -  * Debugger PIN: 452-454-072
2024-08-21 23:36:03,111 - INFO - [31m[1mWARNING: This is a development server. Do not use it in a production deployment. Use a production WSGI server instead.[0m
 * Running on http://127.0.0.1:5000
2024-08-21 23:36:03,111 - INFO - [33mPress CTRL+C to quit[0m
2024-08-21 23:36:03,129 - INFO -  * Restarting with watchdog (windowsapi)
2024-08-21 23:36:05,503 - WARNING -  * Debugger is active!
2024-08-21 23:36:05,511 - INFO -  * Debugger PIN: 452-454-072
2024-08-21 23:36:15,294 - INFO - Snowflake Connector for Python Version: 3.12.0, Python Version: 3.12.5, Platform: Windows-10-10.0.19045-SP0
2024-08-21 23:36:15,322 - INFO - Connecting to GLOBAL Snowflake domain
2024-08-21 23:36:15,322 - INFO - This connection is in OCSP Fail Open Mode. TLS Certificates would be checked for validity and revocation status. Any other Certificate Revocation related exceptions or OCSP Responder failures would be disregarded in favor of connectivity.
2024-08-21 23:36:19,719 - INFO - Number of results in first chunk: 8
2024-08-21 23:36:19,723 - INFO - closed
2024-08-21 23:36:19,766 - INFO - No async queries seem to be running, deleting session
2024-08-21 23:36:19,861 - INFO - 127.0.0.1 - - [21/Aug/2024 23:36:19] "GET / HTTP/1.1" 200 -
2024-08-21 23:36:46,368 - ERROR - Error loading file: name 'ET' is not defined
2024-08-21 23:36:46,372 - INFO - 127.0.0.1 - - [21/Aug/2024 23:36:46] "[32mPOST /process HTTP/1.1[0m" 302 -
2024-08-21 23:36:46,383 - INFO - Snowflake Connector for Python Version: 3.12.0, Python Version: 3.12.5, Platform: Windows-10-10.0.19045-SP0
2024-08-21 23:36:46,385 - INFO - Connecting to GLOBAL Snowflake domain
2024-08-21 23:36:46,385 - INFO - This connection is in OCSP Fail Open Mode. TLS Certificates would be checked for validity and revocation status. Any other Certificate Revocation related exceptions or OCSP Responder failures would be disregarded in favor of connectivity.
2024-08-21 23:36:47,750 - INFO - Number of results in first chunk: 8
2024-08-21 23:36:47,751 - INFO - closed
2024-08-21 23:36:47,788 - INFO - No async queries seem to be running, deleting session
2024-08-21 23:36:47,841 - INFO - 127.0.0.1 - - [21/Aug/2024 23:36:47] "GET / HTTP/1.1" 200 -
2024-08-21 23:41:12,520 - INFO -  * Detected change in 'c:\\onetoone\\app.py', reloading
2024-08-21 23:41:12,524 - INFO -  * Detected change in 'c:\\onetoone\\app.py', reloading
2024-08-21 23:41:12,536 - INFO -  * Detected change in 'c:\\onetoone\\app.py', reloading
2024-08-21 23:41:13,767 - INFO -  * Restarting with watchdog (windowsapi)
2024-08-21 23:41:25,945 - WARNING -  * Debugger is active!
2024-08-21 23:41:25,966 - INFO -  * Debugger PIN: 452-454-072
2024-08-21 23:41:47,420 - INFO -  * Detected change in 'c:\\onetoone\\app.py', reloading
2024-08-21 23:41:47,429 - INFO -  * Detected change in 'c:\\onetoone\\app.py', reloading
2024-08-21 23:41:47,712 - INFO -  * Restarting with watchdog (windowsapi)
2024-08-21 23:41:50,035 - WARNING -  * Debugger is active!
2024-08-21 23:41:50,039 - INFO -  * Debugger PIN: 452-454-072
2024-08-21 23:41:50,342 - INFO -  * Detected change in 'c:\\onetoone\\app.py', reloading
2024-08-21 23:41:50,344 - INFO -  * Detected change in 'c:\\onetoone\\app.py', reloading
2024-08-21 23:41:50,346 - INFO -  * Detected change in 'c:\\onetoone\\app.py', reloading
2024-08-21 23:41:50,347 - INFO -  * Detected change in 'c:\\onetoone\\app.py', reloading
2024-08-21 23:41:51,380 - INFO -  * Restarting with watchdog (windowsapi)
2024-08-21 23:41:54,222 - WARNING -  * Debugger is active!
2024-08-21 23:41:54,227 - INFO -  * Debugger PIN: 452-454-072
2024-08-21 23:41:55,483 - INFO - Snowflake Connector for Python Version: 3.12.0, Python Version: 3.12.5, Platform: Windows-10-10.0.19045-SP0
2024-08-21 23:41:55,484 - INFO - Connecting to GLOBAL Snowflake domain
2024-08-21 23:41:55,485 - INFO - This connection is in OCSP Fail Open Mode. TLS Certificates would be checked for validity and revocation status. Any other Certificate Revocation related exceptions or OCSP Responder failures would be disregarded in favor of connectivity.
2024-08-21 23:41:57,559 - INFO - Number of results in first chunk: 8
2024-08-21 23:41:57,559 - INFO - closed
2024-08-21 23:41:57,590 - INFO - No async queries seem to be running, deleting session
2024-08-21 23:41:57,933 - INFO - 127.0.0.1 - - [21/Aug/2024 23:41:57] "GET / HTTP/1.1" 200 -
2024-08-21 23:42:20,070 - ERROR - Error loading file: name 'ET' is not defined
2024-08-21 23:42:20,076 - INFO - 127.0.0.1 - - [21/Aug/2024 23:42:20] "[32mPOST /process HTTP/1.1[0m" 302 -
2024-08-21 23:42:20,081 - INFO - Snowflake Connector for Python Version: 3.12.0, Python Version: 3.12.5, Platform: Windows-10-10.0.19045-SP0
2024-08-21 23:42:20,083 - INFO - Connecting to GLOBAL Snowflake domain
2024-08-21 23:42:20,083 - INFO - This connection is in OCSP Fail Open Mode. TLS Certificates would be checked for validity and revocation status. Any other Certificate Revocation related exceptions or OCSP Responder failures would be disregarded in favor of connectivity.
2024-08-21 23:42:21,376 - INFO - Number of results in first chunk: 8
2024-08-21 23:42:21,377 - INFO - closed
2024-08-21 23:42:21,414 - INFO - No async queries seem to be running, deleting session
2024-08-21 23:42:21,460 - INFO - 127.0.0.1 - - [21/Aug/2024 23:42:21] "GET / HTTP/1.1" 200 -
2024-08-21 23:45:30,821 - INFO - [31m[1mWARNING: This is a development server. Do not use it in a production deployment. Use a production WSGI server instead.[0m
 * Running on http://127.0.0.1:5000
2024-08-21 23:45:30,821 - INFO - [33mPress CTRL+C to quit[0m
2024-08-21 23:45:30,847 - INFO -  * Restarting with watchdog (windowsapi)
2024-08-21 23:45:33,346 - WARNING -  * Debugger is active!
2024-08-21 23:45:33,351 - INFO -  * Debugger PIN: 452-454-072
2024-08-21 23:45:45,265 - INFO - Snowflake Connector for Python Version: 3.12.0, Python Version: 3.12.5, Platform: Windows-10-10.0.19045-SP0
2024-08-21 23:45:45,266 - INFO - Connecting to GLOBAL Snowflake domain
2024-08-21 23:45:45,266 - INFO - This connection is in OCSP Fail Open Mode. TLS Certificates would be checked for validity and revocation status. Any other Certificate Revocation related exceptions or OCSP Responder failures would be disregarded in favor of connectivity.
2024-08-21 23:45:47,832 - INFO - Number of results in first chunk: 8
2024-08-21 23:45:47,833 - INFO - closed
2024-08-21 23:45:47,881 - INFO - No async queries seem to be running, deleting session
2024-08-21 23:45:47,950 - INFO - 127.0.0.1 - - [21/Aug/2024 23:45:47] "GET / HTTP/1.1" 200 -
2024-08-21 23:46:05,898 - INFO - XML data successfully converted to CSV.
2024-08-21 23:46:05,976 - INFO - DataFrame from file:
   EMPLOYEE_ID           NAME   SALARY
0            1       John Doe  50000.0
1            2     Jane Smith  60000.0
2            3  Emily Johnson  55000.0
2024-08-21 23:46:05,979 - INFO - Snowflake Connector for Python Version: 3.12.0, Python Version: 3.12.5, Platform: Windows-10-10.0.19045-SP0
2024-08-21 23:46:05,980 - INFO - Connecting to GLOBAL Snowflake domain
2024-08-21 23:46:05,981 - INFO - This connection is in OCSP Fail Open Mode. TLS Certificates would be checked for validity and revocation status. Any other Certificate Revocation related exceptions or OCSP Responder failures would be disregarded in favor of connectivity.
2024-08-21 23:46:07,946 - INFO - Number of results in first chunk: 1
2024-08-21 23:46:07,947 - INFO - Table DADA created successfully.
2024-08-21 23:46:07,947 - INFO - closed
2024-08-21 23:46:07,987 - INFO - No async queries seem to be running, deleting session
2024-08-21 23:46:08,042 - INFO - 127.0.0.1 - - [21/Aug/2024 23:46:08] "[32mPOST /process HTTP/1.1[0m" 302 -
2024-08-21 23:46:08,067 - INFO - Snowflake Connector for Python Version: 3.12.0, Python Version: 3.12.5, Platform: Windows-10-10.0.19045-SP0
2024-08-21 23:46:08,069 - INFO - Connecting to GLOBAL Snowflake domain
2024-08-21 23:46:08,070 - INFO - This connection is in OCSP Fail Open Mode. TLS Certificates would be checked for validity and revocation status. Any other Certificate Revocation related exceptions or OCSP Responder failures would be disregarded in favor of connectivity.
2024-08-21 23:46:09,489 - INFO - Number of results in first chunk: 9
2024-08-21 23:46:09,490 - INFO - closed
2024-08-21 23:46:09,534 - INFO - No async queries seem to be running, deleting session
2024-08-21 23:46:09,590 - INFO - 127.0.0.1 - - [21/Aug/2024 23:46:09] "GET / HTTP/1.1" 200 -
2024-08-21 23:59:22,155 - INFO -  * Detected change in 'c:\\onetoone\\app.py', reloading
2024-08-21 23:59:22,157 - INFO -  * Detected change in 'c:\\onetoone\\app.py', reloading
2024-08-21 23:59:22,171 - INFO -  * Detected change in 'c:\\onetoone\\app.py', reloading
2024-08-21 23:59:22,414 - INFO -  * Detected change in 'c:\\onetoone\\app.py', reloading
2024-08-21 23:59:22,416 - INFO -  * Detected change in 'c:\\onetoone\\app.py', reloading
2024-08-21 23:59:22,423 - INFO -  * Detected change in 'c:\\onetoone\\app.py', reloading
2024-08-21 23:59:22,635 - INFO -  * Detected change in 'c:\\onetoone\\app.py', reloading
2024-08-21 23:59:23,154 - INFO -  * Restarting with watchdog (windowsapi)
2024-08-21 23:59:26,307 - WARNING -  * Debugger is active!
2024-08-21 23:59:26,311 - INFO -  * Debugger PIN: 452-454-072
2024-08-21 23:59:29,205 - INFO - Snowflake Connector for Python Version: 3.12.0, Python Version: 3.12.5, Platform: Windows-10-10.0.19045-SP0
2024-08-21 23:59:29,207 - INFO - Connecting to GLOBAL Snowflake domain
2024-08-21 23:59:29,207 - INFO - This connection is in OCSP Fail Open Mode. TLS Certificates would be checked for validity and revocation status. Any other Certificate Revocation related exceptions or OCSP Responder failures would be disregarded in favor of connectivity.
2024-08-21 23:59:31,519 - INFO - Number of results in first chunk: 9
2024-08-21 23:59:31,519 - INFO - closed
2024-08-21 23:59:31,554 - INFO - No async queries seem to be running, deleting session
2024-08-21 23:59:31,601 - INFO - 127.0.0.1 - - [21/Aug/2024 23:59:31] "GET / HTTP/1.1" 200 -
2024-08-22 00:00:04,666 - INFO - XML data successfully converted to CSV.
2024-08-22 00:00:04,695 - INFO - DataFrame from file:
   EMPLOYEE_ID           NAME   SALARY
0            1       John Doe  50000.0
1            2     Jane Smith  60000.0
2            3  Emily Johnson  55000.0
2024-08-22 00:00:04,695 - INFO - Snowflake Connector for Python Version: 3.12.0, Python Version: 3.12.5, Platform: Windows-10-10.0.19045-SP0
2024-08-22 00:00:04,696 - INFO - Connecting to GLOBAL Snowflake domain
2024-08-22 00:00:04,697 - INFO - This connection is in OCSP Fail Open Mode. TLS Certificates would be checked for validity and revocation status. Any other Certificate Revocation related exceptions or OCSP Responder failures would be disregarded in favor of connectivity.
2024-08-22 00:00:06,131 - INFO - Number of results in first chunk: 1
2024-08-22 00:00:06,131 - INFO - Table YOU created successfully.
2024-08-22 00:00:06,132 - INFO - closed
2024-08-22 00:00:06,180 - INFO - No async queries seem to be running, deleting session
2024-08-22 00:00:06,231 - INFO - 127.0.0.1 - - [22/Aug/2024 00:00:06] "[32mPOST /process HTTP/1.1[0m" 302 -
2024-08-22 00:00:06,245 - INFO - Snowflake Connector for Python Version: 3.12.0, Python Version: 3.12.5, Platform: Windows-10-10.0.19045-SP0
2024-08-22 00:00:06,245 - INFO - Connecting to GLOBAL Snowflake domain
2024-08-22 00:00:06,246 - INFO - This connection is in OCSP Fail Open Mode. TLS Certificates would be checked for validity and revocation status. Any other Certificate Revocation related exceptions or OCSP Responder failures would be disregarded in favor of connectivity.
2024-08-22 00:00:07,588 - INFO - Number of results in first chunk: 10
2024-08-22 00:00:07,589 - INFO - closed
2024-08-22 00:00:07,634 - INFO - No async queries seem to be running, deleting session
2024-08-22 00:00:07,696 - INFO - 127.0.0.1 - - [22/Aug/2024 00:00:07] "GET / HTTP/1.1" 200 -
2024-08-22 00:04:11,943 - INFO -  * Detected change in 'c:\\onetoone\\app.py', reloading
2024-08-22 00:04:11,949 - INFO -  * Detected change in 'c:\\onetoone\\app.py', reloading
2024-08-22 00:04:12,259 - INFO -  * Restarting with watchdog (windowsapi)
2024-08-22 00:04:14,942 - WARNING -  * Debugger is active!
2024-08-22 00:04:14,947 - INFO -  * Debugger PIN: 452-454-072
2024-08-22 00:04:15,317 - INFO -  * Detected change in 'c:\\onetoone\\app.py', reloading
2024-08-22 00:04:15,319 - INFO -  * Detected change in 'c:\\onetoone\\app.py', reloading
2024-08-22 00:04:15,323 - INFO -  * Detected change in 'c:\\onetoone\\app.py', reloading
2024-08-22 00:04:15,572 - INFO -  * Detected change in 'c:\\onetoone\\app.py', reloading
2024-08-22 00:04:15,573 - INFO -  * Detected change in 'c:\\onetoone\\app.py', reloading
2024-08-22 00:04:15,580 - INFO -  * Detected change in 'c:\\onetoone\\app.py', reloading
2024-08-22 00:04:15,583 - INFO -  * Detected change in 'c:\\onetoone\\app.py', reloading
2024-08-22 00:04:15,895 - INFO -  * Detected change in 'c:\\onetoone\\app.py', reloading
2024-08-22 00:04:15,902 - INFO -  * Detected change in 'c:\\onetoone\\app.py', reloading
2024-08-22 00:04:15,906 - INFO -  * Detected change in 'c:\\onetoone\\app.py', reloading
2024-08-22 00:04:15,908 - INFO -  * Detected change in 'c:\\onetoone\\app.py', reloading
2024-08-22 00:04:16,388 - INFO -  * Restarting with watchdog (windowsapi)
2024-08-22 00:04:23,525 - INFO - [31m[1mWARNING: This is a development server. Do not use it in a production deployment. Use a production WSGI server instead.[0m
 * Running on http://127.0.0.1:5000
2024-08-22 00:04:23,525 - INFO - [33mPress CTRL+C to quit[0m
2024-08-22 00:04:23,546 - INFO -  * Restarting with watchdog (windowsapi)
2024-08-22 00:04:25,917 - WARNING -  * Debugger is active!
2024-08-22 00:04:25,921 - INFO -  * Debugger PIN: 452-454-072
2024-08-22 00:04:40,839 - INFO - Snowflake Connector for Python Version: 3.12.0, Python Version: 3.12.5, Platform: Windows-10-10.0.19045-SP0
2024-08-22 00:04:40,839 - INFO - Connecting to GLOBAL Snowflake domain
2024-08-22 00:04:40,839 - INFO - This connection is in OCSP Fail Open Mode. TLS Certificates would be checked for validity and revocation status. Any other Certificate Revocation related exceptions or OCSP Responder failures would be disregarded in favor of connectivity.
2024-08-22 00:04:43,962 - INFO - Number of results in first chunk: 10
2024-08-22 00:04:43,962 - INFO - closed
2024-08-22 00:04:43,997 - INFO - No async queries seem to be running, deleting session
2024-08-22 00:04:44,047 - INFO - 127.0.0.1 - - [22/Aug/2024 00:04:44] "GET / HTTP/1.1" 200 -
2024-08-22 00:04:44,134 - INFO - 127.0.0.1 - - [22/Aug/2024 00:04:44] "[33mGET /favicon.ico HTTP/1.1[0m" 404 -
2024-08-22 00:05:01,869 - INFO - XML data successfully converted to CSV.
2024-08-22 00:05:01,901 - INFO - DataFrame from file:
   EMPLOYEE_ID           NAME   SALARY
0            1       John Doe  50000.0
1            2     Jane Smith  60000.0
2            3  Emily Johnson  55000.0
2024-08-22 00:05:01,902 - INFO - Snowflake Connector for Python Version: 3.12.0, Python Version: 3.12.5, Platform: Windows-10-10.0.19045-SP0
2024-08-22 00:05:01,903 - INFO - Connecting to GLOBAL Snowflake domain
2024-08-22 00:05:01,903 - INFO - This connection is in OCSP Fail Open Mode. TLS Certificates would be checked for validity and revocation status. Any other Certificate Revocation related exceptions or OCSP Responder failures would be disregarded in favor of connectivity.
2024-08-22 00:05:03,279 - INFO - Number of results in first chunk: 1
2024-08-22 00:05:03,279 - INFO - Table EPO created successfully.
2024-08-22 00:05:03,279 - INFO - closed
2024-08-22 00:05:03,313 - INFO - No async queries seem to be running, deleting session
2024-08-22 00:05:03,580 - INFO - 127.0.0.1 - - [22/Aug/2024 00:05:03] "[32mPOST /process HTTP/1.1[0m" 302 -
2024-08-22 00:05:03,601 - INFO - Snowflake Connector for Python Version: 3.12.0, Python Version: 3.12.5, Platform: Windows-10-10.0.19045-SP0
2024-08-22 00:05:03,601 - INFO - Connecting to GLOBAL Snowflake domain
2024-08-22 00:05:03,602 - INFO - This connection is in OCSP Fail Open Mode. TLS Certificates would be checked for validity and revocation status. Any other Certificate Revocation related exceptions or OCSP Responder failures would be disregarded in favor of connectivity.
2024-08-22 00:05:04,983 - INFO - Number of results in first chunk: 11
2024-08-22 00:05:04,984 - INFO - closed
2024-08-22 00:05:05,028 - INFO - No async queries seem to be running, deleting session
2024-08-22 00:05:05,086 - INFO - 127.0.0.1 - - [22/Aug/2024 00:05:05] "GET / HTTP/1.1" 200 -
2024-08-22 00:13:17,478 - INFO -  * Detected change in 'C:\\Users\\SSLTP11406\\AppData\\Local\\Programs\\Python\\Python312\\Lib\\site-packages\\snowflake\\connector\\pandas_tools.py', reloading
2024-08-22 00:13:17,678 - INFO -  * Detected change in 'C:\\Users\\SSLTP11406\\AppData\\Local\\Programs\\Python\\Python312\\Lib\\site-packages\\snowflake\\connector\\options.py', reloading
2024-08-22 00:13:18,406 - INFO -  * Restarting with watchdog (windowsapi)
2024-08-22 00:13:31,900 - INFO - [31m[1mWARNING: This is a development server. Do not use it in a production deployment. Use a production WSGI server instead.[0m
 * Running on http://127.0.0.1:5000
2024-08-22 00:13:31,901 - INFO - [33mPress CTRL+C to quit[0m
2024-08-22 00:13:31,988 - INFO -  * Restarting with watchdog (windowsapi)
2024-08-22 00:13:34,245 - WARNING -  * Debugger is active!
2024-08-22 00:13:34,259 - INFO -  * Debugger PIN: 452-454-072
2024-08-22 00:13:43,573 - INFO - Snowflake Connector for Python Version: 3.12.0, Python Version: 3.12.5, Platform: Windows-10-10.0.19045-SP0
2024-08-22 00:13:43,574 - INFO - Connecting to GLOBAL Snowflake domain
2024-08-22 00:13:43,574 - INFO - This connection is in OCSP Fail Open Mode. TLS Certificates would be checked for validity and revocation status. Any other Certificate Revocation related exceptions or OCSP Responder failures would be disregarded in favor of connectivity.
2024-08-22 00:13:48,139 - INFO - Number of results in first chunk: 11
2024-08-22 00:13:48,141 - INFO - closed
2024-08-22 00:13:48,183 - INFO - No async queries seem to be running, deleting session
2024-08-22 00:13:48,279 - INFO - 127.0.0.1 - - [22/Aug/2024 00:13:48] "GET / HTTP/1.1" 200 -
2024-08-22 00:14:08,313 - INFO - XML data successfully converted to CSV.
2024-08-22 00:14:08,350 - INFO - DataFrame from file:
   EMPLOYEE_ID           NAME   SALARY
0            1       John Doe  50000.0
1            2     Jane Smith  60000.0
2            3  Emily Johnson  55000.0
2024-08-22 00:14:08,351 - INFO - Snowflake Connector for Python Version: 3.12.0, Python Version: 3.12.5, Platform: Windows-10-10.0.19045-SP0
2024-08-22 00:14:08,351 - INFO - Connecting to GLOBAL Snowflake domain
2024-08-22 00:14:08,351 - INFO - This connection is in OCSP Fail Open Mode. TLS Certificates would be checked for validity and revocation status. Any other Certificate Revocation related exceptions or OCSP Responder failures would be disregarded in favor of connectivity.
2024-08-22 00:14:09,713 - INFO - Number of results in first chunk: 1
2024-08-22 00:14:09,714 - INFO - Table MAGGI created successfully.
2024-08-22 00:14:09,714 - INFO - closed
2024-08-22 00:14:09,762 - INFO - No async queries seem to be running, deleting session
2024-08-22 00:14:09,818 - INFO - 127.0.0.1 - - [22/Aug/2024 00:14:09] "[32mPOST /process HTTP/1.1[0m" 302 -
2024-08-22 00:14:09,834 - INFO - Snowflake Connector for Python Version: 3.12.0, Python Version: 3.12.5, Platform: Windows-10-10.0.19045-SP0
2024-08-22 00:14:09,834 - INFO - Connecting to GLOBAL Snowflake domain
2024-08-22 00:14:09,835 - INFO - This connection is in OCSP Fail Open Mode. TLS Certificates would be checked for validity and revocation status. Any other Certificate Revocation related exceptions or OCSP Responder failures would be disregarded in favor of connectivity.
2024-08-22 00:14:11,109 - INFO - Number of results in first chunk: 12
2024-08-22 00:14:11,110 - INFO - closed
2024-08-22 00:14:11,145 - INFO - No async queries seem to be running, deleting session
2024-08-22 00:14:11,184 - INFO - 127.0.0.1 - - [22/Aug/2024 00:14:11] "GET / HTTP/1.1" 200 -
2024-08-22 00:19:39,011 - INFO - [31m[1mWARNING: This is a development server. Do not use it in a production deployment. Use a production WSGI server instead.[0m
 * Running on http://127.0.0.1:5000
2024-08-22 00:19:39,012 - INFO - [33mPress CTRL+C to quit[0m
2024-08-22 00:19:39,034 - INFO -  * Restarting with watchdog (windowsapi)
2024-08-22 00:19:41,546 - WARNING -  * Debugger is active!
2024-08-22 00:19:41,550 - INFO -  * Debugger PIN: 452-454-072
2024-08-22 00:19:48,344 - INFO - Snowflake Connector for Python Version: 3.12.0, Python Version: 3.12.5, Platform: Windows-10-10.0.19045-SP0
2024-08-22 00:19:48,345 - INFO - Connecting to GLOBAL Snowflake domain
2024-08-22 00:19:48,346 - INFO - This connection is in OCSP Fail Open Mode. TLS Certificates would be checked for validity and revocation status. Any other Certificate Revocation related exceptions or OCSP Responder failures would be disregarded in favor of connectivity.
2024-08-22 00:19:51,223 - INFO - Number of results in first chunk: 12
2024-08-22 00:19:51,223 - INFO - closed
2024-08-22 00:19:51,255 - INFO - No async queries seem to be running, deleting session
2024-08-22 00:19:51,303 - INFO - 127.0.0.1 - - [22/Aug/2024 00:19:51] "GET / HTTP/1.1" 200 -
2024-08-22 00:19:51,383 - INFO - 127.0.0.1 - - [22/Aug/2024 00:19:51] "[33mGET /favicon.ico HTTP/1.1[0m" 404 -
2024-08-22 00:20:15,459 - INFO - XML data successfully converted to CSV.
2024-08-22 00:20:15,483 - INFO - DataFrame from file:
   EMPLOYEE_ID           NAME   SALARY
0            1       John Doe  50000.0
1            2     Jane Smith  60000.0
2            3  Emily Johnson  55000.0
2024-08-22 00:20:15,484 - INFO - Snowflake Connector for Python Version: 3.12.0, Python Version: 3.12.5, Platform: Windows-10-10.0.19045-SP0
2024-08-22 00:20:15,484 - INFO - Connecting to GLOBAL Snowflake domain
2024-08-22 00:20:15,485 - INFO - This connection is in OCSP Fail Open Mode. TLS Certificates would be checked for validity and revocation status. Any other Certificate Revocation related exceptions or OCSP Responder failures would be disregarded in favor of connectivity.
2024-08-22 00:20:16,877 - INFO - Number of results in first chunk: 1
2024-08-22 00:20:16,877 - INFO - Table NAINA created successfully.
2024-08-22 00:20:16,878 - INFO - closed
2024-08-22 00:20:16,918 - INFO - No async queries seem to be running, deleting session
2024-08-22 00:20:16,968 - INFO - 127.0.0.1 - - [22/Aug/2024 00:20:16] "[32mPOST /process HTTP/1.1[0m" 302 -
2024-08-22 00:20:16,978 - INFO - Snowflake Connector for Python Version: 3.12.0, Python Version: 3.12.5, Platform: Windows-10-10.0.19045-SP0
2024-08-22 00:20:16,979 - INFO - Connecting to GLOBAL Snowflake domain
2024-08-22 00:20:16,979 - INFO - This connection is in OCSP Fail Open Mode. TLS Certificates would be checked for validity and revocation status. Any other Certificate Revocation related exceptions or OCSP Responder failures would be disregarded in favor of connectivity.
2024-08-22 00:20:18,290 - INFO - Number of results in first chunk: 13
2024-08-22 00:20:18,292 - INFO - closed
2024-08-22 00:20:18,327 - INFO - No async queries seem to be running, deleting session
2024-08-22 00:20:18,366 - INFO - 127.0.0.1 - - [22/Aug/2024 00:20:18] "GET / HTTP/1.1" 200 -
2024-08-22 10:30:53,440 - INFO -  * Detected change in 'C:\\Users\\SSLTP11406\\AppData\\Local\\Programs\\Python\\Python312\\Lib\\site-packages\\snowflake\\connector\\pandas_tools.py', reloading
2024-08-22 10:30:54,105 - INFO -  * Detected change in 'C:\\Users\\SSLTP11406\\AppData\\Local\\Programs\\Python\\Python312\\Lib\\site-packages\\snowflake\\connector\\connection.py', reloading
2024-08-22 10:30:54,749 - INFO -  * Restarting with watchdog (windowsapi)
2024-08-22 10:31:05,076 - WARNING -  * Debugger is active!
2024-08-22 10:31:05,096 - INFO -  * Debugger PIN: 452-454-072
2024-08-22 10:39:06,301 - INFO -  * Detected change in 'C:\\Users\\SSLTP11406\\AppData\\Local\\Programs\\Python\\Python312\\Lib\\functools.py', reloading
2024-08-22 10:39:06,995 - INFO -  * Restarting with watchdog (windowsapi)
2024-08-22 10:39:12,356 - WARNING -  * Debugger is active!
2024-08-22 10:39:12,395 - INFO -  * Debugger PIN: 452-454-072
2024-08-22 11:47:53,920 - INFO - [31m[1mWARNING: This is a development server. Do not use it in a production deployment. Use a production WSGI server instead.[0m
 * Running on http://127.0.0.1:5000
2024-08-22 11:47:53,921 - INFO - [33mPress CTRL+C to quit[0m
2024-08-22 11:47:53,986 - INFO -  * Restarting with watchdog (windowsapi)
2024-08-22 11:47:56,561 - WARNING -  * Debugger is active!
2024-08-22 11:47:56,571 - INFO -  * Debugger PIN: 452-454-072
2024-08-22 11:48:06,853 - INFO - Snowflake Connector for Python Version: 3.12.0, Python Version: 3.12.5, Platform: Windows-10-10.0.19045-SP0
2024-08-22 11:48:06,853 - INFO - Connecting to GLOBAL Snowflake domain
2024-08-22 11:48:06,854 - INFO - This connection is in OCSP Fail Open Mode. TLS Certificates would be checked for validity and revocation status. Any other Certificate Revocation related exceptions or OCSP Responder failures would be disregarded in favor of connectivity.
2024-08-22 11:48:17,767 - INFO - Number of results in first chunk: 13
2024-08-22 11:48:17,768 - INFO - closed
2024-08-22 11:48:17,805 - INFO - No async queries seem to be running, deleting session
2024-08-22 11:48:17,893 - INFO - 127.0.0.1 - - [22/Aug/2024 11:48:17] "GET / HTTP/1.1" 200 -
2024-08-22 11:48:18,002 - INFO - 127.0.0.1 - - [22/Aug/2024 11:48:18] "[33mGET /favicon.ico HTTP/1.1[0m" 404 -
2024-08-22 11:48:38,796 - INFO - XML data successfully converted to CSV.
2024-08-22 11:48:38,863 - INFO - DataFrame from file:
   EMPLOYEE_ID           NAME   SALARY
0            1       John Doe  50000.0
1            2     Jane Smith  60000.0
2            3  Emily Johnson  55000.0
2024-08-22 11:48:38,864 - INFO - Snowflake Connector for Python Version: 3.12.0, Python Version: 3.12.5, Platform: Windows-10-10.0.19045-SP0
2024-08-22 11:48:38,865 - INFO - Connecting to GLOBAL Snowflake domain
2024-08-22 11:48:38,865 - INFO - This connection is in OCSP Fail Open Mode. TLS Certificates would be checked for validity and revocation status. Any other Certificate Revocation related exceptions or OCSP Responder failures would be disregarded in favor of connectivity.
2024-08-22 11:48:39,964 - INFO - Number of results in first chunk: 1
2024-08-22 11:48:39,964 - INFO - Table AKASH created successfully.
2024-08-22 11:48:39,965 - INFO - closed
2024-08-22 11:48:39,999 - INFO - No async queries seem to be running, deleting session
2024-08-22 11:48:40,049 - INFO - 127.0.0.1 - - [22/Aug/2024 11:48:40] "[32mPOST /process HTTP/1.1[0m" 302 -
2024-08-22 11:48:40,056 - INFO - Snowflake Connector for Python Version: 3.12.0, Python Version: 3.12.5, Platform: Windows-10-10.0.19045-SP0
2024-08-22 11:48:40,057 - INFO - Connecting to GLOBAL Snowflake domain
2024-08-22 11:48:40,057 - INFO - This connection is in OCSP Fail Open Mode. TLS Certificates would be checked for validity and revocation status. Any other Certificate Revocation related exceptions or OCSP Responder failures would be disregarded in favor of connectivity.
2024-08-22 11:48:41,144 - INFO - Number of results in first chunk: 14
2024-08-22 11:48:41,145 - INFO - closed
2024-08-22 11:48:41,175 - INFO - No async queries seem to be running, deleting session
2024-08-22 11:48:41,214 - INFO - 127.0.0.1 - - [22/Aug/2024 11:48:41] "GET / HTTP/1.1" 200 -
2024-08-22 11:53:37,209 - INFO - [31m[1mWARNING: This is a development server. Do not use it in a production deployment. Use a production WSGI server instead.[0m
 * Running on http://127.0.0.1:5000
2024-08-22 11:53:37,210 - INFO - [33mPress CTRL+C to quit[0m
2024-08-22 11:53:37,272 - INFO -  * Restarting with watchdog (windowsapi)
2024-08-22 11:53:39,281 - WARNING -  * Debugger is active!
2024-08-22 11:53:39,300 - INFO -  * Debugger PIN: 452-454-072
2024-08-22 11:53:53,639 - INFO - Snowflake Connector for Python Version: 3.12.0, Python Version: 3.12.5, Platform: Windows-10-10.0.19045-SP0
2024-08-22 11:53:53,640 - INFO - Connecting to GLOBAL Snowflake domain
2024-08-22 11:53:53,640 - INFO - This connection is in OCSP Fail Open Mode. TLS Certificates would be checked for validity and revocation status. Any other Certificate Revocation related exceptions or OCSP Responder failures would be disregarded in favor of connectivity.
2024-08-22 11:53:56,880 - INFO - Number of results in first chunk: 14
2024-08-22 11:53:56,880 - INFO - closed
2024-08-22 11:53:56,916 - INFO - No async queries seem to be running, deleting session
2024-08-22 11:53:56,966 - INFO - 127.0.0.1 - - [22/Aug/2024 11:53:56] "GET / HTTP/1.1" 200 -
2024-08-22 11:54:19,218 - INFO - XML data successfully converted to CSV.
2024-08-22 11:54:19,235 - INFO - DataFrame from file:
   EMPLOYEE_ID           NAME   SALARY
0            1       John Doe  50000.0
1            2     Jane Smith  60000.0
2            3  Emily Johnson  55000.0
2024-08-22 11:54:19,235 - INFO - Snowflake Connector for Python Version: 3.12.0, Python Version: 3.12.5, Platform: Windows-10-10.0.19045-SP0
2024-08-22 11:54:19,235 - INFO - Connecting to GLOBAL Snowflake domain
2024-08-22 11:54:19,236 - INFO - This connection is in OCSP Fail Open Mode. TLS Certificates would be checked for validity and revocation status. Any other Certificate Revocation related exceptions or OCSP Responder failures would be disregarded in favor of connectivity.
2024-08-22 11:54:20,082 - INFO - Number of results in first chunk: 1
2024-08-22 11:54:20,082 - INFO - Table ASFD created successfully.
2024-08-22 11:54:20,083 - INFO - closed
2024-08-22 11:54:20,120 - INFO - No async queries seem to be running, deleting session
2024-08-22 11:54:20,160 - INFO - 127.0.0.1 - - [22/Aug/2024 11:54:20] "[32mPOST /process HTTP/1.1[0m" 302 -
2024-08-22 11:54:20,169 - INFO - Snowflake Connector for Python Version: 3.12.0, Python Version: 3.12.5, Platform: Windows-10-10.0.19045-SP0
2024-08-22 11:54:20,169 - INFO - Connecting to GLOBAL Snowflake domain
2024-08-22 11:54:20,169 - INFO - This connection is in OCSP Fail Open Mode. TLS Certificates would be checked for validity and revocation status. Any other Certificate Revocation related exceptions or OCSP Responder failures would be disregarded in favor of connectivity.
2024-08-22 11:54:20,977 - INFO - Number of results in first chunk: 15
2024-08-22 11:54:20,978 - INFO - closed
2024-08-22 11:54:21,013 - INFO - No async queries seem to be running, deleting session
2024-08-22 11:54:21,051 - INFO - 127.0.0.1 - - [22/Aug/2024 11:54:21] "GET / HTTP/1.1" 200 -
2024-08-22 11:55:53,090 - INFO - XML data successfully converted to CSV.
2024-08-22 11:55:53,112 - INFO - DataFrame from file:
   EMPLOYEE_ID           NAME   SALARY
0            1       John Doe  50000.0
1            2     Jane Smith  60000.0
2            3  Emily Johnson  55000.0
2024-08-22 11:55:53,113 - INFO - Snowflake Connector for Python Version: 3.12.0, Python Version: 3.12.5, Platform: Windows-10-10.0.19045-SP0
2024-08-22 11:55:53,113 - INFO - Connecting to GLOBAL Snowflake domain
2024-08-22 11:55:53,113 - INFO - This connection is in OCSP Fail Open Mode. TLS Certificates would be checked for validity and revocation status. Any other Certificate Revocation related exceptions or OCSP Responder failures would be disregarded in favor of connectivity.
2024-08-22 11:55:54,577 - INFO - Number of results in first chunk: 3
2024-08-22 11:55:54,577 - INFO - closed
2024-08-22 11:55:54,607 - INFO - No async queries seem to be running, deleting session
2024-08-22 11:55:54,680 - INFO - 127.0.0.1 - - [22/Aug/2024 11:55:54] "POST /process HTTP/1.1" 200 -
2024-08-22 11:56:06,345 - INFO - running
2024-08-22 11:56:06,346 - INFO -    EMPLOYEE_ID           NAME   SALARY
0            1       John Doe  50000.0
1            2     Jane Smith  60000.0
2            3  Emily Johnson  55000.0
2024-08-22 11:56:06,358 - INFO - Snowflake Connector for Python Version: 3.12.0, Python Version: 3.12.5, Platform: Windows-10-10.0.19045-SP0
2024-08-22 11:56:06,358 - INFO - Connecting to GLOBAL Snowflake domain
2024-08-22 11:56:06,358 - INFO - This connection is in OCSP Fail Open Mode. TLS Certificates would be checked for validity and revocation status. Any other Certificate Revocation related exceptions or OCSP Responder failures would be disregarded in favor of connectivity.
2024-08-22 11:56:07,159 - INFO -    EMPLOYEE_ID           NAME   SALARY
0            1       John Doe  50000.0
1            2     Jane Smith  60000.0
2            3  Emily Johnson  55000.0
2024-08-22 11:56:07,283 - INFO - Number of results in first chunk: 1
2024-08-22 11:56:07,887 - ERROR - Error occurred: [WinError 32] The process cannot access the file because it is being used by another process: 'C:\\Users\\SSLTP1~1\\AppData\\Local\\Temp\\tmp6z81imj5\\file0.txt'
2024-08-22 11:56:07,887 - INFO - closed
2024-08-22 11:56:07,927 - INFO - No async queries seem to be running, deleting session
2024-08-22 11:56:07,987 - INFO - Snowflake Connector for Python Version: 3.12.0, Python Version: 3.12.5, Platform: Windows-10-10.0.19045-SP0
2024-08-22 11:56:07,988 - INFO - Connecting to GLOBAL Snowflake domain
2024-08-22 11:56:07,988 - INFO - This connection is in OCSP Fail Open Mode. TLS Certificates would be checked for validity and revocation status. Any other Certificate Revocation related exceptions or OCSP Responder failures would be disregarded in favor of connectivity.
2024-08-22 11:56:08,765 - INFO - Number of results in first chunk: 3
2024-08-22 11:56:08,766 - INFO - closed
2024-08-22 11:56:08,803 - INFO - No async queries seem to be running, deleting session
2024-08-22 11:56:08,854 - INFO - 127.0.0.1 - - [22/Aug/2024 11:56:08] "POST /map_columns HTTP/1.1" 200 -
